cp: 'VocabNoisy.in' を stat できません: そのようなファイルやディレクトリはありません
PI_0.5PS_0.3PD_0.2Noisy PI_0.5PS_0.3PD_0.2Noisy
# Job id 0
2019-02-03 15:53:45.897571: I tensorflow/core/platform/cpu_feature_guard.cc:141] Your CPU supports instructions that this TensorFlow binary was not compiled to use: AVX2 FMA
2019-02-03 15:53:45.968268: I tensorflow/stream_executor/cuda/cuda_gpu_executor.cc:964] successful NUMA node read from SysFS had negative value (-1), but there must be at least one NUMA node, so returning NUMA node zero
2019-02-03 15:53:45.968675: I tensorflow/core/common_runtime/gpu/gpu_device.cc:1432] Found device 0 with properties: 
name: GeForce GTX 960M major: 5 minor: 0 memoryClockRate(GHz): 1.176
pciBusID: 0000:01:00.0
totalMemory: 3.95GiB freeMemory: 3.09GiB
2019-02-03 15:53:45.968706: I tensorflow/core/common_runtime/gpu/gpu_device.cc:1511] Adding visible gpu devices: 0
2019-02-03 15:53:46.497933: I tensorflow/core/common_runtime/gpu/gpu_device.cc:982] Device interconnect StreamExecutor with strength 1 edge matrix:
2019-02-03 15:53:46.497960: I tensorflow/core/common_runtime/gpu/gpu_device.cc:988]      0 
2019-02-03 15:53:46.497966: I tensorflow/core/common_runtime/gpu/gpu_device.cc:1001] 0:   N 
2019-02-03 15:53:46.498074: I tensorflow/core/common_runtime/gpu/gpu_device.cc:1115] Created TensorFlow device (/job:localhost/replica:0/task:0/device:GPU:0 with 2797 MB memory) -> physical GPU (device: 0, name: GeForce GTX 960M, pci bus id: 0000:01:00.0, compute capability: 5.0)
# Devices visible to TensorFlow: [_DeviceAttributes(/job:localhost/replica:0/task:0/device:CPU:0, CPU, 268435456, 11943562308415264363), _DeviceAttributes(/job:localhost/replica:0/task:0/device:XLA_GPU:0, XLA_GPU, 17179869184, 3278249286121948814), _DeviceAttributes(/job:localhost/replica:0/task:0/device:XLA_CPU:0, XLA_CPU, 17179869184, 8578982212875134896), _DeviceAttributes(/job:localhost/replica:0/task:0/device:GPU:0, GPU, 2933325824, 4859770661777735374)]
# Loading hparams from /home/emlab/Desktop/syuuron/nmt/Noattention_PI_0.5PS_0.3PD_0.2_Noisy_model/hparams
# Vocab file /home/emlab/Desktop/syuuron/nmt/Dataset/Vocab.in exists
The first 3 vocab words [T, AH0, N] are not [<unk>, <s>, </s>]
# Vocab file /home/emlab/Desktop/syuuron/nmt/Dataset/Vocab.out exists
The first 3 vocab words [(, ), Move] are not [<unk>, <s>, </s>]
  saving hparams to /home/emlab/Desktop/syuuron/nmt/Noattention_PI_0.5PS_0.3PD_0.2_Noisy_model/hparams
  saving hparams to /home/emlab/Desktop/syuuron/nmt/Noattention_PI_0.5PS_0.3PD_0.2_Noisy_model/best_bleu/hparams
  attention=
  attention_architecture=standard
  avg_ckpts=False
  batch_size=128
  beam_width=0
  best_bleu=0
  best_bleu_dir=/home/emlab/Desktop/syuuron/nmt/Noattention_PI_0.5PS_0.3PD_0.2_Noisy_model/best_bleu
  check_special_token=True
  colocate_gradients_with_ops=True
  decay_scheme=
  dev_prefix=/home/emlab/Desktop/syuuron/nmt/Dataset/devdata
  dropout=0.2
  embed_prefix=None
  encoder_type=uni
  eos=</s>
  epoch_step=0
  forget_bias=1.0
  infer_batch_size=256
  infer_mode=greedy
  init_op=uniform
  init_weight=0.1
  language_model=False
  learning_rate=1.0
  length_penalty_weight=0.0
  log_device_placement=False
  max_gradient_norm=5.0
  max_train=0
  metrics=['bleu']
  num_buckets=5
  num_dec_emb_partitions=0
  num_decoder_layers=1
  num_decoder_residual_layers=0
  num_embeddings_partitions=0
  num_enc_emb_partitions=0
  num_encoder_layers=1
  num_encoder_residual_layers=0
  num_gpus=1
  num_inter_threads=0
  num_intra_threads=0
  num_keep_ckpts=5
  num_sampled_softmax=0
  num_train_steps=12000
  num_translations_per_input=1
  num_units=128
  optimizer=sgd
  out_dir=/home/emlab/Desktop/syuuron/nmt/Noattention_PI_0.5PS_0.3PD_0.2_Noisy_model
  output_attention=True
  override_loaded_hparams=False
  pass_hidden_state=True
  random_seed=None
  residual=False
  sampling_temperature=0.0
  share_vocab=False
  sos=<s>
  src=in
  src_embed_file=
  src_max_len=80
  src_max_len_infer=None
  src_vocab_file=/home/emlab/Desktop/syuuron/nmt/Noattention_PI_0.5PS_0.3PD_0.2_Noisy_model/Vocab.in
  src_vocab_size=87
  steps_per_external_eval=None
  steps_per_stats=100
  subword_option=
  test_prefix=/home/emlab/Desktop/syuuron/recodescript/WANGDATA/google_Wordresultdata
  tgt=out
  tgt_embed_file=
  tgt_max_len=50
  tgt_max_len_infer=None
  tgt_vocab_file=/home/emlab/Desktop/syuuron/nmt/Noattention_PI_0.5PS_0.3PD_0.2_Noisy_model/Vocab.out
  tgt_vocab_size=89
  time_major=True
  train_prefix=/home/emlab/Desktop/syuuron/nmt/Dataset/traindata
  unit_type=lstm
  use_char_encode=False
  vocab_prefix=/home/emlab/Desktop/syuuron/nmt/Dataset/Vocab
  warmup_scheme=t2t
  warmup_steps=0
WARNING:tensorflow:From /home/emlab/Desktop/syuuron/nmt/nmt/utils/iterator_utils.py:235: group_by_window (from tensorflow.contrib.data.python.ops.grouping) is deprecated and will be removed in a future version.
Instructions for updating:
Use `tf.data.experimental.group_by_window(...)`.
# Creating train graph ...
# Build a basic encoder
  num_layers = 1, num_residual_layers=0
  cell 0  LSTM, forget_bias=1WARNING:tensorflow:From /home/emlab/Desktop/syuuron/nmt/nmt/model_helper.py:402: BasicLSTMCell.__init__ (from tensorflow.python.ops.rnn_cell_impl) is deprecated and will be removed in a future version.
Instructions for updating:
This class is deprecated, please use tf.nn.rnn_cell.LSTMCell, which supports all the feature this cell currently has. Please replace the existing code with tf.nn.rnn_cell.LSTMCell(name='basic_lstm_cell').
  DropoutWrapper, dropout=0.2   DeviceWrapper, device=/gpu:0
  cell 0  LSTM, forget_bias=1  DropoutWrapper, dropout=0.2   DeviceWrapper, device=/gpu:0
  learning_rate=1, warmup_steps=0, warmup_scheme=t2t
  decay_scheme=, start_decay_step=12000, decay_steps 0, decay_factor 1
# Trainable variables
Format: <name>, <shape>, <(soft) device placement>
  embeddings/encoder/embedding_encoder:0, (87, 128), /device:GPU:0
  embeddings/decoder/embedding_decoder:0, (89, 128), /device:GPU:0
  dynamic_seq2seq/encoder/rnn/basic_lstm_cell/kernel:0, (256, 512), /device:GPU:0
  dynamic_seq2seq/encoder/rnn/basic_lstm_cell/bias:0, (512,), /device:GPU:0
  dynamic_seq2seq/decoder/basic_lstm_cell/kernel:0, (256, 512), /device:GPU:0
  dynamic_seq2seq/decoder/basic_lstm_cell/bias:0, (512,), /device:GPU:0
  dynamic_seq2seq/decoder/output_projection/kernel:0, (128, 89), /device:GPU:0
# Creating eval graph ...
# Build a basic encoder
  num_layers = 1, num_residual_layers=0
  cell 0  LSTM, forget_bias=1  DeviceWrapper, device=/gpu:0
  cell 0  LSTM, forget_bias=1  DeviceWrapper, device=/gpu:0
# Trainable variables
Format: <name>, <shape>, <(soft) device placement>
  embeddings/encoder/embedding_encoder:0, (87, 128), /device:GPU:0
  embeddings/decoder/embedding_decoder:0, (89, 128), /device:GPU:0
  dynamic_seq2seq/encoder/rnn/basic_lstm_cell/kernel:0, (256, 512), /device:GPU:0
  dynamic_seq2seq/encoder/rnn/basic_lstm_cell/bias:0, (512,), /device:GPU:0
  dynamic_seq2seq/decoder/basic_lstm_cell/kernel:0, (256, 512), /device:GPU:0
  dynamic_seq2seq/decoder/basic_lstm_cell/bias:0, (512,), /device:GPU:0
  dynamic_seq2seq/decoder/output_projection/kernel:0, (128, 89), /device:GPU:0
# Creating infer graph ...
# Build a basic encoder
  num_layers = 1, num_residual_layers=0
  cell 0  LSTM, forget_bias=1  DeviceWrapper, device=/gpu:0
  cell 0  LSTM, forget_bias=1  DeviceWrapper, device=/gpu:0
  decoder: infer_mode=greedybeam_width=0, length_penalty=0.000000
# Trainable variables
Format: <name>, <shape>, <(soft) device placement>
  embeddings/encoder/embedding_encoder:0, (87, 128), /device:GPU:0
  embeddings/decoder/embedding_decoder:0, (89, 128), /device:GPU:0
  dynamic_seq2seq/encoder/rnn/basic_lstm_cell/kernel:0, (256, 512), /device:GPU:0
  dynamic_seq2seq/encoder/rnn/basic_lstm_cell/bias:0, (512,), /device:GPU:0
  dynamic_seq2seq/decoder/basic_lstm_cell/kernel:0, (256, 512), /device:GPU:0
  dynamic_seq2seq/decoder/basic_lstm_cell/bias:0, (512,), /device:GPU:0
  dynamic_seq2seq/decoder/output_projection/kernel:0, (128, 89), 
# log_file=/home/emlab/Desktop/syuuron/nmt/Noattention_PI_0.5PS_0.3PD_0.2_Noisy_model/log_1549176828
2019-02-03 15:53:48.096882: I tensorflow/core/common_runtime/gpu/gpu_device.cc:1511] Adding visible gpu devices: 0
2019-02-03 15:53:48.096934: I tensorflow/core/common_runtime/gpu/gpu_device.cc:982] Device interconnect StreamExecutor with strength 1 edge matrix:
2019-02-03 15:53:48.096941: I tensorflow/core/common_runtime/gpu/gpu_device.cc:988]      0 
2019-02-03 15:53:48.096946: I tensorflow/core/common_runtime/gpu/gpu_device.cc:1001] 0:   N 
2019-02-03 15:53:48.097043: I tensorflow/core/common_runtime/gpu/gpu_device.cc:1115] Created TensorFlow device (/job:localhost/replica:0/task:0/device:GPU:0 with 2797 MB memory) -> physical GPU (device: 0, name: GeForce GTX 960M, pci bus id: 0000:01:00.0, compute capability: 5.0)
2019-02-03 15:53:48.097315: I tensorflow/core/common_runtime/gpu/gpu_device.cc:1511] Adding visible gpu devices: 0
2019-02-03 15:53:48.097351: I tensorflow/core/common_runtime/gpu/gpu_device.cc:982] Device interconnect StreamExecutor with strength 1 edge matrix:
2019-02-03 15:53:48.097357: I tensorflow/core/common_runtime/gpu/gpu_device.cc:988]      0 
2019-02-03 15:53:48.097361: I tensorflow/core/common_runtime/gpu/gpu_device.cc:1001] 0:   N 
2019-02-03 15:53:48.097465: I tensorflow/core/common_runtime/gpu/gpu_device.cc:1115] Created TensorFlow device (/job:localhost/replica:0/task:0/device:GPU:0 with 2797 MB memory) -> physical GPU (device: 0, name: GeForce GTX 960M, pci bus id: 0000:01:00.0, compute capability: 5.0)
2019-02-03 15:53:48.097757: I tensorflow/core/common_runtime/gpu/gpu_device.cc:1511] Adding visible gpu devices: 0
2019-02-03 15:53:48.097772: I tensorflow/core/common_runtime/gpu/gpu_device.cc:982] Device interconnect StreamExecutor with strength 1 edge matrix:
2019-02-03 15:53:48.097777: I tensorflow/core/common_runtime/gpu/gpu_device.cc:988]      0 
2019-02-03 15:53:48.097782: I tensorflow/core/common_runtime/gpu/gpu_device.cc:1001] 0:   N 
2019-02-03 15:53:48.097884: I tensorflow/core/common_runtime/gpu/gpu_device.cc:1115] Created TensorFlow device (/job:localhost/replica:0/task:0/device:GPU:0 with 2797 MB memory) -> physical GPU (device: 0, name: GeForce GTX 960M, pci bus id: 0000:01:00.0, compute capability: 5.0)
  created train model with fresh parameters, time 0.13s
  created infer model with fresh parameters, time 0.05s
  # 1619
    src: P W EH1 R M L OW1 AA AY2 IH CH JH OW2 AE2 S UH0 AO IY1 F UW2 EH1 AO2 ZH UH0 SH N M UH2 AH0 Z D AH0 ER AW F SH ER ER1 R AH2 AY0 M R V UW UW0 IH0 AA1 AH AW2 P T AE2 SH AH0 UW0 AY2 EY1 EH1 W T F AO EY1 B DH AW0 IH L G OW1 UW F IH T UW1 UW1 V AE1 B AE IH1 S EY1 ZH SH DH T IY IY N IH2 B Z D EH0 M IY0 M UW1 AO0 UW1 D AY1 UW2 IY1 IH0 AE NG AY2 S F AH0
    ref: Move ( Reception_Table ) Grasp ( Seafood_Noodle ) Move ( Visitor_Room ) Move ( Dining_Sofa )
    nmt: filled_plastic_bottle toy_penguin twin_bell_alarm_clock )，Move )，Move Stick_Potato Bath_Cleaner Dustbin Green_Tea cubic_clock filled_plastic_bottle HERE Find Green_Tea canned_juice Say cigarette toy_penguin Japanese_Tea )，Move )，Move rabbit_doll )，Move )，Move Stick_Potato Bath_Cleaner Korean_Soup Bath_Cleaner Dustbin Green_Tea cubic_clock filled_plastic_bottle Brown_Tea salt Side_Table Red_Potato Dustbin Dustbin soysauce Dustbin soysauce Plcae apple apple apple Dish_Cleaner ) Dish_Cleaner ) Dish_Cleaner ) ) Dish_Cleaner ) ) Egg_Soup Egg_Soup Egg_Soup Egg_Soup pesron pesron Egg_Soup sauce sauce Cup_Star pesron <unk> rubik's_cube sauce Cup_Star Grasp Lemon_Tea <unk> cubic_clock HERE person HERE person toy_penguin Place ground_pepper sauce sauce Say Cup_Star Dining_Sofa Orange_Juice Cup_Star Grasp HERE Find Find Orange_Juice Chip_Star Chip_Star Chip_Star cubic_clock <unk> cubic_clock HERE HERE person toy_penguin Place ground_pepper sauce sauce Say cigarette Japanese_Tea Japanese_Tea Kitchen_Room Kitchen_Room Kitchen_Room Kitchen_Room Kitchen_Room Kitchen_Room Kitchen_Room Kitchen_Room Kitchen_Room Kitchen_Room Kitchen_Room Kitchen_Room Kitchen_Room Kitchen_Room Kitchen_Room Kitchen_Room Kitchen_Room Kitchen_Room Kitchen_Room Kitchen_Room Kitchen_Room Kitchen_Room Kitchen_Room Kitchen_Room Kitchen_Room Kitchen_Room Kitchen_Room Kitchen_Room Kitchen_Room Kitchen_Room Kitchen_Room Kitchen_Room Kitchen_Room Kitchen_Room Kitchen_Room Kitchen_Room Kitchen_Room Kitchen_Room Kitchen_Room Kitchen_Room Kitchen_Room Kitchen_Room Kitchen_Room Kitchen_Room Kitchen_Room Kitchen_Room Kitchen_Room Kitchen_Room Kitchen_Room Kitchen_Room Kitchen_Room Kitchen_Room Kitchen_Room Kitchen_Room Kitchen_Room Kitchen_Room Kitchen_Room Kitchen_Room Kitchen_Room Kitchen_Room Kitchen_Room Kitchen_Room Kitchen_Room Kitchen_Room Kitchen_Room Kitchen_Room Kitchen_Room Kitchen_Room Kitchen_Room Kitchen_Room Kitchen_Room Kitchen_Room Kitchen_Room Kitchen_Room Kitchen_Room Kitchen_Room Kitchen_Room Kitchen_Room Kitchen_Room Kitchen_Room Kitchen_Room Kitchen_Room Kitchen_Room Kitchen_Room Kitchen_Room Kitchen_Room Kitchen_Room Kitchen_Room Kitchen_Room Kitchen_Room Kitchen_Room Kitchen_Room Kitchen_Room Kitchen_Room Kitchen_Room Kitchen_Room Kitchen_Room Kitchen_Room Kitchen_Room Kitchen_Room Kitchen_Room Kitchen_Room Kitchen_Room Kitchen_Room Kitchen_Room Kitchen_Room Kitchen_Room Kitchen_Room Kitchen_Room Kitchen_Room Kitchen_Room Kitchen_Room Kitchen_Room Kitchen_Room Kitchen_Room
  created eval model with fresh parameters, time 0.05s
  eval dev: perplexity 89.48, time 0s, Sun Feb  3 15:53:49 2019.
  eval test: perplexity 89.53, time 0s, Sun Feb  3 15:53:49 2019.
2019-02-03 15:53:49.786312: I tensorflow/core/kernels/lookup_util.cc:376] Table trying to initialize from file /home/emlab/Desktop/syuuron/nmt/Noattention_PI_0.5PS_0.3PD_0.2_Noisy_model/Vocab.out is already initialized.
2019-02-03 15:53:49.786313: I tensorflow/core/kernels/lookup_util.cc:376] Table trying to initialize from file /home/emlab/Desktop/syuuron/nmt/Noattention_PI_0.5PS_0.3PD_0.2_Noisy_model/Vocab.in is already initialized.
2019-02-03 15:53:49.786322: I tensorflow/core/kernels/lookup_util.cc:376] Table trying to initialize from file /home/emlab/Desktop/syuuron/nmt/Noattention_PI_0.5PS_0.3PD_0.2_Noisy_model/Vocab.out is already initialized.
  created infer model with fresh parameters, time 0.04s
# Start step 0, lr 1, Sun Feb  3 15:53:49 2019
# Init train iterator, skipping 0 elements
--------------------------------------------------------------------------------------------
# Finished an epoch, step 81. Perform external evaluation
2019-02-03 15:53:56.006864: I tensorflow/core/kernels/lookup_util.cc:376] Table trying to initialize from file /home/emlab/Desktop/syuuron/nmt/Noattention_PI_0.5PS_0.3PD_0.2_Noisy_model/Vocab.in is already initialized.
2019-02-03 15:53:56.006864: I tensorflow/core/kernels/lookup_util.cc:376] Table trying to initialize from file /home/emlab/Desktop/syuuron/nmt/Noattention_PI_0.5PS_0.3PD_0.2_Noisy_model/Vocab.out is already initialized.
2019-02-03 15:53:56.006864: I tensorflow/core/kernels/lookup_util.cc:376] Table trying to initialize from file /home/emlab/Desktop/syuuron/nmt/Noattention_PI_0.5PS_0.3PD_0.2_Noisy_model/Vocab.out is already initialized.
  created infer model with fresh parameters, time 0.04s
  # 1477
    src: EY0 AE2 OY AY OW1 T UW1 EH0 F IH0 P AO2 EH1 P AW OY2 AH0 IY0 IY1 AE0 AO1 T EY1 AE0 EY0 AH0 UW2 OY2 F AY1 D AH0 P OY0 EY2 T AH0 N V EH D UH2 R B ER1 ER0 AW F ER2 L OY2 AH0 IH1 AH0 AO2 ER1 S AH0 UW1
    ref: Move ( Reception_Table ) Find ( person Reception_Table ) Follow ( person )
    nmt: Chip_Star Chip_Star Chip_Star Chip_Star salt salt salt salt salt canned_juice white_cup Dining_Sofa canned_juice white_cup Dining_Sofa canned_juice white_cup Dining_Sofa Follow Lemon_Tea bell_pepper bell_pepper bell_pepper bell_pepper bell_pepper pesron bell_pepper pesron Sofa ) Lemon_Tea bed_room ground_pepper ground_pepper <s> Egg_Soup Egg_Soup Lemon_Tea Orange_Juice ground_pepper <s> Chip_Star Chip_Star Chip_Star Chip_Star Chip_Star bear_doll bear_doll Dining_Sofa Follow Follow soysauce kitchen soysauce ground_pepper sauce sauce sauce sauce sauce sauce sauce sauce sauce sauce sauce sauce sauce sauce sauce sauce sauce sauce sauce sauce sauce sauce sauce sauce sauce sauce sauce sauce sauce sauce sauce sauce sauce sauce sauce sauce sauce sauce sauce sauce sauce sauce sauce sauce sauce sauce sauce sauce sauce sauce sauce sauce sauce sauce sauce sauce sauce sauce sauce sauce sauce sauce sauce
2019-02-03 15:53:56.112945: I tensorflow/core/kernels/lookup_util.cc:376] Table trying to initialize from file /home/emlab/Desktop/syuuron/nmt/Noattention_PI_0.5PS_0.3PD_0.2_Noisy_model/Vocab.out is already initialized.
2019-02-03 15:53:56.112949: I tensorflow/core/kernels/lookup_util.cc:376] Table trying to initialize from file /home/emlab/Desktop/syuuron/nmt/Noattention_PI_0.5PS_0.3PD_0.2_Noisy_model/Vocab.in is already initialized.
2019-02-03 15:53:56.112952: I tensorflow/core/kernels/lookup_util.cc:376] Table trying to initialize from file /home/emlab/Desktop/syuuron/nmt/Noattention_PI_0.5PS_0.3PD_0.2_Noisy_model/Vocab.out is already initialized.
  created infer model with fresh parameters, time 0.04s
  step 100 lr 1 step-time 0.08s wps 133.34K ppl 5.59 gN 5.57 bleu 0.00, Sun Feb  3 15:53:57 2019
--------------------------------------------------------------------------------------------
# Finished an epoch, step 162. Perform external evaluation
2019-02-03 15:54:01.897185: I tensorflow/core/kernels/lookup_util.cc:376] Table trying to initialize from file /home/emlab/Desktop/syuuron/nmt/Noattention_PI_0.5PS_0.3PD_0.2_Noisy_model/Vocab.out is already initialized.
2019-02-03 15:54:01.897185: I tensorflow/core/kernels/lookup_util.cc:376] Table trying to initialize from file /home/emlab/Desktop/syuuron/nmt/Noattention_PI_0.5PS_0.3PD_0.2_Noisy_model/Vocab.out is already initialized.
2019-02-03 15:54:01.897185: I tensorflow/core/kernels/lookup_util.cc:376] Table trying to initialize from file /home/emlab/Desktop/syuuron/nmt/Noattention_PI_0.5PS_0.3PD_0.2_Noisy_model/Vocab.in is already initialized.
  created infer model with fresh parameters, time 0.04s
  # 606
    src: EH1 W OY1 K IY1 UH1 Y K IH2 ER1 OW1 UW2 UW1 OW2 AY0 AO0 AE2 ZH OY2 R G AE1 B UH0 W UW AH B R AA1 N AH1 OY0 AA0 IY IY1 EY AA1 ER0 EH2 K AH2 EY2 ZH B EH1 AA1 K
    ref: Move ( bed_room ) Find ( Brown_Tea bed_room ) Move ( HERE )
    nmt: lobby Egg_Soup Japanese_Tea cigarette Japanese_Tea cigarette Japanese_Tea cigarette Japanese_Tea cigarette Japanese_Tea cigarette Japanese_Tea Dish_Cleaner Dish_Cleaner Dish_Cleaner Dish_Cleaner camera bell_pepper camera pink_cup pink_cup Listen Green_Tea Green_Tea Green_Tea Green_Tea Green_Tea Green_Tea pink_cup Green_Tea Green_Tea pink_cup Green_Tea pink_cup Green_Tea Green_Tea Dining_Room Long_Potato Bleach Green_Tea Green_Tea Green_Tea Dining_Room Green_Tea Dining_Room Long_Potato Grasp empty_plastic_bottle empty_plastic_bottle Grasp twin_bell_alarm_clock nursing_bottle nursing_bottle toy_penguin <unk> pink_cup pink_cup Green_Tea Green_Tea Green_Tea Green_Tea Green_Tea pink_cup Green_Tea Green_Tea pink_cup Green_Tea Green_Tea Dining_Room Bleach Green_Tea Green_Tea Green_Tea Dining_Room Long_Potato Grasp empty_plastic_bottle empty_plastic_bottle Blue_Potato Corridor rabbit_doll rabbit_doll rabbit_doll rabbit_doll Orange_Juice Orange_Juice Orange_Juice Orange_Juice Orange_Juice Orange_Juice Orange_Juice Orange_Juice Orange_Juice Orange_Juice Orange_Juice
2019-02-03 15:54:01.991486: I tensorflow/core/kernels/lookup_util.cc:376] Table trying to initialize from file /home/emlab/Desktop/syuuron/nmt/Noattention_PI_0.5PS_0.3PD_0.2_Noisy_model/Vocab.out is already initialized.
2019-02-03 15:54:01.991486: I tensorflow/core/kernels/lookup_util.cc:376] Table trying to initialize from file /home/emlab/Desktop/syuuron/nmt/Noattention_PI_0.5PS_0.3PD_0.2_Noisy_model/Vocab.in is already initialized.
2019-02-03 15:54:01.991512: I tensorflow/core/kernels/lookup_util.cc:376] Table trying to initialize from file /home/emlab/Desktop/syuuron/nmt/Noattention_PI_0.5PS_0.3PD_0.2_Noisy_model/Vocab.out is already initialized.
  created infer model with fresh parameters, time 0.04s
  step 200 lr 1 step-time 0.07s wps 148.19K ppl 2.72 gN 1.51 bleu 0.00, Sun Feb  3 15:54:04 2019
--------------------------------------------------------------------------------------------
# Finished an epoch, step 243. Perform external evaluation
2019-02-03 15:54:07.760558: I tensorflow/core/kernels/lookup_util.cc:376] Table trying to initialize from file /home/emlab/Desktop/syuuron/nmt/Noattention_PI_0.5PS_0.3PD_0.2_Noisy_model/Vocab.out is already initialized.
2019-02-03 15:54:07.760558: I tensorflow/core/kernels/lookup_util.cc:376] Table trying to initialize from file /home/emlab/Desktop/syuuron/nmt/Noattention_PI_0.5PS_0.3PD_0.2_Noisy_model/Vocab.in is already initialized.
2019-02-03 15:54:07.760558: I tensorflow/core/kernels/lookup_util.cc:376] Table trying to initialize from file /home/emlab/Desktop/syuuron/nmt/Noattention_PI_0.5PS_0.3PD_0.2_Noisy_model/Vocab.out is already initialized.
  created infer model with fresh parameters, time 0.04s
  # 1197
    src: M AO OW2 T L V IH0 NG UW2 UH2 AH AA0 B AE1 UH EH1 IY2 P AH0 F Y AY1 N UW D AA2 UH AH0 S IY2 EY1 AE0 IY2 IH T JH OY0 N N UW0 UW0 IH1 AO1 AY1 CH DH EH1 N AA1 AO0 L OW0 AE2 P AH0
    ref: Move (  Living_Table  ) Find ( person Living_Table  ) Follow ( pesron )
    nmt: Dish_Cleaner Living_Sofa Grasp cigarette Cloth_Cleaner Cloth_Cleaner ground_pepper ground_pepper ground_pepper ground_pepper ground_pepper ground_pepper ground_pepper ground_pepper ground_pepper ground_pepper ground_pepper ground_pepper ground_pepper ground_pepper ground_pepper ground_pepper ground_pepper ground_pepper ground_pepper ground_pepper ground_pepper ground_pepper ground_pepper ground_pepper ground_pepper ground_pepper ground_pepper ground_pepper ground_pepper ground_pepper ground_pepper ground_pepper ground_pepper ground_pepper ground_pepper ground_pepper ground_pepper ground_pepper ground_pepper ground_pepper ground_pepper ground_pepper ground_pepper ground_pepper ground_pepper ground_pepper ground_pepper ground_pepper ground_pepper ground_pepper ground_pepper ground_pepper ground_pepper ground_pepper ground_pepper ground_pepper ground_pepper ground_pepper ground_pepper ground_pepper ground_pepper ground_pepper ground_pepper ground_pepper ground_pepper ground_pepper ground_pepper ground_pepper ground_pepper ground_pepper ground_pepper ground_pepper ground_pepper ground_pepper ground_pepper ground_pepper ground_pepper ground_pepper ground_pepper ground_pepper ground_pepper ground_pepper ground_pepper ground_pepper ground_pepper ground_pepper ground_pepper ground_pepper ground_pepper ground_pepper ground_pepper ground_pepper ground_pepper ground_pepper ground_pepper ground_pepper ground_pepper ground_pepper ground_pepper ground_pepper ground_pepper ground_pepper ground_pepper ground_pepper
2019-02-03 15:54:07.861769: I tensorflow/core/kernels/lookup_util.cc:376] Table trying to initialize from file /home/emlab/Desktop/syuuron/nmt/Noattention_PI_0.5PS_0.3PD_0.2_Noisy_model/Vocab.in is already initialized.
2019-02-03 15:54:07.861804: I tensorflow/core/kernels/lookup_util.cc:376] Table trying to initialize from file /home/emlab/Desktop/syuuron/nmt/Noattention_PI_0.5PS_0.3PD_0.2_Noisy_model/Vocab.out is already initialized.
2019-02-03 15:54:07.861769: I tensorflow/core/kernels/lookup_util.cc:376] Table trying to initialize from file /home/emlab/Desktop/syuuron/nmt/Noattention_PI_0.5PS_0.3PD_0.2_Noisy_model/Vocab.out is already initialized.
  created infer model with fresh parameters, time 0.04s
  step 300 lr 1 step-time 0.07s wps 149.06K ppl 2.56 gN 1.51 bleu 0.00, Sun Feb  3 15:54:12 2019
--------------------------------------------------------------------------------------------
# Finished an epoch, step 324. Perform external evaluation
2019-02-03 15:54:13.603122: I tensorflow/core/kernels/lookup_util.cc:376] Table trying to initialize from file /home/emlab/Desktop/syuuron/nmt/Noattention_PI_0.5PS_0.3PD_0.2_Noisy_model/Vocab.out is already initialized.
2019-02-03 15:54:13.603122: I tensorflow/core/kernels/lookup_util.cc:376] Table trying to initialize from file /home/emlab/Desktop/syuuron/nmt/Noattention_PI_0.5PS_0.3PD_0.2_Noisy_model/Vocab.in is already initialized.
2019-02-03 15:54:13.603123: I tensorflow/core/kernels/lookup_util.cc:376] Table trying to initialize from file /home/emlab/Desktop/syuuron/nmt/Noattention_PI_0.5PS_0.3PD_0.2_Noisy_model/Vocab.out is already initialized.
  created infer model with fresh parameters, time 0.04s
  # 591
    src: EY OW ER L OW1 EH1 Y D AE0 NG AA0 IY2 V EH AY1 NG S L OW1 EH IH2 F R AY0 AH0 IY2 T OW1 S OW1 HH K T UH0 OW2 OY1 D AH1 Z IH0 IY1 DH IH1 IY2 IH2 AH0 AA1 D NG T AH0 AE0 DH EH0 EY2 T EH1 B Z
    ref: Move ( Living_Sofa ) Grasp ( toy_duck ) Move ( apartment )
    nmt: empty_ketchup tumbler Bath_Cleaner toy_car Bath_Cleaner Bath_Cleaner Onion_Dressing Onion_Dressing )，Move )，Move )，Move )，Move )，Move )，Move )，Move )，Move )，Move )，Move )，Move )，Move )，Move )，Move )，Move Cloth_Cleaner PERSON PERSON PERSON PERSON Dustbin PERSON Dustbin bed_room PERSON Dining_Sofa Dining_Sofa dog_doll sugar dog_doll Living_Sofa cubic_clock cubic_clock Japanese_Tea Grasp Grasp Grasp Place Japanese_Tea Dustbin Japanese_Tea bed_room kitchen Japanese_Tea Grasp Grasp Dustbin Long_Potato Japanese_Tea ) ) HERE HERE empty_plastic_bottle white_cup white_cup kitchen Plcae Onion_Dressing Onion_Dressing cubic_clock Green_Tea Red_Tea cigarette cigarette cigarette cigarette bell_pepper Sofa bell_pepper Red_Tea Bleach Sofa Onion_Dressing Onion_Dressing )，Move )，Move )，Move )，Move )，Move )，Move )，Move )，Move )，Move )，Move )，Move )，Move )，Move Cloth_Cleaner PERSON PERSON PERSON PERSON Dustbin PERSON Dustbin PERSON Dustbin bed_room PERSON Dustbin Long_Potato Japanese_Tea Dustbin Japanese_Tea bed_room kitchen Japanese_Tea ) toy_car
2019-02-03 15:54:13.713091: I tensorflow/core/kernels/lookup_util.cc:376] Table trying to initialize from file /home/emlab/Desktop/syuuron/nmt/Noattention_PI_0.5PS_0.3PD_0.2_Noisy_model/Vocab.in is already initialized.
2019-02-03 15:54:13.713091: I tensorflow/core/kernels/lookup_util.cc:376] Table trying to initialize from file /home/emlab/Desktop/syuuron/nmt/Noattention_PI_0.5PS_0.3PD_0.2_Noisy_model/Vocab.out is already initialized.
2019-02-03 15:54:13.713102: I tensorflow/core/kernels/lookup_util.cc:376] Table trying to initialize from file /home/emlab/Desktop/syuuron/nmt/Noattention_PI_0.5PS_0.3PD_0.2_Noisy_model/Vocab.out is already initialized.
  created infer model with fresh parameters, time 0.04s
  step 400 lr 1 step-time 0.07s wps 149.68K ppl 2.42 gN 1.36 bleu 0.00, Sun Feb  3 15:54:19 2019
--------------------------------------------------------------------------------------------
# Finished an epoch, step 405. Perform external evaluation
2019-02-03 15:54:19.463743: I tensorflow/core/kernels/lookup_util.cc:376] Table trying to initialize from file /home/emlab/Desktop/syuuron/nmt/Noattention_PI_0.5PS_0.3PD_0.2_Noisy_model/Vocab.out is already initialized.
2019-02-03 15:54:19.463743: I tensorflow/core/kernels/lookup_util.cc:376] Table trying to initialize from file /home/emlab/Desktop/syuuron/nmt/Noattention_PI_0.5PS_0.3PD_0.2_Noisy_model/Vocab.out is already initialized.
2019-02-03 15:54:19.463752: I tensorflow/core/kernels/lookup_util.cc:376] Table trying to initialize from file /home/emlab/Desktop/syuuron/nmt/Noattention_PI_0.5PS_0.3PD_0.2_Noisy_model/Vocab.in is already initialized.
  created infer model with fresh parameters, time 0.05s
  # 392
    src: UH2 Z G AA2 OW1 IH0 T UW1 S OW2 D T EY1 EY1 Y P AH0 AW0 IY Y AA1 M UW1 V T V D ER1 AY1 N IH0 K V EY0 K M T OY2 EY1 L AE0 Y L UW2 EH1 T AO N S EY0 UW2 AA0 F UH0 UH0 AH0 P AH0 N AA1 R M ER AH0 ER2 P OW1 OW0 N ZH EH0 OW2 Y
    ref: Move ( Side_Table ) Move ( Dining_Table ) Move ( apartment )
    nmt: Bath_Cleaner rubik's_cube rubik's_cube soysauce HERE rubik's_cube HERE rubik's_cube HERE HERE rubik's_cube HERE HERE rubik's_cube HERE HERE HERE Sofa person Dustbin Orange_Juice Dining_Room Orange_Juice Dining_Room person Dining_Room person Dining_Room twin_bell_alarm_clock Japanese_Tea Visitor_Room twin_bell_alarm_clock canned_juice Visitor_Room twin_bell_alarm_clock canned_juice Say Dining_Table Dining_Table HERE HERE HERE HERE HERE HERE HERE sauce Blue_Potato bed_room Kitchen_Room Kitchen_Room Kitchen_Room Kitchen_Room sauce Blue_Potato Kitchen_Table Bleach bell_pepper bell_pepper Kitchen_Room Kitchen_Room Kitchen_Room Bleach Kitchen_Room Bleach bell_pepper
2019-02-03 15:54:19.554475: I tensorflow/core/kernels/lookup_util.cc:376] Table trying to initialize from file /home/emlab/Desktop/syuuron/nmt/Noattention_PI_0.5PS_0.3PD_0.2_Noisy_model/Vocab.out is already initialized.
2019-02-03 15:54:19.554476: I tensorflow/core/kernels/lookup_util.cc:376] Table trying to initialize from file /home/emlab/Desktop/syuuron/nmt/Noattention_PI_0.5PS_0.3PD_0.2_Noisy_model/Vocab.in is already initialized.
2019-02-03 15:54:19.554480: I tensorflow/core/kernels/lookup_util.cc:376] Table trying to initialize from file /home/emlab/Desktop/syuuron/nmt/Noattention_PI_0.5PS_0.3PD_0.2_Noisy_model/Vocab.out is already initialized.
  created infer model with fresh parameters, time 0.04s
--------------------------------------------------------------------------------------------
# Finished an epoch, step 486. Perform external evaluation
2019-02-03 15:54:25.302592: I tensorflow/core/kernels/lookup_util.cc:376] Table trying to initialize from file /home/emlab/Desktop/syuuron/nmt/Noattention_PI_0.5PS_0.3PD_0.2_Noisy_model/Vocab.out is already initialized.
2019-02-03 15:54:25.302592: I tensorflow/core/kernels/lookup_util.cc:376] Table trying to initialize from file /home/emlab/Desktop/syuuron/nmt/Noattention_PI_0.5PS_0.3PD_0.2_Noisy_model/Vocab.out is already initialized.
2019-02-03 15:54:25.302592: I tensorflow/core/kernels/lookup_util.cc:376] Table trying to initialize from file /home/emlab/Desktop/syuuron/nmt/Noattention_PI_0.5PS_0.3PD_0.2_Noisy_model/Vocab.in is already initialized.
  created infer model with fresh parameters, time 0.05s
  # 1544
    src: L AY2 W EH2 IY OW0 G EH1 R OW2 AA0 AA EY0 IY0 UH2 AE1 M AA2 AY2 ER2 R AH0 EH1 OW AH0 CH AH0 P F AE AH1 M K IH1 AW2 N EY1 ER2 B AH0 OW JH OY G EY0 R OW1 T EY1 ER1 OY P CH AH0 Z N AW2 ER0 ER1 AE0 AW0 DH IH2 T D EY AH0 AH AY1 UW1 UW N D IH0 IH2 IH AO2 IH2 T EY EY1 AA1 ER2 AH0
    ref: Move ( Kitchen_Table ) Grasp ( empty_ketchup ) Move ( kitchen ) Move ( Dining_Table )
    nmt: Follow
2019-02-03 15:54:25.371998: I tensorflow/core/kernels/lookup_util.cc:376] Table trying to initialize from file /home/emlab/Desktop/syuuron/nmt/Noattention_PI_0.5PS_0.3PD_0.2_Noisy_model/Vocab.out is already initialized.
2019-02-03 15:54:25.371998: I tensorflow/core/kernels/lookup_util.cc:376] Table trying to initialize from file /home/emlab/Desktop/syuuron/nmt/Noattention_PI_0.5PS_0.3PD_0.2_Noisy_model/Vocab.out is already initialized.
2019-02-03 15:54:25.371998: I tensorflow/core/kernels/lookup_util.cc:376] Table trying to initialize from file /home/emlab/Desktop/syuuron/nmt/Noattention_PI_0.5PS_0.3PD_0.2_Noisy_model/Vocab.in is already initialized.
  created infer model with fresh parameters, time 0.05s
  step 500 lr 1 step-time 0.07s wps 137.90K ppl 2.31 gN 1.36 bleu 0.00, Sun Feb  3 15:54:26 2019
--------------------------------------------------------------------------------------------
# Finished an epoch, step 567. Perform external evaluation
2019-02-03 15:54:31.135747: I tensorflow/core/kernels/lookup_util.cc:376] Table trying to initialize from file /home/emlab/Desktop/syuuron/nmt/Noattention_PI_0.5PS_0.3PD_0.2_Noisy_model/Vocab.out is already initialized.
2019-02-03 15:54:31.135747: I tensorflow/core/kernels/lookup_util.cc:376] Table trying to initialize from file /home/emlab/Desktop/syuuron/nmt/Noattention_PI_0.5PS_0.3PD_0.2_Noisy_model/Vocab.in is already initialized.
2019-02-03 15:54:31.135747: I tensorflow/core/kernels/lookup_util.cc:376] Table trying to initialize from file /home/emlab/Desktop/syuuron/nmt/Noattention_PI_0.5PS_0.3PD_0.2_Noisy_model/Vocab.out is already initialized.
  created infer model with fresh parameters, time 0.05s
  # 242
    src: AA G AY0 T UH0 D AY1 N IH0 OW UW1 NG OY IH0 N OW0 T EH2 K EH2 IY1 B EY AH0 ER1 L M ER1 HH F UW2 T UH1 K IH1 AH0 N ER1 T EY1 B D HH T R AH1 EY1 K R AO1 T D AA1 R L ER0
    ref: Move ( Dining_Table ) Move ( Kitchen_Table ) Find ( rabbit_doll Dining_Table ) Grasp ( rabbit_doll ) Move ( HERE )
    nmt: Plcae Plcae Living_Room apartment apartment Living_Room cubic_clock Bath_Cleaner apartment apartment apartment Living_Table Living_Table Red_Potato Red_Potato Red_Potato Egg_Soup Cup_Noodle bed_room Cup_Noodle bed_room canned_juice canned_juice dog_doll dog_doll Dining_Table Dining_Table dog_doll Dining_Table Dining_Table Japanese_Tea dog_doll Dining_Table Japanese_Tea dog_doll Dining_Table Japanese_Tea Japanese_Tea sauce Dining_Sofa Grasp Red_Potato Red_Potato Red_Potato Dustbin Red_Potato Dustbin Red_Potato Dustbin Red_Potato Dustbin Red_Potato Dustbin Red_Potato Dustbin Red_Potato Dustbin Red_Potato Dustbin twin_bell_alarm_clock pink_cup Follow Follow Follow Follow ) ) Brown_Tea Follow ) ) Brown_Tea Follow ) Red_Potato Red_Potato empty_ketchup canned_juice canned_juice dog_doll dog_doll cubic_clock Dish_Cleaner tumbler tumbler Lemon_Tea Lemon_Tea twin_bell_alarm_clock empty_plastic_bottle Listen
2019-02-03 15:54:31.232330: I tensorflow/core/kernels/lookup_util.cc:376] Table trying to initialize from file /home/emlab/Desktop/syuuron/nmt/Noattention_PI_0.5PS_0.3PD_0.2_Noisy_model/Vocab.in is already initialized.
2019-02-03 15:54:31.232332: I tensorflow/core/kernels/lookup_util.cc:376] Table trying to initialize from file /home/emlab/Desktop/syuuron/nmt/Noattention_PI_0.5PS_0.3PD_0.2_Noisy_model/Vocab.out is already initialized.
2019-02-03 15:54:31.232342: I tensorflow/core/kernels/lookup_util.cc:376] Table trying to initialize from file /home/emlab/Desktop/syuuron/nmt/Noattention_PI_0.5PS_0.3PD_0.2_Noisy_model/Vocab.out is already initialized.
  created infer model with fresh parameters, time 0.05s
  step 600 lr 1 step-time 0.07s wps 148.83K ppl 2.23 gN 1.23 bleu 0.00, Sun Feb  3 15:54:33 2019
--------------------------------------------------------------------------------------------
# Finished an epoch, step 648. Perform external evaluation
2019-02-03 15:54:37.009219: I tensorflow/core/kernels/lookup_util.cc:376] Table trying to initialize from file /home/emlab/Desktop/syuuron/nmt/Noattention_PI_0.5PS_0.3PD_0.2_Noisy_model/Vocab.in is already initialized.
2019-02-03 15:54:37.009219: I tensorflow/core/kernels/lookup_util.cc:376] Table trying to initialize from file /home/emlab/Desktop/syuuron/nmt/Noattention_PI_0.5PS_0.3PD_0.2_Noisy_model/Vocab.out is already initialized.
2019-02-03 15:54:37.009219: I tensorflow/core/kernels/lookup_util.cc:376] Table trying to initialize from file /home/emlab/Desktop/syuuron/nmt/Noattention_PI_0.5PS_0.3PD_0.2_Noisy_model/Vocab.out is already initialized.
  created infer model with fresh parameters, time 0.05s
  # 789
    src: G OW1 B Y IH0 T EY2 AY2 EH1 AA1 AW2 UH2 IY0 G OW1 UH2 T OW0 IY2 OW ER2 Y AY0 CH AH0 AA0 IH0 AO ER0 N T AH EY1 N EY0 AA AO2 AH0 AO1 L AH0 OW2 N S ER1 OW D B SH R P IY1 S AH1 G T L AW0 AA TH AY2 F EY0 IH0 EY2 IY1 AH1 K IH1 HH CH ER1 IH0 AO OY2 AH0 OY N
    ref: Move ( lobby ) Move ( Kitchen_Table ) Move ( kitchen )
    nmt: Seafood_Noodle Seafood_Noodle Seafood_Noodle Seafood_Noodle rubik's_cube rubik's_cube salt sugar Green_Tea Green_Tea ( ( ( ( ( ( ( ( ( ( ( ( ( ( ( ( ( ( ( ( ( ( ( ( ( ( ( ( ( ( ( ( ( ( ( ( ( ( ( ( ( ( ( ( ( ( ( ( ( ( ( ( ( ( ( ( ( ( ( ( ( ( ( ( ( ( ( ( ( ( ( ( ( ( ( ( ( ( ( ( ( ( ( ( ( ( ( ( ( ( ( ( ( ( ( ( ( ( ( ( ( ( ( ( ( ( ( ( ( ( ( ( ( ( ( ( ( ( ( ( ( ( ( ( ( ( ( ( ( ( ( ( ( ( ( ( ( ( ( ( ( ( ( ( ( (
2019-02-03 15:54:37.140613: I tensorflow/core/kernels/lookup_util.cc:376] Table trying to initialize from file /home/emlab/Desktop/syuuron/nmt/Noattention_PI_0.5PS_0.3PD_0.2_Noisy_model/Vocab.out is already initialized.
2019-02-03 15:54:37.140613: I tensorflow/core/kernels/lookup_util.cc:376] Table trying to initialize from file /home/emlab/Desktop/syuuron/nmt/Noattention_PI_0.5PS_0.3PD_0.2_Noisy_model/Vocab.in is already initialized.
2019-02-03 15:54:37.140636: I tensorflow/core/kernels/lookup_util.cc:376] Table trying to initialize from file /home/emlab/Desktop/syuuron/nmt/Noattention_PI_0.5PS_0.3PD_0.2_Noisy_model/Vocab.out is already initialized.
  created infer model with fresh parameters, time 0.05s
  step 700 lr 1 step-time 0.07s wps 148.73K ppl 2.17 gN 1.34 bleu 0.00, Sun Feb  3 15:54:41 2019
--------------------------------------------------------------------------------------------
# Finished an epoch, step 729. Perform external evaluation
2019-02-03 15:54:42.916529: I tensorflow/core/kernels/lookup_util.cc:376] Table trying to initialize from file /home/emlab/Desktop/syuuron/nmt/Noattention_PI_0.5PS_0.3PD_0.2_Noisy_model/Vocab.out is already initialized.
2019-02-03 15:54:42.916536: I tensorflow/core/kernels/lookup_util.cc:376] Table trying to initialize from file /home/emlab/Desktop/syuuron/nmt/Noattention_PI_0.5PS_0.3PD_0.2_Noisy_model/Vocab.in is already initialized.
2019-02-03 15:54:42.916536: I tensorflow/core/kernels/lookup_util.cc:376] Table trying to initialize from file /home/emlab/Desktop/syuuron/nmt/Noattention_PI_0.5PS_0.3PD_0.2_Noisy_model/Vocab.out is already initialized.
  created infer model with fresh parameters, time 0.05s
  # 492
    src: W EY2 F D AY1 L UW1 AH2 AO1 EY1 K JH OW1 OY1 UW1 ER2 AA AA1 R G IY0 R AE1 S UH0 T P ER1 AY R N T IY1 DH AO0 EH1 OY K AY0 G ER M AY2 JH UH2 AE1 AW1 ER1 K
    ref: Move ( Bar ) Move ( Brown_Tea ) Move ( HERE )
    nmt: Chip_Star Move Brown_Tea Brown_Tea Brown_Tea Brown_Tea Brown_Tea Brown_Tea Brown_Tea Brown_Tea Brown_Tea Brown_Tea Brown_Tea Brown_Tea Brown_Tea Brown_Tea Brown_Tea Brown_Tea Brown_Tea Brown_Tea Brown_Tea Brown_Tea Brown_Tea Brown_Tea Brown_Tea Seafood_Noodle Brown_Tea Seafood_Noodle toy_car Seafood_Noodle toy_car bear_doll bear_doll bear_doll filled_plastic_bottle filled_plastic_bottle apartment filled_plastic_bottle apartment PERSON Cloth_Cleaner toy_car toy_car Lemon_Tea empty_ketchup Lemon_Tea Dustbin Dustbin Dustbin Dustbin Dustbin Dustbin Dustbin Dustbin Dustbin Dustbin Dustbin Dustbin Dustbin Dustbin Dustbin Dustbin Dustbin Dustbin Dustbin Dustbin Dustbin Dustbin Dustbin Dustbin Dustbin Dustbin Dustbin Dustbin Dustbin Dustbin Dustbin Dustbin Dustbin Dustbin Dustbin Dustbin Dustbin Dustbin Dustbin Dustbin Dustbin Dustbin Dustbin Dustbin Dustbin Dustbin Dustbin Dustbin Dustbin Dustbin Dustbin Dustbin
2019-02-03 15:54:43.019234: I tensorflow/core/kernels/lookup_util.cc:376] Table trying to initialize from file /home/emlab/Desktop/syuuron/nmt/Noattention_PI_0.5PS_0.3PD_0.2_Noisy_model/Vocab.out is already initialized.
2019-02-03 15:54:43.019234: I tensorflow/core/kernels/lookup_util.cc:376] Table trying to initialize from file /home/emlab/Desktop/syuuron/nmt/Noattention_PI_0.5PS_0.3PD_0.2_Noisy_model/Vocab.in is already initialized.
2019-02-03 15:54:43.019238: I tensorflow/core/kernels/lookup_util.cc:376] Table trying to initialize from file /home/emlab/Desktop/syuuron/nmt/Noattention_PI_0.5PS_0.3PD_0.2_Noisy_model/Vocab.out is already initialized.
  created infer model with fresh parameters, time 0.05s
  step 800 lr 1 step-time 0.07s wps 148.55K ppl 2.10 gN 1.32 bleu 0.00, Sun Feb  3 15:54:48 2019
--------------------------------------------------------------------------------------------
# Finished an epoch, step 810. Perform external evaluation
2019-02-03 15:54:48.797810: I tensorflow/core/kernels/lookup_util.cc:376] Table trying to initialize from file /home/emlab/Desktop/syuuron/nmt/Noattention_PI_0.5PS_0.3PD_0.2_Noisy_model/Vocab.in is already initialized.
2019-02-03 15:54:48.797811: I tensorflow/core/kernels/lookup_util.cc:376] Table trying to initialize from file /home/emlab/Desktop/syuuron/nmt/Noattention_PI_0.5PS_0.3PD_0.2_Noisy_model/Vocab.out is already initialized.
2019-02-03 15:54:48.797811: I tensorflow/core/kernels/lookup_util.cc:376] Table trying to initialize from file /home/emlab/Desktop/syuuron/nmt/Noattention_PI_0.5PS_0.3PD_0.2_Noisy_model/Vocab.out is already initialized.
  created infer model with fresh parameters, time 0.05s
  # 1546
    src: EH0 AE1 AA2 Z IY AY2 AO Y UW1 OW W EY1 OW1 T UW1 ZH AW0 AE2 IH1 Z T IH IH2 ER0 UW0 Z AA ZH AO2 UH0 M G EY1 OW S P NG IH1 SH AO2 IY2 OW1 L B ER0 EY1 IY AA ER0 F IH IY R AA0 NG AE0 IY2 IY2 AW IH IH1 CH UW1 AY2 UW1 L IH1 AW1 NG IH0 ER1 Y OW1 T AA TH ER0 OW AW2 OW OW2 OW1 ZH AY0 AE2 F AH0
    ref: Move ( Visitor_Room ) Find ( Dish_Cleaner Visitor_Room ) Grasp ( Dish_Cleaner ) Move ( Living_Sofa )  Find ( Dish_Cleaner Living_Sofa ) Grasp ( Dish_Cleaner ) Move ( Visitor_Room )
    nmt: rabbit_doll filled_ketchup nursing_bottle
2019-02-03 15:54:48.865440: I tensorflow/core/kernels/lookup_util.cc:376] Table trying to initialize from file /home/emlab/Desktop/syuuron/nmt/Noattention_PI_0.5PS_0.3PD_0.2_Noisy_model/Vocab.in is already initialized.
2019-02-03 15:54:48.865440: I tensorflow/core/kernels/lookup_util.cc:376] Table trying to initialize from file /home/emlab/Desktop/syuuron/nmt/Noattention_PI_0.5PS_0.3PD_0.2_Noisy_model/Vocab.out is already initialized.
2019-02-03 15:54:48.865440: I tensorflow/core/kernels/lookup_util.cc:376] Table trying to initialize from file /home/emlab/Desktop/syuuron/nmt/Noattention_PI_0.5PS_0.3PD_0.2_Noisy_model/Vocab.out is already initialized.
  created infer model with fresh parameters, time 0.05s
--------------------------------------------------------------------------------------------
# Finished an epoch, step 891. Perform external evaluation
2019-02-03 15:54:54.620655: I tensorflow/core/kernels/lookup_util.cc:376] Table trying to initialize from file /home/emlab/Desktop/syuuron/nmt/Noattention_PI_0.5PS_0.3PD_0.2_Noisy_model/Vocab.out is already initialized.
2019-02-03 15:54:54.620655: I tensorflow/core/kernels/lookup_util.cc:376] Table trying to initialize from file /home/emlab/Desktop/syuuron/nmt/Noattention_PI_0.5PS_0.3PD_0.2_Noisy_model/Vocab.out is already initialized.
2019-02-03 15:54:54.620655: I tensorflow/core/kernels/lookup_util.cc:376] Table trying to initialize from file /home/emlab/Desktop/syuuron/nmt/Noattention_PI_0.5PS_0.3PD_0.2_Noisy_model/Vocab.in is already initialized.
  created infer model with fresh parameters, time 0.05s
  # 1018
    src: G TH IY0 K IH1 T IY0 AH0 AE0 W N T EH2 AH ZH AE1 IY0 EH AA2 B T EY0 AH0 AW2 ZH AH0 D N IH0 AH0 T ER ER1 IH AY0 B K F IH1 EH1 JH CH ER P G R OW0 OY AW
    ref: Move (  Kitchen_Table  ) Find ( filled_ketchup Kitchen_Table  ) Grasp ( filled_ketchup ) 
    nmt: Grasp Stick_Potato rubik's_cube filled_ketchup
2019-02-03 15:54:54.684868: I tensorflow/core/kernels/lookup_util.cc:376] Table trying to initialize from file /home/emlab/Desktop/syuuron/nmt/Noattention_PI_0.5PS_0.3PD_0.2_Noisy_model/Vocab.out is already initialized.
2019-02-03 15:54:54.684868: I tensorflow/core/kernels/lookup_util.cc:376] Table trying to initialize from file /home/emlab/Desktop/syuuron/nmt/Noattention_PI_0.5PS_0.3PD_0.2_Noisy_model/Vocab.in is already initialized.
2019-02-03 15:54:54.684868: I tensorflow/core/kernels/lookup_util.cc:376] Table trying to initialize from file /home/emlab/Desktop/syuuron/nmt/Noattention_PI_0.5PS_0.3PD_0.2_Noisy_model/Vocab.out is already initialized.
  created infer model with fresh parameters, time 0.05s
  step 900 lr 1 step-time 0.07s wps 138.02K ppl 2.03 gN 1.46 bleu 0.00, Sun Feb  3 15:54:55 2019
--------------------------------------------------------------------------------------------
# Finished an epoch, step 972. Perform external evaluation
2019-02-03 15:55:00.441951: I tensorflow/core/kernels/lookup_util.cc:376] Table trying to initialize from file /home/emlab/Desktop/syuuron/nmt/Noattention_PI_0.5PS_0.3PD_0.2_Noisy_model/Vocab.out is already initialized.
2019-02-03 15:55:00.441951: I tensorflow/core/kernels/lookup_util.cc:376] Table trying to initialize from file /home/emlab/Desktop/syuuron/nmt/Noattention_PI_0.5PS_0.3PD_0.2_Noisy_model/Vocab.out is already initialized.
2019-02-03 15:55:00.441963: I tensorflow/core/kernels/lookup_util.cc:376] Table trying to initialize from file /home/emlab/Desktop/syuuron/nmt/Noattention_PI_0.5PS_0.3PD_0.2_Noisy_model/Vocab.in is already initialized.
  created infer model with fresh parameters, time 0.05s
  # 1579
    src: V AO0 UW0 T IY0 AW0 UH0 AA1 AW0 IY0 EY2 EH0 T R AO1 OW1 T AW1 UW1 K AE0 CH S EY1 N AW0 AA T EY1 UW1 L ER0 L ER2 V AH0 ZH AH0 P Y UH1 AE2 R T M AH0 N OW1 AY2 AH0 UH0 K P M T
    ref: Move ( lobby ) Move ( Kitchen_Table )  Move ( apartment )
    nmt: Green_Tea sugar Side_Table Side_Table Side_Table Strawberry_Juice Strawberry_Juice Dish_Cleaner Dish_Cleaner Dish_Cleaner Dish_Cleaner Bleach Red_Tea Living_Table Living_Table filled_plastic_bottle Living_Table Living_Table spray_bottle Living_Sofa dog_doll filled_plastic_bottle Dining_Room Dining_Room pink_cup Grasp Grasp filled_ketchup apple sauce bell_pepper twin_bell_alarm_clock Grasp Grasp Visitor_Room hourglass Green_Tea Green_Tea Green_Tea dog_doll lobby lobby Place rabbit_doll Living_Room Living_Room Dining_Room salt Grasp Grasp Grasp hourglass Long_Potato Green_Tea Green_Tea Green_Tea sugar dog_doll empty_plastic_bottle empty_plastic_bottle empty_plastic_bottle empty_plastic_bottle empty_plastic_bottle empty_plastic_bottle empty_plastic_bottle empty_plastic_bottle empty_plastic_bottle empty_plastic_bottle empty_plastic_bottle empty_plastic_bottle empty_plastic_bottle empty_plastic_bottle empty_plastic_bottle empty_plastic_bottle empty_plastic_bottle empty_plastic_bottle empty_plastic_bottle empty_plastic_bottle empty_plastic_bottle empty_plastic_bottle empty_plastic_bottle empty_plastic_bottle empty_plastic_bottle empty_plastic_bottle empty_plastic_bottle empty_plastic_bottle empty_plastic_bottle empty_plastic_bottle empty_plastic_bottle empty_plastic_bottle empty_plastic_bottle empty_plastic_bottle empty_plastic_bottle empty_plastic_bottle empty_plastic_bottle empty_plastic_bottle empty_plastic_bottle empty_plastic_bottle empty_plastic_bottle empty_plastic_bottle empty_plastic_bottle empty_plastic_bottle empty_plastic_bottle empty_plastic_bottle empty_plastic_bottle empty_plastic_bottle empty_plastic_bottle empty_plastic_bottle empty_plastic_bottle empty_plastic_bottle
2019-02-03 15:55:00.550175: I tensorflow/core/kernels/lookup_util.cc:376] Table trying to initialize from file /home/emlab/Desktop/syuuron/nmt/Noattention_PI_0.5PS_0.3PD_0.2_Noisy_model/Vocab.in is already initialized.
2019-02-03 15:55:00.550176: I tensorflow/core/kernels/lookup_util.cc:376] Table trying to initialize from file /home/emlab/Desktop/syuuron/nmt/Noattention_PI_0.5PS_0.3PD_0.2_Noisy_model/Vocab.out is already initialized.
2019-02-03 15:55:00.550177: I tensorflow/core/kernels/lookup_util.cc:376] Table trying to initialize from file /home/emlab/Desktop/syuuron/nmt/Noattention_PI_0.5PS_0.3PD_0.2_Noisy_model/Vocab.out is already initialized.
  created infer model with fresh parameters, time 0.05s
  step 1000 lr 1 step-time 0.07s wps 149.27K ppl 1.93 gN 1.37 bleu 0.00, Sun Feb  3 15:55:02 2019
# Save eval, global step 1000
2019-02-03 15:55:03.061482: I tensorflow/core/kernels/lookup_util.cc:376] Table trying to initialize from file /home/emlab/Desktop/syuuron/nmt/Noattention_PI_0.5PS_0.3PD_0.2_Noisy_model/Vocab.in is already initialized.
2019-02-03 15:55:03.061482: I tensorflow/core/kernels/lookup_util.cc:376] Table trying to initialize from file /home/emlab/Desktop/syuuron/nmt/Noattention_PI_0.5PS_0.3PD_0.2_Noisy_model/Vocab.out is already initialized.
2019-02-03 15:55:03.061483: I tensorflow/core/kernels/lookup_util.cc:376] Table trying to initialize from file /home/emlab/Desktop/syuuron/nmt/Noattention_PI_0.5PS_0.3PD_0.2_Noisy_model/Vocab.out is already initialized.
  loaded infer model parameters from /home/emlab/Desktop/syuuron/nmt/Noattention_PI_0.5PS_0.3PD_0.2_Noisy_model/translate.ckpt-1000, time 0.03s
  # 1281
    src: OW1 IY2 AE2 R W UH1 K SH AE1 OW0 T R OY1 EH0 S AY EH1 P OY2 UH2 AH2 OY0 L AH1 T OY1 AW0 D AH1 B AE2 R IY2 OW0 IH1 AO AO IH1 T ER0 EH0 UW1 AW0 IH0 ER1 K UW Z S IH1 AA0 AH OW0 AO2 CH IY0 JH ER CH N AY1 EY1 AO1 SH EH AW UH AO2 AY0 IY1 L
    ref: Move ( Reception_Table ) Find ( toy_duck Reception_Table  ) Grasp ( toy_duck )，Move ( Kitchen_Table )
    nmt: Move ( Bar ) Find ( Red_Tea Bar ) Grasp ( Red_Tea ) Move ( apartment )
2019-02-03 15:55:03.114631: I tensorflow/core/kernels/lookup_util.cc:376] Table trying to initialize from file /home/emlab/Desktop/syuuron/nmt/Noattention_PI_0.5PS_0.3PD_0.2_Noisy_model/Vocab.in is already initialized.
2019-02-03 15:55:03.114635: I tensorflow/core/kernels/lookup_util.cc:376] Table trying to initialize from file /home/emlab/Desktop/syuuron/nmt/Noattention_PI_0.5PS_0.3PD_0.2_Noisy_model/Vocab.out is already initialized.
2019-02-03 15:55:03.114639: I tensorflow/core/kernels/lookup_util.cc:376] Table trying to initialize from file /home/emlab/Desktop/syuuron/nmt/Noattention_PI_0.5PS_0.3PD_0.2_Noisy_model/Vocab.out is already initialized.
  loaded eval model parameters from /home/emlab/Desktop/syuuron/nmt/Noattention_PI_0.5PS_0.3PD_0.2_Noisy_model/translate.ckpt-1000, time 0.03s
  eval dev: perplexity 1.88, time 0s, Sun Feb  3 15:55:03 2019.
  eval test: perplexity 2.26, time 0s, Sun Feb  3 15:55:03 2019.
--------------------------------------------------------------------------------------------
# Finished an epoch, step 1053. Perform external evaluation
2019-02-03 15:55:07.306967: I tensorflow/core/kernels/lookup_util.cc:376] Table trying to initialize from file /home/emlab/Desktop/syuuron/nmt/Noattention_PI_0.5PS_0.3PD_0.2_Noisy_model/Vocab.in is already initialized.
2019-02-03 15:55:07.306968: I tensorflow/core/kernels/lookup_util.cc:376] Table trying to initialize from file /home/emlab/Desktop/syuuron/nmt/Noattention_PI_0.5PS_0.3PD_0.2_Noisy_model/Vocab.out is already initialized.
2019-02-03 15:55:07.306968: I tensorflow/core/kernels/lookup_util.cc:376] Table trying to initialize from file /home/emlab/Desktop/syuuron/nmt/Noattention_PI_0.5PS_0.3PD_0.2_Noisy_model/Vocab.out is already initialized.
  loaded infer model parameters from /home/emlab/Desktop/syuuron/nmt/Noattention_PI_0.5PS_0.3PD_0.2_Noisy_model/translate.ckpt-1000, time 0.02s
  # 1492
    src: K AA0 IH2 UH1 N Y ZH AO F R AE EH AW B IH2 R M AY0 IH1 UH1 AH2 NG P AH0 L F V R AH1 K EY0 IH1 ER2 CH IY2 ER2 EY T EY1 AA0 OY2 UW M AY2 AE1 AE AH0 L AW AO1 OY2 AE1 G CH K IH1 CH UH1 AO AH0 N AA2 ER2 UW1 IY T AH2 Y W AH1 EY1 R
    ref: Move ( Kitchen_Table ) Find ( apple Kitchen_Table  ) Grasp ( apple ) Move ( kitchen ) ( Bar )
    nmt: Move ( Living_Sofa ) Find ( person Living_Sofa ) Follow ( pesron )
2019-02-03 15:55:07.352210: I tensorflow/core/kernels/lookup_util.cc:376] Table trying to initialize from file /home/emlab/Desktop/syuuron/nmt/Noattention_PI_0.5PS_0.3PD_0.2_Noisy_model/Vocab.in is already initialized.
2019-02-03 15:55:07.352217: I tensorflow/core/kernels/lookup_util.cc:376] Table trying to initialize from file /home/emlab/Desktop/syuuron/nmt/Noattention_PI_0.5PS_0.3PD_0.2_Noisy_model/Vocab.out is already initialized.
2019-02-03 15:55:07.352217: I tensorflow/core/kernels/lookup_util.cc:376] Table trying to initialize from file /home/emlab/Desktop/syuuron/nmt/Noattention_PI_0.5PS_0.3PD_0.2_Noisy_model/Vocab.out is already initialized.
  loaded infer model parameters from /home/emlab/Desktop/syuuron/nmt/Noattention_PI_0.5PS_0.3PD_0.2_Noisy_model/translate.ckpt-1000, time 0.02s
# External evaluation, global step 1000
  decoding to output /home/emlab/Desktop/syuuron/nmt/Noattention_PI_0.5PS_0.3PD_0.2_Noisy_model/output_dev
  done, num sentences 2001, num translations per input 1, time 0s, Sun Feb  3 15:55:07 2019.
  bleu dev: 21.1
  saving hparams to /home/emlab/Desktop/syuuron/nmt/Noattention_PI_0.5PS_0.3PD_0.2_Noisy_model/hparams
# External evaluation, global step 1000
  decoding to output /home/emlab/Desktop/syuuron/nmt/Noattention_PI_0.5PS_0.3PD_0.2_Noisy_model/output_test
  done, num sentences 100, num translations per input 1, time 0s, Sun Feb  3 15:55:08 2019.
  bleu test: 10.3
  saving hparams to /home/emlab/Desktop/syuuron/nmt/Noattention_PI_0.5PS_0.3PD_0.2_Noisy_model/hparams
  step 1100 lr 1 step-time 0.07s wps 149.82K ppl 1.85 gN 1.40 bleu 21.06, Sun Feb  3 15:55:11 2019
--------------------------------------------------------------------------------------------
# Finished an epoch, step 1134. Perform external evaluation
2019-02-03 15:55:14.011661: I tensorflow/core/kernels/lookup_util.cc:376] Table trying to initialize from file /home/emlab/Desktop/syuuron/nmt/Noattention_PI_0.5PS_0.3PD_0.2_Noisy_model/Vocab.out is already initialized.
2019-02-03 15:55:14.011661: I tensorflow/core/kernels/lookup_util.cc:376] Table trying to initialize from file /home/emlab/Desktop/syuuron/nmt/Noattention_PI_0.5PS_0.3PD_0.2_Noisy_model/Vocab.in is already initialized.
2019-02-03 15:55:14.011672: I tensorflow/core/kernels/lookup_util.cc:376] Table trying to initialize from file /home/emlab/Desktop/syuuron/nmt/Noattention_PI_0.5PS_0.3PD_0.2_Noisy_model/Vocab.out is already initialized.
  loaded infer model parameters from /home/emlab/Desktop/syuuron/nmt/Noattention_PI_0.5PS_0.3PD_0.2_Noisy_model/translate.ckpt-1000, time 0.02s
  # 292
    src: EY2 W AA2 N UH1 OY2 UW1 G OW1 AY2 UW1 UH K IH0 L AO2 NG ER1 AH0 W N R EY1 UW1 M G UW EY2 R AE AE1 S AO P IH1 NG M OW2 UW0 ZH UH1 K AH1 UH1 AH2 UW0 F OW2 K AH1 AY0 AE0 OY B AE1
    ref: Move ( Kitchen_Room ) Find ( pink_cup Kitchen_Room ) Move ( HERE )
    nmt: Move ( Bar ) Grasp ( Red_Tea ) Move ( HERE )
2019-02-03 15:55:14.051380: I tensorflow/core/kernels/lookup_util.cc:376] Table trying to initialize from file /home/emlab/Desktop/syuuron/nmt/Noattention_PI_0.5PS_0.3PD_0.2_Noisy_model/Vocab.out is already initialized.
2019-02-03 15:55:14.051381: I tensorflow/core/kernels/lookup_util.cc:376] Table trying to initialize from file /home/emlab/Desktop/syuuron/nmt/Noattention_PI_0.5PS_0.3PD_0.2_Noisy_model/Vocab.out is already initialized.
2019-02-03 15:55:14.051383: I tensorflow/core/kernels/lookup_util.cc:376] Table trying to initialize from file /home/emlab/Desktop/syuuron/nmt/Noattention_PI_0.5PS_0.3PD_0.2_Noisy_model/Vocab.in is already initialized.
  loaded infer model parameters from /home/emlab/Desktop/syuuron/nmt/Noattention_PI_0.5PS_0.3PD_0.2_Noisy_model/translate.ckpt-1000, time 0.02s
# External evaluation, global step 1000
  decoding to output /home/emlab/Desktop/syuuron/nmt/Noattention_PI_0.5PS_0.3PD_0.2_Noisy_model/output_dev
  done, num sentences 2001, num translations per input 1, time 0s, Sun Feb  3 15:55:14 2019.
  bleu dev: 21.1
  saving hparams to /home/emlab/Desktop/syuuron/nmt/Noattention_PI_0.5PS_0.3PD_0.2_Noisy_model/hparams
# External evaluation, global step 1000
  decoding to output /home/emlab/Desktop/syuuron/nmt/Noattention_PI_0.5PS_0.3PD_0.2_Noisy_model/output_test
  done, num sentences 100, num translations per input 1, time 0s, Sun Feb  3 15:55:14 2019.
  bleu test: 10.3
  saving hparams to /home/emlab/Desktop/syuuron/nmt/Noattention_PI_0.5PS_0.3PD_0.2_Noisy_model/hparams
  step 1200 lr 1 step-time 0.07s wps 149.30K ppl 1.81 gN 1.44 bleu 21.06, Sun Feb  3 15:55:19 2019
--------------------------------------------------------------------------------------------
# Finished an epoch, step 1215. Perform external evaluation
2019-02-03 15:55:20.679348: I tensorflow/core/kernels/lookup_util.cc:376] Table trying to initialize from file /home/emlab/Desktop/syuuron/nmt/Noattention_PI_0.5PS_0.3PD_0.2_Noisy_model/Vocab.in is already initialized.
2019-02-03 15:55:20.679348: I tensorflow/core/kernels/lookup_util.cc:376] Table trying to initialize from file /home/emlab/Desktop/syuuron/nmt/Noattention_PI_0.5PS_0.3PD_0.2_Noisy_model/Vocab.out is already initialized.
2019-02-03 15:55:20.679348: I tensorflow/core/kernels/lookup_util.cc:376] Table trying to initialize from file /home/emlab/Desktop/syuuron/nmt/Noattention_PI_0.5PS_0.3PD_0.2_Noisy_model/Vocab.out is already initialized.
  loaded infer model parameters from /home/emlab/Desktop/syuuron/nmt/Noattention_PI_0.5PS_0.3PD_0.2_Noisy_model/translate.ckpt-1000, time 0.02s
  # 432
    src: M AE0 UW1 AY1 UH0 Z EH2 AY2 UW0 T D OW2 IY1 OW0 T IH1 B N AH0 AW G AA1 AH2 R AE1 UH S L P EH0 T AO1 B AO2 IY0 IY0 OW1 UW1 L IH1 N IY1 V ER AH0 AH0 V OY0 AE0 ER1 AA2 AE1 ER S EH1 K S AO AW IH2 OW0 AO S UW2 AA1 R AH0 T OY2 CH P L B OW2 ER Z
    ref: Move ( Dining_Table ) Find ( Strawberry_Juice Dining_Table  ) Grasp ( Strawberry_Juice ) Move ( apartment )
    nmt: Move ( lobby ) Find ( person lobby ) Move ( Bar ) Grasp ( apple )
2019-02-03 15:55:20.723845: I tensorflow/core/kernels/lookup_util.cc:376] Table trying to initialize from file /home/emlab/Desktop/syuuron/nmt/Noattention_PI_0.5PS_0.3PD_0.2_Noisy_model/Vocab.in is already initialized.
2019-02-03 15:55:20.723859: I tensorflow/core/kernels/lookup_util.cc:376] Table trying to initialize from file /home/emlab/Desktop/syuuron/nmt/Noattention_PI_0.5PS_0.3PD_0.2_Noisy_model/Vocab.out is already initialized.
2019-02-03 15:55:20.723866: I tensorflow/core/kernels/lookup_util.cc:376] Table trying to initialize from file /home/emlab/Desktop/syuuron/nmt/Noattention_PI_0.5PS_0.3PD_0.2_Noisy_model/Vocab.out is already initialized.
  loaded infer model parameters from /home/emlab/Desktop/syuuron/nmt/Noattention_PI_0.5PS_0.3PD_0.2_Noisy_model/translate.ckpt-1000, time 0.02s
# External evaluation, global step 1000
  decoding to output /home/emlab/Desktop/syuuron/nmt/Noattention_PI_0.5PS_0.3PD_0.2_Noisy_model/output_dev
  done, num sentences 2001, num translations per input 1, time 0s, Sun Feb  3 15:55:21 2019.
  bleu dev: 21.1
  saving hparams to /home/emlab/Desktop/syuuron/nmt/Noattention_PI_0.5PS_0.3PD_0.2_Noisy_model/hparams
# External evaluation, global step 1000
  decoding to output /home/emlab/Desktop/syuuron/nmt/Noattention_PI_0.5PS_0.3PD_0.2_Noisy_model/output_test
  done, num sentences 100, num translations per input 1, time 0s, Sun Feb  3 15:55:21 2019.
  bleu test: 10.3
  saving hparams to /home/emlab/Desktop/syuuron/nmt/Noattention_PI_0.5PS_0.3PD_0.2_Noisy_model/hparams
--------------------------------------------------------------------------------------------
# Finished an epoch, step 1296. Perform external evaluation
2019-02-03 15:55:27.383194: I tensorflow/core/kernels/lookup_util.cc:376] Table trying to initialize from file /home/emlab/Desktop/syuuron/nmt/Noattention_PI_0.5PS_0.3PD_0.2_Noisy_model/Vocab.in is already initialized.
2019-02-03 15:55:27.383194: I tensorflow/core/kernels/lookup_util.cc:376] Table trying to initialize from file /home/emlab/Desktop/syuuron/nmt/Noattention_PI_0.5PS_0.3PD_0.2_Noisy_model/Vocab.out is already initialized.
2019-02-03 15:55:27.383194: I tensorflow/core/kernels/lookup_util.cc:376] Table trying to initialize from file /home/emlab/Desktop/syuuron/nmt/Noattention_PI_0.5PS_0.3PD_0.2_Noisy_model/Vocab.out is already initialized.
  loaded infer model parameters from /home/emlab/Desktop/syuuron/nmt/Noattention_PI_0.5PS_0.3PD_0.2_Noisy_model/translate.ckpt-1000, time 0.02s
  # 194
    src: AH2 UH0 OW W AW AE1 AO0 OY0 AE1 N W JH Y ER2 ER2 R CH UH0 AO0 SH AE1 AY EY IY0 OY2 AH1 S AW W AO1 AW2 UW0 AW F R G UW1 UH1 AE0 AH1 EH0 JH AW M AW0 UW1 D AW1 AY1 R IH0 K DH AO IH0 F EH2 NG T HH AE1 ER1 EH0 AH2 AH0 L G OW1 AH2 AY0 UW1 EH2 L AA IH1 IH0 AW0 UH1 EY B UW1 UW0 M UW1 V T UW1 B AA1
    ref: Move ( Dining_Table ) Find ( white_cup Dining_Table  ) Grasp ( white_cup ) Move ( Living_Room ) ( Bar )
    nmt: Move ( Living_Sofa ) Find ( person Living_Sofa ) Follow ( pesron )
2019-02-03 15:55:27.430575: I tensorflow/core/kernels/lookup_util.cc:376] Table trying to initialize from file /home/emlab/Desktop/syuuron/nmt/Noattention_PI_0.5PS_0.3PD_0.2_Noisy_model/Vocab.in is already initialized.
2019-02-03 15:55:27.430575: I tensorflow/core/kernels/lookup_util.cc:376] Table trying to initialize from file /home/emlab/Desktop/syuuron/nmt/Noattention_PI_0.5PS_0.3PD_0.2_Noisy_model/Vocab.out is already initialized.
2019-02-03 15:55:27.430575: I tensorflow/core/kernels/lookup_util.cc:376] Table trying to initialize from file /home/emlab/Desktop/syuuron/nmt/Noattention_PI_0.5PS_0.3PD_0.2_Noisy_model/Vocab.out is already initialized.
  loaded infer model parameters from /home/emlab/Desktop/syuuron/nmt/Noattention_PI_0.5PS_0.3PD_0.2_Noisy_model/translate.ckpt-1000, time 0.02s
# External evaluation, global step 1000
  decoding to output /home/emlab/Desktop/syuuron/nmt/Noattention_PI_0.5PS_0.3PD_0.2_Noisy_model/output_dev
  done, num sentences 2001, num translations per input 1, time 0s, Sun Feb  3 15:55:28 2019.
  bleu dev: 21.1
  saving hparams to /home/emlab/Desktop/syuuron/nmt/Noattention_PI_0.5PS_0.3PD_0.2_Noisy_model/hparams
# External evaluation, global step 1000
  decoding to output /home/emlab/Desktop/syuuron/nmt/Noattention_PI_0.5PS_0.3PD_0.2_Noisy_model/output_test
  done, num sentences 100, num translations per input 1, time 0s, Sun Feb  3 15:55:28 2019.
  bleu test: 10.3
  saving hparams to /home/emlab/Desktop/syuuron/nmt/Noattention_PI_0.5PS_0.3PD_0.2_Noisy_model/hparams
  step 1300 lr 1 step-time 0.07s wps 137.01K ppl 1.77 gN 1.29 bleu 21.06, Sun Feb  3 15:55:29 2019
--------------------------------------------------------------------------------------------
# Finished an epoch, step 1377. Perform external evaluation
2019-02-03 15:55:34.055605: I tensorflow/core/kernels/lookup_util.cc:376] Table trying to initialize from file /home/emlab/Desktop/syuuron/nmt/Noattention_PI_0.5PS_0.3PD_0.2_Noisy_model/Vocab.out is already initialized.
2019-02-03 15:55:34.055605: I tensorflow/core/kernels/lookup_util.cc:376] Table trying to initialize from file /home/emlab/Desktop/syuuron/nmt/Noattention_PI_0.5PS_0.3PD_0.2_Noisy_model/Vocab.in is already initialized.
2019-02-03 15:55:34.055605: I tensorflow/core/kernels/lookup_util.cc:376] Table trying to initialize from file /home/emlab/Desktop/syuuron/nmt/Noattention_PI_0.5PS_0.3PD_0.2_Noisy_model/Vocab.out is already initialized.
  loaded infer model parameters from /home/emlab/Desktop/syuuron/nmt/Noattention_PI_0.5PS_0.3PD_0.2_Noisy_model/translate.ckpt-1000, time 0.02s
  # 1348
    src: W IH1 P D S L AO1 UW1 B IY R R S AH IH1 W UH2 AE2 AW1 Y NG EH1 G P OW EY0 ER2 AA OW1 OW2 AY D AA1 CH DH ER1 NG AW S IY2 AA0 EY0 AH0 M UW1 Y V AY UW1 IH1 B ER R G OW1 UH1 T UW IY2 HH UH1 AW0 IH0 K IH1 AA2 UH2 K S OY AH0 N
    ref: Move ( Dining_Sofa ) Find ( Egg_Soup Dining_Sofa ) Move ( Bar ) Move ( kitchen )
    nmt: Move ( Living_Sofa ) Find ( person Living_Sofa ) Follow ( pesron )
2019-02-03 15:55:34.103217: I tensorflow/core/kernels/lookup_util.cc:376] Table trying to initialize from file /home/emlab/Desktop/syuuron/nmt/Noattention_PI_0.5PS_0.3PD_0.2_Noisy_model/Vocab.out is already initialized.
2019-02-03 15:55:34.103217: I tensorflow/core/kernels/lookup_util.cc:376] Table trying to initialize from file /home/emlab/Desktop/syuuron/nmt/Noattention_PI_0.5PS_0.3PD_0.2_Noisy_model/Vocab.out is already initialized.
2019-02-03 15:55:34.103217: I tensorflow/core/kernels/lookup_util.cc:376] Table trying to initialize from file /home/emlab/Desktop/syuuron/nmt/Noattention_PI_0.5PS_0.3PD_0.2_Noisy_model/Vocab.in is already initialized.
  loaded infer model parameters from /home/emlab/Desktop/syuuron/nmt/Noattention_PI_0.5PS_0.3PD_0.2_Noisy_model/translate.ckpt-1000, time 0.02s
# External evaluation, global step 1000
  decoding to output /home/emlab/Desktop/syuuron/nmt/Noattention_PI_0.5PS_0.3PD_0.2_Noisy_model/output_dev
  done, num sentences 2001, num translations per input 1, time 0s, Sun Feb  3 15:55:34 2019.
  bleu dev: 21.1
  saving hparams to /home/emlab/Desktop/syuuron/nmt/Noattention_PI_0.5PS_0.3PD_0.2_Noisy_model/hparams
# External evaluation, global step 1000
  decoding to output /home/emlab/Desktop/syuuron/nmt/Noattention_PI_0.5PS_0.3PD_0.2_Noisy_model/output_test
  done, num sentences 100, num translations per input 1, time 0s, Sun Feb  3 15:55:34 2019.
  bleu test: 10.3
  saving hparams to /home/emlab/Desktop/syuuron/nmt/Noattention_PI_0.5PS_0.3PD_0.2_Noisy_model/hparams
  step 1400 lr 1 step-time 0.07s wps 150.06K ppl 1.74 gN 1.18 bleu 21.06, Sun Feb  3 15:55:36 2019
--------------------------------------------------------------------------------------------
# Finished an epoch, step 1458. Perform external evaluation
2019-02-03 15:55:40.738948: I tensorflow/core/kernels/lookup_util.cc:376] Table trying to initialize from file /home/emlab/Desktop/syuuron/nmt/Noattention_PI_0.5PS_0.3PD_0.2_Noisy_model/Vocab.out is already initialized.
2019-02-03 15:55:40.738949: I tensorflow/core/kernels/lookup_util.cc:376] Table trying to initialize from file /home/emlab/Desktop/syuuron/nmt/Noattention_PI_0.5PS_0.3PD_0.2_Noisy_model/Vocab.in is already initialized.
2019-02-03 15:55:40.738949: I tensorflow/core/kernels/lookup_util.cc:376] Table trying to initialize from file /home/emlab/Desktop/syuuron/nmt/Noattention_PI_0.5PS_0.3PD_0.2_Noisy_model/Vocab.out is already initialized.
  loaded infer model parameters from /home/emlab/Desktop/syuuron/nmt/Noattention_PI_0.5PS_0.3PD_0.2_Noisy_model/translate.ckpt-1000, time 0.02s
  # 1974
    src: JH OW1 UW1 D AY1 P N ER1 AY0 AA0 EY1 AY0 IH0 OW1 F AH0 R AA1 S B NG AY OW1 S N AE1 OY2 EH2 OW AE N OY F ER1 S Y Y IH0 NG Y EH2 V AE1 OY0 AA0 D EH2 ER1 Y AE L UW2 V DH AH0 AW1 AE2 N AA1 UW AY0 AH0 AO1 AH M N AY2 L AH ER0 IY2 IH2 Z
    ref: Move ( Dining_Sofa ) Grasp ( nursing_bottle ) Move ( apartment )
    nmt: Move ( Living_Table ) Grasp ( Cup_Star ) Move ( apartment )
2019-02-03 15:55:40.784901: I tensorflow/core/kernels/lookup_util.cc:376] Table trying to initialize from file /home/emlab/Desktop/syuuron/nmt/Noattention_PI_0.5PS_0.3PD_0.2_Noisy_model/Vocab.in is already initialized.
2019-02-03 15:55:40.784903: I tensorflow/core/kernels/lookup_util.cc:376] Table trying to initialize from file /home/emlab/Desktop/syuuron/nmt/Noattention_PI_0.5PS_0.3PD_0.2_Noisy_model/Vocab.out is already initialized.
2019-02-03 15:55:40.784906: I tensorflow/core/kernels/lookup_util.cc:376] Table trying to initialize from file /home/emlab/Desktop/syuuron/nmt/Noattention_PI_0.5PS_0.3PD_0.2_Noisy_model/Vocab.out is already initialized.
  loaded infer model parameters from /home/emlab/Desktop/syuuron/nmt/Noattention_PI_0.5PS_0.3PD_0.2_Noisy_model/translate.ckpt-1000, time 0.02s
# External evaluation, global step 1000
  decoding to output /home/emlab/Desktop/syuuron/nmt/Noattention_PI_0.5PS_0.3PD_0.2_Noisy_model/output_dev
  done, num sentences 2001, num translations per input 1, time 0s, Sun Feb  3 15:55:41 2019.
  bleu dev: 21.1
  saving hparams to /home/emlab/Desktop/syuuron/nmt/Noattention_PI_0.5PS_0.3PD_0.2_Noisy_model/hparams
# External evaluation, global step 1000
  decoding to output /home/emlab/Desktop/syuuron/nmt/Noattention_PI_0.5PS_0.3PD_0.2_Noisy_model/output_test
  done, num sentences 100, num translations per input 1, time 0s, Sun Feb  3 15:55:41 2019.
  bleu test: 10.3
  saving hparams to /home/emlab/Desktop/syuuron/nmt/Noattention_PI_0.5PS_0.3PD_0.2_Noisy_model/hparams
  step 1500 lr 1 step-time 0.07s wps 148.78K ppl 1.72 gN 1.19 bleu 21.06, Sun Feb  3 15:55:44 2019
--------------------------------------------------------------------------------------------
# Finished an epoch, step 1539. Perform external evaluation
2019-02-03 15:55:47.407923: I tensorflow/core/kernels/lookup_util.cc:376] Table trying to initialize from file /home/emlab/Desktop/syuuron/nmt/Noattention_PI_0.5PS_0.3PD_0.2_Noisy_model/Vocab.in is already initialized.
2019-02-03 15:55:47.407923: I tensorflow/core/kernels/lookup_util.cc:376] Table trying to initialize from file /home/emlab/Desktop/syuuron/nmt/Noattention_PI_0.5PS_0.3PD_0.2_Noisy_model/Vocab.out is already initialized.
2019-02-03 15:55:47.407934: I tensorflow/core/kernels/lookup_util.cc:376] Table trying to initialize from file /home/emlab/Desktop/syuuron/nmt/Noattention_PI_0.5PS_0.3PD_0.2_Noisy_model/Vocab.out is already initialized.
  loaded infer model parameters from /home/emlab/Desktop/syuuron/nmt/Noattention_PI_0.5PS_0.3PD_0.2_Noisy_model/translate.ckpt-1000, time 0.02s
  # 220
    src: G OY0 OW1 M UW1 AY0 UW2 EH1 W ER P ZH F AH0 AH0 OW0 EH1 V T EH0 TH HH UW0 AO2 B EH1 AY1 SH AW0 R EH1 OY0 UW0 D EY L OW P P W AE T OY2 IH1 T AA1 IY AY N AE AW0 D N L K S K OW0 DH F EH1 AH2 AH0 JH B OY UH IY1
    ref: Move (  Reception_Table  ) Find ( bear_doll Reception_Table  ) Grasp ( bear_doll ) Plcae ( bear_doll Dining_Sofa )
    nmt: Move ( lobby ) Find ( person lobby ) Move ( Bar ) Grasp ( apple )
2019-02-03 15:55:47.454795: I tensorflow/core/kernels/lookup_util.cc:376] Table trying to initialize from file /home/emlab/Desktop/syuuron/nmt/Noattention_PI_0.5PS_0.3PD_0.2_Noisy_model/Vocab.out is already initialized.
2019-02-03 15:55:47.454795: I tensorflow/core/kernels/lookup_util.cc:376] Table trying to initialize from file /home/emlab/Desktop/syuuron/nmt/Noattention_PI_0.5PS_0.3PD_0.2_Noisy_model/Vocab.in is already initialized.
2019-02-03 15:55:47.454810: I tensorflow/core/kernels/lookup_util.cc:376] Table trying to initialize from file /home/emlab/Desktop/syuuron/nmt/Noattention_PI_0.5PS_0.3PD_0.2_Noisy_model/Vocab.out is already initialized.
  loaded infer model parameters from /home/emlab/Desktop/syuuron/nmt/Noattention_PI_0.5PS_0.3PD_0.2_Noisy_model/translate.ckpt-1000, time 0.02s
# External evaluation, global step 1000
  decoding to output /home/emlab/Desktop/syuuron/nmt/Noattention_PI_0.5PS_0.3PD_0.2_Noisy_model/output_dev
  done, num sentences 2001, num translations per input 1, time 0s, Sun Feb  3 15:55:48 2019.
  bleu dev: 21.1
  saving hparams to /home/emlab/Desktop/syuuron/nmt/Noattention_PI_0.5PS_0.3PD_0.2_Noisy_model/hparams
# External evaluation, global step 1000
  decoding to output /home/emlab/Desktop/syuuron/nmt/Noattention_PI_0.5PS_0.3PD_0.2_Noisy_model/output_test
  done, num sentences 100, num translations per input 1, time 0s, Sun Feb  3 15:55:48 2019.
  bleu test: 10.3
  saving hparams to /home/emlab/Desktop/syuuron/nmt/Noattention_PI_0.5PS_0.3PD_0.2_Noisy_model/hparams
  step 1600 lr 1 step-time 0.07s wps 149.25K ppl 1.70 gN 1.19 bleu 21.06, Sun Feb  3 15:55:52 2019
--------------------------------------------------------------------------------------------
# Finished an epoch, step 1620. Perform external evaluation
2019-02-03 15:55:54.104231: I tensorflow/core/kernels/lookup_util.cc:376] Table trying to initialize from file /home/emlab/Desktop/syuuron/nmt/Noattention_PI_0.5PS_0.3PD_0.2_Noisy_model/Vocab.in is already initialized.
2019-02-03 15:55:54.104231: I tensorflow/core/kernels/lookup_util.cc:376] Table trying to initialize from file /home/emlab/Desktop/syuuron/nmt/Noattention_PI_0.5PS_0.3PD_0.2_Noisy_model/Vocab.out is already initialized.
2019-02-03 15:55:54.104259: I tensorflow/core/kernels/lookup_util.cc:376] Table trying to initialize from file /home/emlab/Desktop/syuuron/nmt/Noattention_PI_0.5PS_0.3PD_0.2_Noisy_model/Vocab.out is already initialized.
  loaded infer model parameters from /home/emlab/Desktop/syuuron/nmt/Noattention_PI_0.5PS_0.3PD_0.2_Noisy_model/translate.ckpt-1000, time 0.02s
  # 1719
    src: ER1 S AO1 OY0 AE1 Y UW1 IH2 OY1 UH0 B B IY R HH IH1 CH Y UH1 AO EY AW ER0 IY L CH S R N AH1 M K B OY1 G AA0 UW1 AW B T B AH0 L AH0 K IH G F IY AA1 T UW1 AW2 UH1 IY2 TH NG AO1 R W UH2 D ER0 ZH CH AW1 OW1 AY2 Y NG UW1 UH S EH OW0 AW IY2 Y
    ref: Move ( Kitchen_Table ) Find ( hourglass Kitchen_Table  ) Grasp ( hourglass ) Move ( Corridor ) ( Sofa )
    nmt: Move ( Living_Sofa ) Find ( person Living_Sofa ) Follow ( pesron )
2019-02-03 15:55:54.151154: I tensorflow/core/kernels/lookup_util.cc:376] Table trying to initialize from file /home/emlab/Desktop/syuuron/nmt/Noattention_PI_0.5PS_0.3PD_0.2_Noisy_model/Vocab.out is already initialized.
2019-02-03 15:55:54.151154: I tensorflow/core/kernels/lookup_util.cc:376] Table trying to initialize from file /home/emlab/Desktop/syuuron/nmt/Noattention_PI_0.5PS_0.3PD_0.2_Noisy_model/Vocab.in is already initialized.
2019-02-03 15:55:54.151154: I tensorflow/core/kernels/lookup_util.cc:376] Table trying to initialize from file /home/emlab/Desktop/syuuron/nmt/Noattention_PI_0.5PS_0.3PD_0.2_Noisy_model/Vocab.out is already initialized.
  loaded infer model parameters from /home/emlab/Desktop/syuuron/nmt/Noattention_PI_0.5PS_0.3PD_0.2_Noisy_model/translate.ckpt-1000, time 0.02s
# External evaluation, global step 1000
  decoding to output /home/emlab/Desktop/syuuron/nmt/Noattention_PI_0.5PS_0.3PD_0.2_Noisy_model/output_dev
  done, num sentences 2001, num translations per input 1, time 0s, Sun Feb  3 15:55:54 2019.
  bleu dev: 21.1
  saving hparams to /home/emlab/Desktop/syuuron/nmt/Noattention_PI_0.5PS_0.3PD_0.2_Noisy_model/hparams
# External evaluation, global step 1000
  decoding to output /home/emlab/Desktop/syuuron/nmt/Noattention_PI_0.5PS_0.3PD_0.2_Noisy_model/output_test
  done, num sentences 100, num translations per input 1, time 0s, Sun Feb  3 15:55:55 2019.
  bleu test: 10.3
  saving hparams to /home/emlab/Desktop/syuuron/nmt/Noattention_PI_0.5PS_0.3PD_0.2_Noisy_model/hparams
  step 1700 lr 1 step-time 0.07s wps 146.02K ppl 1.68 gN 1.18 bleu 21.06, Sun Feb  3 15:56:00 2019
--------------------------------------------------------------------------------------------
# Finished an epoch, step 1701. Perform external evaluation
2019-02-03 15:56:00.810200: I tensorflow/core/kernels/lookup_util.cc:376] Table trying to initialize from file /home/emlab/Desktop/syuuron/nmt/Noattention_PI_0.5PS_0.3PD_0.2_Noisy_model/Vocab.out is already initialized.
2019-02-03 15:56:00.810200: I tensorflow/core/kernels/lookup_util.cc:376] Table trying to initialize from file /home/emlab/Desktop/syuuron/nmt/Noattention_PI_0.5PS_0.3PD_0.2_Noisy_model/Vocab.out is already initialized.
2019-02-03 15:56:00.810200: I tensorflow/core/kernels/lookup_util.cc:376] Table trying to initialize from file /home/emlab/Desktop/syuuron/nmt/Noattention_PI_0.5PS_0.3PD_0.2_Noisy_model/Vocab.in is already initialized.
  loaded infer model parameters from /home/emlab/Desktop/syuuron/nmt/Noattention_PI_0.5PS_0.3PD_0.2_Noisy_model/translate.ckpt-1000, time 0.02s
  # 31
    src: EH0 G UH2 IY2 AH1 N IY1 T UW1 AY1 R IH0 IH0 EH1 P AH0 OW1 AW OW OY1 TH EY1 B ER L AO0 EH2 N IH2 D OY IH0 T AH CH AY1 UW0 SH D K L TH IH OW0 CH W UW2 OY0 SH ER1 N D IY IH2 OY IY2 AE1 P IH1 T
    ref: Move (  Reception_Table  ) Find ( Cloth_Cleaner Reception_Table  ) Grasp ( Cloth_Cleaner ) 
    nmt: Move ( Living_Sofa ) Find ( ground_pepper Living_Sofa ) Grasp ( ground_pepper )
2019-02-03 15:56:00.854009: I tensorflow/core/kernels/lookup_util.cc:376] Table trying to initialize from file /home/emlab/Desktop/syuuron/nmt/Noattention_PI_0.5PS_0.3PD_0.2_Noisy_model/Vocab.in is already initialized.
2019-02-03 15:56:00.854009: I tensorflow/core/kernels/lookup_util.cc:376] Table trying to initialize from file /home/emlab/Desktop/syuuron/nmt/Noattention_PI_0.5PS_0.3PD_0.2_Noisy_model/Vocab.out is already initialized.
2019-02-03 15:56:00.854009: I tensorflow/core/kernels/lookup_util.cc:376] Table trying to initialize from file /home/emlab/Desktop/syuuron/nmt/Noattention_PI_0.5PS_0.3PD_0.2_Noisy_model/Vocab.out is already initialized.
  loaded infer model parameters from /home/emlab/Desktop/syuuron/nmt/Noattention_PI_0.5PS_0.3PD_0.2_Noisy_model/translate.ckpt-1000, time 0.02s
# External evaluation, global step 1000
  decoding to output /home/emlab/Desktop/syuuron/nmt/Noattention_PI_0.5PS_0.3PD_0.2_Noisy_model/output_dev
  done, num sentences 2001, num translations per input 1, time 0s, Sun Feb  3 15:56:01 2019.
  bleu dev: 21.1
  saving hparams to /home/emlab/Desktop/syuuron/nmt/Noattention_PI_0.5PS_0.3PD_0.2_Noisy_model/hparams
# External evaluation, global step 1000
  decoding to output /home/emlab/Desktop/syuuron/nmt/Noattention_PI_0.5PS_0.3PD_0.2_Noisy_model/output_test
  done, num sentences 100, num translations per input 1, time 0s, Sun Feb  3 15:56:01 2019.
  bleu test: 10.3
  saving hparams to /home/emlab/Desktop/syuuron/nmt/Noattention_PI_0.5PS_0.3PD_0.2_Noisy_model/hparams
--------------------------------------------------------------------------------------------
# Finished an epoch, step 1782. Perform external evaluation
2019-02-03 15:56:07.503763: I tensorflow/core/kernels/lookup_util.cc:376] Table trying to initialize from file /home/emlab/Desktop/syuuron/nmt/Noattention_PI_0.5PS_0.3PD_0.2_Noisy_model/Vocab.in is already initialized.
2019-02-03 15:56:07.503763: I tensorflow/core/kernels/lookup_util.cc:376] Table trying to initialize from file /home/emlab/Desktop/syuuron/nmt/Noattention_PI_0.5PS_0.3PD_0.2_Noisy_model/Vocab.out is already initialized.
2019-02-03 15:56:07.503772: I tensorflow/core/kernels/lookup_util.cc:376] Table trying to initialize from file /home/emlab/Desktop/syuuron/nmt/Noattention_PI_0.5PS_0.3PD_0.2_Noisy_model/Vocab.out is already initialized.
  loaded infer model parameters from /home/emlab/Desktop/syuuron/nmt/Noattention_PI_0.5PS_0.3PD_0.2_Noisy_model/translate.ckpt-1000, time 0.02s
  # 306
    src: HH OW0 EY2 AA0 IH0 UH1 D OW2 Z L B UH1 UW1 IH F R SH IY T OY1 NG AH1 K AO AA0 AH1 R OW1 D IH1 EH DH OW0 OY1 AY1 N AA0 Z G UH UW NG T B OY1 AH0 L W N M W V IY0 AE1 R UW0 T EH0 K IH1 AO1 AO0 S EY1 CH EY1 K R ER0 B AY1 N L G M OW1 UH OW2 B EH1 F T UW1 OY1 EY1 OY B AO0 UH1 EY2 CH IY0
    ref: Move ( Dining_Table ) Find ( toy_duck Dining_Table ) Move ( Kitchen_Table ) Move ( lobby )
    nmt: Move ( Bar ) Find ( person Bar ) Follow ( pesron )
2019-02-03 15:56:07.556446: I tensorflow/core/kernels/lookup_util.cc:376] Table trying to initialize from file /home/emlab/Desktop/syuuron/nmt/Noattention_PI_0.5PS_0.3PD_0.2_Noisy_model/Vocab.in is already initialized.
2019-02-03 15:56:07.556446: I tensorflow/core/kernels/lookup_util.cc:376] Table trying to initialize from file /home/emlab/Desktop/syuuron/nmt/Noattention_PI_0.5PS_0.3PD_0.2_Noisy_model/Vocab.out is already initialized.
2019-02-03 15:56:07.556446: I tensorflow/core/kernels/lookup_util.cc:376] Table trying to initialize from file /home/emlab/Desktop/syuuron/nmt/Noattention_PI_0.5PS_0.3PD_0.2_Noisy_model/Vocab.out is already initialized.
  loaded infer model parameters from /home/emlab/Desktop/syuuron/nmt/Noattention_PI_0.5PS_0.3PD_0.2_Noisy_model/translate.ckpt-1000, time 0.02s
# External evaluation, global step 1000
  decoding to output /home/emlab/Desktop/syuuron/nmt/Noattention_PI_0.5PS_0.3PD_0.2_Noisy_model/output_dev
  done, num sentences 2001, num translations per input 1, time 0s, Sun Feb  3 15:56:08 2019.
  bleu dev: 21.1
  saving hparams to /home/emlab/Desktop/syuuron/nmt/Noattention_PI_0.5PS_0.3PD_0.2_Noisy_model/hparams
# External evaluation, global step 1000
  decoding to output /home/emlab/Desktop/syuuron/nmt/Noattention_PI_0.5PS_0.3PD_0.2_Noisy_model/output_test
  done, num sentences 100, num translations per input 1, time 0s, Sun Feb  3 15:56:08 2019.
  bleu test: 10.3
  saving hparams to /home/emlab/Desktop/syuuron/nmt/Noattention_PI_0.5PS_0.3PD_0.2_Noisy_model/hparams
  step 1800 lr 1 step-time 0.07s wps 140.13K ppl 1.67 gN 1.22 bleu 21.06, Sun Feb  3 15:56:10 2019
--------------------------------------------------------------------------------------------
# Finished an epoch, step 1863. Perform external evaluation
2019-02-03 15:56:14.182571: I tensorflow/core/kernels/lookup_util.cc:376] Table trying to initialize from file /home/emlab/Desktop/syuuron/nmt/Noattention_PI_0.5PS_0.3PD_0.2_Noisy_model/Vocab.out is already initialized.
2019-02-03 15:56:14.182571: I tensorflow/core/kernels/lookup_util.cc:376] Table trying to initialize from file /home/emlab/Desktop/syuuron/nmt/Noattention_PI_0.5PS_0.3PD_0.2_Noisy_model/Vocab.in is already initialized.
2019-02-03 15:56:14.182571: I tensorflow/core/kernels/lookup_util.cc:376] Table trying to initialize from file /home/emlab/Desktop/syuuron/nmt/Noattention_PI_0.5PS_0.3PD_0.2_Noisy_model/Vocab.out is already initialized.
  loaded infer model parameters from /home/emlab/Desktop/syuuron/nmt/Noattention_PI_0.5PS_0.3PD_0.2_Noisy_model/translate.ckpt-1000, time 0.02s
  # 1916
    src: G D AW1 EY1 OW1 UW1 V G IH1 AH1 T T Z AA0 R NG T EH EH1 UW2 EH1 T JH AY2 AY0 P ER1 AO0 HH AW IY1 JH Z ER2 IH UH2 UW2 EH1 T AE0 IH0 UW2 UW2 UH2 NG Y TH IY ER1 P AA EY2 T IH1 EH0 DH D IH1 AE2 B UH2 IH0 N L IH Z
    ref: Move ( Visitor_Room ) Find ( Japanese_Dressing Visitor_Room ) Grasp ( Japanese_Dressing ) Move ( Dustbin ) Place ( Japanese_Dressing Dustbin )
    nmt: Move ( lobby ) Find ( person lobby ) Move ( Bar ) Grasp ( apple )
2019-02-03 15:56:14.230894: I tensorflow/core/kernels/lookup_util.cc:376] Table trying to initialize from file /home/emlab/Desktop/syuuron/nmt/Noattention_PI_0.5PS_0.3PD_0.2_Noisy_model/Vocab.out is already initialized.
2019-02-03 15:56:14.230894: I tensorflow/core/kernels/lookup_util.cc:376] Table trying to initialize from file /home/emlab/Desktop/syuuron/nmt/Noattention_PI_0.5PS_0.3PD_0.2_Noisy_model/Vocab.in is already initialized.
2019-02-03 15:56:14.230898: I tensorflow/core/kernels/lookup_util.cc:376] Table trying to initialize from file /home/emlab/Desktop/syuuron/nmt/Noattention_PI_0.5PS_0.3PD_0.2_Noisy_model/Vocab.out is already initialized.
  loaded infer model parameters from /home/emlab/Desktop/syuuron/nmt/Noattention_PI_0.5PS_0.3PD_0.2_Noisy_model/translate.ckpt-1000, time 0.02s
# External evaluation, global step 1000
  decoding to output /home/emlab/Desktop/syuuron/nmt/Noattention_PI_0.5PS_0.3PD_0.2_Noisy_model/output_dev
  done, num sentences 2001, num translations per input 1, time 0s, Sun Feb  3 15:56:14 2019.
  bleu dev: 21.1
  saving hparams to /home/emlab/Desktop/syuuron/nmt/Noattention_PI_0.5PS_0.3PD_0.2_Noisy_model/hparams
# External evaluation, global step 1000
  decoding to output /home/emlab/Desktop/syuuron/nmt/Noattention_PI_0.5PS_0.3PD_0.2_Noisy_model/output_test
  done, num sentences 100, num translations per input 1, time 0s, Sun Feb  3 15:56:15 2019.
  bleu test: 10.3
  saving hparams to /home/emlab/Desktop/syuuron/nmt/Noattention_PI_0.5PS_0.3PD_0.2_Noisy_model/hparams
  step 1900 lr 1 step-time 0.07s wps 149.05K ppl 1.66 gN 1.23 bleu 21.06, Sun Feb  3 15:56:18 2019
--------------------------------------------------------------------------------------------
# Finished an epoch, step 1944. Perform external evaluation
2019-02-03 15:56:20.857949: I tensorflow/core/kernels/lookup_util.cc:376] Table trying to initialize from file /home/emlab/Desktop/syuuron/nmt/Noattention_PI_0.5PS_0.3PD_0.2_Noisy_model/Vocab.out is already initialized.
2019-02-03 15:56:20.857949: I tensorflow/core/kernels/lookup_util.cc:376] Table trying to initialize from file /home/emlab/Desktop/syuuron/nmt/Noattention_PI_0.5PS_0.3PD_0.2_Noisy_model/Vocab.out is already initialized.
2019-02-03 15:56:20.857949: I tensorflow/core/kernels/lookup_util.cc:376] Table trying to initialize from file /home/emlab/Desktop/syuuron/nmt/Noattention_PI_0.5PS_0.3PD_0.2_Noisy_model/Vocab.in is already initialized.
  loaded infer model parameters from /home/emlab/Desktop/syuuron/nmt/Noattention_PI_0.5PS_0.3PD_0.2_Noisy_model/translate.ckpt-1000, time 0.02s
  # 1770
    src: N AO2 UW AA2 AW1 OY0 S EY1 UW1 IY0 G AH0 DH F T N T W EY1 B UW1 AW1 L P OW EH1 T IY2 AO0 UW2 AW2 UH2 R UW S P R M UH1 AO1 T AO2 AY IH2 AW2 IH2 V NG AH0 OY AH0 UH1 AO2 JH AA1 R T T EY AE1 M AH0 N P EH0 IY0 IY1 ER0 Z
    ref: Move ( Reception_Table ) Grasp ( Red_Tea ) Move ( apartment )
    nmt: Move ( Living_Table ) Grasp ( soysauce ) Move ( apartment )
2019-02-03 15:56:20.902284: I tensorflow/core/kernels/lookup_util.cc:376] Table trying to initialize from file /home/emlab/Desktop/syuuron/nmt/Noattention_PI_0.5PS_0.3PD_0.2_Noisy_model/Vocab.out is already initialized.
2019-02-03 15:56:20.902284: I tensorflow/core/kernels/lookup_util.cc:376] Table trying to initialize from file /home/emlab/Desktop/syuuron/nmt/Noattention_PI_0.5PS_0.3PD_0.2_Noisy_model/Vocab.in is already initialized.
2019-02-03 15:56:20.902285: I tensorflow/core/kernels/lookup_util.cc:376] Table trying to initialize from file /home/emlab/Desktop/syuuron/nmt/Noattention_PI_0.5PS_0.3PD_0.2_Noisy_model/Vocab.out is already initialized.
  loaded infer model parameters from /home/emlab/Desktop/syuuron/nmt/Noattention_PI_0.5PS_0.3PD_0.2_Noisy_model/translate.ckpt-1000, time 0.02s
# External evaluation, global step 1000
  decoding to output /home/emlab/Desktop/syuuron/nmt/Noattention_PI_0.5PS_0.3PD_0.2_Noisy_model/output_dev
  done, num sentences 2001, num translations per input 1, time 0s, Sun Feb  3 15:56:21 2019.
  bleu dev: 21.1
  saving hparams to /home/emlab/Desktop/syuuron/nmt/Noattention_PI_0.5PS_0.3PD_0.2_Noisy_model/hparams
# External evaluation, global step 1000
  decoding to output /home/emlab/Desktop/syuuron/nmt/Noattention_PI_0.5PS_0.3PD_0.2_Noisy_model/output_test
  done, num sentences 100, num translations per input 1, time 0s, Sun Feb  3 15:56:21 2019.
  bleu test: 10.3
  saving hparams to /home/emlab/Desktop/syuuron/nmt/Noattention_PI_0.5PS_0.3PD_0.2_Noisy_model/hparams
  step 2000 lr 1 step-time 0.07s wps 149.34K ppl 1.64 gN 1.21 bleu 21.06, Sun Feb  3 15:56:25 2019
# Save eval, global step 2000
2019-02-03 15:56:26.093770: I tensorflow/core/kernels/lookup_util.cc:376] Table trying to initialize from file /home/emlab/Desktop/syuuron/nmt/Noattention_PI_0.5PS_0.3PD_0.2_Noisy_model/Vocab.out is already initialized.
2019-02-03 15:56:26.093805: I tensorflow/core/kernels/lookup_util.cc:376] Table trying to initialize from file /home/emlab/Desktop/syuuron/nmt/Noattention_PI_0.5PS_0.3PD_0.2_Noisy_model/Vocab.in is already initialized.
2019-02-03 15:56:26.093770: I tensorflow/core/kernels/lookup_util.cc:376] Table trying to initialize from file /home/emlab/Desktop/syuuron/nmt/Noattention_PI_0.5PS_0.3PD_0.2_Noisy_model/Vocab.out is already initialized.
  loaded infer model parameters from /home/emlab/Desktop/syuuron/nmt/Noattention_PI_0.5PS_0.3PD_0.2_Noisy_model/translate.ckpt-2000, time 0.03s
  # 1023
    src: D Y UW1 AH1 OW2 AE IH2 IY0 EH1 S W V AE2 T AA1 UW1 L AO0 T L NG IH1 V IH0 AY2 NG EY2 R OW1 AA AE0 F AW1 UW T AO0 EH2 IY2 ZH IH1 IH0 P S UH2 IH OY R DH EH1 OW1 AH AO0 ER1 OY2 IH2 UW2 OY1 OW1 ER2 NG UH AA1
    ref: Move ( Living_Sofa ) Find ( Chip_Star Living_Sofa Grasp ( Chip_Star ) Move ( HERE )
    nmt: Move ( Reception_Table ) Find ( empty_plastic_bottle Reception_Table ) Grasp ( empty_plastic_bottle ) Move ( Dining_Room ) Move ( kitchen )
2019-02-03 15:56:26.147767: I tensorflow/core/kernels/lookup_util.cc:376] Table trying to initialize from file /home/emlab/Desktop/syuuron/nmt/Noattention_PI_0.5PS_0.3PD_0.2_Noisy_model/Vocab.out is already initialized.
2019-02-03 15:56:26.147773: I tensorflow/core/kernels/lookup_util.cc:376] Table trying to initialize from file /home/emlab/Desktop/syuuron/nmt/Noattention_PI_0.5PS_0.3PD_0.2_Noisy_model/Vocab.in is already initialized.
2019-02-03 15:56:26.147786: I tensorflow/core/kernels/lookup_util.cc:376] Table trying to initialize from file /home/emlab/Desktop/syuuron/nmt/Noattention_PI_0.5PS_0.3PD_0.2_Noisy_model/Vocab.out is already initialized.
  loaded eval model parameters from /home/emlab/Desktop/syuuron/nmt/Noattention_PI_0.5PS_0.3PD_0.2_Noisy_model/translate.ckpt-2000, time 0.02s
  eval dev: perplexity 1.66, time 0s, Sun Feb  3 15:56:26 2019.
  eval test: perplexity 2.46, time 0s, Sun Feb  3 15:56:26 2019.
--------------------------------------------------------------------------------------------
# Finished an epoch, step 2025. Perform external evaluation
2019-02-03 15:56:28.496937: I tensorflow/core/kernels/lookup_util.cc:376] Table trying to initialize from file /home/emlab/Desktop/syuuron/nmt/Noattention_PI_0.5PS_0.3PD_0.2_Noisy_model/Vocab.out is already initialized.
2019-02-03 15:56:28.496937: I tensorflow/core/kernels/lookup_util.cc:376] Table trying to initialize from file /home/emlab/Desktop/syuuron/nmt/Noattention_PI_0.5PS_0.3PD_0.2_Noisy_model/Vocab.out is already initialized.
2019-02-03 15:56:28.497020: I tensorflow/core/kernels/lookup_util.cc:376] Table trying to initialize from file /home/emlab/Desktop/syuuron/nmt/Noattention_PI_0.5PS_0.3PD_0.2_Noisy_model/Vocab.in is already initialized.
  loaded infer model parameters from /home/emlab/Desktop/syuuron/nmt/Noattention_PI_0.5PS_0.3PD_0.2_Noisy_model/translate.ckpt-2000, time 0.02s
  # 1346
    src: AH G AA2 OW1 K AA2 UH B ER AA1 IH1 W IH1 DH N OW1 EY0 IH2 UW1 EH OY0 DH AA2 IY1 N B B L G OW1 UW2 W N IH R B EH1 D IY R EY0 UW1 AH0 AA D L IY1 OY0 AE EY2 UW0 EY0 AH0 UH1 ER0 AE1 R T AA0 M EH1 AH0 UH2 L N M
    ref: Move ( Dining_Table )  Move ( bed_room )  Move ( apartment )
    nmt: Move ( Dining_Room ) Move ( Reception_Table ) Move ( apartment )
2019-02-03 15:56:28.541397: I tensorflow/core/kernels/lookup_util.cc:376] Table trying to initialize from file /home/emlab/Desktop/syuuron/nmt/Noattention_PI_0.5PS_0.3PD_0.2_Noisy_model/Vocab.out is already initialized.
2019-02-03 15:56:28.541397: I tensorflow/core/kernels/lookup_util.cc:376] Table trying to initialize from file /home/emlab/Desktop/syuuron/nmt/Noattention_PI_0.5PS_0.3PD_0.2_Noisy_model/Vocab.in is already initialized.
2019-02-03 15:56:28.541398: I tensorflow/core/kernels/lookup_util.cc:376] Table trying to initialize from file /home/emlab/Desktop/syuuron/nmt/Noattention_PI_0.5PS_0.3PD_0.2_Noisy_model/Vocab.out is already initialized.
  loaded infer model parameters from /home/emlab/Desktop/syuuron/nmt/Noattention_PI_0.5PS_0.3PD_0.2_Noisy_model/translate.ckpt-2000, time 0.02s
# External evaluation, global step 2000
  decoding to output /home/emlab/Desktop/syuuron/nmt/Noattention_PI_0.5PS_0.3PD_0.2_Noisy_model/output_dev
  done, num sentences 2001, num translations per input 1, time 0s, Sun Feb  3 15:56:29 2019.
  bleu dev: 30.1
  saving hparams to /home/emlab/Desktop/syuuron/nmt/Noattention_PI_0.5PS_0.3PD_0.2_Noisy_model/hparams
# External evaluation, global step 2000
  decoding to output /home/emlab/Desktop/syuuron/nmt/Noattention_PI_0.5PS_0.3PD_0.2_Noisy_model/output_test
  done, num sentences 100, num translations per input 1, time 0s, Sun Feb  3 15:56:29 2019.
  bleu test: 12.7
  saving hparams to /home/emlab/Desktop/syuuron/nmt/Noattention_PI_0.5PS_0.3PD_0.2_Noisy_model/hparams
  step 2100 lr 1 step-time 0.07s wps 149.14K ppl 1.64 gN 1.28 bleu 30.11, Sun Feb  3 15:56:35 2019
--------------------------------------------------------------------------------------------
# Finished an epoch, step 2106. Perform external evaluation
2019-02-03 15:56:35.349024: I tensorflow/core/kernels/lookup_util.cc:376] Table trying to initialize from file /home/emlab/Desktop/syuuron/nmt/Noattention_PI_0.5PS_0.3PD_0.2_Noisy_model/Vocab.out is already initialized.
2019-02-03 15:56:35.349024: I tensorflow/core/kernels/lookup_util.cc:376] Table trying to initialize from file /home/emlab/Desktop/syuuron/nmt/Noattention_PI_0.5PS_0.3PD_0.2_Noisy_model/Vocab.out is already initialized.
2019-02-03 15:56:35.349024: I tensorflow/core/kernels/lookup_util.cc:376] Table trying to initialize from file /home/emlab/Desktop/syuuron/nmt/Noattention_PI_0.5PS_0.3PD_0.2_Noisy_model/Vocab.in is already initialized.
  loaded infer model parameters from /home/emlab/Desktop/syuuron/nmt/Noattention_PI_0.5PS_0.3PD_0.2_Noisy_model/translate.ckpt-2000, time 0.02s
  # 645
    src: AH0 EH OW1 T S IY OW1 AW0 AO0 AY2 AH0 IH2 IH2 Z OW1 T K IH1 F N HH AH TH N EH0 OY1 D UW EH1 UH1 UH0 AY0 AA Z UH2 AO0 UW2 EH1 OY1 L OW0 UH0 L S EH AO0 EH0 DH AE AH0 UW0 AO NG EH T
    ref: Move ( Sofa ) Move ( Sofa ) Move ( apartment )
    nmt: Move ( Living_Room ) Move ( Living_Sofa ) Move ( apartment )
2019-02-03 15:56:35.393661: I tensorflow/core/kernels/lookup_util.cc:376] Table trying to initialize from file /home/emlab/Desktop/syuuron/nmt/Noattention_PI_0.5PS_0.3PD_0.2_Noisy_model/Vocab.in is already initialized.
2019-02-03 15:56:35.393661: I tensorflow/core/kernels/lookup_util.cc:376] Table trying to initialize from file /home/emlab/Desktop/syuuron/nmt/Noattention_PI_0.5PS_0.3PD_0.2_Noisy_model/Vocab.out is already initialized.
2019-02-03 15:56:35.393661: I tensorflow/core/kernels/lookup_util.cc:376] Table trying to initialize from file /home/emlab/Desktop/syuuron/nmt/Noattention_PI_0.5PS_0.3PD_0.2_Noisy_model/Vocab.out is already initialized.
  loaded infer model parameters from /home/emlab/Desktop/syuuron/nmt/Noattention_PI_0.5PS_0.3PD_0.2_Noisy_model/translate.ckpt-2000, time 0.02s
# External evaluation, global step 2000
  decoding to output /home/emlab/Desktop/syuuron/nmt/Noattention_PI_0.5PS_0.3PD_0.2_Noisy_model/output_dev
  done, num sentences 2001, num translations per input 1, time 0s, Sun Feb  3 15:56:36 2019.
  bleu dev: 30.1
  saving hparams to /home/emlab/Desktop/syuuron/nmt/Noattention_PI_0.5PS_0.3PD_0.2_Noisy_model/hparams
# External evaluation, global step 2000
  decoding to output /home/emlab/Desktop/syuuron/nmt/Noattention_PI_0.5PS_0.3PD_0.2_Noisy_model/output_test
  done, num sentences 100, num translations per input 1, time 0s, Sun Feb  3 15:56:36 2019.
  bleu test: 12.7
  saving hparams to /home/emlab/Desktop/syuuron/nmt/Noattention_PI_0.5PS_0.3PD_0.2_Noisy_model/hparams
--------------------------------------------------------------------------------------------
# Finished an epoch, step 2187. Perform external evaluation
2019-02-03 15:56:42.119139: I tensorflow/core/kernels/lookup_util.cc:376] Table trying to initialize from file /home/emlab/Desktop/syuuron/nmt/Noattention_PI_0.5PS_0.3PD_0.2_Noisy_model/Vocab.out is already initialized.
2019-02-03 15:56:42.119139: I tensorflow/core/kernels/lookup_util.cc:376] Table trying to initialize from file /home/emlab/Desktop/syuuron/nmt/Noattention_PI_0.5PS_0.3PD_0.2_Noisy_model/Vocab.in is already initialized.
2019-02-03 15:56:42.119139: I tensorflow/core/kernels/lookup_util.cc:376] Table trying to initialize from file /home/emlab/Desktop/syuuron/nmt/Noattention_PI_0.5PS_0.3PD_0.2_Noisy_model/Vocab.out is already initialized.
  loaded infer model parameters from /home/emlab/Desktop/syuuron/nmt/Noattention_PI_0.5PS_0.3PD_0.2_Noisy_model/translate.ckpt-2000, time 0.02s
  # 1454
    src: N G EH0 OW1 ZH D EY DH P T IY1 UH1 IY0 AH0 L D UH T AE2 NG S OW1 EH0 AW0 N OY AA2 V D F N B AH0 AA AO2 ER1 M AH0 OW0 UW0 N OW0 EH1 AE2 IH1 G AH1 R B UH AY1 CH DH ER IH2 AH EH0 IH1 NG S P AE0 AE R EY1 OW AE UH B AA1 T UW ER AY1 IH1 AH0 L G S F R AA2 EY1 OW2 JH AH1 M AY0 EY2 B AA1 ER2 IH OW1 R
    ref: Move (  Living_Sofa  ) Find ( spray_bottle Living_Sofa  ) Grasp ( spray_bottle ) Find ( PERSON Living_Sofa ) Plcae ( spray_bottle PERSON )
    nmt: Move ( Dining_Room ) Find ( person Dining_Room ) Move ( Living_Sofa ) Grasp ( rubik's_cube ) Move ( person )
2019-02-03 15:56:42.172468: I tensorflow/core/kernels/lookup_util.cc:376] Table trying to initialize from file /home/emlab/Desktop/syuuron/nmt/Noattention_PI_0.5PS_0.3PD_0.2_Noisy_model/Vocab.out is already initialized.
2019-02-03 15:56:42.172468: I tensorflow/core/kernels/lookup_util.cc:376] Table trying to initialize from file /home/emlab/Desktop/syuuron/nmt/Noattention_PI_0.5PS_0.3PD_0.2_Noisy_model/Vocab.out is already initialized.
2019-02-03 15:56:42.172476: I tensorflow/core/kernels/lookup_util.cc:376] Table trying to initialize from file /home/emlab/Desktop/syuuron/nmt/Noattention_PI_0.5PS_0.3PD_0.2_Noisy_model/Vocab.in is already initialized.
  loaded infer model parameters from /home/emlab/Desktop/syuuron/nmt/Noattention_PI_0.5PS_0.3PD_0.2_Noisy_model/translate.ckpt-2000, time 0.02s
# External evaluation, global step 2000
  decoding to output /home/emlab/Desktop/syuuron/nmt/Noattention_PI_0.5PS_0.3PD_0.2_Noisy_model/output_dev
  done, num sentences 2001, num translations per input 1, time 0s, Sun Feb  3 15:56:42 2019.
  bleu dev: 30.1
  saving hparams to /home/emlab/Desktop/syuuron/nmt/Noattention_PI_0.5PS_0.3PD_0.2_Noisy_model/hparams
# External evaluation, global step 2000
  decoding to output /home/emlab/Desktop/syuuron/nmt/Noattention_PI_0.5PS_0.3PD_0.2_Noisy_model/output_test
  done, num sentences 100, num translations per input 1, time 0s, Sun Feb  3 15:56:43 2019.
  bleu test: 12.7
  saving hparams to /home/emlab/Desktop/syuuron/nmt/Noattention_PI_0.5PS_0.3PD_0.2_Noisy_model/hparams
  step 2200 lr 1 step-time 0.07s wps 137.06K ppl 1.62 gN 1.36 bleu 30.11, Sun Feb  3 15:56:44 2019
--------------------------------------------------------------------------------------------
# Finished an epoch, step 2268. Perform external evaluation
2019-02-03 15:56:48.898295: I tensorflow/core/kernels/lookup_util.cc:376] Table trying to initialize from file /home/emlab/Desktop/syuuron/nmt/Noattention_PI_0.5PS_0.3PD_0.2_Noisy_model/Vocab.out is already initialized.
2019-02-03 15:56:48.898295: I tensorflow/core/kernels/lookup_util.cc:376] Table trying to initialize from file /home/emlab/Desktop/syuuron/nmt/Noattention_PI_0.5PS_0.3PD_0.2_Noisy_model/Vocab.out is already initialized.
2019-02-03 15:56:48.898318: I tensorflow/core/kernels/lookup_util.cc:376] Table trying to initialize from file /home/emlab/Desktop/syuuron/nmt/Noattention_PI_0.5PS_0.3PD_0.2_Noisy_model/Vocab.in is already initialized.
  loaded infer model parameters from /home/emlab/Desktop/syuuron/nmt/Noattention_PI_0.5PS_0.3PD_0.2_Noisy_model/translate.ckpt-2000, time 0.02s
  # 1640
    src: W AO0 G G ER2 D OW1 AO2 G OY1 ER2 T JH R IY1 EH0 EH AY1 UH1 IY2 IH0 EY2 AA R IY OY2 ER0 UW1 AA2 IY G F AW AA0 P UH2 OW1 AH1 AW2 TH OY1 AW2 R AA1 R ER2 AE1 F IY2 AO1 P B OW1 IH2 AE1 T AY0 OY1 AH G UH1 IY AH1 EY HH
    ref: Move ( Dining_Room ) Find ( toy_car Dining_Room ) Move ( HERE )
    nmt: Move ( Dining_Room ) Find ( person ) Move ( Living_Sofa ) Grasp ( Strawberry_Juice )
2019-02-03 15:56:48.946399: I tensorflow/core/kernels/lookup_util.cc:376] Table trying to initialize from file /home/emlab/Desktop/syuuron/nmt/Noattention_PI_0.5PS_0.3PD_0.2_Noisy_model/Vocab.out is already initialized.
2019-02-03 15:56:48.946399: I tensorflow/core/kernels/lookup_util.cc:376] Table trying to initialize from file /home/emlab/Desktop/syuuron/nmt/Noattention_PI_0.5PS_0.3PD_0.2_Noisy_model/Vocab.out is already initialized.
2019-02-03 15:56:48.946399: I tensorflow/core/kernels/lookup_util.cc:376] Table trying to initialize from file /home/emlab/Desktop/syuuron/nmt/Noattention_PI_0.5PS_0.3PD_0.2_Noisy_model/Vocab.in is already initialized.
  loaded infer model parameters from /home/emlab/Desktop/syuuron/nmt/Noattention_PI_0.5PS_0.3PD_0.2_Noisy_model/translate.ckpt-2000, time 0.02s
# External evaluation, global step 2000
  decoding to output /home/emlab/Desktop/syuuron/nmt/Noattention_PI_0.5PS_0.3PD_0.2_Noisy_model/output_dev
  done, num sentences 2001, num translations per input 1, time 0s, Sun Feb  3 15:56:49 2019.
  bleu dev: 30.1
  saving hparams to /home/emlab/Desktop/syuuron/nmt/Noattention_PI_0.5PS_0.3PD_0.2_Noisy_model/hparams
# External evaluation, global step 2000
  decoding to output /home/emlab/Desktop/syuuron/nmt/Noattention_PI_0.5PS_0.3PD_0.2_Noisy_model/output_test
  done, num sentences 100, num translations per input 1, time 0s, Sun Feb  3 15:56:49 2019.
  bleu test: 12.7
  saving hparams to /home/emlab/Desktop/syuuron/nmt/Noattention_PI_0.5PS_0.3PD_0.2_Noisy_model/hparams
  step 2300 lr 1 step-time 0.07s wps 147.99K ppl 1.61 gN 1.32 bleu 30.11, Sun Feb  3 15:56:52 2019
--------------------------------------------------------------------------------------------
# Finished an epoch, step 2349. Perform external evaluation
2019-02-03 15:56:55.732401: I tensorflow/core/kernels/lookup_util.cc:376] Table trying to initialize from file /home/emlab/Desktop/syuuron/nmt/Noattention_PI_0.5PS_0.3PD_0.2_Noisy_model/Vocab.in is already initialized.
2019-02-03 15:56:55.732401: I tensorflow/core/kernels/lookup_util.cc:376] Table trying to initialize from file /home/emlab/Desktop/syuuron/nmt/Noattention_PI_0.5PS_0.3PD_0.2_Noisy_model/Vocab.out is already initialized.
2019-02-03 15:56:55.732401: I tensorflow/core/kernels/lookup_util.cc:376] Table trying to initialize from file /home/emlab/Desktop/syuuron/nmt/Noattention_PI_0.5PS_0.3PD_0.2_Noisy_model/Vocab.out is already initialized.
  loaded infer model parameters from /home/emlab/Desktop/syuuron/nmt/Noattention_PI_0.5PS_0.3PD_0.2_Noisy_model/translate.ckpt-2000, time 0.02s
  # 689
    src: G CH OW1 UH AA0 T AY1 UH EY1 Z N TH L S EY2 OW1 F AE2 AH0 F G R AE1 ER B S IY2 IY2 T SH UH2 UH1 AO1 K M EH AA1 EY2 L B IY1 IH2 EH0 V UW0 DH M L AY2 AH0 AO0 AE0 ZH T AY2 AH0 ZH IH AW AE L AY B AO0 AH1 OY1 Z
    ref: Move ( Dining_Sofa ) Grasp ( toy_car ) Move ( apartment )
    nmt: Move ( Side_Table ) Find ( spray_bottle Side_Table ) Grasp ( spray_bottle ) Move ( apartment )
2019-02-03 15:56:55.780197: I tensorflow/core/kernels/lookup_util.cc:376] Table trying to initialize from file /home/emlab/Desktop/syuuron/nmt/Noattention_PI_0.5PS_0.3PD_0.2_Noisy_model/Vocab.in is already initialized.
2019-02-03 15:56:55.780202: I tensorflow/core/kernels/lookup_util.cc:376] Table trying to initialize from file /home/emlab/Desktop/syuuron/nmt/Noattention_PI_0.5PS_0.3PD_0.2_Noisy_model/Vocab.out is already initialized.
2019-02-03 15:56:55.780202: I tensorflow/core/kernels/lookup_util.cc:376] Table trying to initialize from file /home/emlab/Desktop/syuuron/nmt/Noattention_PI_0.5PS_0.3PD_0.2_Noisy_model/Vocab.out is already initialized.
  loaded infer model parameters from /home/emlab/Desktop/syuuron/nmt/Noattention_PI_0.5PS_0.3PD_0.2_Noisy_model/translate.ckpt-2000, time 0.02s
# External evaluation, global step 2000
  decoding to output /home/emlab/Desktop/syuuron/nmt/Noattention_PI_0.5PS_0.3PD_0.2_Noisy_model/output_dev
  done, num sentences 2001, num translations per input 1, time 0s, Sun Feb  3 15:56:56 2019.
  bleu dev: 30.1
  saving hparams to /home/emlab/Desktop/syuuron/nmt/Noattention_PI_0.5PS_0.3PD_0.2_Noisy_model/hparams
# External evaluation, global step 2000
  decoding to output /home/emlab/Desktop/syuuron/nmt/Noattention_PI_0.5PS_0.3PD_0.2_Noisy_model/output_test
  done, num sentences 100, num translations per input 1, time 0s, Sun Feb  3 15:56:56 2019.
  bleu test: 12.7
  saving hparams to /home/emlab/Desktop/syuuron/nmt/Noattention_PI_0.5PS_0.3PD_0.2_Noisy_model/hparams
  step 2400 lr 1 step-time 0.07s wps 147.74K ppl 1.59 gN 1.32 bleu 30.11, Sun Feb  3 15:57:00 2019
--------------------------------------------------------------------------------------------
# Finished an epoch, step 2430. Perform external evaluation
2019-02-03 15:57:02.513504: I tensorflow/core/kernels/lookup_util.cc:376] Table trying to initialize from file /home/emlab/Desktop/syuuron/nmt/Noattention_PI_0.5PS_0.3PD_0.2_Noisy_model/Vocab.out is already initialized.
2019-02-03 15:57:02.513504: I tensorflow/core/kernels/lookup_util.cc:376] Table trying to initialize from file /home/emlab/Desktop/syuuron/nmt/Noattention_PI_0.5PS_0.3PD_0.2_Noisy_model/Vocab.out is already initialized.
2019-02-03 15:57:02.513544: I tensorflow/core/kernels/lookup_util.cc:376] Table trying to initialize from file /home/emlab/Desktop/syuuron/nmt/Noattention_PI_0.5PS_0.3PD_0.2_Noisy_model/Vocab.in is already initialized.
  loaded infer model parameters from /home/emlab/Desktop/syuuron/nmt/Noattention_PI_0.5PS_0.3PD_0.2_Noisy_model/translate.ckpt-2000, time 0.02s
  # 829
    src: OW1 AE W B EH1 UW2 EH1 Z AO2 AE UH0 K AE NG TH IH0 AE1 M ER0 B AE0 ER0 TH M AY1 UH0 D AH IH0 ER2 ER0 W NG IH1 T AE AW N OW1 AY0 AE1 M UW1 OY2 UH2 EH D B OY1 D IY0 R UW1 R IY1 UW1 G L HH T UW1 AW0 UW HH T AY1 IY0 IY1 AA2 UH2 OY2 F IY V P OW2 IH0 JH UW1 HH
    ref: Move ( Dining_Table ) Find ( camera Dining_Table  ) Grasp ( camera )  Move ( bed_room ) Move ( Kitchen_Room )
    nmt: Move ( Side_Table ) Find ( hourglass Side_Table ) Grasp ( hourglass ) Move ( Living_Room ) ( Living_Sofa )
2019-02-03 15:57:02.565725: I tensorflow/core/kernels/lookup_util.cc:376] Table trying to initialize from file /home/emlab/Desktop/syuuron/nmt/Noattention_PI_0.5PS_0.3PD_0.2_Noisy_model/Vocab.out is already initialized.
2019-02-03 15:57:02.565725: I tensorflow/core/kernels/lookup_util.cc:376] Table trying to initialize from file /home/emlab/Desktop/syuuron/nmt/Noattention_PI_0.5PS_0.3PD_0.2_Noisy_model/Vocab.out is already initialized.
2019-02-03 15:57:02.565725: I tensorflow/core/kernels/lookup_util.cc:376] Table trying to initialize from file /home/emlab/Desktop/syuuron/nmt/Noattention_PI_0.5PS_0.3PD_0.2_Noisy_model/Vocab.in is already initialized.
  loaded infer model parameters from /home/emlab/Desktop/syuuron/nmt/Noattention_PI_0.5PS_0.3PD_0.2_Noisy_model/translate.ckpt-2000, time 0.02s
# External evaluation, global step 2000
  decoding to output /home/emlab/Desktop/syuuron/nmt/Noattention_PI_0.5PS_0.3PD_0.2_Noisy_model/output_dev
  done, num sentences 2001, num translations per input 1, time 0s, Sun Feb  3 15:57:03 2019.
  bleu dev: 30.1
  saving hparams to /home/emlab/Desktop/syuuron/nmt/Noattention_PI_0.5PS_0.3PD_0.2_Noisy_model/hparams
# External evaluation, global step 2000
  decoding to output /home/emlab/Desktop/syuuron/nmt/Noattention_PI_0.5PS_0.3PD_0.2_Noisy_model/output_test
  done, num sentences 100, num translations per input 1, time 0s, Sun Feb  3 15:57:03 2019.
  bleu test: 12.7
  saving hparams to /home/emlab/Desktop/syuuron/nmt/Noattention_PI_0.5PS_0.3PD_0.2_Noisy_model/hparams
  step 2500 lr 1 step-time 0.07s wps 148.54K ppl 1.58 gN 1.41 bleu 30.11, Sun Feb  3 15:57:08 2019
--------------------------------------------------------------------------------------------
# Finished an epoch, step 2511. Perform external evaluation
2019-02-03 15:57:09.325838: I tensorflow/core/kernels/lookup_util.cc:376] Table trying to initialize from file /home/emlab/Desktop/syuuron/nmt/Noattention_PI_0.5PS_0.3PD_0.2_Noisy_model/Vocab.out is already initialized.
2019-02-03 15:57:09.325838: I tensorflow/core/kernels/lookup_util.cc:376] Table trying to initialize from file /home/emlab/Desktop/syuuron/nmt/Noattention_PI_0.5PS_0.3PD_0.2_Noisy_model/Vocab.out is already initialized.
2019-02-03 15:57:09.325838: I tensorflow/core/kernels/lookup_util.cc:376] Table trying to initialize from file /home/emlab/Desktop/syuuron/nmt/Noattention_PI_0.5PS_0.3PD_0.2_Noisy_model/Vocab.in is already initialized.
  loaded infer model parameters from /home/emlab/Desktop/syuuron/nmt/Noattention_PI_0.5PS_0.3PD_0.2_Noisy_model/translate.ckpt-2000, time 0.02s
  # 939
    src: G S V B HH AH0 AA0 IH ER1 T UW1 AO UH0 IH1 V Z R AY0 UH1 UW1 TH K IH SH AA1 AH2 UW1 NG AW EY0 AO2 T EY0 UW1 OY0 AA1 AW2 R DH EH1 N L IY1 V DH AO0 AH0 AA1 T G OY AH0 IY2 T
    ref: Move ( Living_Room ) Move ( Bar ) Move ( apartment )
    nmt: Move ( Living_Room ) Move ( Reception_Table ) Move ( apartment )
2019-02-03 15:57:09.370354: I tensorflow/core/kernels/lookup_util.cc:376] Table trying to initialize from file /home/emlab/Desktop/syuuron/nmt/Noattention_PI_0.5PS_0.3PD_0.2_Noisy_model/Vocab.in is already initialized.
2019-02-03 15:57:09.370354: I tensorflow/core/kernels/lookup_util.cc:376] Table trying to initialize from file /home/emlab/Desktop/syuuron/nmt/Noattention_PI_0.5PS_0.3PD_0.2_Noisy_model/Vocab.out is already initialized.
2019-02-03 15:57:09.370354: I tensorflow/core/kernels/lookup_util.cc:376] Table trying to initialize from file /home/emlab/Desktop/syuuron/nmt/Noattention_PI_0.5PS_0.3PD_0.2_Noisy_model/Vocab.out is already initialized.
  loaded infer model parameters from /home/emlab/Desktop/syuuron/nmt/Noattention_PI_0.5PS_0.3PD_0.2_Noisy_model/translate.ckpt-2000, time 0.02s
# External evaluation, global step 2000
  decoding to output /home/emlab/Desktop/syuuron/nmt/Noattention_PI_0.5PS_0.3PD_0.2_Noisy_model/output_dev
  done, num sentences 2001, num translations per input 1, time 0s, Sun Feb  3 15:57:09 2019.
  bleu dev: 30.1
  saving hparams to /home/emlab/Desktop/syuuron/nmt/Noattention_PI_0.5PS_0.3PD_0.2_Noisy_model/hparams
# External evaluation, global step 2000
  decoding to output /home/emlab/Desktop/syuuron/nmt/Noattention_PI_0.5PS_0.3PD_0.2_Noisy_model/output_test
  done, num sentences 100, num translations per input 1, time 0s, Sun Feb  3 15:57:10 2019.
  bleu test: 12.7
  saving hparams to /home/emlab/Desktop/syuuron/nmt/Noattention_PI_0.5PS_0.3PD_0.2_Noisy_model/hparams
--------------------------------------------------------------------------------------------
# Finished an epoch, step 2592. Perform external evaluation
2019-02-03 15:57:16.099946: I tensorflow/core/kernels/lookup_util.cc:376] Table trying to initialize from file /home/emlab/Desktop/syuuron/nmt/Noattention_PI_0.5PS_0.3PD_0.2_Noisy_model/Vocab.out is already initialized.
2019-02-03 15:57:16.099946: I tensorflow/core/kernels/lookup_util.cc:376] Table trying to initialize from file /home/emlab/Desktop/syuuron/nmt/Noattention_PI_0.5PS_0.3PD_0.2_Noisy_model/Vocab.in is already initialized.
2019-02-03 15:57:16.099946: I tensorflow/core/kernels/lookup_util.cc:376] Table trying to initialize from file /home/emlab/Desktop/syuuron/nmt/Noattention_PI_0.5PS_0.3PD_0.2_Noisy_model/Vocab.out is already initialized.
  loaded infer model parameters from /home/emlab/Desktop/syuuron/nmt/Noattention_PI_0.5PS_0.3PD_0.2_Noisy_model/translate.ckpt-2000, time 0.02s
  # 1652
    src: G OY0 IY UW1 AA0 OY2 IH1 B SH AE IY2 N AH0 AA EY EH1 OY0 AY2 JH UH AA1 IY0 UH1 OW0 EY1 OW1 ER2 OW2 ER2 AA1 AY2 IH0 IH K T G UH EH1 AE0 OY0 OW2 AA AH2 OW0 P IH1 T
    ref: Move (  Bar  ) Find ( bear_doll Bar  ) Grasp ( bear_doll ) 
    nmt: Move ( Living_Sofa ) Find ( Red_Potato Living_Sofa ) Grasp ( Red_Potato )
2019-02-03 15:57:16.145338: I tensorflow/core/kernels/lookup_util.cc:376] Table trying to initialize from file /home/emlab/Desktop/syuuron/nmt/Noattention_PI_0.5PS_0.3PD_0.2_Noisy_model/Vocab.in is already initialized.
2019-02-03 15:57:16.145339: I tensorflow/core/kernels/lookup_util.cc:376] Table trying to initialize from file /home/emlab/Desktop/syuuron/nmt/Noattention_PI_0.5PS_0.3PD_0.2_Noisy_model/Vocab.out is already initialized.
2019-02-03 15:57:16.145357: I tensorflow/core/kernels/lookup_util.cc:376] Table trying to initialize from file /home/emlab/Desktop/syuuron/nmt/Noattention_PI_0.5PS_0.3PD_0.2_Noisy_model/Vocab.out is already initialized.
  loaded infer model parameters from /home/emlab/Desktop/syuuron/nmt/Noattention_PI_0.5PS_0.3PD_0.2_Noisy_model/translate.ckpt-2000, time 0.03s
# External evaluation, global step 2000
  decoding to output /home/emlab/Desktop/syuuron/nmt/Noattention_PI_0.5PS_0.3PD_0.2_Noisy_model/output_dev
  done, num sentences 2001, num translations per input 1, time 0s, Sun Feb  3 15:57:16 2019.
  bleu dev: 30.1
  saving hparams to /home/emlab/Desktop/syuuron/nmt/Noattention_PI_0.5PS_0.3PD_0.2_Noisy_model/hparams
# External evaluation, global step 2000
  decoding to output /home/emlab/Desktop/syuuron/nmt/Noattention_PI_0.5PS_0.3PD_0.2_Noisy_model/output_test
  done, num sentences 100, num translations per input 1, time 0s, Sun Feb  3 15:57:17 2019.
  bleu test: 12.7
  saving hparams to /home/emlab/Desktop/syuuron/nmt/Noattention_PI_0.5PS_0.3PD_0.2_Noisy_model/hparams
  step 2600 lr 1 step-time 0.07s wps 136.41K ppl 1.56 gN 1.63 bleu 30.11, Sun Feb  3 15:57:18 2019
--------------------------------------------------------------------------------------------
# Finished an epoch, step 2673. Perform external evaluation
2019-02-03 15:57:22.853488: I tensorflow/core/kernels/lookup_util.cc:376] Table trying to initialize from file /home/emlab/Desktop/syuuron/nmt/Noattention_PI_0.5PS_0.3PD_0.2_Noisy_model/Vocab.in is already initialized.
2019-02-03 15:57:22.853488: I tensorflow/core/kernels/lookup_util.cc:376] Table trying to initialize from file /home/emlab/Desktop/syuuron/nmt/Noattention_PI_0.5PS_0.3PD_0.2_Noisy_model/Vocab.out is already initialized.
2019-02-03 15:57:22.853488: I tensorflow/core/kernels/lookup_util.cc:376] Table trying to initialize from file /home/emlab/Desktop/syuuron/nmt/Noattention_PI_0.5PS_0.3PD_0.2_Noisy_model/Vocab.out is already initialized.
  loaded infer model parameters from /home/emlab/Desktop/syuuron/nmt/Noattention_PI_0.5PS_0.3PD_0.2_Noisy_model/translate.ckpt-2000, time 0.02s
  # 733
    src: M AO2 V ER1 R UH0 T D UW0 B ER0 ZH AA0 AY1 N OW AY EH0 OW1 W AA EH2 EH W OW ER1 OY2 UH EH1 AA1 R T IH0 ZH AO2 AO0 F IH0 T JH S UH0 EH0 S UH AE0 IH0 OY1 AO1 S S G EY EH1 T IH1 T
    ref: Move ( Dining_Sofa ) Find ( soysauce Dining_Sofa ) Grasp ( soysauce )
    nmt: Move ( Dining_Table ) Find ( Strawberry_Juice Dining_Table ) Grasp ( Strawberry_Juice )
2019-02-03 15:57:22.903306: I tensorflow/core/kernels/lookup_util.cc:376] Table trying to initialize from file /home/emlab/Desktop/syuuron/nmt/Noattention_PI_0.5PS_0.3PD_0.2_Noisy_model/Vocab.out is already initialized.
2019-02-03 15:57:22.903306: I tensorflow/core/kernels/lookup_util.cc:376] Table trying to initialize from file /home/emlab/Desktop/syuuron/nmt/Noattention_PI_0.5PS_0.3PD_0.2_Noisy_model/Vocab.in is already initialized.
2019-02-03 15:57:22.903306: I tensorflow/core/kernels/lookup_util.cc:376] Table trying to initialize from file /home/emlab/Desktop/syuuron/nmt/Noattention_PI_0.5PS_0.3PD_0.2_Noisy_model/Vocab.out is already initialized.
  loaded infer model parameters from /home/emlab/Desktop/syuuron/nmt/Noattention_PI_0.5PS_0.3PD_0.2_Noisy_model/translate.ckpt-2000, time 0.02s
# External evaluation, global step 2000
  decoding to output /home/emlab/Desktop/syuuron/nmt/Noattention_PI_0.5PS_0.3PD_0.2_Noisy_model/output_dev
  done, num sentences 2001, num translations per input 1, time 0s, Sun Feb  3 15:57:23 2019.
  bleu dev: 30.1
  saving hparams to /home/emlab/Desktop/syuuron/nmt/Noattention_PI_0.5PS_0.3PD_0.2_Noisy_model/hparams
# External evaluation, global step 2000
  decoding to output /home/emlab/Desktop/syuuron/nmt/Noattention_PI_0.5PS_0.3PD_0.2_Noisy_model/output_test
  done, num sentences 100, num translations per input 1, time 0s, Sun Feb  3 15:57:23 2019.
  bleu test: 12.7
  saving hparams to /home/emlab/Desktop/syuuron/nmt/Noattention_PI_0.5PS_0.3PD_0.2_Noisy_model/hparams
  step 2700 lr 1 step-time 0.07s wps 149.57K ppl 1.54 gN 1.45 bleu 30.11, Sun Feb  3 15:57:26 2019
--------------------------------------------------------------------------------------------
# Finished an epoch, step 2754. Perform external evaluation
2019-02-03 15:57:29.610242: I tensorflow/core/kernels/lookup_util.cc:376] Table trying to initialize from file /home/emlab/Desktop/syuuron/nmt/Noattention_PI_0.5PS_0.3PD_0.2_Noisy_model/Vocab.out is already initialized.
2019-02-03 15:57:29.610242: I tensorflow/core/kernels/lookup_util.cc:376] Table trying to initialize from file /home/emlab/Desktop/syuuron/nmt/Noattention_PI_0.5PS_0.3PD_0.2_Noisy_model/Vocab.in is already initialized.
2019-02-03 15:57:29.610242: I tensorflow/core/kernels/lookup_util.cc:376] Table trying to initialize from file /home/emlab/Desktop/syuuron/nmt/Noattention_PI_0.5PS_0.3PD_0.2_Noisy_model/Vocab.out is already initialized.
  loaded infer model parameters from /home/emlab/Desktop/syuuron/nmt/Noattention_PI_0.5PS_0.3PD_0.2_Noisy_model/translate.ckpt-2000, time 0.02s
  # 1549
    src: G UW1 OW1 EH2 OY AA IH1 Z IH0 EH2 AH0 T ER0 UW NG UH0 T AE UW1 AA1 AW EY0 EH D OW0 EH1 AE AW1 OW2 UW AY1 AW0 AY2 AW TH N AH0 P AE OW ER1 NG AO ER2 N IH1 OY0 ER0 Y EH IH1 AY2 IY2 Z EY UH0 OY0 B L IY1 AW0 IH1 NG IH AE1 IY1 L OW IY1 N B F AE1 AY2 AE EH Y M D AO1 AY IH2 IH2 UH N W NG F AH0
    ref: Move ( Visitor_Room ) Find ( person Visitor_Room ) Move ( Dining_Sofa ) Grasp ( Bath_Cleaner )
    nmt: Move ( Dining_Room ) Find ( person Dining_Room ) Move ( Living_Sofa ) Grasp ( Korean_Soup ) Move ( person )
2019-02-03 15:57:29.664512: I tensorflow/core/kernels/lookup_util.cc:376] Table trying to initialize from file /home/emlab/Desktop/syuuron/nmt/Noattention_PI_0.5PS_0.3PD_0.2_Noisy_model/Vocab.in is already initialized.
2019-02-03 15:57:29.664515: I tensorflow/core/kernels/lookup_util.cc:376] Table trying to initialize from file /home/emlab/Desktop/syuuron/nmt/Noattention_PI_0.5PS_0.3PD_0.2_Noisy_model/Vocab.out is already initialized.
2019-02-03 15:57:29.664516: I tensorflow/core/kernels/lookup_util.cc:376] Table trying to initialize from file /home/emlab/Desktop/syuuron/nmt/Noattention_PI_0.5PS_0.3PD_0.2_Noisy_model/Vocab.out is already initialized.
  loaded infer model parameters from /home/emlab/Desktop/syuuron/nmt/Noattention_PI_0.5PS_0.3PD_0.2_Noisy_model/translate.ckpt-2000, time 0.02s
# External evaluation, global step 2000
  decoding to output /home/emlab/Desktop/syuuron/nmt/Noattention_PI_0.5PS_0.3PD_0.2_Noisy_model/output_dev
  done, num sentences 2001, num translations per input 1, time 0s, Sun Feb  3 15:57:30 2019.
  bleu dev: 30.1
  saving hparams to /home/emlab/Desktop/syuuron/nmt/Noattention_PI_0.5PS_0.3PD_0.2_Noisy_model/hparams
# External evaluation, global step 2000
  decoding to output /home/emlab/Desktop/syuuron/nmt/Noattention_PI_0.5PS_0.3PD_0.2_Noisy_model/output_test
  done, num sentences 100, num translations per input 1, time 0s, Sun Feb  3 15:57:30 2019.
  bleu test: 12.7
  saving hparams to /home/emlab/Desktop/syuuron/nmt/Noattention_PI_0.5PS_0.3PD_0.2_Noisy_model/hparams
  step 2800 lr 1 step-time 0.07s wps 148.61K ppl 1.52 gN 1.48 bleu 30.11, Sun Feb  3 15:57:34 2019
--------------------------------------------------------------------------------------------
# Finished an epoch, step 2835. Perform external evaluation
2019-02-03 15:57:36.411763: I tensorflow/core/kernels/lookup_util.cc:376] Table trying to initialize from file /home/emlab/Desktop/syuuron/nmt/Noattention_PI_0.5PS_0.3PD_0.2_Noisy_model/Vocab.out is already initialized.
2019-02-03 15:57:36.411763: I tensorflow/core/kernels/lookup_util.cc:376] Table trying to initialize from file /home/emlab/Desktop/syuuron/nmt/Noattention_PI_0.5PS_0.3PD_0.2_Noisy_model/Vocab.in is already initialized.
2019-02-03 15:57:36.411763: I tensorflow/core/kernels/lookup_util.cc:376] Table trying to initialize from file /home/emlab/Desktop/syuuron/nmt/Noattention_PI_0.5PS_0.3PD_0.2_Noisy_model/Vocab.out is already initialized.
  loaded infer model parameters from /home/emlab/Desktop/syuuron/nmt/Noattention_PI_0.5PS_0.3PD_0.2_Noisy_model/translate.ckpt-2000, time 0.02s
  # 759
    src: OW2 UH1 N EH1 F IY1 Y UW IY1 Y UW1 L OW0 OW1 EY0 AO AY0 UW1 IY0 AY2 AA1 OW0 OW0 S OY1 F AO AW0 G TH OW2 EH1 T UW2 K AO2 AO0 UW0 R IY1 D AW0 V AH0 AO1 S NG AE2 AO1 W IY0 EH2 W P T B AY1 R
    ref: Move (  Sofa ) Find ( Korean_Soup Sofa  ) Grasp ( Korean_Soup )  Move ( Bar )
    nmt: Move ( Living_Sofa ) Find ( Red_Potato Living_Sofa ) Grasp ( Red_Potato ) Move ( Bar )
2019-02-03 15:57:36.460645: I tensorflow/core/kernels/lookup_util.cc:376] Table trying to initialize from file /home/emlab/Desktop/syuuron/nmt/Noattention_PI_0.5PS_0.3PD_0.2_Noisy_model/Vocab.in is already initialized.
2019-02-03 15:57:36.460646: I tensorflow/core/kernels/lookup_util.cc:376] Table trying to initialize from file /home/emlab/Desktop/syuuron/nmt/Noattention_PI_0.5PS_0.3PD_0.2_Noisy_model/Vocab.out is already initialized.
2019-02-03 15:57:36.460651: I tensorflow/core/kernels/lookup_util.cc:376] Table trying to initialize from file /home/emlab/Desktop/syuuron/nmt/Noattention_PI_0.5PS_0.3PD_0.2_Noisy_model/Vocab.out is already initialized.
  loaded infer model parameters from /home/emlab/Desktop/syuuron/nmt/Noattention_PI_0.5PS_0.3PD_0.2_Noisy_model/translate.ckpt-2000, time 0.02s
# External evaluation, global step 2000
  decoding to output /home/emlab/Desktop/syuuron/nmt/Noattention_PI_0.5PS_0.3PD_0.2_Noisy_model/output_dev
  done, num sentences 2001, num translations per input 1, time 0s, Sun Feb  3 15:57:37 2019.
  bleu dev: 30.1
  saving hparams to /home/emlab/Desktop/syuuron/nmt/Noattention_PI_0.5PS_0.3PD_0.2_Noisy_model/hparams
# External evaluation, global step 2000
  decoding to output /home/emlab/Desktop/syuuron/nmt/Noattention_PI_0.5PS_0.3PD_0.2_Noisy_model/output_test
  done, num sentences 100, num translations per input 1, time 0s, Sun Feb  3 15:57:37 2019.
  bleu test: 12.7
  saving hparams to /home/emlab/Desktop/syuuron/nmt/Noattention_PI_0.5PS_0.3PD_0.2_Noisy_model/hparams
  step 2900 lr 1 step-time 0.07s wps 148.41K ppl 1.51 gN 1.62 bleu 30.11, Sun Feb  3 15:57:42 2019
--------------------------------------------------------------------------------------------
# Finished an epoch, step 2916. Perform external evaluation
2019-02-03 15:57:43.177886: I tensorflow/core/kernels/lookup_util.cc:376] Table trying to initialize from file /home/emlab/Desktop/syuuron/nmt/Noattention_PI_0.5PS_0.3PD_0.2_Noisy_model/Vocab.in is already initialized.
2019-02-03 15:57:43.177886: I tensorflow/core/kernels/lookup_util.cc:376] Table trying to initialize from file /home/emlab/Desktop/syuuron/nmt/Noattention_PI_0.5PS_0.3PD_0.2_Noisy_model/Vocab.out is already initialized.
2019-02-03 15:57:43.177886: I tensorflow/core/kernels/lookup_util.cc:376] Table trying to initialize from file /home/emlab/Desktop/syuuron/nmt/Noattention_PI_0.5PS_0.3PD_0.2_Noisy_model/Vocab.out is already initialized.
  loaded infer model parameters from /home/emlab/Desktop/syuuron/nmt/Noattention_PI_0.5PS_0.3PD_0.2_Noisy_model/translate.ckpt-2000, time 0.02s
  # 184
    src: R OY1 AH2 ER2 EH1 UW L EH1 T ER2 D AO1 IH AH0 NG IY0 UH0 D AW F V AW2 AO1 R AA AH1 M HH AW1 AO2 R EH0 AY1 P N T EY1 EH DH AE2 G AH NG OW1 T UW1 K IH1 TH CH IY0 V IY0 D AH0 UH1 OW0 AA1 OW0 AO EH R AH1 M M Y UW1 UH1 EY V D K AO0 CH AA1 AH0 L N S T UW2 D HH B AH0 L
    ref: Move ( Reception_Table ) Grasp ( dog_doll ) Move ( Kitchen_Room ) Move ( Kitchen_Table )
    nmt: Move ( Living_Sofa ) Find ( camera Living_Sofa ) Grasp ( camera ) Move ( Reception_Table )
2019-02-03 15:57:43.230019: I tensorflow/core/kernels/lookup_util.cc:376] Table trying to initialize from file /home/emlab/Desktop/syuuron/nmt/Noattention_PI_0.5PS_0.3PD_0.2_Noisy_model/Vocab.out is already initialized.
2019-02-03 15:57:43.230019: I tensorflow/core/kernels/lookup_util.cc:376] Table trying to initialize from file /home/emlab/Desktop/syuuron/nmt/Noattention_PI_0.5PS_0.3PD_0.2_Noisy_model/Vocab.out is already initialized.
2019-02-03 15:57:43.230022: I tensorflow/core/kernels/lookup_util.cc:376] Table trying to initialize from file /home/emlab/Desktop/syuuron/nmt/Noattention_PI_0.5PS_0.3PD_0.2_Noisy_model/Vocab.in is already initialized.
  loaded infer model parameters from /home/emlab/Desktop/syuuron/nmt/Noattention_PI_0.5PS_0.3PD_0.2_Noisy_model/translate.ckpt-2000, time 0.02s
# External evaluation, global step 2000
  decoding to output /home/emlab/Desktop/syuuron/nmt/Noattention_PI_0.5PS_0.3PD_0.2_Noisy_model/output_dev
  done, num sentences 2001, num translations per input 1, time 0s, Sun Feb  3 15:57:43 2019.
  bleu dev: 30.1
  saving hparams to /home/emlab/Desktop/syuuron/nmt/Noattention_PI_0.5PS_0.3PD_0.2_Noisy_model/hparams
# External evaluation, global step 2000
  decoding to output /home/emlab/Desktop/syuuron/nmt/Noattention_PI_0.5PS_0.3PD_0.2_Noisy_model/output_test
  done, num sentences 100, num translations per input 1, time 0s, Sun Feb  3 15:57:44 2019.
  bleu test: 12.7
  saving hparams to /home/emlab/Desktop/syuuron/nmt/Noattention_PI_0.5PS_0.3PD_0.2_Noisy_model/hparams
--------------------------------------------------------------------------------------------
# Finished an epoch, step 2997. Perform external evaluation
2019-02-03 15:57:49.961193: I tensorflow/core/kernels/lookup_util.cc:376] Table trying to initialize from file /home/emlab/Desktop/syuuron/nmt/Noattention_PI_0.5PS_0.3PD_0.2_Noisy_model/Vocab.out is already initialized.
2019-02-03 15:57:49.961193: I tensorflow/core/kernels/lookup_util.cc:376] Table trying to initialize from file /home/emlab/Desktop/syuuron/nmt/Noattention_PI_0.5PS_0.3PD_0.2_Noisy_model/Vocab.in is already initialized.
2019-02-03 15:57:49.961193: I tensorflow/core/kernels/lookup_util.cc:376] Table trying to initialize from file /home/emlab/Desktop/syuuron/nmt/Noattention_PI_0.5PS_0.3PD_0.2_Noisy_model/Vocab.out is already initialized.
  loaded infer model parameters from /home/emlab/Desktop/syuuron/nmt/Noattention_PI_0.5PS_0.3PD_0.2_Noisy_model/translate.ckpt-2000, time 0.02s
  # 842
    src: G T UH0 P N IY0 ER2 W UW0 AW S OW1 OW0 EH2 AE IH1 F S AH0 CH EH OW0 IH S IY1 AY1 IH1 W N ER1 AH0 AW1 AO2 AH0 W Y IH1 IY1 B AY1 AH1 T F AY1 AH0 UH L AH2 AH IY0 AA F DH IH0 F IY1 L OW0 AA AH0 Z P ER EY0 ER1 AH AH0 G IY1 ER ER2
    ref: Move ( Sofa ) Find ( person Sofa  ) Follow ( person )
    nmt: Move ( Dining_Sofa ) Find ( person Dining_Sofa ) Follow ( person )
2019-02-03 15:57:50.009331: I tensorflow/core/kernels/lookup_util.cc:376] Table trying to initialize from file /home/emlab/Desktop/syuuron/nmt/Noattention_PI_0.5PS_0.3PD_0.2_Noisy_model/Vocab.in is already initialized.
2019-02-03 15:57:50.009331: I tensorflow/core/kernels/lookup_util.cc:376] Table trying to initialize from file /home/emlab/Desktop/syuuron/nmt/Noattention_PI_0.5PS_0.3PD_0.2_Noisy_model/Vocab.out is already initialized.
2019-02-03 15:57:50.009331: I tensorflow/core/kernels/lookup_util.cc:376] Table trying to initialize from file /home/emlab/Desktop/syuuron/nmt/Noattention_PI_0.5PS_0.3PD_0.2_Noisy_model/Vocab.out is already initialized.
  loaded infer model parameters from /home/emlab/Desktop/syuuron/nmt/Noattention_PI_0.5PS_0.3PD_0.2_Noisy_model/translate.ckpt-2000, time 0.02s
# External evaluation, global step 2000
  decoding to output /home/emlab/Desktop/syuuron/nmt/Noattention_PI_0.5PS_0.3PD_0.2_Noisy_model/output_dev
  done, num sentences 2001, num translations per input 1, time 0s, Sun Feb  3 15:57:50 2019.
  bleu dev: 30.1
  saving hparams to /home/emlab/Desktop/syuuron/nmt/Noattention_PI_0.5PS_0.3PD_0.2_Noisy_model/hparams
# External evaluation, global step 2000
  decoding to output /home/emlab/Desktop/syuuron/nmt/Noattention_PI_0.5PS_0.3PD_0.2_Noisy_model/output_test
  done, num sentences 100, num translations per input 1, time 0s, Sun Feb  3 15:57:50 2019.
  bleu test: 12.7
  saving hparams to /home/emlab/Desktop/syuuron/nmt/Noattention_PI_0.5PS_0.3PD_0.2_Noisy_model/hparams
  step 3000 lr 1 step-time 0.07s wps 137.44K ppl 1.49 gN 1.72 bleu 30.11, Sun Feb  3 15:57:51 2019
# Save eval, global step 3000
2019-02-03 15:57:51.781963: I tensorflow/core/kernels/lookup_util.cc:376] Table trying to initialize from file /home/emlab/Desktop/syuuron/nmt/Noattention_PI_0.5PS_0.3PD_0.2_Noisy_model/Vocab.out is already initialized.
2019-02-03 15:57:51.781964: I tensorflow/core/kernels/lookup_util.cc:376] Table trying to initialize from file /home/emlab/Desktop/syuuron/nmt/Noattention_PI_0.5PS_0.3PD_0.2_Noisy_model/Vocab.out is already initialized.
2019-02-03 15:57:51.782328: I tensorflow/core/kernels/lookup_util.cc:376] Table trying to initialize from file /home/emlab/Desktop/syuuron/nmt/Noattention_PI_0.5PS_0.3PD_0.2_Noisy_model/Vocab.in is already initialized.
  loaded infer model parameters from /home/emlab/Desktop/syuuron/nmt/Noattention_PI_0.5PS_0.3PD_0.2_Noisy_model/translate.ckpt-3000, time 0.03s
  # 616
    src: G OW1 AY0 IH UH1 R L T UW1 R EH D AY1 N OW1 IY0 ZH EH1 IH0 T AW1 B OW0 T CH DH AO0 N Y OW2 CH T EH1 K IH2 ER0 UW0 EH1 AH1 T EH0 T AA2 EY1 K OW1 IH1 OW0 OW T
    ref: Move ( Dining_Table ) Find ( cigarette Dining_Table ) Grasp ( cigarette )  Move ( cigarette )
    nmt: Move ( Dining_Table ) Find ( tumbler Dining_Table ) Grasp ( tumbler )
2019-02-03 15:57:51.839231: I tensorflow/core/kernels/lookup_util.cc:376] Table trying to initialize from file /home/emlab/Desktop/syuuron/nmt/Noattention_PI_0.5PS_0.3PD_0.2_Noisy_model/Vocab.out is already initialized.
2019-02-03 15:57:51.839231: I tensorflow/core/kernels/lookup_util.cc:376] Table trying to initialize from file /home/emlab/Desktop/syuuron/nmt/Noattention_PI_0.5PS_0.3PD_0.2_Noisy_model/Vocab.out is already initialized.
2019-02-03 15:57:51.839233: I tensorflow/core/kernels/lookup_util.cc:376] Table trying to initialize from file /home/emlab/Desktop/syuuron/nmt/Noattention_PI_0.5PS_0.3PD_0.2_Noisy_model/Vocab.in is already initialized.
  loaded eval model parameters from /home/emlab/Desktop/syuuron/nmt/Noattention_PI_0.5PS_0.3PD_0.2_Noisy_model/translate.ckpt-3000, time 0.03s
  eval dev: perplexity 1.60, time 0s, Sun Feb  3 15:57:52 2019.
  eval test: perplexity 2.68, time 0s, Sun Feb  3 15:57:52 2019.
--------------------------------------------------------------------------------------------
# Finished an epoch, step 3078. Perform external evaluation
2019-02-03 15:57:57.733183: I tensorflow/core/kernels/lookup_util.cc:376] Table trying to initialize from file /home/emlab/Desktop/syuuron/nmt/Noattention_PI_0.5PS_0.3PD_0.2_Noisy_model/Vocab.out is already initialized.
2019-02-03 15:57:57.733183: I tensorflow/core/kernels/lookup_util.cc:376] Table trying to initialize from file /home/emlab/Desktop/syuuron/nmt/Noattention_PI_0.5PS_0.3PD_0.2_Noisy_model/Vocab.in is already initialized.
2019-02-03 15:57:57.733183: I tensorflow/core/kernels/lookup_util.cc:376] Table trying to initialize from file /home/emlab/Desktop/syuuron/nmt/Noattention_PI_0.5PS_0.3PD_0.2_Noisy_model/Vocab.out is already initialized.
  loaded infer model parameters from /home/emlab/Desktop/syuuron/nmt/Noattention_PI_0.5PS_0.3PD_0.2_Noisy_model/translate.ckpt-3000, time 0.03s
  # 175
    src: G IY2 HH SH AW2 T UW1 AE B EY0 EH1 AY2 UW0 UW0 D R IY1 HH T ER0 EY1 AO1 K IY1 AO1 R AH0 JH UW1 AA2 S EY ZH NG ER1 AW T UW1 IH1 K AA1 N EH1 K EY2 EH2 OY CH AH0 AH2 W EY1 OY0 AE1 CH B AE1 P IY1 Z
    ref: Move ( bed_room ) Find ( Orange_Juice bed_room ) Grasp ( Orange_Juice ) Move ( Kitchen_Table ) Place ( Orange_Juice Kitchen_Table )
    nmt: Move ( Visitor_Room ) Find ( Japanese_Tea Visitor_Room ) Grasp ( Japanese_Tea ) Move ( Living_Table ) Place ( Japanese_Tea Living_Table )
2019-02-03 15:57:57.789540: I tensorflow/core/kernels/lookup_util.cc:376] Table trying to initialize from file /home/emlab/Desktop/syuuron/nmt/Noattention_PI_0.5PS_0.3PD_0.2_Noisy_model/Vocab.out is already initialized.
2019-02-03 15:57:57.789540: I tensorflow/core/kernels/lookup_util.cc:376] Table trying to initialize from file /home/emlab/Desktop/syuuron/nmt/Noattention_PI_0.5PS_0.3PD_0.2_Noisy_model/Vocab.in is already initialized.
2019-02-03 15:57:57.789540: I tensorflow/core/kernels/lookup_util.cc:376] Table trying to initialize from file /home/emlab/Desktop/syuuron/nmt/Noattention_PI_0.5PS_0.3PD_0.2_Noisy_model/Vocab.out is already initialized.
  loaded infer model parameters from /home/emlab/Desktop/syuuron/nmt/Noattention_PI_0.5PS_0.3PD_0.2_Noisy_model/translate.ckpt-3000, time 0.03s
# External evaluation, global step 3000
  decoding to output /home/emlab/Desktop/syuuron/nmt/Noattention_PI_0.5PS_0.3PD_0.2_Noisy_model/output_dev
  done, num sentences 2001, num translations per input 1, time 0s, Sun Feb  3 15:57:58 2019.
  bleu dev: 34.3
  saving hparams to /home/emlab/Desktop/syuuron/nmt/Noattention_PI_0.5PS_0.3PD_0.2_Noisy_model/hparams
# External evaluation, global step 3000
  decoding to output /home/emlab/Desktop/syuuron/nmt/Noattention_PI_0.5PS_0.3PD_0.2_Noisy_model/output_test
  done, num sentences 100, num translations per input 1, time 0s, Sun Feb  3 15:57:58 2019.
  bleu test: 12.2
  saving hparams to /home/emlab/Desktop/syuuron/nmt/Noattention_PI_0.5PS_0.3PD_0.2_Noisy_model/hparams
  step 3100 lr 1 step-time 0.07s wps 148.39K ppl 1.47 gN 1.67 bleu 34.31, Sun Feb  3 15:58:00 2019
--------------------------------------------------------------------------------------------
# Finished an epoch, step 3159. Perform external evaluation
2019-02-03 15:58:04.592569: I tensorflow/core/kernels/lookup_util.cc:376] Table trying to initialize from file /home/emlab/Desktop/syuuron/nmt/Noattention_PI_0.5PS_0.3PD_0.2_Noisy_model/Vocab.out is already initialized.
2019-02-03 15:58:04.592569: I tensorflow/core/kernels/lookup_util.cc:376] Table trying to initialize from file /home/emlab/Desktop/syuuron/nmt/Noattention_PI_0.5PS_0.3PD_0.2_Noisy_model/Vocab.in is already initialized.
2019-02-03 15:58:04.592569: I tensorflow/core/kernels/lookup_util.cc:376] Table trying to initialize from file /home/emlab/Desktop/syuuron/nmt/Noattention_PI_0.5PS_0.3PD_0.2_Noisy_model/Vocab.out is already initialized.
  loaded infer model parameters from /home/emlab/Desktop/syuuron/nmt/Noattention_PI_0.5PS_0.3PD_0.2_Noisy_model/translate.ckpt-3000, time 0.02s
  # 1190
    src: M AO2 AA2 T B IH0 B EY1 AA1 R UW2 G AE1 EH1 AA T N OW IH1 AH1 AW ER EY0 P AH V ZH AY2 T EY1 T OW2 IY0 EH1 IH2 IH0 S AO N T V Y F IY1 R AH1 D AY1 OW IH0 R ER0 UH2 UW1 EY1 SH EH OY0 M TH OW2 AO2 M K EY2 EY OY2
    ref: Move ( Bar ) Find ( Stick_Potato ) Grasp ( Stick_Potato ) Move ( Dining_Room )
    nmt: Move ( Side_Table ) Find ( Red_Tea Side_Table ) Grasp ( Red_Tea ) Move ( bed_room )
2019-02-03 15:58:04.642905: I tensorflow/core/kernels/lookup_util.cc:376] Table trying to initialize from file /home/emlab/Desktop/syuuron/nmt/Noattention_PI_0.5PS_0.3PD_0.2_Noisy_model/Vocab.in is already initialized.
2019-02-03 15:58:04.642905: I tensorflow/core/kernels/lookup_util.cc:376] Table trying to initialize from file /home/emlab/Desktop/syuuron/nmt/Noattention_PI_0.5PS_0.3PD_0.2_Noisy_model/Vocab.out is already initialized.
2019-02-03 15:58:04.642905: I tensorflow/core/kernels/lookup_util.cc:376] Table trying to initialize from file /home/emlab/Desktop/syuuron/nmt/Noattention_PI_0.5PS_0.3PD_0.2_Noisy_model/Vocab.out is already initialized.
  loaded infer model parameters from /home/emlab/Desktop/syuuron/nmt/Noattention_PI_0.5PS_0.3PD_0.2_Noisy_model/translate.ckpt-3000, time 0.03s
# External evaluation, global step 3000
  decoding to output /home/emlab/Desktop/syuuron/nmt/Noattention_PI_0.5PS_0.3PD_0.2_Noisy_model/output_dev
  done, num sentences 2001, num translations per input 1, time 0s, Sun Feb  3 15:58:05 2019.
  bleu dev: 34.3
  saving hparams to /home/emlab/Desktop/syuuron/nmt/Noattention_PI_0.5PS_0.3PD_0.2_Noisy_model/hparams
# External evaluation, global step 3000
  decoding to output /home/emlab/Desktop/syuuron/nmt/Noattention_PI_0.5PS_0.3PD_0.2_Noisy_model/output_test
  done, num sentences 100, num translations per input 1, time 0s, Sun Feb  3 15:58:05 2019.
  bleu test: 12.2
  saving hparams to /home/emlab/Desktop/syuuron/nmt/Noattention_PI_0.5PS_0.3PD_0.2_Noisy_model/hparams
  step 3200 lr 1 step-time 0.07s wps 148.65K ppl 1.46 gN 1.68 bleu 34.31, Sun Feb  3 15:58:08 2019
--------------------------------------------------------------------------------------------
# Finished an epoch, step 3240. Perform external evaluation
2019-02-03 15:58:11.339138: I tensorflow/core/kernels/lookup_util.cc:376] Table trying to initialize from file /home/emlab/Desktop/syuuron/nmt/Noattention_PI_0.5PS_0.3PD_0.2_Noisy_model/Vocab.out is already initialized.
2019-02-03 15:58:11.339153: I tensorflow/core/kernels/lookup_util.cc:376] Table trying to initialize from file /home/emlab/Desktop/syuuron/nmt/Noattention_PI_0.5PS_0.3PD_0.2_Noisy_model/Vocab.out is already initialized.
2019-02-03 15:58:11.339138: I tensorflow/core/kernels/lookup_util.cc:376] Table trying to initialize from file /home/emlab/Desktop/syuuron/nmt/Noattention_PI_0.5PS_0.3PD_0.2_Noisy_model/Vocab.in is already initialized.
  loaded infer model parameters from /home/emlab/Desktop/syuuron/nmt/Noattention_PI_0.5PS_0.3PD_0.2_Noisy_model/translate.ckpt-3000, time 0.03s
  # 508
    src: ER2 L AA0 OW1 UH UH1 L UW1 ER1 OY1 AY R S V AW0 IY0 AE0 UH2 IY1 AW0 N AY2 SH AH0 OW2 EH2 T OY1 AA1 B M UW1 V T OW2 IH1 R Y M OY1 EY0 AH2 EH1 EH1 F UW1 M AH0 P DH EH1 AH AW N AA L IY1 G DH P AH2 AE AW2 HH AH0 R T M AH0 AY
    ref: Move ( Reception_Table ) Move ( Living_Sofa ) Move ( apartment )
    nmt: Move ( Side_Table ) Move ( Side_Table ) Move ( apartment )
2019-02-03 15:58:11.387645: I tensorflow/core/kernels/lookup_util.cc:376] Table trying to initialize from file /home/emlab/Desktop/syuuron/nmt/Noattention_PI_0.5PS_0.3PD_0.2_Noisy_model/Vocab.out is already initialized.
2019-02-03 15:58:11.387645: I tensorflow/core/kernels/lookup_util.cc:376] Table trying to initialize from file /home/emlab/Desktop/syuuron/nmt/Noattention_PI_0.5PS_0.3PD_0.2_Noisy_model/Vocab.in is already initialized.
2019-02-03 15:58:11.387649: I tensorflow/core/kernels/lookup_util.cc:376] Table trying to initialize from file /home/emlab/Desktop/syuuron/nmt/Noattention_PI_0.5PS_0.3PD_0.2_Noisy_model/Vocab.out is already initialized.
  loaded infer model parameters from /home/emlab/Desktop/syuuron/nmt/Noattention_PI_0.5PS_0.3PD_0.2_Noisy_model/translate.ckpt-3000, time 0.03s
# External evaluation, global step 3000
  decoding to output /home/emlab/Desktop/syuuron/nmt/Noattention_PI_0.5PS_0.3PD_0.2_Noisy_model/output_dev
  done, num sentences 2001, num translations per input 1, time 0s, Sun Feb  3 15:58:12 2019.
  bleu dev: 34.3
  saving hparams to /home/emlab/Desktop/syuuron/nmt/Noattention_PI_0.5PS_0.3PD_0.2_Noisy_model/hparams
# External evaluation, global step 3000
  decoding to output /home/emlab/Desktop/syuuron/nmt/Noattention_PI_0.5PS_0.3PD_0.2_Noisy_model/output_test
  done, num sentences 100, num translations per input 1, time 0s, Sun Feb  3 15:58:12 2019.
  bleu test: 12.2
  saving hparams to /home/emlab/Desktop/syuuron/nmt/Noattention_PI_0.5PS_0.3PD_0.2_Noisy_model/hparams
  step 3300 lr 1 step-time 0.07s wps 148.45K ppl 1.44 gN 1.86 bleu 34.31, Sun Feb  3 15:58:16 2019
--------------------------------------------------------------------------------------------
# Finished an epoch, step 3321. Perform external evaluation
2019-02-03 15:58:18.140321: I tensorflow/core/kernels/lookup_util.cc:376] Table trying to initialize from file /home/emlab/Desktop/syuuron/nmt/Noattention_PI_0.5PS_0.3PD_0.2_Noisy_model/Vocab.out is already initialized.
2019-02-03 15:58:18.140321: I tensorflow/core/kernels/lookup_util.cc:376] Table trying to initialize from file /home/emlab/Desktop/syuuron/nmt/Noattention_PI_0.5PS_0.3PD_0.2_Noisy_model/Vocab.in is already initialized.
2019-02-03 15:58:18.140331: I tensorflow/core/kernels/lookup_util.cc:376] Table trying to initialize from file /home/emlab/Desktop/syuuron/nmt/Noattention_PI_0.5PS_0.3PD_0.2_Noisy_model/Vocab.out is already initialized.
  loaded infer model parameters from /home/emlab/Desktop/syuuron/nmt/Noattention_PI_0.5PS_0.3PD_0.2_Noisy_model/translate.ckpt-3000, time 0.02s
  # 1500
    src: EY IY0 L AY UH0 AO2 T UW1 S D T EY1 UW2 IH1 N D D IH0 ER T OY0 Y UW2 B ZH UH0 AO B L SH T B M AH0 UH T IY1 R F AW0 OW0 AE0 IY2 R EY2 EY2 OW TH AH0 S T
    ref: Move (  Side_Table  ) Find ( Lemon_Tea Side_Table  ) Grasp ( Lemon_Tea ) 
    nmt: Move ( Kitchen_Table ) Find ( empty_plastic_bottle Kitchen_Table ) Grasp ( empty_plastic_bottle )
2019-02-03 15:58:18.188827: I tensorflow/core/kernels/lookup_util.cc:376] Table trying to initialize from file /home/emlab/Desktop/syuuron/nmt/Noattention_PI_0.5PS_0.3PD_0.2_Noisy_model/Vocab.out is already initialized.
2019-02-03 15:58:18.188827: I tensorflow/core/kernels/lookup_util.cc:376] Table trying to initialize from file /home/emlab/Desktop/syuuron/nmt/Noattention_PI_0.5PS_0.3PD_0.2_Noisy_model/Vocab.in is already initialized.
2019-02-03 15:58:18.188827: I tensorflow/core/kernels/lookup_util.cc:376] Table trying to initialize from file /home/emlab/Desktop/syuuron/nmt/Noattention_PI_0.5PS_0.3PD_0.2_Noisy_model/Vocab.out is already initialized.
  loaded infer model parameters from /home/emlab/Desktop/syuuron/nmt/Noattention_PI_0.5PS_0.3PD_0.2_Noisy_model/translate.ckpt-3000, time 0.03s
# External evaluation, global step 3000
  decoding to output /home/emlab/Desktop/syuuron/nmt/Noattention_PI_0.5PS_0.3PD_0.2_Noisy_model/output_dev
  done, num sentences 2001, num translations per input 1, time 0s, Sun Feb  3 15:58:18 2019.
  bleu dev: 34.3
  saving hparams to /home/emlab/Desktop/syuuron/nmt/Noattention_PI_0.5PS_0.3PD_0.2_Noisy_model/hparams
# External evaluation, global step 3000
  decoding to output /home/emlab/Desktop/syuuron/nmt/Noattention_PI_0.5PS_0.3PD_0.2_Noisy_model/output_test
  done, num sentences 100, num translations per input 1, time 0s, Sun Feb  3 15:58:19 2019.
  bleu test: 12.2
  saving hparams to /home/emlab/Desktop/syuuron/nmt/Noattention_PI_0.5PS_0.3PD_0.2_Noisy_model/hparams
  step 3400 lr 1 step-time 0.07s wps 148.11K ppl 1.43 gN 1.89 bleu 34.31, Sun Feb  3 15:58:24 2019
--------------------------------------------------------------------------------------------
# Finished an epoch, step 3402. Perform external evaluation
2019-02-03 15:58:24.993244: I tensorflow/core/kernels/lookup_util.cc:376] Table trying to initialize from file /home/emlab/Desktop/syuuron/nmt/Noattention_PI_0.5PS_0.3PD_0.2_Noisy_model/Vocab.out is already initialized.
2019-02-03 15:58:24.993244: I tensorflow/core/kernels/lookup_util.cc:376] Table trying to initialize from file /home/emlab/Desktop/syuuron/nmt/Noattention_PI_0.5PS_0.3PD_0.2_Noisy_model/Vocab.out is already initialized.
2019-02-03 15:58:24.993244: I tensorflow/core/kernels/lookup_util.cc:376] Table trying to initialize from file /home/emlab/Desktop/syuuron/nmt/Noattention_PI_0.5PS_0.3PD_0.2_Noisy_model/Vocab.in is already initialized.
  loaded infer model parameters from /home/emlab/Desktop/syuuron/nmt/Noattention_PI_0.5PS_0.3PD_0.2_Noisy_model/translate.ckpt-3000, time 0.03s
  # 1174
    src: G CH OW2 UH0 AY OW1 AE2 B N UW1 AO0 OY0 AY1 D T ZH EY1 W IH1 AE AA1 V EH0 F N G AW1 T OW1 AE T EH0 IH AH2 UW1 L V IH AA EY0 IH0 R N AA1 M P OW M D L AH2 EH2 AW OY AH AE1 ZH AO0 V W DH AH0 AH0 P OY2 OW2 AA1 AE AA CH IY2 T Y HH EY0 ER M AH0 UH Z N AH1 T
    ref: Move ( Side_Table )  Move ( Living_Room )  Move ( apartment )
    nmt: Move ( Side_Table ) Move ( Side_Table ) Move ( apartment )
2019-02-03 15:58:25.046132: I tensorflow/core/kernels/lookup_util.cc:376] Table trying to initialize from file /home/emlab/Desktop/syuuron/nmt/Noattention_PI_0.5PS_0.3PD_0.2_Noisy_model/Vocab.in is already initialized.
2019-02-03 15:58:25.046132: I tensorflow/core/kernels/lookup_util.cc:376] Table trying to initialize from file /home/emlab/Desktop/syuuron/nmt/Noattention_PI_0.5PS_0.3PD_0.2_Noisy_model/Vocab.out is already initialized.
2019-02-03 15:58:25.046137: I tensorflow/core/kernels/lookup_util.cc:376] Table trying to initialize from file /home/emlab/Desktop/syuuron/nmt/Noattention_PI_0.5PS_0.3PD_0.2_Noisy_model/Vocab.out is already initialized.
  loaded infer model parameters from /home/emlab/Desktop/syuuron/nmt/Noattention_PI_0.5PS_0.3PD_0.2_Noisy_model/translate.ckpt-3000, time 0.03s
# External evaluation, global step 3000
  decoding to output /home/emlab/Desktop/syuuron/nmt/Noattention_PI_0.5PS_0.3PD_0.2_Noisy_model/output_dev
  done, num sentences 2001, num translations per input 1, time 0s, Sun Feb  3 15:58:25 2019.
  bleu dev: 34.3
  saving hparams to /home/emlab/Desktop/syuuron/nmt/Noattention_PI_0.5PS_0.3PD_0.2_Noisy_model/hparams
# External evaluation, global step 3000
  decoding to output /home/emlab/Desktop/syuuron/nmt/Noattention_PI_0.5PS_0.3PD_0.2_Noisy_model/output_test
  done, num sentences 100, num translations per input 1, time 0s, Sun Feb  3 15:58:26 2019.
  bleu test: 12.2
  saving hparams to /home/emlab/Desktop/syuuron/nmt/Noattention_PI_0.5PS_0.3PD_0.2_Noisy_model/hparams
--------------------------------------------------------------------------------------------
# Finished an epoch, step 3483. Perform external evaluation
2019-02-03 15:58:31.773171: I tensorflow/core/kernels/lookup_util.cc:376] Table trying to initialize from file /home/emlab/Desktop/syuuron/nmt/Noattention_PI_0.5PS_0.3PD_0.2_Noisy_model/Vocab.in is already initialized.
2019-02-03 15:58:31.773181: I tensorflow/core/kernels/lookup_util.cc:376] Table trying to initialize from file /home/emlab/Desktop/syuuron/nmt/Noattention_PI_0.5PS_0.3PD_0.2_Noisy_model/Vocab.out is already initialized.
2019-02-03 15:58:31.773196: I tensorflow/core/kernels/lookup_util.cc:376] Table trying to initialize from file /home/emlab/Desktop/syuuron/nmt/Noattention_PI_0.5PS_0.3PD_0.2_Noisy_model/Vocab.out is already initialized.
  loaded infer model parameters from /home/emlab/Desktop/syuuron/nmt/Noattention_PI_0.5PS_0.3PD_0.2_Noisy_model/translate.ckpt-3000, time 0.03s
  # 263
    src: P AE2 OW1 T UW1 Y L IY1 AA0 UH2 AW1 IY0 IH0 M ER2 K DH V AH0 UH0 UH0 T UW1 EH0 UH1 AY1 OY2 IH N AE0 TH ER1 IH0 ER2 UH1 OW B L F AE N N IH2 L ER2 OY2 AH0 DH AY0 EY0 UH AH0 DH P UW2 AA IH2 UW0 R T IY1 N OW0
    ref: Move ( lobby ) Move ( Dining_Table )  Move ( apartment )
    nmt: Move ( Kitchen_Room ) Move ( Living_Table ) Move ( apartment )
2019-02-03 15:58:31.820640: I tensorflow/core/kernels/lookup_util.cc:376] Table trying to initialize from file /home/emlab/Desktop/syuuron/nmt/Noattention_PI_0.5PS_0.3PD_0.2_Noisy_model/Vocab.out is already initialized.
2019-02-03 15:58:31.820640: I tensorflow/core/kernels/lookup_util.cc:376] Table trying to initialize from file /home/emlab/Desktop/syuuron/nmt/Noattention_PI_0.5PS_0.3PD_0.2_Noisy_model/Vocab.out is already initialized.
2019-02-03 15:58:31.820640: I tensorflow/core/kernels/lookup_util.cc:376] Table trying to initialize from file /home/emlab/Desktop/syuuron/nmt/Noattention_PI_0.5PS_0.3PD_0.2_Noisy_model/Vocab.in is already initialized.
  loaded infer model parameters from /home/emlab/Desktop/syuuron/nmt/Noattention_PI_0.5PS_0.3PD_0.2_Noisy_model/translate.ckpt-3000, time 0.03s
# External evaluation, global step 3000
  decoding to output /home/emlab/Desktop/syuuron/nmt/Noattention_PI_0.5PS_0.3PD_0.2_Noisy_model/output_dev
  done, num sentences 2001, num translations per input 1, time 0s, Sun Feb  3 15:58:32 2019.
  bleu dev: 34.3
  saving hparams to /home/emlab/Desktop/syuuron/nmt/Noattention_PI_0.5PS_0.3PD_0.2_Noisy_model/hparams
# External evaluation, global step 3000
  decoding to output /home/emlab/Desktop/syuuron/nmt/Noattention_PI_0.5PS_0.3PD_0.2_Noisy_model/output_test
  done, num sentences 100, num translations per input 1, time 0s, Sun Feb  3 15:58:32 2019.
  bleu test: 12.2
  saving hparams to /home/emlab/Desktop/syuuron/nmt/Noattention_PI_0.5PS_0.3PD_0.2_Noisy_model/hparams
  step 3500 lr 1 step-time 0.07s wps 138.27K ppl 1.41 gN 1.98 bleu 34.31, Sun Feb  3 15:58:34 2019
--------------------------------------------------------------------------------------------
# Finished an epoch, step 3564. Perform external evaluation
2019-02-03 15:58:38.559366: I tensorflow/core/kernels/lookup_util.cc:376] Table trying to initialize from file /home/emlab/Desktop/syuuron/nmt/Noattention_PI_0.5PS_0.3PD_0.2_Noisy_model/Vocab.in is already initialized.
2019-02-03 15:58:38.559366: I tensorflow/core/kernels/lookup_util.cc:376] Table trying to initialize from file /home/emlab/Desktop/syuuron/nmt/Noattention_PI_0.5PS_0.3PD_0.2_Noisy_model/Vocab.out is already initialized.
2019-02-03 15:58:38.559366: I tensorflow/core/kernels/lookup_util.cc:376] Table trying to initialize from file /home/emlab/Desktop/syuuron/nmt/Noattention_PI_0.5PS_0.3PD_0.2_Noisy_model/Vocab.out is already initialized.
  loaded infer model parameters from /home/emlab/Desktop/syuuron/nmt/Noattention_PI_0.5PS_0.3PD_0.2_Noisy_model/translate.ckpt-3000, time 0.03s
  # 296
    src: AH AE0 AY UW1 T UW1 Z JH R AW2 S IY1 P EY HH AW1 OW0 AO0 EH1 UW0 AE1 G SH N T IH0 EY1 AO B UH1 UH1 AH0 L N EH1 T CH R IH0 IY1 HH Z NG T EH1 K OY B EH1 HH D D AA1 L G EH1 IY2 T L IH1 IH2 T
    ref: Move ( Reception_Table ) Find ( bear_doll Reception_Table ) Grasp ( bear_doll )
    nmt: Move ( Kitchen_Table ) Find ( salt Kitchen_Table ) Grasp ( salt )
2019-02-03 15:58:38.610604: I tensorflow/core/kernels/lookup_util.cc:376] Table trying to initialize from file /home/emlab/Desktop/syuuron/nmt/Noattention_PI_0.5PS_0.3PD_0.2_Noisy_model/Vocab.out is already initialized.
2019-02-03 15:58:38.610604: I tensorflow/core/kernels/lookup_util.cc:376] Table trying to initialize from file /home/emlab/Desktop/syuuron/nmt/Noattention_PI_0.5PS_0.3PD_0.2_Noisy_model/Vocab.out is already initialized.
2019-02-03 15:58:38.610604: I tensorflow/core/kernels/lookup_util.cc:376] Table trying to initialize from file /home/emlab/Desktop/syuuron/nmt/Noattention_PI_0.5PS_0.3PD_0.2_Noisy_model/Vocab.in is already initialized.
  loaded infer model parameters from /home/emlab/Desktop/syuuron/nmt/Noattention_PI_0.5PS_0.3PD_0.2_Noisy_model/translate.ckpt-3000, time 0.03s
# External evaluation, global step 3000
  decoding to output /home/emlab/Desktop/syuuron/nmt/Noattention_PI_0.5PS_0.3PD_0.2_Noisy_model/output_dev
  done, num sentences 2001, num translations per input 1, time 0s, Sun Feb  3 15:58:39 2019.
  bleu dev: 34.3
  saving hparams to /home/emlab/Desktop/syuuron/nmt/Noattention_PI_0.5PS_0.3PD_0.2_Noisy_model/hparams
# External evaluation, global step 3000
  decoding to output /home/emlab/Desktop/syuuron/nmt/Noattention_PI_0.5PS_0.3PD_0.2_Noisy_model/output_test
  done, num sentences 100, num translations per input 1, time 0s, Sun Feb  3 15:58:39 2019.
  bleu test: 12.2
  saving hparams to /home/emlab/Desktop/syuuron/nmt/Noattention_PI_0.5PS_0.3PD_0.2_Noisy_model/hparams
  step 3600 lr 1 step-time 0.07s wps 148.71K ppl 1.39 gN 1.91 bleu 34.31, Sun Feb  3 15:58:42 2019
--------------------------------------------------------------------------------------------
# Finished an epoch, step 3645. Perform external evaluation
2019-02-03 15:58:45.334845: I tensorflow/core/kernels/lookup_util.cc:376] Table trying to initialize from file /home/emlab/Desktop/syuuron/nmt/Noattention_PI_0.5PS_0.3PD_0.2_Noisy_model/Vocab.out is already initialized.
2019-02-03 15:58:45.334845: I tensorflow/core/kernels/lookup_util.cc:376] Table trying to initialize from file /home/emlab/Desktop/syuuron/nmt/Noattention_PI_0.5PS_0.3PD_0.2_Noisy_model/Vocab.in is already initialized.
2019-02-03 15:58:45.334857: I tensorflow/core/kernels/lookup_util.cc:376] Table trying to initialize from file /home/emlab/Desktop/syuuron/nmt/Noattention_PI_0.5PS_0.3PD_0.2_Noisy_model/Vocab.out is already initialized.
  loaded infer model parameters from /home/emlab/Desktop/syuuron/nmt/Noattention_PI_0.5PS_0.3PD_0.2_Noisy_model/translate.ckpt-3000, time 0.03s
  # 1405
    src: T AH1 K UW1 ZH K AW IH1 OY OY AH0 N ER1 T N UH0 EY1 B AA AH0 L T EY1 K K ER2 R UH1 EH1 AE1 N M EH0 IY0 AY0 AY2 P L V IH0 AE1 EY ER1 S T IH0 AO2 AA1 T ER0 EY2 AH0 P W UH1 EY1 AA IH1 T AA1 IH SH OY0 V N OW1 AA2 EH1 OW2 AE1 EH1 AO0 B AH2 AO EY1
    ref: Move ( Kitchen_Table )  Grasp ( empty_plastic_bottle ) Move ( Sofa ) Place ( empty_plastic_bottle Kitchen_Table )
    nmt: Move ( Side_Table ) Grasp ( Blue_Potato ) Move ( Reception_Table ) Place ( Blue_Potato Side_Table )
2019-02-03 15:58:45.391590: I tensorflow/core/kernels/lookup_util.cc:376] Table trying to initialize from file /home/emlab/Desktop/syuuron/nmt/Noattention_PI_0.5PS_0.3PD_0.2_Noisy_model/Vocab.in is already initialized.
2019-02-03 15:58:45.391591: I tensorflow/core/kernels/lookup_util.cc:376] Table trying to initialize from file /home/emlab/Desktop/syuuron/nmt/Noattention_PI_0.5PS_0.3PD_0.2_Noisy_model/Vocab.out is already initialized.
2019-02-03 15:58:45.391591: I tensorflow/core/kernels/lookup_util.cc:376] Table trying to initialize from file /home/emlab/Desktop/syuuron/nmt/Noattention_PI_0.5PS_0.3PD_0.2_Noisy_model/Vocab.out is already initialized.
  loaded infer model parameters from /home/emlab/Desktop/syuuron/nmt/Noattention_PI_0.5PS_0.3PD_0.2_Noisy_model/translate.ckpt-3000, time 0.03s
# External evaluation, global step 3000
  decoding to output /home/emlab/Desktop/syuuron/nmt/Noattention_PI_0.5PS_0.3PD_0.2_Noisy_model/output_dev
  done, num sentences 2001, num translations per input 1, time 0s, Sun Feb  3 15:58:46 2019.
  bleu dev: 34.3
  saving hparams to /home/emlab/Desktop/syuuron/nmt/Noattention_PI_0.5PS_0.3PD_0.2_Noisy_model/hparams
# External evaluation, global step 3000
  decoding to output /home/emlab/Desktop/syuuron/nmt/Noattention_PI_0.5PS_0.3PD_0.2_Noisy_model/output_test
  done, num sentences 100, num translations per input 1, time 0s, Sun Feb  3 15:58:46 2019.
  bleu test: 12.2
  saving hparams to /home/emlab/Desktop/syuuron/nmt/Noattention_PI_0.5PS_0.3PD_0.2_Noisy_model/hparams
  step 3700 lr 1 step-time 0.07s wps 149.17K ppl 1.38 gN 2.01 bleu 34.31, Sun Feb  3 15:58:50 2019
--------------------------------------------------------------------------------------------
# Finished an epoch, step 3726. Perform external evaluation
2019-02-03 15:58:52.128060: I tensorflow/core/kernels/lookup_util.cc:376] Table trying to initialize from file /home/emlab/Desktop/syuuron/nmt/Noattention_PI_0.5PS_0.3PD_0.2_Noisy_model/Vocab.out is already initialized.
2019-02-03 15:58:52.128083: I tensorflow/core/kernels/lookup_util.cc:376] Table trying to initialize from file /home/emlab/Desktop/syuuron/nmt/Noattention_PI_0.5PS_0.3PD_0.2_Noisy_model/Vocab.in is already initialized.
2019-02-03 15:58:52.128061: I tensorflow/core/kernels/lookup_util.cc:376] Table trying to initialize from file /home/emlab/Desktop/syuuron/nmt/Noattention_PI_0.5PS_0.3PD_0.2_Noisy_model/Vocab.out is already initialized.
  loaded infer model parameters from /home/emlab/Desktop/syuuron/nmt/Noattention_PI_0.5PS_0.3PD_0.2_Noisy_model/translate.ckpt-3000, time 0.03s
  # 156
    src: EH1 L UW0 M UW1 AA2 R M EY1 T OW1 DH EH1 K IH1 AA0 IH0 AW0 CH P AE2 AA Z Y AW P AA2 ER0 B AH0 IH F OW1 IY UW2 N N T EY1 K K AE1 B AH0 L IH2 DH AE1 D AW0 V AO1 P IH UW1 AW2 S P F AA2 NG R OW2 IH0 OY0 UW1 AE Y OW2 IH0 UH IY1 AY UH0 EY2 K JH IH0 UW1 AY0 AW0 B AO0 UH2 TH EY1 AW1 T DH IH EH1 UH2 AW IH0 DH K OY AH1 UH0 AE2 M AO0 AE0 AE1 K
    ref: Move ( Kitchen_Table ) Move ( rubik's_cube ) Move ( HERE )
    nmt: Move ( Reception_Table ) Find ( Blue_Potato Reception_Table ) Grasp ( Blue_Potato ) Move ( HERE )
2019-02-03 15:58:52.189534: I tensorflow/core/kernels/lookup_util.cc:376] Table trying to initialize from file /home/emlab/Desktop/syuuron/nmt/Noattention_PI_0.5PS_0.3PD_0.2_Noisy_model/Vocab.out is already initialized.
2019-02-03 15:58:52.189534: I tensorflow/core/kernels/lookup_util.cc:376] Table trying to initialize from file /home/emlab/Desktop/syuuron/nmt/Noattention_PI_0.5PS_0.3PD_0.2_Noisy_model/Vocab.out is already initialized.
2019-02-03 15:58:52.189534: I tensorflow/core/kernels/lookup_util.cc:376] Table trying to initialize from file /home/emlab/Desktop/syuuron/nmt/Noattention_PI_0.5PS_0.3PD_0.2_Noisy_model/Vocab.in is already initialized.
  loaded infer model parameters from /home/emlab/Desktop/syuuron/nmt/Noattention_PI_0.5PS_0.3PD_0.2_Noisy_model/translate.ckpt-3000, time 0.03s
# External evaluation, global step 3000
  decoding to output /home/emlab/Desktop/syuuron/nmt/Noattention_PI_0.5PS_0.3PD_0.2_Noisy_model/output_dev
  done, num sentences 2001, num translations per input 1, time 0s, Sun Feb  3 15:58:52 2019.
  bleu dev: 34.3
  saving hparams to /home/emlab/Desktop/syuuron/nmt/Noattention_PI_0.5PS_0.3PD_0.2_Noisy_model/hparams
# External evaluation, global step 3000
  decoding to output /home/emlab/Desktop/syuuron/nmt/Noattention_PI_0.5PS_0.3PD_0.2_Noisy_model/output_test
  done, num sentences 100, num translations per input 1, time 0s, Sun Feb  3 15:58:53 2019.
  bleu test: 12.2
  saving hparams to /home/emlab/Desktop/syuuron/nmt/Noattention_PI_0.5PS_0.3PD_0.2_Noisy_model/hparams
  step 3800 lr 1 step-time 0.07s wps 149.32K ppl 1.36 gN 2.00 bleu 34.31, Sun Feb  3 15:58:58 2019
--------------------------------------------------------------------------------------------
# Finished an epoch, step 3807. Perform external evaluation
2019-02-03 15:58:58.914193: I tensorflow/core/kernels/lookup_util.cc:376] Table trying to initialize from file /home/emlab/Desktop/syuuron/nmt/Noattention_PI_0.5PS_0.3PD_0.2_Noisy_model/Vocab.out is already initialized.
2019-02-03 15:58:58.914193: I tensorflow/core/kernels/lookup_util.cc:376] Table trying to initialize from file /home/emlab/Desktop/syuuron/nmt/Noattention_PI_0.5PS_0.3PD_0.2_Noisy_model/Vocab.in is already initialized.
2019-02-03 15:58:58.914249: I tensorflow/core/kernels/lookup_util.cc:376] Table trying to initialize from file /home/emlab/Desktop/syuuron/nmt/Noattention_PI_0.5PS_0.3PD_0.2_Noisy_model/Vocab.out is already initialized.
  loaded infer model parameters from /home/emlab/Desktop/syuuron/nmt/Noattention_PI_0.5PS_0.3PD_0.2_Noisy_model/translate.ckpt-3000, time 0.03s
  # 1563
    src: EH0 OW1 T UW1 DH SH R IH0 S EH1 AA0 AA AH0 UW1 N AY EY1 B AA AH0 M AH T L M UW1 V AW1 T UH2 AO0 B AA1 IH2 SH T AW0 V ER1 R DH N OW V DH AE AE1 B M IY2 DH AH0 OY2 AA2 CH P AH SH AA1 AY1 AW0 OW M IH1 T
    ref: Move ( Reception_Table ) Move ( Bar ) Move ( apartment )
    nmt: Move ( Side_Table ) Move ( Side_Table ) Move ( apartment )
2019-02-03 15:58:58.963981: I tensorflow/core/kernels/lookup_util.cc:376] Table trying to initialize from file /home/emlab/Desktop/syuuron/nmt/Noattention_PI_0.5PS_0.3PD_0.2_Noisy_model/Vocab.out is already initialized.
2019-02-03 15:58:58.963981: I tensorflow/core/kernels/lookup_util.cc:376] Table trying to initialize from file /home/emlab/Desktop/syuuron/nmt/Noattention_PI_0.5PS_0.3PD_0.2_Noisy_model/Vocab.in is already initialized.
2019-02-03 15:58:58.964001: I tensorflow/core/kernels/lookup_util.cc:376] Table trying to initialize from file /home/emlab/Desktop/syuuron/nmt/Noattention_PI_0.5PS_0.3PD_0.2_Noisy_model/Vocab.out is already initialized.
  loaded infer model parameters from /home/emlab/Desktop/syuuron/nmt/Noattention_PI_0.5PS_0.3PD_0.2_Noisy_model/translate.ckpt-3000, time 0.03s
# External evaluation, global step 3000
  decoding to output /home/emlab/Desktop/syuuron/nmt/Noattention_PI_0.5PS_0.3PD_0.2_Noisy_model/output_dev
  done, num sentences 2001, num translations per input 1, time 0s, Sun Feb  3 15:58:59 2019.
  bleu dev: 34.3
  saving hparams to /home/emlab/Desktop/syuuron/nmt/Noattention_PI_0.5PS_0.3PD_0.2_Noisy_model/hparams
# External evaluation, global step 3000
  decoding to output /home/emlab/Desktop/syuuron/nmt/Noattention_PI_0.5PS_0.3PD_0.2_Noisy_model/output_test
  done, num sentences 100, num translations per input 1, time 0s, Sun Feb  3 15:58:59 2019.
  bleu test: 12.2
  saving hparams to /home/emlab/Desktop/syuuron/nmt/Noattention_PI_0.5PS_0.3PD_0.2_Noisy_model/hparams
--------------------------------------------------------------------------------------------
# Finished an epoch, step 3888. Perform external evaluation
2019-02-03 15:59:05.703912: I tensorflow/core/kernels/lookup_util.cc:376] Table trying to initialize from file /home/emlab/Desktop/syuuron/nmt/Noattention_PI_0.5PS_0.3PD_0.2_Noisy_model/Vocab.out is already initialized.
2019-02-03 15:59:05.703912: I tensorflow/core/kernels/lookup_util.cc:376] Table trying to initialize from file /home/emlab/Desktop/syuuron/nmt/Noattention_PI_0.5PS_0.3PD_0.2_Noisy_model/Vocab.out is already initialized.
2019-02-03 15:59:05.703963: I tensorflow/core/kernels/lookup_util.cc:376] Table trying to initialize from file /home/emlab/Desktop/syuuron/nmt/Noattention_PI_0.5PS_0.3PD_0.2_Noisy_model/Vocab.in is already initialized.
  loaded infer model parameters from /home/emlab/Desktop/syuuron/nmt/Noattention_PI_0.5PS_0.3PD_0.2_Noisy_model/translate.ckpt-3000, time 0.03s
  # 1288
    src: W Y UW1 G OW1 T AH UW1 AY2 AY1 V T Y P B AO2 L AE0 OY2 K AH AA DH AO1 G D N AE1 EH AA2 IH0 L AW1 AH EY0 R IH1 NG IH1 AY OW0 T AA0 UH0 D N AH2 IH0 IH AH AE2 AW1 S IH TH AH0
    ref: Move ( Side_Table ) Find ( dog_doll Side_Table ) Grasp ( dog_doll ) Move ( Dining_Sofa )
    nmt: Move ( Side_Table ) Find ( ground_pepper Side_Table ) Grasp ( ground_pepper ) Move ( Dining_Sofa )
2019-02-03 15:59:05.757132: I tensorflow/core/kernels/lookup_util.cc:376] Table trying to initialize from file /home/emlab/Desktop/syuuron/nmt/Noattention_PI_0.5PS_0.3PD_0.2_Noisy_model/Vocab.out is already initialized.
2019-02-03 15:59:05.757132: I tensorflow/core/kernels/lookup_util.cc:376] Table trying to initialize from file /home/emlab/Desktop/syuuron/nmt/Noattention_PI_0.5PS_0.3PD_0.2_Noisy_model/Vocab.in is already initialized.
2019-02-03 15:59:05.757135: I tensorflow/core/kernels/lookup_util.cc:376] Table trying to initialize from file /home/emlab/Desktop/syuuron/nmt/Noattention_PI_0.5PS_0.3PD_0.2_Noisy_model/Vocab.out is already initialized.
  loaded infer model parameters from /home/emlab/Desktop/syuuron/nmt/Noattention_PI_0.5PS_0.3PD_0.2_Noisy_model/translate.ckpt-3000, time 0.03s
# External evaluation, global step 3000
  decoding to output /home/emlab/Desktop/syuuron/nmt/Noattention_PI_0.5PS_0.3PD_0.2_Noisy_model/output_dev
  done, num sentences 2001, num translations per input 1, time 0s, Sun Feb  3 15:59:06 2019.
  bleu dev: 34.3
  saving hparams to /home/emlab/Desktop/syuuron/nmt/Noattention_PI_0.5PS_0.3PD_0.2_Noisy_model/hparams
# External evaluation, global step 3000
  decoding to output /home/emlab/Desktop/syuuron/nmt/Noattention_PI_0.5PS_0.3PD_0.2_Noisy_model/output_test
  done, num sentences 100, num translations per input 1, time 0s, Sun Feb  3 15:59:06 2019.
  bleu test: 12.2
  saving hparams to /home/emlab/Desktop/syuuron/nmt/Noattention_PI_0.5PS_0.3PD_0.2_Noisy_model/hparams
  step 3900 lr 1 step-time 0.07s wps 136.48K ppl 1.34 gN 2.13 bleu 34.31, Sun Feb  3 15:59:07 2019
--------------------------------------------------------------------------------------------
# Finished an epoch, step 3969. Perform external evaluation
2019-02-03 15:59:12.493210: I tensorflow/core/kernels/lookup_util.cc:376] Table trying to initialize from file /home/emlab/Desktop/syuuron/nmt/Noattention_PI_0.5PS_0.3PD_0.2_Noisy_model/Vocab.out is already initialized.
2019-02-03 15:59:12.493210: I tensorflow/core/kernels/lookup_util.cc:376] Table trying to initialize from file /home/emlab/Desktop/syuuron/nmt/Noattention_PI_0.5PS_0.3PD_0.2_Noisy_model/Vocab.in is already initialized.
2019-02-03 15:59:12.493210: I tensorflow/core/kernels/lookup_util.cc:376] Table trying to initialize from file /home/emlab/Desktop/syuuron/nmt/Noattention_PI_0.5PS_0.3PD_0.2_Noisy_model/Vocab.out is already initialized.
  loaded infer model parameters from /home/emlab/Desktop/syuuron/nmt/Noattention_PI_0.5PS_0.3PD_0.2_Noisy_model/translate.ckpt-3000, time 0.03s
  # 739
    src: M AO1 UH V EY T AA IH0 EY1 AH IH0 AY2 AH UW1 IY0 EH1 AA2 AA1 UH CH R EH IY1 ER EH1 AO1 V Y B T UH0 OY1 OY0 NG G AW2 AH0 N OW2 EH1 G UW2 Z T EH0 AO1 OY1 AW M AW UW2 UW0 R UW0 AE0 IY M OY0 R UH0 D M N ER0 AW1 AE2 V
    ref: Move ( Bar ) Find ( toy_penguin ) Grasp ( toy_penguin ) Move ( Corridor )
    nmt: Move ( Reception_Table ) Find ( Japanese_Dressing ) Grasp ( Japanese_Dressing ) Move ( Kitchen_Room )
2019-02-03 15:59:12.543111: I tensorflow/core/kernels/lookup_util.cc:376] Table trying to initialize from file /home/emlab/Desktop/syuuron/nmt/Noattention_PI_0.5PS_0.3PD_0.2_Noisy_model/Vocab.in is already initialized.
2019-02-03 15:59:12.543111: I tensorflow/core/kernels/lookup_util.cc:376] Table trying to initialize from file /home/emlab/Desktop/syuuron/nmt/Noattention_PI_0.5PS_0.3PD_0.2_Noisy_model/Vocab.out is already initialized.
2019-02-03 15:59:12.543111: I tensorflow/core/kernels/lookup_util.cc:376] Table trying to initialize from file /home/emlab/Desktop/syuuron/nmt/Noattention_PI_0.5PS_0.3PD_0.2_Noisy_model/Vocab.out is already initialized.
  loaded infer model parameters from /home/emlab/Desktop/syuuron/nmt/Noattention_PI_0.5PS_0.3PD_0.2_Noisy_model/translate.ckpt-3000, time 0.03s
# External evaluation, global step 3000
  decoding to output /home/emlab/Desktop/syuuron/nmt/Noattention_PI_0.5PS_0.3PD_0.2_Noisy_model/output_dev
  done, num sentences 2001, num translations per input 1, time 0s, Sun Feb  3 15:59:13 2019.
  bleu dev: 34.3
  saving hparams to /home/emlab/Desktop/syuuron/nmt/Noattention_PI_0.5PS_0.3PD_0.2_Noisy_model/hparams
# External evaluation, global step 3000
  decoding to output /home/emlab/Desktop/syuuron/nmt/Noattention_PI_0.5PS_0.3PD_0.2_Noisy_model/output_test
  done, num sentences 100, num translations per input 1, time 0s, Sun Feb  3 15:59:13 2019.
  bleu test: 12.2
  saving hparams to /home/emlab/Desktop/syuuron/nmt/Noattention_PI_0.5PS_0.3PD_0.2_Noisy_model/hparams
  step 4000 lr 1 step-time 0.07s wps 149.37K ppl 1.33 gN 2.18 bleu 34.31, Sun Feb  3 15:59:16 2019
# Save eval, global step 4000
2019-02-03 15:59:16.155450: I tensorflow/core/kernels/lookup_util.cc:376] Table trying to initialize from file /home/emlab/Desktop/syuuron/nmt/Noattention_PI_0.5PS_0.3PD_0.2_Noisy_model/Vocab.in is already initialized.
2019-02-03 15:59:16.155479: I tensorflow/core/kernels/lookup_util.cc:376] Table trying to initialize from file /home/emlab/Desktop/syuuron/nmt/Noattention_PI_0.5PS_0.3PD_0.2_Noisy_model/Vocab.out is already initialized.
2019-02-03 15:59:16.155450: I tensorflow/core/kernels/lookup_util.cc:376] Table trying to initialize from file /home/emlab/Desktop/syuuron/nmt/Noattention_PI_0.5PS_0.3PD_0.2_Noisy_model/Vocab.out is already initialized.
  loaded infer model parameters from /home/emlab/Desktop/syuuron/nmt/Noattention_PI_0.5PS_0.3PD_0.2_Noisy_model/translate.ckpt-4000, time 0.03s
  # 1137
    src: N M UW1 V T AW UW1 D EH1 N AE IH0 NG B ER OW1 AA OW F IY AH0 P K TH EH1 ER W OW1 AY2 AE AW2 UW1 S AY1 IY0 AE2 IY2 EH D G AW EY1 B N N AW0 AW DH CH V EH2 EH1 N T EH1 Z IH0 OY AH0 IY0 P AA1 R AE UH R M OW2 AE2 EY0 V AO1 T
    ref: Move ( Dining_Sofa ) Move ( Side_Table ) Move ( apartment )
    nmt: Move ( Dining_Sofa ) Move ( Reception_Table ) Move ( apartment )
2019-02-03 15:59:16.213168: I tensorflow/core/kernels/lookup_util.cc:376] Table trying to initialize from file /home/emlab/Desktop/syuuron/nmt/Noattention_PI_0.5PS_0.3PD_0.2_Noisy_model/Vocab.in is already initialized.
2019-02-03 15:59:16.213171: I tensorflow/core/kernels/lookup_util.cc:376] Table trying to initialize from file /home/emlab/Desktop/syuuron/nmt/Noattention_PI_0.5PS_0.3PD_0.2_Noisy_model/Vocab.out is already initialized.
2019-02-03 15:59:16.213177: I tensorflow/core/kernels/lookup_util.cc:376] Table trying to initialize from file /home/emlab/Desktop/syuuron/nmt/Noattention_PI_0.5PS_0.3PD_0.2_Noisy_model/Vocab.out is already initialized.
  loaded eval model parameters from /home/emlab/Desktop/syuuron/nmt/Noattention_PI_0.5PS_0.3PD_0.2_Noisy_model/translate.ckpt-4000, time 0.03s
  eval dev: perplexity 1.55, time 0s, Sun Feb  3 15:59:16 2019.
  eval test: perplexity 2.98, time 0s, Sun Feb  3 15:59:16 2019.
--------------------------------------------------------------------------------------------
# Finished an epoch, step 4050. Perform external evaluation
2019-02-03 15:59:20.223876: I tensorflow/core/kernels/lookup_util.cc:376] Table trying to initialize from file /home/emlab/Desktop/syuuron/nmt/Noattention_PI_0.5PS_0.3PD_0.2_Noisy_model/Vocab.out is already initialized.
2019-02-03 15:59:20.223876: I tensorflow/core/kernels/lookup_util.cc:376] Table trying to initialize from file /home/emlab/Desktop/syuuron/nmt/Noattention_PI_0.5PS_0.3PD_0.2_Noisy_model/Vocab.in is already initialized.
2019-02-03 15:59:20.223876: I tensorflow/core/kernels/lookup_util.cc:376] Table trying to initialize from file /home/emlab/Desktop/syuuron/nmt/Noattention_PI_0.5PS_0.3PD_0.2_Noisy_model/Vocab.out is already initialized.
  loaded infer model parameters from /home/emlab/Desktop/syuuron/nmt/Noattention_PI_0.5PS_0.3PD_0.2_Noisy_model/translate.ckpt-4000, time 0.03s
  # 1958
    src: ZH G IY T CH UW1 UH0 ER0 OW1 AA1 NG AH S OW1 AH V F EH1 AH0 F AY1 AW2 N AY0 OY1 AW1 UW D AH0 AW W EY0 ER1 NG AW2 B AH2 W Y AY1 NG AY1 CH ER F UW0 UH0 N AH0 ER1 L AA2 IY0 F S L EY0 OY2 D IH1 AH0 ER2 AH0 P ER1 AW S EY1 AE1 AH0
    ref: Move ( Living_Sofa ) Find ( person Living_Sofa  ) Follow ( person )
    nmt: Move ( Sofa ) Find ( person Sofa ) Follow ( person )
2019-02-03 15:59:20.276904: I tensorflow/core/kernels/lookup_util.cc:376] Table trying to initialize from file /home/emlab/Desktop/syuuron/nmt/Noattention_PI_0.5PS_0.3PD_0.2_Noisy_model/Vocab.out is already initialized.
2019-02-03 15:59:20.276904: I tensorflow/core/kernels/lookup_util.cc:376] Table trying to initialize from file /home/emlab/Desktop/syuuron/nmt/Noattention_PI_0.5PS_0.3PD_0.2_Noisy_model/Vocab.out is already initialized.
2019-02-03 15:59:20.276904: I tensorflow/core/kernels/lookup_util.cc:376] Table trying to initialize from file /home/emlab/Desktop/syuuron/nmt/Noattention_PI_0.5PS_0.3PD_0.2_Noisy_model/Vocab.in is already initialized.
  loaded infer model parameters from /home/emlab/Desktop/syuuron/nmt/Noattention_PI_0.5PS_0.3PD_0.2_Noisy_model/translate.ckpt-4000, time 0.03s
# External evaluation, global step 4000
  decoding to output /home/emlab/Desktop/syuuron/nmt/Noattention_PI_0.5PS_0.3PD_0.2_Noisy_model/output_dev
  done, num sentences 2001, num translations per input 1, time 0s, Sun Feb  3 15:59:20 2019.
  bleu dev: 41.8
  saving hparams to /home/emlab/Desktop/syuuron/nmt/Noattention_PI_0.5PS_0.3PD_0.2_Noisy_model/hparams
# External evaluation, global step 4000
  decoding to output /home/emlab/Desktop/syuuron/nmt/Noattention_PI_0.5PS_0.3PD_0.2_Noisy_model/output_test
  done, num sentences 100, num translations per input 1, time 0s, Sun Feb  3 15:59:21 2019.
  bleu test: 18.9
  saving hparams to /home/emlab/Desktop/syuuron/nmt/Noattention_PI_0.5PS_0.3PD_0.2_Noisy_model/hparams
  step 4100 lr 1 step-time 0.07s wps 150.07K ppl 1.31 gN 2.09 bleu 41.79, Sun Feb  3 15:59:25 2019
--------------------------------------------------------------------------------------------
# Finished an epoch, step 4131. Perform external evaluation
2019-02-03 15:59:27.018906: I tensorflow/core/kernels/lookup_util.cc:376] Table trying to initialize from file /home/emlab/Desktop/syuuron/nmt/Noattention_PI_0.5PS_0.3PD_0.2_Noisy_model/Vocab.out is already initialized.
2019-02-03 15:59:27.018906: I tensorflow/core/kernels/lookup_util.cc:376] Table trying to initialize from file /home/emlab/Desktop/syuuron/nmt/Noattention_PI_0.5PS_0.3PD_0.2_Noisy_model/Vocab.in is already initialized.
2019-02-03 15:59:27.018906: I tensorflow/core/kernels/lookup_util.cc:376] Table trying to initialize from file /home/emlab/Desktop/syuuron/nmt/Noattention_PI_0.5PS_0.3PD_0.2_Noisy_model/Vocab.out is already initialized.
  loaded infer model parameters from /home/emlab/Desktop/syuuron/nmt/Noattention_PI_0.5PS_0.3PD_0.2_Noisy_model/translate.ckpt-4000, time 0.03s
  # 1438
    src: AH2 OY2 AE UH1 AY2 IY0 D OW1 AH0 Y IH2 AA0 UH0 AY AE0 JH R IH1 G ZH AE2 AW NG CH ER0 UH0 L AE2 AE2 R HH AA2 Z M S AY1 IY2 OY2 AH0 D T EY1 SH AH0 IH0 EY1 L EH0 G T UW1 K CH AH0 NG M N T Z AW0 IY CH EY1 EY1 IY B EH2 G UH2 OW1 S ZH T IH1 IH0 TH V EY NG OY2 UW1 B EY OY1 UH2 ER2 UH1 EY2 F
    ref: Move ( Side_Table ) Place ( hourglass Side_Table ) Move ( Kitchen_Table ) Move ( Kitchen_Table ) 
    nmt: Move ( Kitchen_Table ) Grasp ( Blue_Potato ) Move ( lobby ) Move ( Sofa )
2019-02-03 15:59:27.077548: I tensorflow/core/kernels/lookup_util.cc:376] Table trying to initialize from file /home/emlab/Desktop/syuuron/nmt/Noattention_PI_0.5PS_0.3PD_0.2_Noisy_model/Vocab.out is already initialized.
2019-02-03 15:59:27.077548: I tensorflow/core/kernels/lookup_util.cc:376] Table trying to initialize from file /home/emlab/Desktop/syuuron/nmt/Noattention_PI_0.5PS_0.3PD_0.2_Noisy_model/Vocab.out is already initialized.
2019-02-03 15:59:27.077548: I tensorflow/core/kernels/lookup_util.cc:376] Table trying to initialize from file /home/emlab/Desktop/syuuron/nmt/Noattention_PI_0.5PS_0.3PD_0.2_Noisy_model/Vocab.in is already initialized.
  loaded infer model parameters from /home/emlab/Desktop/syuuron/nmt/Noattention_PI_0.5PS_0.3PD_0.2_Noisy_model/translate.ckpt-4000, time 0.03s
# External evaluation, global step 4000
  decoding to output /home/emlab/Desktop/syuuron/nmt/Noattention_PI_0.5PS_0.3PD_0.2_Noisy_model/output_dev
  done, num sentences 2001, num translations per input 1, time 0s, Sun Feb  3 15:59:27 2019.
  bleu dev: 41.8
  saving hparams to /home/emlab/Desktop/syuuron/nmt/Noattention_PI_0.5PS_0.3PD_0.2_Noisy_model/hparams
# External evaluation, global step 4000
  decoding to output /home/emlab/Desktop/syuuron/nmt/Noattention_PI_0.5PS_0.3PD_0.2_Noisy_model/output_test
  done, num sentences 100, num translations per input 1, time 0s, Sun Feb  3 15:59:28 2019.
  bleu test: 18.9
  saving hparams to /home/emlab/Desktop/syuuron/nmt/Noattention_PI_0.5PS_0.3PD_0.2_Noisy_model/hparams
  step 4200 lr 1 step-time 0.07s wps 148.68K ppl 1.30 gN 2.18 bleu 41.79, Sun Feb  3 15:59:33 2019
--------------------------------------------------------------------------------------------
# Finished an epoch, step 4212. Perform external evaluation
2019-02-03 15:59:33.811029: I tensorflow/core/kernels/lookup_util.cc:376] Table trying to initialize from file /home/emlab/Desktop/syuuron/nmt/Noattention_PI_0.5PS_0.3PD_0.2_Noisy_model/Vocab.out is already initialized.
2019-02-03 15:59:33.811029: I tensorflow/core/kernels/lookup_util.cc:376] Table trying to initialize from file /home/emlab/Desktop/syuuron/nmt/Noattention_PI_0.5PS_0.3PD_0.2_Noisy_model/Vocab.in is already initialized.
2019-02-03 15:59:33.811029: I tensorflow/core/kernels/lookup_util.cc:376] Table trying to initialize from file /home/emlab/Desktop/syuuron/nmt/Noattention_PI_0.5PS_0.3PD_0.2_Noisy_model/Vocab.out is already initialized.
  loaded infer model parameters from /home/emlab/Desktop/syuuron/nmt/Noattention_PI_0.5PS_0.3PD_0.2_Noisy_model/translate.ckpt-4000, time 0.03s
  # 1145
    src: OW OY2 AA AE K UW1 AE1 N AE1 Y EY IY2 UW1 G Y OW1 T OW2 L IH1 V IH0 AY0 OY1 NG DH IY0 UH1 UW2 L G ZH AO1 T OY1 IH2 ZH EY1 K NG T AY ER2 F UH2 OY0 N Z Z AA0 K AE1 UW OY OY1 UW1 M AA OW1 T AE2 ZH AE1 ER1 EH OW1 UW1 K OW1 AH0 OW0 AH0
    ref: Move ( Living_Table  ) Find ( pink_cup Living_Table ) Grasp ( pink_cup ) Move ( Sofa )
    nmt: Move ( Living_Sofa ) Find ( Long_Potato Living_Sofa ) Grasp ( Long_Potato ) Move ( Sofa )
2019-02-03 15:59:33.866948: I tensorflow/core/kernels/lookup_util.cc:376] Table trying to initialize from file /home/emlab/Desktop/syuuron/nmt/Noattention_PI_0.5PS_0.3PD_0.2_Noisy_model/Vocab.out is already initialized.
2019-02-03 15:59:33.866948: I tensorflow/core/kernels/lookup_util.cc:376] Table trying to initialize from file /home/emlab/Desktop/syuuron/nmt/Noattention_PI_0.5PS_0.3PD_0.2_Noisy_model/Vocab.out is already initialized.
2019-02-03 15:59:33.866948: I tensorflow/core/kernels/lookup_util.cc:376] Table trying to initialize from file /home/emlab/Desktop/syuuron/nmt/Noattention_PI_0.5PS_0.3PD_0.2_Noisy_model/Vocab.in is already initialized.
  loaded infer model parameters from /home/emlab/Desktop/syuuron/nmt/Noattention_PI_0.5PS_0.3PD_0.2_Noisy_model/translate.ckpt-4000, time 0.03s
# External evaluation, global step 4000
  decoding to output /home/emlab/Desktop/syuuron/nmt/Noattention_PI_0.5PS_0.3PD_0.2_Noisy_model/output_dev
  done, num sentences 2001, num translations per input 1, time 0s, Sun Feb  3 15:59:34 2019.
  bleu dev: 41.8
  saving hparams to /home/emlab/Desktop/syuuron/nmt/Noattention_PI_0.5PS_0.3PD_0.2_Noisy_model/hparams
# External evaluation, global step 4000
  decoding to output /home/emlab/Desktop/syuuron/nmt/Noattention_PI_0.5PS_0.3PD_0.2_Noisy_model/output_test
  done, num sentences 100, num translations per input 1, time 0s, Sun Feb  3 15:59:34 2019.
  bleu test: 18.9
  saving hparams to /home/emlab/Desktop/syuuron/nmt/Noattention_PI_0.5PS_0.3PD_0.2_Noisy_model/hparams
--------------------------------------------------------------------------------------------
# Finished an epoch, step 4293. Perform external evaluation
2019-02-03 15:59:40.615490: I tensorflow/core/kernels/lookup_util.cc:376] Table trying to initialize from file /home/emlab/Desktop/syuuron/nmt/Noattention_PI_0.5PS_0.3PD_0.2_Noisy_model/Vocab.out is already initialized.
2019-02-03 15:59:40.615490: I tensorflow/core/kernels/lookup_util.cc:376] Table trying to initialize from file /home/emlab/Desktop/syuuron/nmt/Noattention_PI_0.5PS_0.3PD_0.2_Noisy_model/Vocab.in is already initialized.
2019-02-03 15:59:40.615490: I tensorflow/core/kernels/lookup_util.cc:376] Table trying to initialize from file /home/emlab/Desktop/syuuron/nmt/Noattention_PI_0.5PS_0.3PD_0.2_Noisy_model/Vocab.out is already initialized.
  loaded infer model parameters from /home/emlab/Desktop/syuuron/nmt/Noattention_PI_0.5PS_0.3PD_0.2_Noisy_model/translate.ckpt-4000, time 0.03s
  # 3
    src: UH0 K AE1 AA2 S Y UW1 UW V AY2 G OY OW1 T UW1 D AY1 ER2 OY1 EY AY1 AH0 IH0 EY1 NG UW0 S AH1 IY F F Z EY2 AO1 AE UW2 IY0 AA1 M AW1 UH ER0 IH0 AE1 OY0 HH EY2 IY IY0 ER1 EY G SH T T T UW1 AY1 M IH0 S IH1 NG AW0 F AY0 UW0 EY1 EY1 UH1 AH ER B
    ref: Move ( Dining_Sofa  ) Find ( camera Dining_Sofa ) Grasp ( camera ) Move ( Dining_Table )
    nmt: Move ( Sofa ) Find ( dog_doll Sofa ) Grasp ( dog_doll ) Move ( Living_Table )
2019-02-03 15:59:40.672165: I tensorflow/core/kernels/lookup_util.cc:376] Table trying to initialize from file /home/emlab/Desktop/syuuron/nmt/Noattention_PI_0.5PS_0.3PD_0.2_Noisy_model/Vocab.out is already initialized.
2019-02-03 15:59:40.672165: I tensorflow/core/kernels/lookup_util.cc:376] Table trying to initialize from file /home/emlab/Desktop/syuuron/nmt/Noattention_PI_0.5PS_0.3PD_0.2_Noisy_model/Vocab.in is already initialized.
2019-02-03 15:59:40.672165: I tensorflow/core/kernels/lookup_util.cc:376] Table trying to initialize from file /home/emlab/Desktop/syuuron/nmt/Noattention_PI_0.5PS_0.3PD_0.2_Noisy_model/Vocab.out is already initialized.
  loaded infer model parameters from /home/emlab/Desktop/syuuron/nmt/Noattention_PI_0.5PS_0.3PD_0.2_Noisy_model/translate.ckpt-4000, time 0.03s
# External evaluation, global step 4000
  decoding to output /home/emlab/Desktop/syuuron/nmt/Noattention_PI_0.5PS_0.3PD_0.2_Noisy_model/output_dev
  done, num sentences 2001, num translations per input 1, time 0s, Sun Feb  3 15:59:41 2019.
  bleu dev: 41.8
  saving hparams to /home/emlab/Desktop/syuuron/nmt/Noattention_PI_0.5PS_0.3PD_0.2_Noisy_model/hparams
# External evaluation, global step 4000
  decoding to output /home/emlab/Desktop/syuuron/nmt/Noattention_PI_0.5PS_0.3PD_0.2_Noisy_model/output_test
  done, num sentences 100, num translations per input 1, time 0s, Sun Feb  3 15:59:41 2019.
  bleu test: 18.9
  saving hparams to /home/emlab/Desktop/syuuron/nmt/Noattention_PI_0.5PS_0.3PD_0.2_Noisy_model/hparams
  step 4300 lr 1 step-time 0.07s wps 136.80K ppl 1.29 gN 2.23 bleu 41.79, Sun Feb  3 15:59:42 2019
--------------------------------------------------------------------------------------------
# Finished an epoch, step 4374. Perform external evaluation
2019-02-03 15:59:47.416058: I tensorflow/core/kernels/lookup_util.cc:376] Table trying to initialize from file /home/emlab/Desktop/syuuron/nmt/Noattention_PI_0.5PS_0.3PD_0.2_Noisy_model/Vocab.in is already initialized.
2019-02-03 15:59:47.416058: I tensorflow/core/kernels/lookup_util.cc:376] Table trying to initialize from file /home/emlab/Desktop/syuuron/nmt/Noattention_PI_0.5PS_0.3PD_0.2_Noisy_model/Vocab.out is already initialized.
2019-02-03 15:59:47.416066: I tensorflow/core/kernels/lookup_util.cc:376] Table trying to initialize from file /home/emlab/Desktop/syuuron/nmt/Noattention_PI_0.5PS_0.3PD_0.2_Noisy_model/Vocab.out is already initialized.
  loaded infer model parameters from /home/emlab/Desktop/syuuron/nmt/Noattention_PI_0.5PS_0.3PD_0.2_Noisy_model/translate.ckpt-4000, time 0.03s
  # 246
    src: ER OW1 AO0 UW1 IH1 V EH2 CH AH0 N UW1 V T L AW2 IY1 K AY0 UW1 EH2 TH ER F EY NG AY0 OY2 AO0 S F AA2 M AW0 IH0 IH2 AH2 AY0 AA1 EY1 F AH2 AO1 IH EH F EH0 N G L DH IY0 UW T IY1 OW OW1 AH0 AW P DH UH2 IY2 P AO2 NG AW0 IY0 AW0 AA1 Y OW2 AA2 M AH0 AW IY0 UW0 N AH2 T
    ref: Move ( kitchen ) Move ( Dining_Sofa )  Move ( apartment )
    nmt: Move ( Kitchen_Room ) Move ( Sofa ) Move ( apartment )
2019-02-03 15:59:47.468122: I tensorflow/core/kernels/lookup_util.cc:376] Table trying to initialize from file /home/emlab/Desktop/syuuron/nmt/Noattention_PI_0.5PS_0.3PD_0.2_Noisy_model/Vocab.out is already initialized.
2019-02-03 15:59:47.468122: I tensorflow/core/kernels/lookup_util.cc:376] Table trying to initialize from file /home/emlab/Desktop/syuuron/nmt/Noattention_PI_0.5PS_0.3PD_0.2_Noisy_model/Vocab.out is already initialized.
2019-02-03 15:59:47.468122: I tensorflow/core/kernels/lookup_util.cc:376] Table trying to initialize from file /home/emlab/Desktop/syuuron/nmt/Noattention_PI_0.5PS_0.3PD_0.2_Noisy_model/Vocab.in is already initialized.
  loaded infer model parameters from /home/emlab/Desktop/syuuron/nmt/Noattention_PI_0.5PS_0.3PD_0.2_Noisy_model/translate.ckpt-4000, time 0.03s
# External evaluation, global step 4000
  decoding to output /home/emlab/Desktop/syuuron/nmt/Noattention_PI_0.5PS_0.3PD_0.2_Noisy_model/output_dev
  done, num sentences 2001, num translations per input 1, time 0s, Sun Feb  3 15:59:48 2019.
  bleu dev: 41.8
  saving hparams to /home/emlab/Desktop/syuuron/nmt/Noattention_PI_0.5PS_0.3PD_0.2_Noisy_model/hparams
# External evaluation, global step 4000
  decoding to output /home/emlab/Desktop/syuuron/nmt/Noattention_PI_0.5PS_0.3PD_0.2_Noisy_model/output_test
  done, num sentences 100, num translations per input 1, time 0s, Sun Feb  3 15:59:48 2019.
  bleu test: 18.9
  saving hparams to /home/emlab/Desktop/syuuron/nmt/Noattention_PI_0.5PS_0.3PD_0.2_Noisy_model/hparams
  step 4400 lr 1 step-time 0.07s wps 149.31K ppl 1.27 gN 2.22 bleu 41.79, Sun Feb  3 15:59:50 2019
--------------------------------------------------------------------------------------------
# Finished an epoch, step 4455. Perform external evaluation
2019-02-03 15:59:54.205464: I tensorflow/core/kernels/lookup_util.cc:376] Table trying to initialize from file /home/emlab/Desktop/syuuron/nmt/Noattention_PI_0.5PS_0.3PD_0.2_Noisy_model/Vocab.out is already initialized.
2019-02-03 15:59:54.205464: I tensorflow/core/kernels/lookup_util.cc:376] Table trying to initialize from file /home/emlab/Desktop/syuuron/nmt/Noattention_PI_0.5PS_0.3PD_0.2_Noisy_model/Vocab.out is already initialized.
2019-02-03 15:59:54.205464: I tensorflow/core/kernels/lookup_util.cc:376] Table trying to initialize from file /home/emlab/Desktop/syuuron/nmt/Noattention_PI_0.5PS_0.3PD_0.2_Noisy_model/Vocab.in is already initialized.
  loaded infer model parameters from /home/emlab/Desktop/syuuron/nmt/Noattention_PI_0.5PS_0.3PD_0.2_Noisy_model/translate.ckpt-4000, time 0.03s
  # 1351
    src: IH Y AH0 F UH1 D CH N Z AE AE UW0 ER AY1 Y UH2 UW1 AH T IY0 D AY1 T IH2 N IH0 NG AW S ER G G UW0 F AH0 OW1 L AA0 DH AE1 IY2 ER0 UH1 AH0 OW2 R IH1 CH AY0 EH0 EY OY Y S T AW UW1 S OY EH1 OW1 AY2 F
    ref: Move ( Dining_Sofa ) Find ( camera Dining_Sofa  ) Grasp ( camera )，Move ( Sofa )
    nmt: Move ( Dining_Sofa ) Find ( Blue_Potato Dining_Sofa ) Grasp ( Blue_Potato ) Move ( Living_Sofa )
2019-02-03 15:59:54.260771: I tensorflow/core/kernels/lookup_util.cc:376] Table trying to initialize from file /home/emlab/Desktop/syuuron/nmt/Noattention_PI_0.5PS_0.3PD_0.2_Noisy_model/Vocab.in is already initialized.
2019-02-03 15:59:54.260771: I tensorflow/core/kernels/lookup_util.cc:376] Table trying to initialize from file /home/emlab/Desktop/syuuron/nmt/Noattention_PI_0.5PS_0.3PD_0.2_Noisy_model/Vocab.out is already initialized.
2019-02-03 15:59:54.260771: I tensorflow/core/kernels/lookup_util.cc:376] Table trying to initialize from file /home/emlab/Desktop/syuuron/nmt/Noattention_PI_0.5PS_0.3PD_0.2_Noisy_model/Vocab.out is already initialized.
  loaded infer model parameters from /home/emlab/Desktop/syuuron/nmt/Noattention_PI_0.5PS_0.3PD_0.2_Noisy_model/translate.ckpt-4000, time 0.03s
# External evaluation, global step 4000
  decoding to output /home/emlab/Desktop/syuuron/nmt/Noattention_PI_0.5PS_0.3PD_0.2_Noisy_model/output_dev
  done, num sentences 2001, num translations per input 1, time 0s, Sun Feb  3 15:59:54 2019.
  bleu dev: 41.8
  saving hparams to /home/emlab/Desktop/syuuron/nmt/Noattention_PI_0.5PS_0.3PD_0.2_Noisy_model/hparams
# External evaluation, global step 4000
  decoding to output /home/emlab/Desktop/syuuron/nmt/Noattention_PI_0.5PS_0.3PD_0.2_Noisy_model/output_test
  done, num sentences 100, num translations per input 1, time 0s, Sun Feb  3 15:59:55 2019.
  bleu test: 18.9
  saving hparams to /home/emlab/Desktop/syuuron/nmt/Noattention_PI_0.5PS_0.3PD_0.2_Noisy_model/hparams
  step 4500 lr 1 step-time 0.07s wps 147.95K ppl 1.26 gN 2.20 bleu 41.79, Sun Feb  3 15:59:58 2019
--------------------------------------------------------------------------------------------
# Finished an epoch, step 4536. Perform external evaluation
2019-02-03 16:00:00.999764: I tensorflow/core/kernels/lookup_util.cc:376] Table trying to initialize from file /home/emlab/Desktop/syuuron/nmt/Noattention_PI_0.5PS_0.3PD_0.2_Noisy_model/Vocab.out is already initialized.
2019-02-03 16:00:00.999764: I tensorflow/core/kernels/lookup_util.cc:376] Table trying to initialize from file /home/emlab/Desktop/syuuron/nmt/Noattention_PI_0.5PS_0.3PD_0.2_Noisy_model/Vocab.in is already initialized.
2019-02-03 16:00:00.999764: I tensorflow/core/kernels/lookup_util.cc:376] Table trying to initialize from file /home/emlab/Desktop/syuuron/nmt/Noattention_PI_0.5PS_0.3PD_0.2_Noisy_model/Vocab.out is already initialized.
  loaded infer model parameters from /home/emlab/Desktop/syuuron/nmt/Noattention_PI_0.5PS_0.3PD_0.2_Noisy_model/translate.ckpt-4000, time 0.03s
  # 1417
    src: UH0 OW UH1 IY0 IH D G AO1 Y V AY0 OW1 OY0 IH0 T IY B M AO1 EH AA2 AY R D T EH2 K AW L IY1 AW0 AY2 AH0 N T IH1 IY1 OW AY AO2 B R IH1 NG T T UW1 IH0 S OW1 W NG
    ref: Move ( Bar ) Find ( Lemon_Tea Bar ) Grasp ( Lemon_Tea ) Move ( Sofa )
    nmt: Move ( Bar ) Find ( Korean_Soup Bar ) Grasp ( Korean_Soup ) Move ( Sofa )
2019-02-03 16:00:01.054249: I tensorflow/core/kernels/lookup_util.cc:376] Table trying to initialize from file /home/emlab/Desktop/syuuron/nmt/Noattention_PI_0.5PS_0.3PD_0.2_Noisy_model/Vocab.in is already initialized.
2019-02-03 16:00:01.054264: I tensorflow/core/kernels/lookup_util.cc:376] Table trying to initialize from file /home/emlab/Desktop/syuuron/nmt/Noattention_PI_0.5PS_0.3PD_0.2_Noisy_model/Vocab.out is already initialized.
2019-02-03 16:00:01.054249: I tensorflow/core/kernels/lookup_util.cc:376] Table trying to initialize from file /home/emlab/Desktop/syuuron/nmt/Noattention_PI_0.5PS_0.3PD_0.2_Noisy_model/Vocab.out is already initialized.
  loaded infer model parameters from /home/emlab/Desktop/syuuron/nmt/Noattention_PI_0.5PS_0.3PD_0.2_Noisy_model/translate.ckpt-4000, time 0.03s
# External evaluation, global step 4000
  decoding to output /home/emlab/Desktop/syuuron/nmt/Noattention_PI_0.5PS_0.3PD_0.2_Noisy_model/output_dev
  done, num sentences 2001, num translations per input 1, time 0s, Sun Feb  3 16:00:01 2019.
  bleu dev: 41.8
  saving hparams to /home/emlab/Desktop/syuuron/nmt/Noattention_PI_0.5PS_0.3PD_0.2_Noisy_model/hparams
# External evaluation, global step 4000
  decoding to output /home/emlab/Desktop/syuuron/nmt/Noattention_PI_0.5PS_0.3PD_0.2_Noisy_model/output_test
  done, num sentences 100, num translations per input 1, time 0s, Sun Feb  3 16:00:02 2019.
  bleu test: 18.9
  saving hparams to /home/emlab/Desktop/syuuron/nmt/Noattention_PI_0.5PS_0.3PD_0.2_Noisy_model/hparams
  step 4600 lr 1 step-time 0.07s wps 148.75K ppl 1.25 gN 2.34 bleu 41.79, Sun Feb  3 16:00:06 2019
--------------------------------------------------------------------------------------------
# Finished an epoch, step 4617. Perform external evaluation
2019-02-03 16:00:07.803730: I tensorflow/core/kernels/lookup_util.cc:376] Table trying to initialize from file /home/emlab/Desktop/syuuron/nmt/Noattention_PI_0.5PS_0.3PD_0.2_Noisy_model/Vocab.out is already initialized.
2019-02-03 16:00:07.803732: I tensorflow/core/kernels/lookup_util.cc:376] Table trying to initialize from file /home/emlab/Desktop/syuuron/nmt/Noattention_PI_0.5PS_0.3PD_0.2_Noisy_model/Vocab.out is already initialized.
2019-02-03 16:00:07.803732: I tensorflow/core/kernels/lookup_util.cc:376] Table trying to initialize from file /home/emlab/Desktop/syuuron/nmt/Noattention_PI_0.5PS_0.3PD_0.2_Noisy_model/Vocab.in is already initialized.
  loaded infer model parameters from /home/emlab/Desktop/syuuron/nmt/Noattention_PI_0.5PS_0.3PD_0.2_Noisy_model/translate.ckpt-4000, time 0.03s
  # 1328
    src: EY2 AA0 W IY OW1 F IY0 EH0 AY2 UW1 K EY2 AE1 OW2 AH1 AY1 IH2 CH AE T Z EY1 B AH0 ZH P EH1 HH SH OW2 AH JH IH0 AO1 T EH1 K OY0 EY2 EH1 IH2 L ER1 P AY0 UH0 EH1 ER0 T AW1 K AO0 IH1 T
    ref: Move ( Kitchen_Table ) Find ( bell_pepper Kitchen_Table ) Grasp ( bell_pepper )  Move ( bell_pepper )
    nmt: Move ( Kitchen_Table ) Find ( bell_pepper Kitchen_Table ) Grasp ( bell_pepper )
2019-02-03 16:00:07.853452: I tensorflow/core/kernels/lookup_util.cc:376] Table trying to initialize from file /home/emlab/Desktop/syuuron/nmt/Noattention_PI_0.5PS_0.3PD_0.2_Noisy_model/Vocab.out is already initialized.
2019-02-03 16:00:07.853452: I tensorflow/core/kernels/lookup_util.cc:376] Table trying to initialize from file /home/emlab/Desktop/syuuron/nmt/Noattention_PI_0.5PS_0.3PD_0.2_Noisy_model/Vocab.out is already initialized.
2019-02-03 16:00:07.853452: I tensorflow/core/kernels/lookup_util.cc:376] Table trying to initialize from file /home/emlab/Desktop/syuuron/nmt/Noattention_PI_0.5PS_0.3PD_0.2_Noisy_model/Vocab.in is already initialized.
  loaded infer model parameters from /home/emlab/Desktop/syuuron/nmt/Noattention_PI_0.5PS_0.3PD_0.2_Noisy_model/translate.ckpt-4000, time 0.03s
# External evaluation, global step 4000
  decoding to output /home/emlab/Desktop/syuuron/nmt/Noattention_PI_0.5PS_0.3PD_0.2_Noisy_model/output_dev
  done, num sentences 2001, num translations per input 1, time 0s, Sun Feb  3 16:00:08 2019.
  bleu dev: 41.8
  saving hparams to /home/emlab/Desktop/syuuron/nmt/Noattention_PI_0.5PS_0.3PD_0.2_Noisy_model/hparams
# External evaluation, global step 4000
  decoding to output /home/emlab/Desktop/syuuron/nmt/Noattention_PI_0.5PS_0.3PD_0.2_Noisy_model/output_test
  done, num sentences 100, num translations per input 1, time 0s, Sun Feb  3 16:00:08 2019.
  bleu test: 18.9
  saving hparams to /home/emlab/Desktop/syuuron/nmt/Noattention_PI_0.5PS_0.3PD_0.2_Noisy_model/hparams
--------------------------------------------------------------------------------------------
# Finished an epoch, step 4698. Perform external evaluation
2019-02-03 16:00:14.592271: I tensorflow/core/kernels/lookup_util.cc:376] Table trying to initialize from file /home/emlab/Desktop/syuuron/nmt/Noattention_PI_0.5PS_0.3PD_0.2_Noisy_model/Vocab.out is already initialized.
2019-02-03 16:00:14.592271: I tensorflow/core/kernels/lookup_util.cc:376] Table trying to initialize from file /home/emlab/Desktop/syuuron/nmt/Noattention_PI_0.5PS_0.3PD_0.2_Noisy_model/Vocab.in is already initialized.
2019-02-03 16:00:14.592271: I tensorflow/core/kernels/lookup_util.cc:376] Table trying to initialize from file /home/emlab/Desktop/syuuron/nmt/Noattention_PI_0.5PS_0.3PD_0.2_Noisy_model/Vocab.out is already initialized.
  loaded infer model parameters from /home/emlab/Desktop/syuuron/nmt/Noattention_PI_0.5PS_0.3PD_0.2_Noisy_model/translate.ckpt-4000, time 0.03s
  # 1487
    src: DH G DH EY1 P Z IY HH EH2 OW1 T UH UW1 UW1 IY1 NG IH2 SH T AY1 AE1 EY0 M V OY1 EY2 D UW0 CH IH2 K TH DH R ZH AY2 OW1 UH2 AH1 AW0 L IH1 N Z IH1 AY1 CH AY2 OY W UW0 AH1 S ZH M N P AE0 L EY AW1 AO2 IY1 IH1 P ER1 B
    ref: Move ( kitchen ) Find ( toy_duck kitchen ) Grasp ( toy_duck ) Move ( Dustbin ) Place ( toy_duck Dustbin )
    nmt: Move ( Kitchen_Room ) Find ( canned_juice Kitchen_Room ) Grasp ( canned_juice )
2019-02-03 16:00:14.647599: I tensorflow/core/kernels/lookup_util.cc:376] Table trying to initialize from file /home/emlab/Desktop/syuuron/nmt/Noattention_PI_0.5PS_0.3PD_0.2_Noisy_model/Vocab.out is already initialized.
2019-02-03 16:00:14.647599: I tensorflow/core/kernels/lookup_util.cc:376] Table trying to initialize from file /home/emlab/Desktop/syuuron/nmt/Noattention_PI_0.5PS_0.3PD_0.2_Noisy_model/Vocab.out is already initialized.
2019-02-03 16:00:14.647609: I tensorflow/core/kernels/lookup_util.cc:376] Table trying to initialize from file /home/emlab/Desktop/syuuron/nmt/Noattention_PI_0.5PS_0.3PD_0.2_Noisy_model/Vocab.in is already initialized.
  loaded infer model parameters from /home/emlab/Desktop/syuuron/nmt/Noattention_PI_0.5PS_0.3PD_0.2_Noisy_model/translate.ckpt-4000, time 0.03s
# External evaluation, global step 4000
  decoding to output /home/emlab/Desktop/syuuron/nmt/Noattention_PI_0.5PS_0.3PD_0.2_Noisy_model/output_dev
  done, num sentences 2001, num translations per input 1, time 0s, Sun Feb  3 16:00:15 2019.
  bleu dev: 41.8
  saving hparams to /home/emlab/Desktop/syuuron/nmt/Noattention_PI_0.5PS_0.3PD_0.2_Noisy_model/hparams
# External evaluation, global step 4000
  decoding to output /home/emlab/Desktop/syuuron/nmt/Noattention_PI_0.5PS_0.3PD_0.2_Noisy_model/output_test
  done, num sentences 100, num translations per input 1, time 0s, Sun Feb  3 16:00:15 2019.
  bleu test: 18.9
  saving hparams to /home/emlab/Desktop/syuuron/nmt/Noattention_PI_0.5PS_0.3PD_0.2_Noisy_model/hparams
  step 4700 lr 1 step-time 0.07s wps 137.90K ppl 1.25 gN 2.50 bleu 41.79, Sun Feb  3 16:00:16 2019
--------------------------------------------------------------------------------------------
# Finished an epoch, step 4779. Perform external evaluation
2019-02-03 16:00:21.401032: I tensorflow/core/kernels/lookup_util.cc:376] Table trying to initialize from file /home/emlab/Desktop/syuuron/nmt/Noattention_PI_0.5PS_0.3PD_0.2_Noisy_model/Vocab.in is already initialized.
2019-02-03 16:00:21.401032: I tensorflow/core/kernels/lookup_util.cc:376] Table trying to initialize from file /home/emlab/Desktop/syuuron/nmt/Noattention_PI_0.5PS_0.3PD_0.2_Noisy_model/Vocab.out is already initialized.
2019-02-03 16:00:21.401053: I tensorflow/core/kernels/lookup_util.cc:376] Table trying to initialize from file /home/emlab/Desktop/syuuron/nmt/Noattention_PI_0.5PS_0.3PD_0.2_Noisy_model/Vocab.out is already initialized.
  loaded infer model parameters from /home/emlab/Desktop/syuuron/nmt/Noattention_PI_0.5PS_0.3PD_0.2_Noisy_model/translate.ckpt-4000, time 0.03s
  # 1955
    src: EY0 EY JH AY2 UH1 D IY2 AE1 NG Y UW1 G ER1 OW1 T UW1 G R TH IH0 EH1 P Z AH0 N EH D AW SH AH0 T UW0 EY1 AA1 EY1 K JH EH1 G P AA1 N EY0 IY1 Z AY R AA2 EH1 AW0 SH S OY2 UH0 AO NG B R IH1 AA2 ZH IY0 IH1 OW0 EY2 UW1 OW0 L UH UH1 AY IH1 V EY0 V S AO2 F AH0
    ref: Move ( Reception_Table ) Find ( Japanese_Dressing Reception_Table ) Grasp ( Japanese_Dressing ) Move ( Living_Sofa )
    nmt: Move ( bed_room ) Find ( Japanese_Tea bed_room ) Grasp ( Japanese_Tea ) Move ( Living_Sofa ) Find ( Japanese_Tea Living_Sofa ) Grasp ( Japanese_Tea ) Move ( bed_room )
2019-02-03 16:00:21.465671: I tensorflow/core/kernels/lookup_util.cc:376] Table trying to initialize from file /home/emlab/Desktop/syuuron/nmt/Noattention_PI_0.5PS_0.3PD_0.2_Noisy_model/Vocab.out is already initialized.
2019-02-03 16:00:21.465671: I tensorflow/core/kernels/lookup_util.cc:376] Table trying to initialize from file /home/emlab/Desktop/syuuron/nmt/Noattention_PI_0.5PS_0.3PD_0.2_Noisy_model/Vocab.out is already initialized.
2019-02-03 16:00:21.465671: I tensorflow/core/kernels/lookup_util.cc:376] Table trying to initialize from file /home/emlab/Desktop/syuuron/nmt/Noattention_PI_0.5PS_0.3PD_0.2_Noisy_model/Vocab.in is already initialized.
  loaded infer model parameters from /home/emlab/Desktop/syuuron/nmt/Noattention_PI_0.5PS_0.3PD_0.2_Noisy_model/translate.ckpt-4000, time 0.03s
# External evaluation, global step 4000
  decoding to output /home/emlab/Desktop/syuuron/nmt/Noattention_PI_0.5PS_0.3PD_0.2_Noisy_model/output_dev
  done, num sentences 2001, num translations per input 1, time 0s, Sun Feb  3 16:00:22 2019.
  bleu dev: 41.8
  saving hparams to /home/emlab/Desktop/syuuron/nmt/Noattention_PI_0.5PS_0.3PD_0.2_Noisy_model/hparams
# External evaluation, global step 4000
  decoding to output /home/emlab/Desktop/syuuron/nmt/Noattention_PI_0.5PS_0.3PD_0.2_Noisy_model/output_test
  done, num sentences 100, num translations per input 1, time 0s, Sun Feb  3 16:00:22 2019.
  bleu test: 18.9
  saving hparams to /home/emlab/Desktop/syuuron/nmt/Noattention_PI_0.5PS_0.3PD_0.2_Noisy_model/hparams
  step 4800 lr 1 step-time 0.07s wps 147.81K ppl 1.23 gN 2.27 bleu 41.79, Sun Feb  3 16:00:24 2019
--------------------------------------------------------------------------------------------
# Finished an epoch, step 4860. Perform external evaluation
2019-02-03 16:00:28.226392: I tensorflow/core/kernels/lookup_util.cc:376] Table trying to initialize from file /home/emlab/Desktop/syuuron/nmt/Noattention_PI_0.5PS_0.3PD_0.2_Noisy_model/Vocab.out is already initialized.
2019-02-03 16:00:28.226392: I tensorflow/core/kernels/lookup_util.cc:376] Table trying to initialize from file /home/emlab/Desktop/syuuron/nmt/Noattention_PI_0.5PS_0.3PD_0.2_Noisy_model/Vocab.in is already initialized.
2019-02-03 16:00:28.226398: I tensorflow/core/kernels/lookup_util.cc:376] Table trying to initialize from file /home/emlab/Desktop/syuuron/nmt/Noattention_PI_0.5PS_0.3PD_0.2_Noisy_model/Vocab.out is already initialized.
  loaded infer model parameters from /home/emlab/Desktop/syuuron/nmt/Noattention_PI_0.5PS_0.3PD_0.2_Noisy_model/translate.ckpt-4000, time 0.03s
  # 1347
    src: OW1 EY2 IH2 D AO0 D IH2 IH0 IH1 UH1 IH0 HH NG UW0 UW1 M AH0 UW1 AO1 V EH0 OY OY1 UH2 HH UW2 AY1 UH0 S AW1 NG Y IH1 NG EY1 UH1 AW AA1 EH2 Z AW2 T AE1 CH B OY1 OY0 AW1 UH ZH DH AA AA1 AY1 AH TH DH DH P AA1 R T OY M EY2 AH0 N OY1 T
    ref: Move ( Dining_Room ) Move ( Dining_Table ) Move ( apartment )
    nmt: Move ( Living_Room ) Move ( Reception_Table ) Move ( apartment )
2019-02-03 16:00:28.278976: I tensorflow/core/kernels/lookup_util.cc:376] Table trying to initialize from file /home/emlab/Desktop/syuuron/nmt/Noattention_PI_0.5PS_0.3PD_0.2_Noisy_model/Vocab.in is already initialized.
2019-02-03 16:00:28.278976: I tensorflow/core/kernels/lookup_util.cc:376] Table trying to initialize from file /home/emlab/Desktop/syuuron/nmt/Noattention_PI_0.5PS_0.3PD_0.2_Noisy_model/Vocab.out is already initialized.
2019-02-03 16:00:28.278976: I tensorflow/core/kernels/lookup_util.cc:376] Table trying to initialize from file /home/emlab/Desktop/syuuron/nmt/Noattention_PI_0.5PS_0.3PD_0.2_Noisy_model/Vocab.out is already initialized.
  loaded infer model parameters from /home/emlab/Desktop/syuuron/nmt/Noattention_PI_0.5PS_0.3PD_0.2_Noisy_model/translate.ckpt-4000, time 0.03s
# External evaluation, global step 4000
  decoding to output /home/emlab/Desktop/syuuron/nmt/Noattention_PI_0.5PS_0.3PD_0.2_Noisy_model/output_dev
  done, num sentences 2001, num translations per input 1, time 0s, Sun Feb  3 16:00:28 2019.
  bleu dev: 41.8
  saving hparams to /home/emlab/Desktop/syuuron/nmt/Noattention_PI_0.5PS_0.3PD_0.2_Noisy_model/hparams
# External evaluation, global step 4000
  decoding to output /home/emlab/Desktop/syuuron/nmt/Noattention_PI_0.5PS_0.3PD_0.2_Noisy_model/output_test
  done, num sentences 100, num translations per input 1, time 0s, Sun Feb  3 16:00:29 2019.
  bleu test: 18.9
  saving hparams to /home/emlab/Desktop/syuuron/nmt/Noattention_PI_0.5PS_0.3PD_0.2_Noisy_model/hparams
  step 4900 lr 1 step-time 0.07s wps 148.76K ppl 1.22 gN 2.35 bleu 41.79, Sun Feb  3 16:00:32 2019
--------------------------------------------------------------------------------------------
# Finished an epoch, step 4941. Perform external evaluation
2019-02-03 16:00:35.046220: I tensorflow/core/kernels/lookup_util.cc:376] Table trying to initialize from file /home/emlab/Desktop/syuuron/nmt/Noattention_PI_0.5PS_0.3PD_0.2_Noisy_model/Vocab.in is already initialized.
2019-02-03 16:00:35.046220: I tensorflow/core/kernels/lookup_util.cc:376] Table trying to initialize from file /home/emlab/Desktop/syuuron/nmt/Noattention_PI_0.5PS_0.3PD_0.2_Noisy_model/Vocab.out is already initialized.
2019-02-03 16:00:35.046220: I tensorflow/core/kernels/lookup_util.cc:376] Table trying to initialize from file /home/emlab/Desktop/syuuron/nmt/Noattention_PI_0.5PS_0.3PD_0.2_Noisy_model/Vocab.out is already initialized.
  loaded infer model parameters from /home/emlab/Desktop/syuuron/nmt/Noattention_PI_0.5PS_0.3PD_0.2_Noisy_model/translate.ckpt-4000, time 0.03s
  # 1744
    src: OY1 NG EY0 Y G OY0 IH2 OW1 N L AA1 G R AE2 AW0 AH0 ER0 R IH IH AO0 AE NG W AW1 UW2 AH0 K P AY0 HH EY1 EY0 T OW2 AY0 F AY1 N AH0 AH2 L AO V EH0 AO1 SH IY0 AH1 M AO0 IH0 UH0 OW AA K
    ref: Move ( lobby ) Find ( Red_Potato lobby Grasp ( Red_Potato )  Move ( HERE )
    nmt: Move ( Bar ) Grasp ( Green_Tea ) Move ( HERE )
2019-02-03 16:00:35.096295: I tensorflow/core/kernels/lookup_util.cc:376] Table trying to initialize from file /home/emlab/Desktop/syuuron/nmt/Noattention_PI_0.5PS_0.3PD_0.2_Noisy_model/Vocab.out is already initialized.
2019-02-03 16:00:35.096295: I tensorflow/core/kernels/lookup_util.cc:376] Table trying to initialize from file /home/emlab/Desktop/syuuron/nmt/Noattention_PI_0.5PS_0.3PD_0.2_Noisy_model/Vocab.in is already initialized.
2019-02-03 16:00:35.096297: I tensorflow/core/kernels/lookup_util.cc:376] Table trying to initialize from file /home/emlab/Desktop/syuuron/nmt/Noattention_PI_0.5PS_0.3PD_0.2_Noisy_model/Vocab.out is already initialized.
  loaded infer model parameters from /home/emlab/Desktop/syuuron/nmt/Noattention_PI_0.5PS_0.3PD_0.2_Noisy_model/translate.ckpt-4000, time 0.03s
# External evaluation, global step 4000
  decoding to output /home/emlab/Desktop/syuuron/nmt/Noattention_PI_0.5PS_0.3PD_0.2_Noisy_model/output_dev
  done, num sentences 2001, num translations per input 1, time 0s, Sun Feb  3 16:00:35 2019.
  bleu dev: 41.8
  saving hparams to /home/emlab/Desktop/syuuron/nmt/Noattention_PI_0.5PS_0.3PD_0.2_Noisy_model/hparams
# External evaluation, global step 4000
  decoding to output /home/emlab/Desktop/syuuron/nmt/Noattention_PI_0.5PS_0.3PD_0.2_Noisy_model/output_test
  done, num sentences 100, num translations per input 1, time 0s, Sun Feb  3 16:00:36 2019.
  bleu test: 18.9
  saving hparams to /home/emlab/Desktop/syuuron/nmt/Noattention_PI_0.5PS_0.3PD_0.2_Noisy_model/hparams
  step 5000 lr 1 step-time 0.07s wps 148.72K ppl 1.21 gN 2.33 bleu 41.79, Sun Feb  3 16:00:40 2019
# Save eval, global step 5000
2019-02-03 16:00:40.562823: I tensorflow/core/kernels/lookup_util.cc:376] Table trying to initialize from file /home/emlab/Desktop/syuuron/nmt/Noattention_PI_0.5PS_0.3PD_0.2_Noisy_model/Vocab.out is already initialized.
2019-02-03 16:00:40.562823: I tensorflow/core/kernels/lookup_util.cc:376] Table trying to initialize from file /home/emlab/Desktop/syuuron/nmt/Noattention_PI_0.5PS_0.3PD_0.2_Noisy_model/Vocab.in is already initialized.
2019-02-03 16:00:40.562836: I tensorflow/core/kernels/lookup_util.cc:376] Table trying to initialize from file /home/emlab/Desktop/syuuron/nmt/Noattention_PI_0.5PS_0.3PD_0.2_Noisy_model/Vocab.out is already initialized.
  loaded infer model parameters from /home/emlab/Desktop/syuuron/nmt/Noattention_PI_0.5PS_0.3PD_0.2_Noisy_model/translate.ckpt-5000, time 0.03s
  # 528
    src: NG L EH1 UW0 UW1 N IY AW V Y L AY1 UW1 G D AH1 AY1 N IH0 ZH OW2 SH AW0 JH OY R AE1 S UW2 IY IH2 P B S OY1 DH AW0 OW EH1 EY2 N AO1 N K AH1 AE2 K
    ref: Move ( Dining_Table ) Move ( Bleach ) Move ( HERE )
    nmt: Move ( Dining_Room ) Find ( Seafood_Noodle Dining_Room ) Move ( HERE )
2019-02-03 16:00:40.615332: I tensorflow/core/kernels/lookup_util.cc:376] Table trying to initialize from file /home/emlab/Desktop/syuuron/nmt/Noattention_PI_0.5PS_0.3PD_0.2_Noisy_model/Vocab.in is already initialized.
2019-02-03 16:00:40.615332: I tensorflow/core/kernels/lookup_util.cc:376] Table trying to initialize from file /home/emlab/Desktop/syuuron/nmt/Noattention_PI_0.5PS_0.3PD_0.2_Noisy_model/Vocab.out is already initialized.
2019-02-03 16:00:40.615338: I tensorflow/core/kernels/lookup_util.cc:376] Table trying to initialize from file /home/emlab/Desktop/syuuron/nmt/Noattention_PI_0.5PS_0.3PD_0.2_Noisy_model/Vocab.out is already initialized.
  loaded eval model parameters from /home/emlab/Desktop/syuuron/nmt/Noattention_PI_0.5PS_0.3PD_0.2_Noisy_model/translate.ckpt-5000, time 0.03s
  eval dev: perplexity 1.59, time 0s, Sun Feb  3 16:00:41 2019.
  eval test: perplexity 3.56, time 0s, Sun Feb  3 16:00:41 2019.
2019-02-03 16:00:41.530376: I tensorflow/core/kernels/lookup_util.cc:376] Table trying to initialize from file /home/emlab/Desktop/syuuron/nmt/Noattention_PI_0.5PS_0.3PD_0.2_Noisy_model/Vocab.out is already initialized.
2019-02-03 16:00:41.530376: I tensorflow/core/kernels/lookup_util.cc:376] Table trying to initialize from file /home/emlab/Desktop/syuuron/nmt/Noattention_PI_0.5PS_0.3PD_0.2_Noisy_model/Vocab.in is already initialized.
2019-02-03 16:00:41.530377: I tensorflow/core/kernels/lookup_util.cc:376] Table trying to initialize from file /home/emlab/Desktop/syuuron/nmt/Noattention_PI_0.5PS_0.3PD_0.2_Noisy_model/Vocab.out is already initialized.
  loaded infer model parameters from /home/emlab/Desktop/syuuron/nmt/Noattention_PI_0.5PS_0.3PD_0.2_Noisy_model/translate.ckpt-5000, time 0.03s
  # 1235
    src: CH L W AO L ER2 EH AE OW2 OY Y AH ER AY D V T D SH OY D W UH AY1 AY SH AH1 AO0 T R OW0 IH0 AO0 AO OW1 OW AH0 G R TH UW1 ER0 AE1 AE OW IY1 G S OW1 UW1 EY EH1 AO0 UH2 N CH W UW2 EY1 AH1 AE0 V IH1 T B AE1 S
    ref: Move ( Dining_Sofa ) Move ( Egg_Soup ) Move ( HERE )
    nmt: Move ( Dining_Sofa ) Grasp ( sugar ) Move ( Dining_Sofa ) Grasp ( sugar ) Move ( HERE )
2019-02-03 16:00:41.590415: I tensorflow/core/kernels/lookup_util.cc:376] Table trying to initialize from file /home/emlab/Desktop/syuuron/nmt/Noattention_PI_0.5PS_0.3PD_0.2_Noisy_model/Vocab.out is already initialized.
2019-02-03 16:00:41.590415: I tensorflow/core/kernels/lookup_util.cc:376] Table trying to initialize from file /home/emlab/Desktop/syuuron/nmt/Noattention_PI_0.5PS_0.3PD_0.2_Noisy_model/Vocab.out is already initialized.
2019-02-03 16:00:41.590428: I tensorflow/core/kernels/lookup_util.cc:376] Table trying to initialize from file /home/emlab/Desktop/syuuron/nmt/Noattention_PI_0.5PS_0.3PD_0.2_Noisy_model/Vocab.in is already initialized.
  loaded infer model parameters from /home/emlab/Desktop/syuuron/nmt/Noattention_PI_0.5PS_0.3PD_0.2_Noisy_model/translate.ckpt-5000, time 0.03s
# External evaluation, global step 5000
  decoding to output /home/emlab/Desktop/syuuron/nmt/Noattention_PI_0.5PS_0.3PD_0.2_Noisy_model/output_dev
  done, num sentences 2001, num translations per input 1, time 0s, Sun Feb  3 16:00:42 2019.
  bleu dev: 44.2
  saving hparams to /home/emlab/Desktop/syuuron/nmt/Noattention_PI_0.5PS_0.3PD_0.2_Noisy_model/hparams
# External evaluation, global step 5000
  decoding to output /home/emlab/Desktop/syuuron/nmt/Noattention_PI_0.5PS_0.3PD_0.2_Noisy_model/output_test
  done, num sentences 100, num translations per input 1, time 0s, Sun Feb  3 16:00:42 2019.
  bleu test: 14.0
  saving hparams to /home/emlab/Desktop/syuuron/nmt/Noattention_PI_0.5PS_0.3PD_0.2_Noisy_model/hparams
--------------------------------------------------------------------------------------------
# Finished an epoch, step 5022. Perform external evaluation
2019-02-03 16:00:44.045156: I tensorflow/core/kernels/lookup_util.cc:376] Table trying to initialize from file /home/emlab/Desktop/syuuron/nmt/Noattention_PI_0.5PS_0.3PD_0.2_Noisy_model/Vocab.in is already initialized.
2019-02-03 16:00:44.045236: I tensorflow/core/kernels/lookup_util.cc:376] Table trying to initialize from file /home/emlab/Desktop/syuuron/nmt/Noattention_PI_0.5PS_0.3PD_0.2_Noisy_model/Vocab.out is already initialized.
2019-02-03 16:00:44.045262: I tensorflow/core/kernels/lookup_util.cc:376] Table trying to initialize from file /home/emlab/Desktop/syuuron/nmt/Noattention_PI_0.5PS_0.3PD_0.2_Noisy_model/Vocab.out is already initialized.
  loaded infer model parameters from /home/emlab/Desktop/syuuron/nmt/Noattention_PI_0.5PS_0.3PD_0.2_Noisy_model/translate.ckpt-5000, time 0.03s
  # 568
    src: Y Z UW1 K JH IH1 IH1 AO1 B OY EH2 B G M ER0 G OW EY0 S AY1 T EY1 UW1 AY0 ER0 EH2 B AW2 AH0 EY1 OW0 UH1 L DH EH1 OW0 CH G IY0 IH0 EH AE1 AH1 CH AW2 ER2 ER0 AA2 ER0 AH0 ER AY0 UH0 ER HH M ER1 UH2 EY1 T UW0 OY2 AH0 AE2 N T
    ref: Move ( Corridor ) Move ( Side_Table )  Move ( apartment )
    nmt: Move ( lobby ) Move ( Kitchen_Table ) Move ( apartment )
2019-02-03 16:00:44.098496: I tensorflow/core/kernels/lookup_util.cc:376] Table trying to initialize from file /home/emlab/Desktop/syuuron/nmt/Noattention_PI_0.5PS_0.3PD_0.2_Noisy_model/Vocab.out is already initialized.
2019-02-03 16:00:44.098496: I tensorflow/core/kernels/lookup_util.cc:376] Table trying to initialize from file /home/emlab/Desktop/syuuron/nmt/Noattention_PI_0.5PS_0.3PD_0.2_Noisy_model/Vocab.out is already initialized.
2019-02-03 16:00:44.098497: I tensorflow/core/kernels/lookup_util.cc:376] Table trying to initialize from file /home/emlab/Desktop/syuuron/nmt/Noattention_PI_0.5PS_0.3PD_0.2_Noisy_model/Vocab.in is already initialized.
  loaded infer model parameters from /home/emlab/Desktop/syuuron/nmt/Noattention_PI_0.5PS_0.3PD_0.2_Noisy_model/translate.ckpt-5000, time 0.03s
# External evaluation, global step 5000
  decoding to output /home/emlab/Desktop/syuuron/nmt/Noattention_PI_0.5PS_0.3PD_0.2_Noisy_model/output_dev
  done, num sentences 2001, num translations per input 1, time 0s, Sun Feb  3 16:00:44 2019.
  bleu dev: 44.2
  saving hparams to /home/emlab/Desktop/syuuron/nmt/Noattention_PI_0.5PS_0.3PD_0.2_Noisy_model/hparams
# External evaluation, global step 5000
  decoding to output /home/emlab/Desktop/syuuron/nmt/Noattention_PI_0.5PS_0.3PD_0.2_Noisy_model/output_test
  done, num sentences 100, num translations per input 1, time 0s, Sun Feb  3 16:00:45 2019.
  bleu test: 14.0
  saving hparams to /home/emlab/Desktop/syuuron/nmt/Noattention_PI_0.5PS_0.3PD_0.2_Noisy_model/hparams
  step 5100 lr 1 step-time 0.07s wps 146.94K ppl 1.21 gN 2.47 bleu 44.17, Sun Feb  3 16:00:50 2019
--------------------------------------------------------------------------------------------
# Finished an epoch, step 5103. Perform external evaluation
2019-02-03 16:00:50.866276: I tensorflow/core/kernels/lookup_util.cc:376] Table trying to initialize from file /home/emlab/Desktop/syuuron/nmt/Noattention_PI_0.5PS_0.3PD_0.2_Noisy_model/Vocab.in is already initialized.
2019-02-03 16:00:50.866276: I tensorflow/core/kernels/lookup_util.cc:376] Table trying to initialize from file /home/emlab/Desktop/syuuron/nmt/Noattention_PI_0.5PS_0.3PD_0.2_Noisy_model/Vocab.out is already initialized.
2019-02-03 16:00:50.866276: I tensorflow/core/kernels/lookup_util.cc:376] Table trying to initialize from file /home/emlab/Desktop/syuuron/nmt/Noattention_PI_0.5PS_0.3PD_0.2_Noisy_model/Vocab.out is already initialized.
  loaded infer model parameters from /home/emlab/Desktop/syuuron/nmt/Noattention_PI_0.5PS_0.3PD_0.2_Noisy_model/translate.ckpt-5000, time 0.03s
  # 1183
    src: EY UH2 AE AY0 OY1 UH0 UW2 AH0 AH1 Z AY0 IY1 OW1 T UW1 T CH L IH1 AA0 CH OW2 V NG AH0 AH2 AW2 N N F EH1 S EY1 W EH2 F AH AY1 AH0 EY2 AA2 D AW1 ER1 ER1 ZH AA0 AY1 OY1 G L AW G ER1 R S AE1 P P OY0 IH1 AO0 T
    ref: Move ( kitchen ) Find ( hourglass kitchen ) Grasp ( hourglass )
    nmt: Move ( Living_Sofa ) Find ( hourglass Living_Sofa ) Grasp ( hourglass )
2019-02-03 16:00:50.919810: I tensorflow/core/kernels/lookup_util.cc:376] Table trying to initialize from file /home/emlab/Desktop/syuuron/nmt/Noattention_PI_0.5PS_0.3PD_0.2_Noisy_model/Vocab.out is already initialized.
2019-02-03 16:00:50.919811: I tensorflow/core/kernels/lookup_util.cc:376] Table trying to initialize from file /home/emlab/Desktop/syuuron/nmt/Noattention_PI_0.5PS_0.3PD_0.2_Noisy_model/Vocab.out is already initialized.
2019-02-03 16:00:50.919811: I tensorflow/core/kernels/lookup_util.cc:376] Table trying to initialize from file /home/emlab/Desktop/syuuron/nmt/Noattention_PI_0.5PS_0.3PD_0.2_Noisy_model/Vocab.in is already initialized.
  loaded infer model parameters from /home/emlab/Desktop/syuuron/nmt/Noattention_PI_0.5PS_0.3PD_0.2_Noisy_model/translate.ckpt-5000, time 0.03s
# External evaluation, global step 5000
  decoding to output /home/emlab/Desktop/syuuron/nmt/Noattention_PI_0.5PS_0.3PD_0.2_Noisy_model/output_dev
  done, num sentences 2001, num translations per input 1, time 0s, Sun Feb  3 16:00:51 2019.
  bleu dev: 44.2
  saving hparams to /home/emlab/Desktop/syuuron/nmt/Noattention_PI_0.5PS_0.3PD_0.2_Noisy_model/hparams
# External evaluation, global step 5000
  decoding to output /home/emlab/Desktop/syuuron/nmt/Noattention_PI_0.5PS_0.3PD_0.2_Noisy_model/output_test
  done, num sentences 100, num translations per input 1, time 0s, Sun Feb  3 16:00:51 2019.
  bleu test: 14.0
  saving hparams to /home/emlab/Desktop/syuuron/nmt/Noattention_PI_0.5PS_0.3PD_0.2_Noisy_model/hparams
--------------------------------------------------------------------------------------------
# Finished an epoch, step 5184. Perform external evaluation
2019-02-03 16:00:57.662770: I tensorflow/core/kernels/lookup_util.cc:376] Table trying to initialize from file /home/emlab/Desktop/syuuron/nmt/Noattention_PI_0.5PS_0.3PD_0.2_Noisy_model/Vocab.out is already initialized.
2019-02-03 16:00:57.662770: I tensorflow/core/kernels/lookup_util.cc:376] Table trying to initialize from file /home/emlab/Desktop/syuuron/nmt/Noattention_PI_0.5PS_0.3PD_0.2_Noisy_model/Vocab.out is already initialized.
2019-02-03 16:00:57.662770: I tensorflow/core/kernels/lookup_util.cc:376] Table trying to initialize from file /home/emlab/Desktop/syuuron/nmt/Noattention_PI_0.5PS_0.3PD_0.2_Noisy_model/Vocab.in is already initialized.
  loaded infer model parameters from /home/emlab/Desktop/syuuron/nmt/Noattention_PI_0.5PS_0.3PD_0.2_Noisy_model/translate.ckpt-5000, time 0.03s
  # 1067
    src: AH OW1 T P Y UW1 L D UH EY1 AA0 UW0 AH0 L AY M P UH0 V EY2 AO UW1 AH V AA0 EY1 AO1 DH OW1 F AH0 IH1 T IH2 IY2 K Z UW OW EH1 D HH P AH0 IY1 EY1 Y UW2 OY1 P T Z EY1 EH0 OW2
    ref: Move ( Side_Table ) Move ( Sofa ) Find ( Red_Potato Side_Table ) Grasp ( Red_Potato ) Move ( HERE )
    nmt: Move ( Living_Sofa ) Move ( Sofa ) Find ( Long_Potato Living_Sofa ) Grasp ( Long_Potato ) Move ( HERE )
2019-02-03 16:00:57.720680: I tensorflow/core/kernels/lookup_util.cc:376] Table trying to initialize from file /home/emlab/Desktop/syuuron/nmt/Noattention_PI_0.5PS_0.3PD_0.2_Noisy_model/Vocab.out is already initialized.
2019-02-03 16:00:57.720680: I tensorflow/core/kernels/lookup_util.cc:376] Table trying to initialize from file /home/emlab/Desktop/syuuron/nmt/Noattention_PI_0.5PS_0.3PD_0.2_Noisy_model/Vocab.in is already initialized.
2019-02-03 16:00:57.720687: I tensorflow/core/kernels/lookup_util.cc:376] Table trying to initialize from file /home/emlab/Desktop/syuuron/nmt/Noattention_PI_0.5PS_0.3PD_0.2_Noisy_model/Vocab.out is already initialized.
  loaded infer model parameters from /home/emlab/Desktop/syuuron/nmt/Noattention_PI_0.5PS_0.3PD_0.2_Noisy_model/translate.ckpt-5000, time 0.03s
# External evaluation, global step 5000
  decoding to output /home/emlab/Desktop/syuuron/nmt/Noattention_PI_0.5PS_0.3PD_0.2_Noisy_model/output_dev
  done, num sentences 2001, num translations per input 1, time 0s, Sun Feb  3 16:00:58 2019.
  bleu dev: 44.2
  saving hparams to /home/emlab/Desktop/syuuron/nmt/Noattention_PI_0.5PS_0.3PD_0.2_Noisy_model/hparams
# External evaluation, global step 5000
  decoding to output /home/emlab/Desktop/syuuron/nmt/Noattention_PI_0.5PS_0.3PD_0.2_Noisy_model/output_test
  done, num sentences 100, num translations per input 1, time 0s, Sun Feb  3 16:00:58 2019.
  bleu test: 14.0
  saving hparams to /home/emlab/Desktop/syuuron/nmt/Noattention_PI_0.5PS_0.3PD_0.2_Noisy_model/hparams
  step 5200 lr 1 step-time 0.07s wps 137.87K ppl 1.21 gN 2.58 bleu 44.17, Sun Feb  3 16:01:00 2019
--------------------------------------------------------------------------------------------
# Finished an epoch, step 5265. Perform external evaluation
2019-02-03 16:01:04.480956: I tensorflow/core/kernels/lookup_util.cc:376] Table trying to initialize from file /home/emlab/Desktop/syuuron/nmt/Noattention_PI_0.5PS_0.3PD_0.2_Noisy_model/Vocab.out is already initialized.
2019-02-03 16:01:04.480956: I tensorflow/core/kernels/lookup_util.cc:376] Table trying to initialize from file /home/emlab/Desktop/syuuron/nmt/Noattention_PI_0.5PS_0.3PD_0.2_Noisy_model/Vocab.out is already initialized.
2019-02-03 16:01:04.480956: I tensorflow/core/kernels/lookup_util.cc:376] Table trying to initialize from file /home/emlab/Desktop/syuuron/nmt/Noattention_PI_0.5PS_0.3PD_0.2_Noisy_model/Vocab.in is already initialized.
  loaded infer model parameters from /home/emlab/Desktop/syuuron/nmt/Noattention_PI_0.5PS_0.3PD_0.2_Noisy_model/translate.ckpt-5000, time 0.03s
  # 509
    src: W EH1 L EH1 T UW TH IH0 K AO2 UH1 S Y AH2 F UH R EY1 M EY0 L AA0 IH0 T CH EY1 ZH IY0 IH1 N L B AH0 G V OY2 F EH2 UH1 Z IH0 F UH0 AW0 G IH1 T IH1 T EH TH AE1 M AH1 R T Y OW2 AY1 UH2 AO2 ER0 UH1 IH0 AH UH1 EY0 AE0 OW1 ER F IY0 AH0
    ref: Move ( Living_Table ) Grasp ( rubik's_cube ) Move ( Visitor_Room ) Move ( Dining_Sofa )
    nmt: Move ( Side_Table ) Find ( toy_duck Side_Table ) Grasp ( toy_duck ) Move ( Dining_Sofa )
2019-02-03 16:01:04.538569: I tensorflow/core/kernels/lookup_util.cc:376] Table trying to initialize from file /home/emlab/Desktop/syuuron/nmt/Noattention_PI_0.5PS_0.3PD_0.2_Noisy_model/Vocab.in is already initialized.
2019-02-03 16:01:04.538569: I tensorflow/core/kernels/lookup_util.cc:376] Table trying to initialize from file /home/emlab/Desktop/syuuron/nmt/Noattention_PI_0.5PS_0.3PD_0.2_Noisy_model/Vocab.out is already initialized.
2019-02-03 16:01:04.538569: I tensorflow/core/kernels/lookup_util.cc:376] Table trying to initialize from file /home/emlab/Desktop/syuuron/nmt/Noattention_PI_0.5PS_0.3PD_0.2_Noisy_model/Vocab.out is already initialized.
  loaded infer model parameters from /home/emlab/Desktop/syuuron/nmt/Noattention_PI_0.5PS_0.3PD_0.2_Noisy_model/translate.ckpt-5000, time 0.03s
# External evaluation, global step 5000
  decoding to output /home/emlab/Desktop/syuuron/nmt/Noattention_PI_0.5PS_0.3PD_0.2_Noisy_model/output_dev
  done, num sentences 2001, num translations per input 1, time 0s, Sun Feb  3 16:01:05 2019.
  bleu dev: 44.2
  saving hparams to /home/emlab/Desktop/syuuron/nmt/Noattention_PI_0.5PS_0.3PD_0.2_Noisy_model/hparams
# External evaluation, global step 5000
  decoding to output /home/emlab/Desktop/syuuron/nmt/Noattention_PI_0.5PS_0.3PD_0.2_Noisy_model/output_test
  done, num sentences 100, num translations per input 1, time 0s, Sun Feb  3 16:01:05 2019.
  bleu test: 14.0
  saving hparams to /home/emlab/Desktop/syuuron/nmt/Noattention_PI_0.5PS_0.3PD_0.2_Noisy_model/hparams
  step 5300 lr 1 step-time 0.07s wps 148.72K ppl 1.20 gN 2.55 bleu 44.17, Sun Feb  3 16:01:08 2019
--------------------------------------------------------------------------------------------
# Finished an epoch, step 5346. Perform external evaluation
2019-02-03 16:01:11.297783: I tensorflow/core/kernels/lookup_util.cc:376] Table trying to initialize from file /home/emlab/Desktop/syuuron/nmt/Noattention_PI_0.5PS_0.3PD_0.2_Noisy_model/Vocab.in is already initialized.
2019-02-03 16:01:11.297783: I tensorflow/core/kernels/lookup_util.cc:376] Table trying to initialize from file /home/emlab/Desktop/syuuron/nmt/Noattention_PI_0.5PS_0.3PD_0.2_Noisy_model/Vocab.out is already initialized.
2019-02-03 16:01:11.297783: I tensorflow/core/kernels/lookup_util.cc:376] Table trying to initialize from file /home/emlab/Desktop/syuuron/nmt/Noattention_PI_0.5PS_0.3PD_0.2_Noisy_model/Vocab.out is already initialized.
  loaded infer model parameters from /home/emlab/Desktop/syuuron/nmt/Noattention_PI_0.5PS_0.3PD_0.2_Noisy_model/translate.ckpt-5000, time 0.03s
  # 612
    src: EY0 AY K AE1 T N OW1 IH0 AH EH0 AA1 IY UW1 K AE2 EY2 IH0 NG S AW OW1 F OY0 AH0 UW2 T EY1 AO0 EH1 P IH0 AW0 S K AW0 AA ER2 B K OW T K AE1 IY0 L T IY0 UW1 D AA0 IH2 IY0 L AO ER2 R EH0 Y AY1 EH2 EY2 AH0 ZH AH2 T ER EY1 G R EY1 K B AH0 AO0 N T
    ref: Move ( Living_Sofa  ) Find ( empty_plastic_bottle Living_Sofa ) Grasp ( empty_plastic_bottle ) Move ( Side_Table )
    nmt: Move ( Dining_Sofa ) Find ( bear_doll Dining_Sofa ) Grasp ( bear_doll ) Move ( Side_Table )
2019-02-03 16:01:11.360269: I tensorflow/core/kernels/lookup_util.cc:376] Table trying to initialize from file /home/emlab/Desktop/syuuron/nmt/Noattention_PI_0.5PS_0.3PD_0.2_Noisy_model/Vocab.out is already initialized.
2019-02-03 16:01:11.360269: I tensorflow/core/kernels/lookup_util.cc:376] Table trying to initialize from file /home/emlab/Desktop/syuuron/nmt/Noattention_PI_0.5PS_0.3PD_0.2_Noisy_model/Vocab.in is already initialized.
2019-02-03 16:01:11.360269: I tensorflow/core/kernels/lookup_util.cc:376] Table trying to initialize from file /home/emlab/Desktop/syuuron/nmt/Noattention_PI_0.5PS_0.3PD_0.2_Noisy_model/Vocab.out is already initialized.
  loaded infer model parameters from /home/emlab/Desktop/syuuron/nmt/Noattention_PI_0.5PS_0.3PD_0.2_Noisy_model/translate.ckpt-5000, time 0.03s
# External evaluation, global step 5000
  decoding to output /home/emlab/Desktop/syuuron/nmt/Noattention_PI_0.5PS_0.3PD_0.2_Noisy_model/output_dev
  done, num sentences 2001, num translations per input 1, time 0s, Sun Feb  3 16:01:11 2019.
  bleu dev: 44.2
  saving hparams to /home/emlab/Desktop/syuuron/nmt/Noattention_PI_0.5PS_0.3PD_0.2_Noisy_model/hparams
# External evaluation, global step 5000
  decoding to output /home/emlab/Desktop/syuuron/nmt/Noattention_PI_0.5PS_0.3PD_0.2_Noisy_model/output_test
  done, num sentences 100, num translations per input 1, time 0s, Sun Feb  3 16:01:12 2019.
  bleu test: 14.0
  saving hparams to /home/emlab/Desktop/syuuron/nmt/Noattention_PI_0.5PS_0.3PD_0.2_Noisy_model/hparams
  step 5400 lr 1 step-time 0.07s wps 148.20K ppl 1.20 gN 2.46 bleu 44.17, Sun Feb  3 16:01:16 2019
--------------------------------------------------------------------------------------------
# Finished an epoch, step 5427. Perform external evaluation
2019-02-03 16:01:18.112333: I tensorflow/core/kernels/lookup_util.cc:376] Table trying to initialize from file /home/emlab/Desktop/syuuron/nmt/Noattention_PI_0.5PS_0.3PD_0.2_Noisy_model/Vocab.out is already initialized.
2019-02-03 16:01:18.112333: I tensorflow/core/kernels/lookup_util.cc:376] Table trying to initialize from file /home/emlab/Desktop/syuuron/nmt/Noattention_PI_0.5PS_0.3PD_0.2_Noisy_model/Vocab.in is already initialized.
2019-02-03 16:01:18.112333: I tensorflow/core/kernels/lookup_util.cc:376] Table trying to initialize from file /home/emlab/Desktop/syuuron/nmt/Noattention_PI_0.5PS_0.3PD_0.2_Noisy_model/Vocab.out is already initialized.
  loaded infer model parameters from /home/emlab/Desktop/syuuron/nmt/Noattention_PI_0.5PS_0.3PD_0.2_Noisy_model/translate.ckpt-5000, time 0.03s
  # 710
    src: T AH1 AA1 TH UW1 AO0 IY EH Z EY2 ER R M UH1 EH1 JH DH IY0 F AY1 D AH0 P AE2 AY0 N S ZH EH0 AH0 OY1 ZH AY2 AO1 N IH1 AH B AO OY0 UH0 AA B IY2 AW2 AW UH0 ZH N R SH IH1 AW2 OY NG Y G OW IH1 EY0 L AW AH1 K AA0 AH0 S UH EY UH F AO2 AA2 R OW2 OW0 AA2 AA0 ER0 B AA1
    ref: Move ( Dining_Room ) Find ( person Dining_Room ) Move ( Bar ) Grasp ( filled_ketchup )
    nmt: Move ( Kitchen_Room ) Find ( person Kitchen_Room ) Move ( Bar ) Grasp ( Korean_Soup ) Move ( person )
2019-02-03 16:01:18.180122: I tensorflow/core/kernels/lookup_util.cc:376] Table trying to initialize from file /home/emlab/Desktop/syuuron/nmt/Noattention_PI_0.5PS_0.3PD_0.2_Noisy_model/Vocab.out is already initialized.
2019-02-03 16:01:18.180122: I tensorflow/core/kernels/lookup_util.cc:376] Table trying to initialize from file /home/emlab/Desktop/syuuron/nmt/Noattention_PI_0.5PS_0.3PD_0.2_Noisy_model/Vocab.in is already initialized.
2019-02-03 16:01:18.180122: I tensorflow/core/kernels/lookup_util.cc:376] Table trying to initialize from file /home/emlab/Desktop/syuuron/nmt/Noattention_PI_0.5PS_0.3PD_0.2_Noisy_model/Vocab.out is already initialized.
  loaded infer model parameters from /home/emlab/Desktop/syuuron/nmt/Noattention_PI_0.5PS_0.3PD_0.2_Noisy_model/translate.ckpt-5000, time 0.03s
# External evaluation, global step 5000
  decoding to output /home/emlab/Desktop/syuuron/nmt/Noattention_PI_0.5PS_0.3PD_0.2_Noisy_model/output_dev
  done, num sentences 2001, num translations per input 1, time 0s, Sun Feb  3 16:01:18 2019.
  bleu dev: 44.2
  saving hparams to /home/emlab/Desktop/syuuron/nmt/Noattention_PI_0.5PS_0.3PD_0.2_Noisy_model/hparams
# External evaluation, global step 5000
  decoding to output /home/emlab/Desktop/syuuron/nmt/Noattention_PI_0.5PS_0.3PD_0.2_Noisy_model/output_test
  done, num sentences 100, num translations per input 1, time 0s, Sun Feb  3 16:01:19 2019.
  bleu test: 14.0
  saving hparams to /home/emlab/Desktop/syuuron/nmt/Noattention_PI_0.5PS_0.3PD_0.2_Noisy_model/hparams
  step 5500 lr 1 step-time 0.07s wps 149.17K ppl 1.18 gN 2.44 bleu 44.17, Sun Feb  3 16:01:24 2019
--------------------------------------------------------------------------------------------
# Finished an epoch, step 5508. Perform external evaluation
2019-02-03 16:01:24.916587: I tensorflow/core/kernels/lookup_util.cc:376] Table trying to initialize from file /home/emlab/Desktop/syuuron/nmt/Noattention_PI_0.5PS_0.3PD_0.2_Noisy_model/Vocab.out is already initialized.
2019-02-03 16:01:24.916588: I tensorflow/core/kernels/lookup_util.cc:376] Table trying to initialize from file /home/emlab/Desktop/syuuron/nmt/Noattention_PI_0.5PS_0.3PD_0.2_Noisy_model/Vocab.out is already initialized.
2019-02-03 16:01:24.916587: I tensorflow/core/kernels/lookup_util.cc:376] Table trying to initialize from file /home/emlab/Desktop/syuuron/nmt/Noattention_PI_0.5PS_0.3PD_0.2_Noisy_model/Vocab.in is already initialized.
  loaded infer model parameters from /home/emlab/Desktop/syuuron/nmt/Noattention_PI_0.5PS_0.3PD_0.2_Noisy_model/translate.ckpt-5000, time 0.03s
  # 462
    src: AE AA0 M AA1 UH2 AE1 V AH2 UH2 M HH EY IH2 UW1 EH1 V OW IH0 UH1 OW S P R AH0 N EH1 IH0 UH1 K EH0 S AO0 D T EH1 K EY T IY UW1 D L AO1 G UH AA1 IH1 AE0 UH2 L ER0 AY0 T D AO UH T
    ref: Move ( Living_Sofa ) Find ( dog_doll Living_Sofa ) Grasp ( dog_doll )
    nmt: Move ( Sofa ) Find ( dog_doll Sofa ) Grasp ( dog_doll )
2019-02-03 16:01:24.968688: I tensorflow/core/kernels/lookup_util.cc:376] Table trying to initialize from file /home/emlab/Desktop/syuuron/nmt/Noattention_PI_0.5PS_0.3PD_0.2_Noisy_model/Vocab.in is already initialized.
2019-02-03 16:01:24.968688: I tensorflow/core/kernels/lookup_util.cc:376] Table trying to initialize from file /home/emlab/Desktop/syuuron/nmt/Noattention_PI_0.5PS_0.3PD_0.2_Noisy_model/Vocab.out is already initialized.
2019-02-03 16:01:24.968688: I tensorflow/core/kernels/lookup_util.cc:376] Table trying to initialize from file /home/emlab/Desktop/syuuron/nmt/Noattention_PI_0.5PS_0.3PD_0.2_Noisy_model/Vocab.out is already initialized.
  loaded infer model parameters from /home/emlab/Desktop/syuuron/nmt/Noattention_PI_0.5PS_0.3PD_0.2_Noisy_model/translate.ckpt-5000, time 0.03s
# External evaluation, global step 5000
  decoding to output /home/emlab/Desktop/syuuron/nmt/Noattention_PI_0.5PS_0.3PD_0.2_Noisy_model/output_dev
  done, num sentences 2001, num translations per input 1, time 0s, Sun Feb  3 16:01:25 2019.
  bleu dev: 44.2
  saving hparams to /home/emlab/Desktop/syuuron/nmt/Noattention_PI_0.5PS_0.3PD_0.2_Noisy_model/hparams
# External evaluation, global step 5000
  decoding to output /home/emlab/Desktop/syuuron/nmt/Noattention_PI_0.5PS_0.3PD_0.2_Noisy_model/output_test
  done, num sentences 100, num translations per input 1, time 0s, Sun Feb  3 16:01:25 2019.
  bleu test: 14.0
  saving hparams to /home/emlab/Desktop/syuuron/nmt/Noattention_PI_0.5PS_0.3PD_0.2_Noisy_model/hparams
--------------------------------------------------------------------------------------------
# Finished an epoch, step 5589. Perform external evaluation
2019-02-03 16:01:31.707590: I tensorflow/core/kernels/lookup_util.cc:376] Table trying to initialize from file /home/emlab/Desktop/syuuron/nmt/Noattention_PI_0.5PS_0.3PD_0.2_Noisy_model/Vocab.out is already initialized.
2019-02-03 16:01:31.707590: I tensorflow/core/kernels/lookup_util.cc:376] Table trying to initialize from file /home/emlab/Desktop/syuuron/nmt/Noattention_PI_0.5PS_0.3PD_0.2_Noisy_model/Vocab.out is already initialized.
2019-02-03 16:01:31.707681: I tensorflow/core/kernels/lookup_util.cc:376] Table trying to initialize from file /home/emlab/Desktop/syuuron/nmt/Noattention_PI_0.5PS_0.3PD_0.2_Noisy_model/Vocab.in is already initialized.
  loaded infer model parameters from /home/emlab/Desktop/syuuron/nmt/Noattention_PI_0.5PS_0.3PD_0.2_Noisy_model/translate.ckpt-5000, time 0.03s
  # 1938
    src: W G F T TH D AW2 TH AY1 SH N ER0 IH0 IY AW0 Y NG S OW1 F AH0 G IH1 S IH2 AA1 AH2 EH1 D EH F AA2 EY1 AW2 T TH N L SH V AH EH2 AW0 AW0 SH AH0 AH0 IY0 L AA1 OY1 AA2 AW2 T EY1 EH1 OW ER0 AA0 T W T HH ER Z
    ref: Move ( Dining_Sofa ) Grasp ( Red_Potato ) Move ( apartment )
    nmt: Move ( Dining_Sofa ) Find ( Blue_Potato Dining_Sofa ) Grasp ( Blue_Potato ) Move ( Blue_Potato )
2019-02-03 16:01:31.763295: I tensorflow/core/kernels/lookup_util.cc:376] Table trying to initialize from file /home/emlab/Desktop/syuuron/nmt/Noattention_PI_0.5PS_0.3PD_0.2_Noisy_model/Vocab.out is already initialized.
2019-02-03 16:01:31.763295: I tensorflow/core/kernels/lookup_util.cc:376] Table trying to initialize from file /home/emlab/Desktop/syuuron/nmt/Noattention_PI_0.5PS_0.3PD_0.2_Noisy_model/Vocab.in is already initialized.
2019-02-03 16:01:31.763300: I tensorflow/core/kernels/lookup_util.cc:376] Table trying to initialize from file /home/emlab/Desktop/syuuron/nmt/Noattention_PI_0.5PS_0.3PD_0.2_Noisy_model/Vocab.out is already initialized.
  loaded infer model parameters from /home/emlab/Desktop/syuuron/nmt/Noattention_PI_0.5PS_0.3PD_0.2_Noisy_model/translate.ckpt-5000, time 0.03s
# External evaluation, global step 5000
  decoding to output /home/emlab/Desktop/syuuron/nmt/Noattention_PI_0.5PS_0.3PD_0.2_Noisy_model/output_dev
  done, num sentences 2001, num translations per input 1, time 0s, Sun Feb  3 16:01:32 2019.
  bleu dev: 44.2
  saving hparams to /home/emlab/Desktop/syuuron/nmt/Noattention_PI_0.5PS_0.3PD_0.2_Noisy_model/hparams
# External evaluation, global step 5000
  decoding to output /home/emlab/Desktop/syuuron/nmt/Noattention_PI_0.5PS_0.3PD_0.2_Noisy_model/output_test
  done, num sentences 100, num translations per input 1, time 0s, Sun Feb  3 16:01:32 2019.
  bleu test: 14.0
  saving hparams to /home/emlab/Desktop/syuuron/nmt/Noattention_PI_0.5PS_0.3PD_0.2_Noisy_model/hparams
  step 5600 lr 1 step-time 0.07s wps 136.62K ppl 1.18 gN 2.57 bleu 44.17, Sun Feb  3 16:01:33 2019
--------------------------------------------------------------------------------------------
# Finished an epoch, step 5670. Perform external evaluation
2019-02-03 16:01:38.543394: I tensorflow/core/kernels/lookup_util.cc:376] Table trying to initialize from file /home/emlab/Desktop/syuuron/nmt/Noattention_PI_0.5PS_0.3PD_0.2_Noisy_model/Vocab.in is already initialized.
2019-02-03 16:01:38.543394: I tensorflow/core/kernels/lookup_util.cc:376] Table trying to initialize from file /home/emlab/Desktop/syuuron/nmt/Noattention_PI_0.5PS_0.3PD_0.2_Noisy_model/Vocab.out is already initialized.
2019-02-03 16:01:38.543394: I tensorflow/core/kernels/lookup_util.cc:376] Table trying to initialize from file /home/emlab/Desktop/syuuron/nmt/Noattention_PI_0.5PS_0.3PD_0.2_Noisy_model/Vocab.out is already initialized.
  loaded infer model parameters from /home/emlab/Desktop/syuuron/nmt/Noattention_PI_0.5PS_0.3PD_0.2_Noisy_model/translate.ckpt-5000, time 0.03s
  # 820
    src: AE0 EY0 M UW1 IH ER0 V T UW1 R OW1 OY Y UW0 DH TH AY OW0 Z S EH1 P OW1 AH0 N EH2 AO2 IH1 UW B AH0 T OW L R IH0 ER2 AE1 CH NG AA B EY EH2 L UH1 AO1 DH NG R AH0 IY1 T T Y DH AE2 AA0 N AO0 V M AH OW1 UW0 AE B F AO2 OY
    ref: Move ( Reception_Table ) Move ( Long_Potato ) Move ( HERE )
    nmt: Move ( Reception_Table ) Grasp ( Blue_Potato ) Move ( kitchen ) Move ( Living_Table )
2019-02-03 16:01:38.603344: I tensorflow/core/kernels/lookup_util.cc:376] Table trying to initialize from file /home/emlab/Desktop/syuuron/nmt/Noattention_PI_0.5PS_0.3PD_0.2_Noisy_model/Vocab.in is already initialized.
2019-02-03 16:01:38.603344: I tensorflow/core/kernels/lookup_util.cc:376] Table trying to initialize from file /home/emlab/Desktop/syuuron/nmt/Noattention_PI_0.5PS_0.3PD_0.2_Noisy_model/Vocab.out is already initialized.
2019-02-03 16:01:38.603344: I tensorflow/core/kernels/lookup_util.cc:376] Table trying to initialize from file /home/emlab/Desktop/syuuron/nmt/Noattention_PI_0.5PS_0.3PD_0.2_Noisy_model/Vocab.out is already initialized.
  loaded infer model parameters from /home/emlab/Desktop/syuuron/nmt/Noattention_PI_0.5PS_0.3PD_0.2_Noisy_model/translate.ckpt-5000, time 0.03s
# External evaluation, global step 5000
  decoding to output /home/emlab/Desktop/syuuron/nmt/Noattention_PI_0.5PS_0.3PD_0.2_Noisy_model/output_dev
  done, num sentences 2001, num translations per input 1, time 0s, Sun Feb  3 16:01:39 2019.
  bleu dev: 44.2
  saving hparams to /home/emlab/Desktop/syuuron/nmt/Noattention_PI_0.5PS_0.3PD_0.2_Noisy_model/hparams
# External evaluation, global step 5000
  decoding to output /home/emlab/Desktop/syuuron/nmt/Noattention_PI_0.5PS_0.3PD_0.2_Noisy_model/output_test
  done, num sentences 100, num translations per input 1, time 0s, Sun Feb  3 16:01:39 2019.
  bleu test: 14.0
  saving hparams to /home/emlab/Desktop/syuuron/nmt/Noattention_PI_0.5PS_0.3PD_0.2_Noisy_model/hparams
  step 5700 lr 1 step-time 0.07s wps 147.91K ppl 1.17 gN 2.48 bleu 44.17, Sun Feb  3 16:01:42 2019
--------------------------------------------------------------------------------------------
# Finished an epoch, step 5751. Perform external evaluation
2019-02-03 16:01:45.361916: I tensorflow/core/kernels/lookup_util.cc:376] Table trying to initialize from file /home/emlab/Desktop/syuuron/nmt/Noattention_PI_0.5PS_0.3PD_0.2_Noisy_model/Vocab.out is already initialized.
2019-02-03 16:01:45.361916: I tensorflow/core/kernels/lookup_util.cc:376] Table trying to initialize from file /home/emlab/Desktop/syuuron/nmt/Noattention_PI_0.5PS_0.3PD_0.2_Noisy_model/Vocab.in is already initialized.
2019-02-03 16:01:45.361953: I tensorflow/core/kernels/lookup_util.cc:376] Table trying to initialize from file /home/emlab/Desktop/syuuron/nmt/Noattention_PI_0.5PS_0.3PD_0.2_Noisy_model/Vocab.out is already initialized.
  loaded infer model parameters from /home/emlab/Desktop/syuuron/nmt/Noattention_PI_0.5PS_0.3PD_0.2_Noisy_model/translate.ckpt-5000, time 0.03s
  # 846
    src: G EY OW1 T AW1 IH1 V OW AA N AY1 IH0 R IH0 NG N R EY1 EY0 EH AH0 AE1 AY0 AE G AY1 L UH AO EH1 T AW AE1 OW G Y P AH0 G EY1 AA0 ZH UW2 OY2 AO Z IH0 AE0 AE1 AA0 EY1 T AW2 Z Z AO R EH2 AH1 AA1 AO1 UW0 IH1 EH0 V IH0 K AA1 W AE1 M EH1 TH AH1 OW2 IY0 UW1
    ref: Move (  Dining_Table  ) Find ( apple Dining_Table  ) Grasp ( apple ) Move ( Living_Room )
    nmt: Move ( Living_Table ) Find ( empty_plastic_bottle Living_Table ) Grasp ( empty_plastic_bottle ) Move ( lobby ) Move ( Side_Table )
2019-02-03 16:01:45.427426: I tensorflow/core/kernels/lookup_util.cc:376] Table trying to initialize from file /home/emlab/Desktop/syuuron/nmt/Noattention_PI_0.5PS_0.3PD_0.2_Noisy_model/Vocab.in is already initialized.
2019-02-03 16:01:45.427426: I tensorflow/core/kernels/lookup_util.cc:376] Table trying to initialize from file /home/emlab/Desktop/syuuron/nmt/Noattention_PI_0.5PS_0.3PD_0.2_Noisy_model/Vocab.out is already initialized.
2019-02-03 16:01:45.427426: I tensorflow/core/kernels/lookup_util.cc:376] Table trying to initialize from file /home/emlab/Desktop/syuuron/nmt/Noattention_PI_0.5PS_0.3PD_0.2_Noisy_model/Vocab.out is already initialized.
  loaded infer model parameters from /home/emlab/Desktop/syuuron/nmt/Noattention_PI_0.5PS_0.3PD_0.2_Noisy_model/translate.ckpt-5000, time 0.03s
# External evaluation, global step 5000
  decoding to output /home/emlab/Desktop/syuuron/nmt/Noattention_PI_0.5PS_0.3PD_0.2_Noisy_model/output_dev
  done, num sentences 2001, num translations per input 1, time 0s, Sun Feb  3 16:01:46 2019.
  bleu dev: 44.2
  saving hparams to /home/emlab/Desktop/syuuron/nmt/Noattention_PI_0.5PS_0.3PD_0.2_Noisy_model/hparams
# External evaluation, global step 5000
  decoding to output /home/emlab/Desktop/syuuron/nmt/Noattention_PI_0.5PS_0.3PD_0.2_Noisy_model/output_test
  done, num sentences 100, num translations per input 1, time 0s, Sun Feb  3 16:01:46 2019.
  bleu test: 14.0
  saving hparams to /home/emlab/Desktop/syuuron/nmt/Noattention_PI_0.5PS_0.3PD_0.2_Noisy_model/hparams
  step 5800 lr 1 step-time 0.07s wps 149.32K ppl 1.17 gN 2.53 bleu 44.17, Sun Feb  3 16:01:50 2019
--------------------------------------------------------------------------------------------
# Finished an epoch, step 5832. Perform external evaluation
2019-02-03 16:01:52.167662: I tensorflow/core/kernels/lookup_util.cc:376] Table trying to initialize from file /home/emlab/Desktop/syuuron/nmt/Noattention_PI_0.5PS_0.3PD_0.2_Noisy_model/Vocab.out is already initialized.
2019-02-03 16:01:52.167662: I tensorflow/core/kernels/lookup_util.cc:376] Table trying to initialize from file /home/emlab/Desktop/syuuron/nmt/Noattention_PI_0.5PS_0.3PD_0.2_Noisy_model/Vocab.in is already initialized.
2019-02-03 16:01:52.167662: I tensorflow/core/kernels/lookup_util.cc:376] Table trying to initialize from file /home/emlab/Desktop/syuuron/nmt/Noattention_PI_0.5PS_0.3PD_0.2_Noisy_model/Vocab.out is already initialized.
  loaded infer model parameters from /home/emlab/Desktop/syuuron/nmt/Noattention_PI_0.5PS_0.3PD_0.2_Noisy_model/translate.ckpt-5000, time 0.03s
  # 1795
    src: W AA1 D EH OW F EY0 P M ER1 V OW OW1 T N AE K D R AO UW1 OY1 EY2 AY IY2 AH ZH R AE1 S OW0 AW2 P SH OW0 D AH1 UW AE1 IY1 F IY0 P JH AY1 ER F JH OW IY2 OY0 UW1 N K L AO0 AA D EH1 IY0 AE K AH1 M B AY1 S AY2 K
    ref: Move ( bed_room ) Find ( Red_Tea bed_room Grasp ( Red_Tea )  Move ( HERE )
    nmt: Move ( bed_room ) Find ( ground_pepper bed_room Grasp ( ground_pepper ) Move ( HERE )
2019-02-03 16:01:52.226494: I tensorflow/core/kernels/lookup_util.cc:376] Table trying to initialize from file /home/emlab/Desktop/syuuron/nmt/Noattention_PI_0.5PS_0.3PD_0.2_Noisy_model/Vocab.out is already initialized.
2019-02-03 16:01:52.226494: I tensorflow/core/kernels/lookup_util.cc:376] Table trying to initialize from file /home/emlab/Desktop/syuuron/nmt/Noattention_PI_0.5PS_0.3PD_0.2_Noisy_model/Vocab.in is already initialized.
2019-02-03 16:01:52.226494: I tensorflow/core/kernels/lookup_util.cc:376] Table trying to initialize from file /home/emlab/Desktop/syuuron/nmt/Noattention_PI_0.5PS_0.3PD_0.2_Noisy_model/Vocab.out is already initialized.
  loaded infer model parameters from /home/emlab/Desktop/syuuron/nmt/Noattention_PI_0.5PS_0.3PD_0.2_Noisy_model/translate.ckpt-5000, time 0.03s
# External evaluation, global step 5000
  decoding to output /home/emlab/Desktop/syuuron/nmt/Noattention_PI_0.5PS_0.3PD_0.2_Noisy_model/output_dev
  done, num sentences 2001, num translations per input 1, time 0s, Sun Feb  3 16:01:52 2019.
  bleu dev: 44.2
  saving hparams to /home/emlab/Desktop/syuuron/nmt/Noattention_PI_0.5PS_0.3PD_0.2_Noisy_model/hparams
# External evaluation, global step 5000
  decoding to output /home/emlab/Desktop/syuuron/nmt/Noattention_PI_0.5PS_0.3PD_0.2_Noisy_model/output_test
  done, num sentences 100, num translations per input 1, time 0s, Sun Feb  3 16:01:53 2019.
  bleu test: 14.0
  saving hparams to /home/emlab/Desktop/syuuron/nmt/Noattention_PI_0.5PS_0.3PD_0.2_Noisy_model/hparams
  step 5900 lr 1 step-time 0.07s wps 148.18K ppl 1.17 gN 2.55 bleu 44.17, Sun Feb  3 16:01:58 2019
--------------------------------------------------------------------------------------------
# Finished an epoch, step 5913. Perform external evaluation
2019-02-03 16:01:58.988034: I tensorflow/core/kernels/lookup_util.cc:376] Table trying to initialize from file /home/emlab/Desktop/syuuron/nmt/Noattention_PI_0.5PS_0.3PD_0.2_Noisy_model/Vocab.out is already initialized.
2019-02-03 16:01:58.988034: I tensorflow/core/kernels/lookup_util.cc:376] Table trying to initialize from file /home/emlab/Desktop/syuuron/nmt/Noattention_PI_0.5PS_0.3PD_0.2_Noisy_model/Vocab.out is already initialized.
2019-02-03 16:01:58.988034: I tensorflow/core/kernels/lookup_util.cc:376] Table trying to initialize from file /home/emlab/Desktop/syuuron/nmt/Noattention_PI_0.5PS_0.3PD_0.2_Noisy_model/Vocab.in is already initialized.
  loaded infer model parameters from /home/emlab/Desktop/syuuron/nmt/Noattention_PI_0.5PS_0.3PD_0.2_Noisy_model/translate.ckpt-5000, time 0.03s
  # 1245
    src: G IY2 OW1 T B IH DH UW2 V UH0 IH1 W OW1 OW2 EH0 CH AH0 Z EY AE0 Z JH IH0 AA2 S SH T ER2 G ER0 R UH1 EY1 EH1 AO1 UH EH ER1 AH0 UH0 IY1 N IH0 D IH2 EH P AA1 ZH AO2 EY0 NG AW AH0 P AA ER1 UH2 JH EY OW1 G AH AY S Y N IH1 R B AW2 V B SH AH AY2 IH1 NG IH1 IH1 T N UH0 IH AE1 AH P V IH0 EY2 AY2 AH1 NG EY1 AH0
    ref: Move ( Visitor_Room ) Find ( person Visitor_Room ) Move ( Living_Table ) Grasp ( Chip_Star )  Move ( person )
    nmt: Move ( Living_Room ) Find ( person Living_Room ) Move ( Living_Sofa ) Grasp ( Brown_Tea )
2019-02-03 16:01:59.054991: I tensorflow/core/kernels/lookup_util.cc:376] Table trying to initialize from file /home/emlab/Desktop/syuuron/nmt/Noattention_PI_0.5PS_0.3PD_0.2_Noisy_model/Vocab.out is already initialized.
2019-02-03 16:01:59.054991: I tensorflow/core/kernels/lookup_util.cc:376] Table trying to initialize from file /home/emlab/Desktop/syuuron/nmt/Noattention_PI_0.5PS_0.3PD_0.2_Noisy_model/Vocab.in is already initialized.
2019-02-03 16:01:59.054991: I tensorflow/core/kernels/lookup_util.cc:376] Table trying to initialize from file /home/emlab/Desktop/syuuron/nmt/Noattention_PI_0.5PS_0.3PD_0.2_Noisy_model/Vocab.out is already initialized.
  loaded infer model parameters from /home/emlab/Desktop/syuuron/nmt/Noattention_PI_0.5PS_0.3PD_0.2_Noisy_model/translate.ckpt-5000, time 0.03s
# External evaluation, global step 5000
  decoding to output /home/emlab/Desktop/syuuron/nmt/Noattention_PI_0.5PS_0.3PD_0.2_Noisy_model/output_dev
  done, num sentences 2001, num translations per input 1, time 0s, Sun Feb  3 16:01:59 2019.
  bleu dev: 44.2
  saving hparams to /home/emlab/Desktop/syuuron/nmt/Noattention_PI_0.5PS_0.3PD_0.2_Noisy_model/hparams
# External evaluation, global step 5000
  decoding to output /home/emlab/Desktop/syuuron/nmt/Noattention_PI_0.5PS_0.3PD_0.2_Noisy_model/output_test
  done, num sentences 100, num translations per input 1, time 0s, Sun Feb  3 16:02:00 2019.
  bleu test: 14.0
  saving hparams to /home/emlab/Desktop/syuuron/nmt/Noattention_PI_0.5PS_0.3PD_0.2_Noisy_model/hparams
--------------------------------------------------------------------------------------------
# Finished an epoch, step 5994. Perform external evaluation
2019-02-03 16:02:05.900885: I tensorflow/core/kernels/lookup_util.cc:376] Table trying to initialize from file /home/emlab/Desktop/syuuron/nmt/Noattention_PI_0.5PS_0.3PD_0.2_Noisy_model/Vocab.out is already initialized.
2019-02-03 16:02:05.900885: I tensorflow/core/kernels/lookup_util.cc:376] Table trying to initialize from file /home/emlab/Desktop/syuuron/nmt/Noattention_PI_0.5PS_0.3PD_0.2_Noisy_model/Vocab.in is already initialized.
2019-02-03 16:02:05.900885: I tensorflow/core/kernels/lookup_util.cc:376] Table trying to initialize from file /home/emlab/Desktop/syuuron/nmt/Noattention_PI_0.5PS_0.3PD_0.2_Noisy_model/Vocab.out is already initialized.
  loaded infer model parameters from /home/emlab/Desktop/syuuron/nmt/Noattention_PI_0.5PS_0.3PD_0.2_Noisy_model/translate.ckpt-5000, time 0.03s
  # 1661
    src: G AW0 OW1 AH N NG UH1 AY2 HH OW1 IY IH0 UW1 UH1 ER AY0 N EH1 K S T UH2 R OW0 AA F DH D AA2 IY1 CH IH1 S T T EY1 AH1 K UH0
    ref: Move (  kitchen  ) Find ( Chip_Star kitchen  ) Grasp ( Chip_Star ) 
    nmt: Move ( Living_Room ) Find ( toy_car Living_Room ) Grasp ( toy_car )
2019-02-03 16:02:05.952268: I tensorflow/core/kernels/lookup_util.cc:376] Table trying to initialize from file /home/emlab/Desktop/syuuron/nmt/Noattention_PI_0.5PS_0.3PD_0.2_Noisy_model/Vocab.in is already initialized.
2019-02-03 16:02:05.952269: I tensorflow/core/kernels/lookup_util.cc:376] Table trying to initialize from file /home/emlab/Desktop/syuuron/nmt/Noattention_PI_0.5PS_0.3PD_0.2_Noisy_model/Vocab.out is already initialized.
2019-02-03 16:02:05.952268: I tensorflow/core/kernels/lookup_util.cc:376] Table trying to initialize from file /home/emlab/Desktop/syuuron/nmt/Noattention_PI_0.5PS_0.3PD_0.2_Noisy_model/Vocab.out is already initialized.
  loaded infer model parameters from /home/emlab/Desktop/syuuron/nmt/Noattention_PI_0.5PS_0.3PD_0.2_Noisy_model/translate.ckpt-5000, time 0.03s
# External evaluation, global step 5000
  decoding to output /home/emlab/Desktop/syuuron/nmt/Noattention_PI_0.5PS_0.3PD_0.2_Noisy_model/output_dev
  done, num sentences 2001, num translations per input 1, time 0s, Sun Feb  3 16:02:06 2019.
  bleu dev: 44.2
  saving hparams to /home/emlab/Desktop/syuuron/nmt/Noattention_PI_0.5PS_0.3PD_0.2_Noisy_model/hparams
# External evaluation, global step 5000
  decoding to output /home/emlab/Desktop/syuuron/nmt/Noattention_PI_0.5PS_0.3PD_0.2_Noisy_model/output_test
  done, num sentences 100, num translations per input 1, time 0s, Sun Feb  3 16:02:06 2019.
  bleu test: 14.0
  saving hparams to /home/emlab/Desktop/syuuron/nmt/Noattention_PI_0.5PS_0.3PD_0.2_Noisy_model/hparams
  step 6000 lr 1 step-time 0.07s wps 136.87K ppl 1.17 gN 2.77 bleu 44.17, Sun Feb  3 16:02:07 2019
# Save eval, global step 6000
2019-02-03 16:02:07.943852: I tensorflow/core/kernels/lookup_util.cc:376] Table trying to initialize from file /home/emlab/Desktop/syuuron/nmt/Noattention_PI_0.5PS_0.3PD_0.2_Noisy_model/Vocab.out is already initialized.
2019-02-03 16:02:07.943879: I tensorflow/core/kernels/lookup_util.cc:376] Table trying to initialize from file /home/emlab/Desktop/syuuron/nmt/Noattention_PI_0.5PS_0.3PD_0.2_Noisy_model/Vocab.out is already initialized.
2019-02-03 16:02:07.943870: I tensorflow/core/kernels/lookup_util.cc:376] Table trying to initialize from file /home/emlab/Desktop/syuuron/nmt/Noattention_PI_0.5PS_0.3PD_0.2_Noisy_model/Vocab.in is already initialized.
  loaded infer model parameters from /home/emlab/Desktop/syuuron/nmt/Noattention_PI_0.5PS_0.3PD_0.2_Noisy_model/translate.ckpt-6000, time 0.03s
  # 146
    src: V AA M M UW1 P IY T N V N AW0 AY1 N EY2 K AH1 IH1 NG SH AE2 T Y NG IY2 B AH0 N D EY2 EH0 SH IH1 UW1 OY1 EH1 IH0 EH2 T ER JH IY DH TH AA0 UW1 OW0 OW K AY1 L AY1 HH B Z AW2 K G IH1 AA
    ref: Move ( Dining_Table ) Find ( cubic_clock Dining_Table ) Grasp ( cubic_clock )
    nmt: Move ( Living_Table ) Find ( Seafood_Noodle Living_Table ) Grasp ( Seafood_Noodle )
2019-02-03 16:02:07.999976: I tensorflow/core/kernels/lookup_util.cc:376] Table trying to initialize from file /home/emlab/Desktop/syuuron/nmt/Noattention_PI_0.5PS_0.3PD_0.2_Noisy_model/Vocab.in is already initialized.
2019-02-03 16:02:07.999976: I tensorflow/core/kernels/lookup_util.cc:376] Table trying to initialize from file /home/emlab/Desktop/syuuron/nmt/Noattention_PI_0.5PS_0.3PD_0.2_Noisy_model/Vocab.out is already initialized.
2019-02-03 16:02:07.999983: I tensorflow/core/kernels/lookup_util.cc:376] Table trying to initialize from file /home/emlab/Desktop/syuuron/nmt/Noattention_PI_0.5PS_0.3PD_0.2_Noisy_model/Vocab.out is already initialized.
  loaded eval model parameters from /home/emlab/Desktop/syuuron/nmt/Noattention_PI_0.5PS_0.3PD_0.2_Noisy_model/translate.ckpt-6000, time 0.03s
  eval dev: perplexity 1.65, time 0s, Sun Feb  3 16:02:08 2019.
  eval test: perplexity 4.35, time 0s, Sun Feb  3 16:02:08 2019.
--------------------------------------------------------------------------------------------
# Finished an epoch, step 6075. Perform external evaluation
2019-02-03 16:02:13.682378: I tensorflow/core/kernels/lookup_util.cc:376] Table trying to initialize from file /home/emlab/Desktop/syuuron/nmt/Noattention_PI_0.5PS_0.3PD_0.2_Noisy_model/Vocab.out is already initialized.
2019-02-03 16:02:13.682378: I tensorflow/core/kernels/lookup_util.cc:376] Table trying to initialize from file /home/emlab/Desktop/syuuron/nmt/Noattention_PI_0.5PS_0.3PD_0.2_Noisy_model/Vocab.in is already initialized.
2019-02-03 16:02:13.682378: I tensorflow/core/kernels/lookup_util.cc:376] Table trying to initialize from file /home/emlab/Desktop/syuuron/nmt/Noattention_PI_0.5PS_0.3PD_0.2_Noisy_model/Vocab.out is already initialized.
  loaded infer model parameters from /home/emlab/Desktop/syuuron/nmt/Noattention_PI_0.5PS_0.3PD_0.2_Noisy_model/translate.ckpt-6000, time 0.03s
  # 773
    src: AE1 IY1 OY2 HH IY0 N D AY Z R EH0 T AO IH1 EY2 Y V OY1 IH0 Z W AH2 G EY1 OW1 EH2 M B AH0 L EY AH1 EY1 ER K AW1 D R ER2 EH1 D AA AW2 R IY G EY0 AH0 EH0 T UW AE1 EY1 AO2 IY0 OW2 W AA2 IH1 AY2 V DH AY1 SH AH0 OW1 AH0 P AA1 ER2 R TH EY1 DH IY2 IY AE1 N AE1 T P ZH EH EY2 AO0 IY1 Z
    ref: Move ( Living_Table ) Grasp ( Red_Potato ) Move ( apartment )
    nmt: Move ( Living_Table ) Grasp ( Green_Tea ) Move ( apartment )
2019-02-03 16:02:13.740835: I tensorflow/core/kernels/lookup_util.cc:376] Table trying to initialize from file /home/emlab/Desktop/syuuron/nmt/Noattention_PI_0.5PS_0.3PD_0.2_Noisy_model/Vocab.out is already initialized.
2019-02-03 16:02:13.740835: I tensorflow/core/kernels/lookup_util.cc:376] Table trying to initialize from file /home/emlab/Desktop/syuuron/nmt/Noattention_PI_0.5PS_0.3PD_0.2_Noisy_model/Vocab.in is already initialized.
2019-02-03 16:02:13.740835: I tensorflow/core/kernels/lookup_util.cc:376] Table trying to initialize from file /home/emlab/Desktop/syuuron/nmt/Noattention_PI_0.5PS_0.3PD_0.2_Noisy_model/Vocab.out is already initialized.
  loaded infer model parameters from /home/emlab/Desktop/syuuron/nmt/Noattention_PI_0.5PS_0.3PD_0.2_Noisy_model/translate.ckpt-6000, time 0.03s
# External evaluation, global step 6000
  decoding to output /home/emlab/Desktop/syuuron/nmt/Noattention_PI_0.5PS_0.3PD_0.2_Noisy_model/output_dev
  done, num sentences 2001, num translations per input 1, time 0s, Sun Feb  3 16:02:14 2019.
  bleu dev: 44.4
  saving hparams to /home/emlab/Desktop/syuuron/nmt/Noattention_PI_0.5PS_0.3PD_0.2_Noisy_model/hparams
# External evaluation, global step 6000
  decoding to output /home/emlab/Desktop/syuuron/nmt/Noattention_PI_0.5PS_0.3PD_0.2_Noisy_model/output_test
  done, num sentences 100, num translations per input 1, time 0s, Sun Feb  3 16:02:14 2019.
  bleu test: 16.3
  saving hparams to /home/emlab/Desktop/syuuron/nmt/Noattention_PI_0.5PS_0.3PD_0.2_Noisy_model/hparams
  step 6100 lr 1 step-time 0.07s wps 148.59K ppl 1.16 gN 2.55 bleu 44.41, Sun Feb  3 16:02:16 2019
--------------------------------------------------------------------------------------------
# Finished an epoch, step 6156. Perform external evaluation
2019-02-03 16:02:20.503989: I tensorflow/core/kernels/lookup_util.cc:376] Table trying to initialize from file /home/emlab/Desktop/syuuron/nmt/Noattention_PI_0.5PS_0.3PD_0.2_Noisy_model/Vocab.out is already initialized.
2019-02-03 16:02:20.503989: I tensorflow/core/kernels/lookup_util.cc:376] Table trying to initialize from file /home/emlab/Desktop/syuuron/nmt/Noattention_PI_0.5PS_0.3PD_0.2_Noisy_model/Vocab.out is already initialized.
2019-02-03 16:02:20.503990: I tensorflow/core/kernels/lookup_util.cc:376] Table trying to initialize from file /home/emlab/Desktop/syuuron/nmt/Noattention_PI_0.5PS_0.3PD_0.2_Noisy_model/Vocab.in is already initialized.
  loaded infer model parameters from /home/emlab/Desktop/syuuron/nmt/Noattention_PI_0.5PS_0.3PD_0.2_Noisy_model/translate.ckpt-6000, time 0.03s
  # 574
    src: AW1 W Y UH1 IH2 OY UW1 Z L IH1 AO IH2 G ER0 EH0 IH0 EH1 T AH ZH AW F AH1 S P TH SH AH0 N T AO2 L M UW1 V IH2 T UW1 UW1 L G AA1 IH1 IH ER AO1 AY1 IY1 UW0 OW1 AA0 EY1 AO1 OY2 OW1 AH2 F AY0 ER TH AH0 T B G AH N AE UW1 EY2 AO2 AO1 R AH0 AY2 EY2 AY2 ER0
    ref: Move ( Reception_Table ) Find ( cigarette Reception_Table ) Move ( Living_Sofa ) Move ( Corridor )
    nmt: Move ( Kitchen_Table ) Move ( Living_Sofa ) Find ( bell_pepper Kitchen_Table ) Grasp ( bell_pepper ) Move ( HERE )
2019-02-03 16:02:20.567217: I tensorflow/core/kernels/lookup_util.cc:376] Table trying to initialize from file /home/emlab/Desktop/syuuron/nmt/Noattention_PI_0.5PS_0.3PD_0.2_Noisy_model/Vocab.out is already initialized.
2019-02-03 16:02:20.567217: I tensorflow/core/kernels/lookup_util.cc:376] Table trying to initialize from file /home/emlab/Desktop/syuuron/nmt/Noattention_PI_0.5PS_0.3PD_0.2_Noisy_model/Vocab.out is already initialized.
2019-02-03 16:02:20.567217: I tensorflow/core/kernels/lookup_util.cc:376] Table trying to initialize from file /home/emlab/Desktop/syuuron/nmt/Noattention_PI_0.5PS_0.3PD_0.2_Noisy_model/Vocab.in is already initialized.
  loaded infer model parameters from /home/emlab/Desktop/syuuron/nmt/Noattention_PI_0.5PS_0.3PD_0.2_Noisy_model/translate.ckpt-6000, time 0.03s
# External evaluation, global step 6000
  decoding to output /home/emlab/Desktop/syuuron/nmt/Noattention_PI_0.5PS_0.3PD_0.2_Noisy_model/output_dev
  done, num sentences 2001, num translations per input 1, time 0s, Sun Feb  3 16:02:21 2019.
  bleu dev: 44.4
  saving hparams to /home/emlab/Desktop/syuuron/nmt/Noattention_PI_0.5PS_0.3PD_0.2_Noisy_model/hparams
# External evaluation, global step 6000
  decoding to output /home/emlab/Desktop/syuuron/nmt/Noattention_PI_0.5PS_0.3PD_0.2_Noisy_model/output_test
  done, num sentences 100, num translations per input 1, time 0s, Sun Feb  3 16:02:21 2019.
  bleu test: 16.3
  saving hparams to /home/emlab/Desktop/syuuron/nmt/Noattention_PI_0.5PS_0.3PD_0.2_Noisy_model/hparams
  step 6200 lr 1 step-time 0.07s wps 148.91K ppl 1.15 gN 2.48 bleu 44.41, Sun Feb  3 16:02:24 2019
--------------------------------------------------------------------------------------------
# Finished an epoch, step 6237. Perform external evaluation
2019-02-03 16:02:27.308150: I tensorflow/core/kernels/lookup_util.cc:376] Table trying to initialize from file /home/emlab/Desktop/syuuron/nmt/Noattention_PI_0.5PS_0.3PD_0.2_Noisy_model/Vocab.in is already initialized.
2019-02-03 16:02:27.308150: I tensorflow/core/kernels/lookup_util.cc:376] Table trying to initialize from file /home/emlab/Desktop/syuuron/nmt/Noattention_PI_0.5PS_0.3PD_0.2_Noisy_model/Vocab.out is already initialized.
2019-02-03 16:02:27.308150: I tensorflow/core/kernels/lookup_util.cc:376] Table trying to initialize from file /home/emlab/Desktop/syuuron/nmt/Noattention_PI_0.5PS_0.3PD_0.2_Noisy_model/Vocab.out is already initialized.
  loaded infer model parameters from /home/emlab/Desktop/syuuron/nmt/Noattention_PI_0.5PS_0.3PD_0.2_Noisy_model/translate.ckpt-6000, time 0.03s
  # 629
    src: G NG IH1 S AA1 T W AO1 V B OW2 IH1 IH0 OY EY2 ER0 OY1 AE2 L UW1 R JH M IY IH2 Z T UH EY EY1 EH1 AY OW2 CH EY P DH T R P UH1 AE0 UH EH2 T S T IH0 EY AY2 G ER1 AO1 AO0 IH1 Y AA1 R IH1 L EY2 AE1 F AY2 AH2 AO0 AH2
    ref: Move ( Visitor_Room ) Find ( Chip_Star Visitor_Room ) Grasp ( Chip_Star ) Move ( Bar ) Place ( Chip_Star Bar )
    nmt: Move ( Kitchen_Room ) Find ( Red_Potato Kitchen_Room ) Grasp ( Red_Potato ) Move ( Bar ) Find ( Red_Potato Bar ) Grasp ( Red_Potato ) Move ( bed_room )
2019-02-03 16:02:27.373542: I tensorflow/core/kernels/lookup_util.cc:376] Table trying to initialize from file /home/emlab/Desktop/syuuron/nmt/Noattention_PI_0.5PS_0.3PD_0.2_Noisy_model/Vocab.in is already initialized.
2019-02-03 16:02:27.373566: I tensorflow/core/kernels/lookup_util.cc:376] Table trying to initialize from file /home/emlab/Desktop/syuuron/nmt/Noattention_PI_0.5PS_0.3PD_0.2_Noisy_model/Vocab.out is already initialized.
2019-02-03 16:02:27.373567: I tensorflow/core/kernels/lookup_util.cc:376] Table trying to initialize from file /home/emlab/Desktop/syuuron/nmt/Noattention_PI_0.5PS_0.3PD_0.2_Noisy_model/Vocab.out is already initialized.
  loaded infer model parameters from /home/emlab/Desktop/syuuron/nmt/Noattention_PI_0.5PS_0.3PD_0.2_Noisy_model/translate.ckpt-6000, time 0.03s
# External evaluation, global step 6000
  decoding to output /home/emlab/Desktop/syuuron/nmt/Noattention_PI_0.5PS_0.3PD_0.2_Noisy_model/output_dev
  done, num sentences 2001, num translations per input 1, time 0s, Sun Feb  3 16:02:28 2019.
  bleu dev: 44.4
  saving hparams to /home/emlab/Desktop/syuuron/nmt/Noattention_PI_0.5PS_0.3PD_0.2_Noisy_model/hparams
# External evaluation, global step 6000
  decoding to output /home/emlab/Desktop/syuuron/nmt/Noattention_PI_0.5PS_0.3PD_0.2_Noisy_model/output_test
  done, num sentences 100, num translations per input 1, time 0s, Sun Feb  3 16:02:28 2019.
  bleu test: 16.3
  saving hparams to /home/emlab/Desktop/syuuron/nmt/Noattention_PI_0.5PS_0.3PD_0.2_Noisy_model/hparams
  step 6300 lr 1 step-time 0.07s wps 148.29K ppl 1.15 gN 2.54 bleu 44.41, Sun Feb  3 16:02:32 2019
--------------------------------------------------------------------------------------------
# Finished an epoch, step 6318. Perform external evaluation
2019-02-03 16:02:34.148224: I tensorflow/core/kernels/lookup_util.cc:376] Table trying to initialize from file /home/emlab/Desktop/syuuron/nmt/Noattention_PI_0.5PS_0.3PD_0.2_Noisy_model/Vocab.out is already initialized.
2019-02-03 16:02:34.148224: I tensorflow/core/kernels/lookup_util.cc:376] Table trying to initialize from file /home/emlab/Desktop/syuuron/nmt/Noattention_PI_0.5PS_0.3PD_0.2_Noisy_model/Vocab.out is already initialized.
2019-02-03 16:02:34.148226: I tensorflow/core/kernels/lookup_util.cc:376] Table trying to initialize from file /home/emlab/Desktop/syuuron/nmt/Noattention_PI_0.5PS_0.3PD_0.2_Noisy_model/Vocab.in is already initialized.
  loaded infer model parameters from /home/emlab/Desktop/syuuron/nmt/Noattention_PI_0.5PS_0.3PD_0.2_Noisy_model/translate.ckpt-6000, time 0.03s
  # 425
    src: OW1 T EY2 OY1 OY1 ER2 UW1 S OY2 AY2 OW1 AH0 AE1 AH0 G UH1 S UH2 P S AA IH1 K P UW0 JH AW2 AH0 T AY1 AH0 AH1 OY0 R S ER0 AE2 OW2 AH1 IY1 V AO0 DH AW0 IH AH0 EH G EH2 SH R UW0 T M AH0 N IH1 T EH W IY1 Z
    ref: Move ( Sofa ) Grasp ( Stick_Potato ) Move ( apartment )
    nmt: Move ( Sofa ) Grasp ( toy_penguin ) Move ( apartment )
2019-02-03 16:02:34.201673: I tensorflow/core/kernels/lookup_util.cc:376] Table trying to initialize from file /home/emlab/Desktop/syuuron/nmt/Noattention_PI_0.5PS_0.3PD_0.2_Noisy_model/Vocab.out is already initialized.
2019-02-03 16:02:34.201673: I tensorflow/core/kernels/lookup_util.cc:376] Table trying to initialize from file /home/emlab/Desktop/syuuron/nmt/Noattention_PI_0.5PS_0.3PD_0.2_Noisy_model/Vocab.out is already initialized.
2019-02-03 16:02:34.201673: I tensorflow/core/kernels/lookup_util.cc:376] Table trying to initialize from file /home/emlab/Desktop/syuuron/nmt/Noattention_PI_0.5PS_0.3PD_0.2_Noisy_model/Vocab.in is already initialized.
  loaded infer model parameters from /home/emlab/Desktop/syuuron/nmt/Noattention_PI_0.5PS_0.3PD_0.2_Noisy_model/translate.ckpt-6000, time 0.03s
# External evaluation, global step 6000
  decoding to output /home/emlab/Desktop/syuuron/nmt/Noattention_PI_0.5PS_0.3PD_0.2_Noisy_model/output_dev
  done, num sentences 2001, num translations per input 1, time 0s, Sun Feb  3 16:02:34 2019.
  bleu dev: 44.4
  saving hparams to /home/emlab/Desktop/syuuron/nmt/Noattention_PI_0.5PS_0.3PD_0.2_Noisy_model/hparams
# External evaluation, global step 6000
  decoding to output /home/emlab/Desktop/syuuron/nmt/Noattention_PI_0.5PS_0.3PD_0.2_Noisy_model/output_test
  done, num sentences 100, num translations per input 1, time 0s, Sun Feb  3 16:02:35 2019.
  bleu test: 16.3
  saving hparams to /home/emlab/Desktop/syuuron/nmt/Noattention_PI_0.5PS_0.3PD_0.2_Noisy_model/hparams
--------------------------------------------------------------------------------------------
# Finished an epoch, step 6399. Perform external evaluation
2019-02-03 16:02:40.983016: I tensorflow/core/kernels/lookup_util.cc:376] Table trying to initialize from file /home/emlab/Desktop/syuuron/nmt/Noattention_PI_0.5PS_0.3PD_0.2_Noisy_model/Vocab.in is already initialized.
2019-02-03 16:02:40.983020: I tensorflow/core/kernels/lookup_util.cc:376] Table trying to initialize from file /home/emlab/Desktop/syuuron/nmt/Noattention_PI_0.5PS_0.3PD_0.2_Noisy_model/Vocab.out is already initialized.
2019-02-03 16:02:40.983020: I tensorflow/core/kernels/lookup_util.cc:376] Table trying to initialize from file /home/emlab/Desktop/syuuron/nmt/Noattention_PI_0.5PS_0.3PD_0.2_Noisy_model/Vocab.out is already initialized.
  loaded infer model parameters from /home/emlab/Desktop/syuuron/nmt/Noattention_PI_0.5PS_0.3PD_0.2_Noisy_model/translate.ckpt-6000, time 0.03s
  # 1372
    src: ER1 AY1 AH UW1 AE2 AW0 V ER1 T TH IH1 CH AH0 AY2 JH AH2 N EH L B AH0 EY2 JH ZH EH N K AY2 AE ZH S AY0 OW2 AH L M OY1 UW2 OY IY2 T N EY0 L TH UH2 Z AO1 NG NG AY1 F P IH1 Y L EH1 UW0 AH0 OW2 IY0 EH2 T Y EY2 AW B EY UW2 R ZH IH2 T
    ref: Move ( Kitchen_Table ) Find ( Long_Potato Kitchen_Table ) Grasp ( Long_Potato )
    nmt: Move ( Kitchen_Table ) Find ( Onion_Dressing Kitchen_Table ) Grasp ( Onion_Dressing )
2019-02-03 16:02:41.043197: I tensorflow/core/kernels/lookup_util.cc:376] Table trying to initialize from file /home/emlab/Desktop/syuuron/nmt/Noattention_PI_0.5PS_0.3PD_0.2_Noisy_model/Vocab.out is already initialized.
2019-02-03 16:02:41.043197: I tensorflow/core/kernels/lookup_util.cc:376] Table trying to initialize from file /home/emlab/Desktop/syuuron/nmt/Noattention_PI_0.5PS_0.3PD_0.2_Noisy_model/Vocab.out is already initialized.
2019-02-03 16:02:41.043197: I tensorflow/core/kernels/lookup_util.cc:376] Table trying to initialize from file /home/emlab/Desktop/syuuron/nmt/Noattention_PI_0.5PS_0.3PD_0.2_Noisy_model/Vocab.in is already initialized.
  loaded infer model parameters from /home/emlab/Desktop/syuuron/nmt/Noattention_PI_0.5PS_0.3PD_0.2_Noisy_model/translate.ckpt-6000, time 0.03s
# External evaluation, global step 6000
  decoding to output /home/emlab/Desktop/syuuron/nmt/Noattention_PI_0.5PS_0.3PD_0.2_Noisy_model/output_dev
  done, num sentences 2001, num translations per input 1, time 0s, Sun Feb  3 16:02:41 2019.
  bleu dev: 44.4
  saving hparams to /home/emlab/Desktop/syuuron/nmt/Noattention_PI_0.5PS_0.3PD_0.2_Noisy_model/hparams
# External evaluation, global step 6000
  decoding to output /home/emlab/Desktop/syuuron/nmt/Noattention_PI_0.5PS_0.3PD_0.2_Noisy_model/output_test
  done, num sentences 100, num translations per input 1, time 0s, Sun Feb  3 16:02:42 2019.
  bleu test: 16.3
  saving hparams to /home/emlab/Desktop/syuuron/nmt/Noattention_PI_0.5PS_0.3PD_0.2_Noisy_model/hparams
  step 6400 lr 1 step-time 0.07s wps 138.45K ppl 1.15 gN 2.64 bleu 44.41, Sun Feb  3 16:02:42 2019
--------------------------------------------------------------------------------------------
# Finished an epoch, step 6480. Perform external evaluation
2019-02-03 16:02:47.811115: I tensorflow/core/kernels/lookup_util.cc:376] Table trying to initialize from file /home/emlab/Desktop/syuuron/nmt/Noattention_PI_0.5PS_0.3PD_0.2_Noisy_model/Vocab.out is already initialized.
2019-02-03 16:02:47.811115: I tensorflow/core/kernels/lookup_util.cc:376] Table trying to initialize from file /home/emlab/Desktop/syuuron/nmt/Noattention_PI_0.5PS_0.3PD_0.2_Noisy_model/Vocab.in is already initialized.
2019-02-03 16:02:47.811115: I tensorflow/core/kernels/lookup_util.cc:376] Table trying to initialize from file /home/emlab/Desktop/syuuron/nmt/Noattention_PI_0.5PS_0.3PD_0.2_Noisy_model/Vocab.out is already initialized.
  loaded infer model parameters from /home/emlab/Desktop/syuuron/nmt/Noattention_PI_0.5PS_0.3PD_0.2_Noisy_model/translate.ckpt-6000, time 0.03s
  # 176
    src: OW2 D G W OW1 JH T OW2 UH0 UH0 UW1 CH AE K AO1 R AE AH0 AH1 D ER0 L T N UH2 OY0 AH0 P ER1 AE0 TH OY1 B M N B T TH OY2 R AO1 W NG AO EY2 EY2 CH IY OW2 OW IH0 AY0 EY0 S AE0 EH UH2 Y UH2 UW1 UH1 F UW1 B AO0 N AH1 M S UH AY1 OW D T B UW
    ref: Move ( Corridor ) Find ( person Corridor ) Move ( Side_Table ) Grasp ( rubik's_cube )
    nmt: Move ( kitchen ) Find ( person kitchen ) Move ( Kitchen_Table ) Grasp ( Stick_Potato )
2019-02-03 16:02:47.871220: I tensorflow/core/kernels/lookup_util.cc:376] Table trying to initialize from file /home/emlab/Desktop/syuuron/nmt/Noattention_PI_0.5PS_0.3PD_0.2_Noisy_model/Vocab.in is already initialized.
2019-02-03 16:02:47.871237: I tensorflow/core/kernels/lookup_util.cc:376] Table trying to initialize from file /home/emlab/Desktop/syuuron/nmt/Noattention_PI_0.5PS_0.3PD_0.2_Noisy_model/Vocab.out is already initialized.
2019-02-03 16:02:47.871240: I tensorflow/core/kernels/lookup_util.cc:376] Table trying to initialize from file /home/emlab/Desktop/syuuron/nmt/Noattention_PI_0.5PS_0.3PD_0.2_Noisy_model/Vocab.out is already initialized.
  loaded infer model parameters from /home/emlab/Desktop/syuuron/nmt/Noattention_PI_0.5PS_0.3PD_0.2_Noisy_model/translate.ckpt-6000, time 0.03s
# External evaluation, global step 6000
  decoding to output /home/emlab/Desktop/syuuron/nmt/Noattention_PI_0.5PS_0.3PD_0.2_Noisy_model/output_dev
  done, num sentences 2001, num translations per input 1, time 0s, Sun Feb  3 16:02:48 2019.
  bleu dev: 44.4
  saving hparams to /home/emlab/Desktop/syuuron/nmt/Noattention_PI_0.5PS_0.3PD_0.2_Noisy_model/hparams
# External evaluation, global step 6000
  decoding to output /home/emlab/Desktop/syuuron/nmt/Noattention_PI_0.5PS_0.3PD_0.2_Noisy_model/output_test
  done, num sentences 100, num translations per input 1, time 0s, Sun Feb  3 16:02:48 2019.
  bleu test: 16.3
  saving hparams to /home/emlab/Desktop/syuuron/nmt/Noattention_PI_0.5PS_0.3PD_0.2_Noisy_model/hparams
  step 6500 lr 1 step-time 0.07s wps 146.38K ppl 1.15 gN 2.60 bleu 44.41, Sun Feb  3 16:02:50 2019
--------------------------------------------------------------------------------------------
# Finished an epoch, step 6561. Perform external evaluation
2019-02-03 16:02:54.654447: I tensorflow/core/kernels/lookup_util.cc:376] Table trying to initialize from file /home/emlab/Desktop/syuuron/nmt/Noattention_PI_0.5PS_0.3PD_0.2_Noisy_model/Vocab.out is already initialized.
2019-02-03 16:02:54.654447: I tensorflow/core/kernels/lookup_util.cc:376] Table trying to initialize from file /home/emlab/Desktop/syuuron/nmt/Noattention_PI_0.5PS_0.3PD_0.2_Noisy_model/Vocab.out is already initialized.
2019-02-03 16:02:54.654447: I tensorflow/core/kernels/lookup_util.cc:376] Table trying to initialize from file /home/emlab/Desktop/syuuron/nmt/Noattention_PI_0.5PS_0.3PD_0.2_Noisy_model/Vocab.in is already initialized.
  loaded infer model parameters from /home/emlab/Desktop/syuuron/nmt/Noattention_PI_0.5PS_0.3PD_0.2_Noisy_model/translate.ckpt-6000, time 0.03s
  # 436
    src: UW W AA1 EH1 L AW0 G EH1 AA2 T AO1 AW0 AA0 UH0 P AH2 AH0 AA2 N K AY Y IH2 CH UW1 CH AW2 S AO G M D AY1 N IY SH AO IH0 IY2 EH0 ER NG T EY1 B HH AH0 R G OW1 Y ER2 K UW1 S UW0 L IH0 AO2 AH0 V HH IH1 TH W EH G NG R F AH0 UW1 V UW2 G OY AO0 IH IY TH IH AW0 NG OW2 UW1 AW AE2 T UW1 D AW EY0 OY V UW0 NG ER0 R TH AO2 AY UW1 M
    ref: Move ( Dining_Table ) Find ( Orange_Juice Dining_Table  ) Grasp ( Orange_Juice )  Move ( Living_Room ) Move ( Dining_Room )
    nmt: Move ( Dining_Table ) Find ( toy_penguin Dining_Table ) Grasp ( toy_penguin ) Move ( Visitor_Room ) Move ( Visitor_Room )
2019-02-03 16:02:54.720193: I tensorflow/core/kernels/lookup_util.cc:376] Table trying to initialize from file /home/emlab/Desktop/syuuron/nmt/Noattention_PI_0.5PS_0.3PD_0.2_Noisy_model/Vocab.out is already initialized.
2019-02-03 16:02:54.720219: I tensorflow/core/kernels/lookup_util.cc:376] Table trying to initialize from file /home/emlab/Desktop/syuuron/nmt/Noattention_PI_0.5PS_0.3PD_0.2_Noisy_model/Vocab.in is already initialized.
2019-02-03 16:02:54.720193: I tensorflow/core/kernels/lookup_util.cc:376] Table trying to initialize from file /home/emlab/Desktop/syuuron/nmt/Noattention_PI_0.5PS_0.3PD_0.2_Noisy_model/Vocab.out is already initialized.
  loaded infer model parameters from /home/emlab/Desktop/syuuron/nmt/Noattention_PI_0.5PS_0.3PD_0.2_Noisy_model/translate.ckpt-6000, time 0.03s
# External evaluation, global step 6000
  decoding to output /home/emlab/Desktop/syuuron/nmt/Noattention_PI_0.5PS_0.3PD_0.2_Noisy_model/output_dev
  done, num sentences 2001, num translations per input 1, time 0s, Sun Feb  3 16:02:55 2019.
  bleu dev: 44.4
  saving hparams to /home/emlab/Desktop/syuuron/nmt/Noattention_PI_0.5PS_0.3PD_0.2_Noisy_model/hparams
# External evaluation, global step 6000
  decoding to output /home/emlab/Desktop/syuuron/nmt/Noattention_PI_0.5PS_0.3PD_0.2_Noisy_model/output_test
  done, num sentences 100, num translations per input 1, time 0s, Sun Feb  3 16:02:55 2019.
  bleu test: 16.3
  saving hparams to /home/emlab/Desktop/syuuron/nmt/Noattention_PI_0.5PS_0.3PD_0.2_Noisy_model/hparams
  step 6600 lr 1 step-time 0.07s wps 148.76K ppl 1.14 gN 2.62 bleu 44.41, Sun Feb  3 16:02:58 2019
--------------------------------------------------------------------------------------------
# Finished an epoch, step 6642. Perform external evaluation
2019-02-03 16:03:01.461907: I tensorflow/core/kernels/lookup_util.cc:376] Table trying to initialize from file /home/emlab/Desktop/syuuron/nmt/Noattention_PI_0.5PS_0.3PD_0.2_Noisy_model/Vocab.out is already initialized.
2019-02-03 16:03:01.461907: I tensorflow/core/kernels/lookup_util.cc:376] Table trying to initialize from file /home/emlab/Desktop/syuuron/nmt/Noattention_PI_0.5PS_0.3PD_0.2_Noisy_model/Vocab.in is already initialized.
2019-02-03 16:03:01.462013: I tensorflow/core/kernels/lookup_util.cc:376] Table trying to initialize from file /home/emlab/Desktop/syuuron/nmt/Noattention_PI_0.5PS_0.3PD_0.2_Noisy_model/Vocab.out is already initialized.
  loaded infer model parameters from /home/emlab/Desktop/syuuron/nmt/Noattention_PI_0.5PS_0.3PD_0.2_Noisy_model/translate.ckpt-6000, time 0.03s
  # 34
    src: G OW1 D UH1 ER K OW2 SH AH0 IH1 CH OW UW1 AH2 ER2 F EY K S T Y AH1 AO0 ZH N ER1 SH OY1 OY IY SH UH1 UW2 IY2 AH0 AY2 M AH IY1 OY1 ER0 T EH1 DH UH M IY0 DH IH1 AH2 T
    ref: Move (  Kitchen_Room  ) Find ( sugar Kitchen_Room  ) Grasp ( sugar ) 
    nmt: Move ( Kitchen_Room ) Find ( toy_duck Kitchen_Room ) Grasp ( toy_duck )
2019-02-03 16:03:01.519367: I tensorflow/core/kernels/lookup_util.cc:376] Table trying to initialize from file /home/emlab/Desktop/syuuron/nmt/Noattention_PI_0.5PS_0.3PD_0.2_Noisy_model/Vocab.out is already initialized.
2019-02-03 16:03:01.519367: I tensorflow/core/kernels/lookup_util.cc:376] Table trying to initialize from file /home/emlab/Desktop/syuuron/nmt/Noattention_PI_0.5PS_0.3PD_0.2_Noisy_model/Vocab.in is already initialized.
2019-02-03 16:03:01.519367: I tensorflow/core/kernels/lookup_util.cc:376] Table trying to initialize from file /home/emlab/Desktop/syuuron/nmt/Noattention_PI_0.5PS_0.3PD_0.2_Noisy_model/Vocab.out is already initialized.
  loaded infer model parameters from /home/emlab/Desktop/syuuron/nmt/Noattention_PI_0.5PS_0.3PD_0.2_Noisy_model/translate.ckpt-6000, time 0.03s
# External evaluation, global step 6000
  decoding to output /home/emlab/Desktop/syuuron/nmt/Noattention_PI_0.5PS_0.3PD_0.2_Noisy_model/output_dev
  done, num sentences 2001, num translations per input 1, time 0s, Sun Feb  3 16:03:02 2019.
  bleu dev: 44.4
  saving hparams to /home/emlab/Desktop/syuuron/nmt/Noattention_PI_0.5PS_0.3PD_0.2_Noisy_model/hparams
# External evaluation, global step 6000
  decoding to output /home/emlab/Desktop/syuuron/nmt/Noattention_PI_0.5PS_0.3PD_0.2_Noisy_model/output_test
  done, num sentences 100, num translations per input 1, time 0s, Sun Feb  3 16:03:02 2019.
  bleu test: 16.3
  saving hparams to /home/emlab/Desktop/syuuron/nmt/Noattention_PI_0.5PS_0.3PD_0.2_Noisy_model/hparams
  step 6700 lr 1 step-time 0.07s wps 148.26K ppl 1.13 gN 2.48 bleu 44.41, Sun Feb  3 16:03:06 2019
--------------------------------------------------------------------------------------------
# Finished an epoch, step 6723. Perform external evaluation
2019-02-03 16:03:08.283210: I tensorflow/core/kernels/lookup_util.cc:376] Table trying to initialize from file /home/emlab/Desktop/syuuron/nmt/Noattention_PI_0.5PS_0.3PD_0.2_Noisy_model/Vocab.out is already initialized.
2019-02-03 16:03:08.283210: I tensorflow/core/kernels/lookup_util.cc:376] Table trying to initialize from file /home/emlab/Desktop/syuuron/nmt/Noattention_PI_0.5PS_0.3PD_0.2_Noisy_model/Vocab.out is already initialized.
2019-02-03 16:03:08.283210: I tensorflow/core/kernels/lookup_util.cc:376] Table trying to initialize from file /home/emlab/Desktop/syuuron/nmt/Noattention_PI_0.5PS_0.3PD_0.2_Noisy_model/Vocab.in is already initialized.
  loaded infer model parameters from /home/emlab/Desktop/syuuron/nmt/Noattention_PI_0.5PS_0.3PD_0.2_Noisy_model/translate.ckpt-6000, time 0.03s
  # 621
    src: UW OW G OW1 T UW1 IH1 EH2 S ER1 CH AH0 HH N AW R UW1 M SH N G EH1 EY2 OY K IH2 EH1 T IH1 IH0 OY0 AY1 IH0 IH AY1 AE2 N T D T AA1 T S Z D AH1 AH0 IY2 EH2 UH1 UW AW2 AY1 IY1 EH1 UW2 T ER0 ER2 UH0 UH0 AY0 IY1 F UW2 L D UW2 AE2 UH0 TH D AW L F R AH1 CH B M K IH1 M OW CH AH0 AW1 N AE0 EY IY AY2 EY1 AE1 AH2 P ER0 AH0 N ER L
    ref: Move ( Kitchen_Room ) Find ( person ) Move ( Kitchen_Table ) Grasp ( Seafood_Noodle )
    nmt: Move ( Kitchen_Room ) Find ( person Kitchen_Room ) Follow ( person )
2019-02-03 16:03:08.343078: I tensorflow/core/kernels/lookup_util.cc:376] Table trying to initialize from file /home/emlab/Desktop/syuuron/nmt/Noattention_PI_0.5PS_0.3PD_0.2_Noisy_model/Vocab.in is already initialized.
2019-02-03 16:03:08.343111: I tensorflow/core/kernels/lookup_util.cc:376] Table trying to initialize from file /home/emlab/Desktop/syuuron/nmt/Noattention_PI_0.5PS_0.3PD_0.2_Noisy_model/Vocab.out is already initialized.
2019-02-03 16:03:08.343078: I tensorflow/core/kernels/lookup_util.cc:376] Table trying to initialize from file /home/emlab/Desktop/syuuron/nmt/Noattention_PI_0.5PS_0.3PD_0.2_Noisy_model/Vocab.out is already initialized.
  loaded infer model parameters from /home/emlab/Desktop/syuuron/nmt/Noattention_PI_0.5PS_0.3PD_0.2_Noisy_model/translate.ckpt-6000, time 0.03s
# External evaluation, global step 6000
  decoding to output /home/emlab/Desktop/syuuron/nmt/Noattention_PI_0.5PS_0.3PD_0.2_Noisy_model/output_dev
  done, num sentences 2001, num translations per input 1, time 0s, Sun Feb  3 16:03:08 2019.
  bleu dev: 44.4
  saving hparams to /home/emlab/Desktop/syuuron/nmt/Noattention_PI_0.5PS_0.3PD_0.2_Noisy_model/hparams
# External evaluation, global step 6000
  decoding to output /home/emlab/Desktop/syuuron/nmt/Noattention_PI_0.5PS_0.3PD_0.2_Noisy_model/output_test
  done, num sentences 100, num translations per input 1, time 0s, Sun Feb  3 16:03:09 2019.
  bleu test: 16.3
  saving hparams to /home/emlab/Desktop/syuuron/nmt/Noattention_PI_0.5PS_0.3PD_0.2_Noisy_model/hparams
  step 6800 lr 1 step-time 0.07s wps 148.05K ppl 1.14 gN 2.55 bleu 44.41, Sun Feb  3 16:03:14 2019
--------------------------------------------------------------------------------------------
# Finished an epoch, step 6804. Perform external evaluation
2019-02-03 16:03:15.100122: I tensorflow/core/kernels/lookup_util.cc:376] Table trying to initialize from file /home/emlab/Desktop/syuuron/nmt/Noattention_PI_0.5PS_0.3PD_0.2_Noisy_model/Vocab.out is already initialized.
2019-02-03 16:03:15.100122: I tensorflow/core/kernels/lookup_util.cc:376] Table trying to initialize from file /home/emlab/Desktop/syuuron/nmt/Noattention_PI_0.5PS_0.3PD_0.2_Noisy_model/Vocab.out is already initialized.
2019-02-03 16:03:15.100122: I tensorflow/core/kernels/lookup_util.cc:376] Table trying to initialize from file /home/emlab/Desktop/syuuron/nmt/Noattention_PI_0.5PS_0.3PD_0.2_Noisy_model/Vocab.in is already initialized.
  loaded infer model parameters from /home/emlab/Desktop/syuuron/nmt/Noattention_PI_0.5PS_0.3PD_0.2_Noisy_model/translate.ckpt-6000, time 0.03s
  # 1292
    src: G OW1 UW0 T R G S IY1 EH1 Z SH AH0 AE2 UH2 IY1 N EH T UW0 B AH0 IH R AE1 AH AH0 S OW0 P EH1 SH M P K AY0 AA1 AO2 EY0 AH K EH2 OW2 AH0 AE2 W OY2 P P OY0 IY1 K V AO2 DH AA1 AH0 F P D EY1 R T UW1 ZH M V AH0 N EH0 IH1 P UW0 F L IY2 AY0
    ref: Move ( Reception_Table ) Grasp ( empty_ketchup ) Move ( apartment )
    nmt: Move ( Reception_Table ) Grasp ( toy_penguin ) Move ( apartment )
2019-02-03 16:03:15.159735: I tensorflow/core/kernels/lookup_util.cc:376] Table trying to initialize from file /home/emlab/Desktop/syuuron/nmt/Noattention_PI_0.5PS_0.3PD_0.2_Noisy_model/Vocab.out is already initialized.
2019-02-03 16:03:15.159735: I tensorflow/core/kernels/lookup_util.cc:376] Table trying to initialize from file /home/emlab/Desktop/syuuron/nmt/Noattention_PI_0.5PS_0.3PD_0.2_Noisy_model/Vocab.out is already initialized.
2019-02-03 16:03:15.159735: I tensorflow/core/kernels/lookup_util.cc:376] Table trying to initialize from file /home/emlab/Desktop/syuuron/nmt/Noattention_PI_0.5PS_0.3PD_0.2_Noisy_model/Vocab.in is already initialized.
  loaded infer model parameters from /home/emlab/Desktop/syuuron/nmt/Noattention_PI_0.5PS_0.3PD_0.2_Noisy_model/translate.ckpt-6000, time 0.03s
# External evaluation, global step 6000
  decoding to output /home/emlab/Desktop/syuuron/nmt/Noattention_PI_0.5PS_0.3PD_0.2_Noisy_model/output_dev
  done, num sentences 2001, num translations per input 1, time 0s, Sun Feb  3 16:03:15 2019.
  bleu dev: 44.4
  saving hparams to /home/emlab/Desktop/syuuron/nmt/Noattention_PI_0.5PS_0.3PD_0.2_Noisy_model/hparams
# External evaluation, global step 6000
  decoding to output /home/emlab/Desktop/syuuron/nmt/Noattention_PI_0.5PS_0.3PD_0.2_Noisy_model/output_test
  done, num sentences 100, num translations per input 1, time 0s, Sun Feb  3 16:03:16 2019.
  bleu test: 16.3
  saving hparams to /home/emlab/Desktop/syuuron/nmt/Noattention_PI_0.5PS_0.3PD_0.2_Noisy_model/hparams
--------------------------------------------------------------------------------------------
# Finished an epoch, step 6885. Perform external evaluation
2019-02-03 16:03:21.927857: I tensorflow/core/kernels/lookup_util.cc:376] Table trying to initialize from file /home/emlab/Desktop/syuuron/nmt/Noattention_PI_0.5PS_0.3PD_0.2_Noisy_model/Vocab.out is already initialized.
2019-02-03 16:03:21.927857: I tensorflow/core/kernels/lookup_util.cc:376] Table trying to initialize from file /home/emlab/Desktop/syuuron/nmt/Noattention_PI_0.5PS_0.3PD_0.2_Noisy_model/Vocab.in is already initialized.
2019-02-03 16:03:21.927857: I tensorflow/core/kernels/lookup_util.cc:376] Table trying to initialize from file /home/emlab/Desktop/syuuron/nmt/Noattention_PI_0.5PS_0.3PD_0.2_Noisy_model/Vocab.out is already initialized.
  loaded infer model parameters from /home/emlab/Desktop/syuuron/nmt/Noattention_PI_0.5PS_0.3PD_0.2_Noisy_model/translate.ckpt-6000, time 0.03s
  # 301
    src: ER2 G OW1 T UW1 K AO1 AO1 EH2 R NG ER AE2 OW2 K AH1 G AY2 UW2 UH0 IY0 AE P TH AH2 S IY0 T IH1 AW2 AA AA1 P UH1 AY UW1 TH IH1 S OW P OY UW1 IY OW1 OW1 AW0 M EY2 IH0 AH2 UW1 AA1 AY B AH0 EY2 T OW1 Z
    ref: Move ( Corridor ) Find ( Cup_Star Corridor ) Grasp ( Cup_Star ) Move ( Kitchen_Table ) Place ( Cup_Star Kitchen_Table )
    nmt: Move ( Bar ) Find ( Chip_Star Bar ) Grasp ( Chip_Star ) Move ( Living_Table )
2019-02-03 16:03:21.988468: I tensorflow/core/kernels/lookup_util.cc:376] Table trying to initialize from file /home/emlab/Desktop/syuuron/nmt/Noattention_PI_0.5PS_0.3PD_0.2_Noisy_model/Vocab.out is already initialized.
2019-02-03 16:03:21.988469: I tensorflow/core/kernels/lookup_util.cc:376] Table trying to initialize from file /home/emlab/Desktop/syuuron/nmt/Noattention_PI_0.5PS_0.3PD_0.2_Noisy_model/Vocab.in is already initialized.
2019-02-03 16:03:21.988469: I tensorflow/core/kernels/lookup_util.cc:376] Table trying to initialize from file /home/emlab/Desktop/syuuron/nmt/Noattention_PI_0.5PS_0.3PD_0.2_Noisy_model/Vocab.out is already initialized.
  loaded infer model parameters from /home/emlab/Desktop/syuuron/nmt/Noattention_PI_0.5PS_0.3PD_0.2_Noisy_model/translate.ckpt-6000, time 0.03s
# External evaluation, global step 6000
  decoding to output /home/emlab/Desktop/syuuron/nmt/Noattention_PI_0.5PS_0.3PD_0.2_Noisy_model/output_dev
  done, num sentences 2001, num translations per input 1, time 0s, Sun Feb  3 16:03:22 2019.
  bleu dev: 44.4
  saving hparams to /home/emlab/Desktop/syuuron/nmt/Noattention_PI_0.5PS_0.3PD_0.2_Noisy_model/hparams
# External evaluation, global step 6000
  decoding to output /home/emlab/Desktop/syuuron/nmt/Noattention_PI_0.5PS_0.3PD_0.2_Noisy_model/output_test
  done, num sentences 100, num translations per input 1, time 0s, Sun Feb  3 16:03:22 2019.
  bleu test: 16.3
  saving hparams to /home/emlab/Desktop/syuuron/nmt/Noattention_PI_0.5PS_0.3PD_0.2_Noisy_model/hparams
  step 6900 lr 1 step-time 0.07s wps 137.59K ppl 1.14 gN 2.78 bleu 44.41, Sun Feb  3 16:03:24 2019
--------------------------------------------------------------------------------------------
# Finished an epoch, step 6966. Perform external evaluation
2019-02-03 16:03:28.738210: I tensorflow/core/kernels/lookup_util.cc:376] Table trying to initialize from file /home/emlab/Desktop/syuuron/nmt/Noattention_PI_0.5PS_0.3PD_0.2_Noisy_model/Vocab.in is already initialized.
2019-02-03 16:03:28.738210: I tensorflow/core/kernels/lookup_util.cc:376] Table trying to initialize from file /home/emlab/Desktop/syuuron/nmt/Noattention_PI_0.5PS_0.3PD_0.2_Noisy_model/Vocab.out is already initialized.
2019-02-03 16:03:28.738210: I tensorflow/core/kernels/lookup_util.cc:376] Table trying to initialize from file /home/emlab/Desktop/syuuron/nmt/Noattention_PI_0.5PS_0.3PD_0.2_Noisy_model/Vocab.out is already initialized.
  loaded infer model parameters from /home/emlab/Desktop/syuuron/nmt/Noattention_PI_0.5PS_0.3PD_0.2_Noisy_model/translate.ckpt-6000, time 0.03s
  # 1234
    src: T SH B AE2 AY2 D AY1 N IH0 UH OW2 B AH0 AA0 TH AY AW1 Y AO1 EH1 K N OW ER2 AH0 OY AE1 D EY0 L R AA2 IH0 AY2 OW1 V P OY1 NG F AH2 UH1 NG T IH1 T W IY1 EY N S Y L AY1 UH2 D AE1 EY1 UH UH0 B L TH P L IY1
    ref: Move (  Dining_Table  ) Find ( Onion_Dressing Dining_Table  ) Grasp ( Onion_Dressing ) Plcae ( Onion_Dressing Side_Table )
    nmt: Move ( Dining_Table ) Find ( Korean_Soup Dining_Table ) Grasp ( Korean_Soup Dining_Table ) Plcae ( Korean_Soup Dining_Table )
2019-02-03 16:03:28.797381: I tensorflow/core/kernels/lookup_util.cc:376] Table trying to initialize from file /home/emlab/Desktop/syuuron/nmt/Noattention_PI_0.5PS_0.3PD_0.2_Noisy_model/Vocab.out is already initialized.
2019-02-03 16:03:28.797381: I tensorflow/core/kernels/lookup_util.cc:376] Table trying to initialize from file /home/emlab/Desktop/syuuron/nmt/Noattention_PI_0.5PS_0.3PD_0.2_Noisy_model/Vocab.in is already initialized.
2019-02-03 16:03:28.797381: I tensorflow/core/kernels/lookup_util.cc:376] Table trying to initialize from file /home/emlab/Desktop/syuuron/nmt/Noattention_PI_0.5PS_0.3PD_0.2_Noisy_model/Vocab.out is already initialized.
  loaded infer model parameters from /home/emlab/Desktop/syuuron/nmt/Noattention_PI_0.5PS_0.3PD_0.2_Noisy_model/translate.ckpt-6000, time 0.03s
# External evaluation, global step 6000
  decoding to output /home/emlab/Desktop/syuuron/nmt/Noattention_PI_0.5PS_0.3PD_0.2_Noisy_model/output_dev
  done, num sentences 2001, num translations per input 1, time 0s, Sun Feb  3 16:03:29 2019.
  bleu dev: 44.4
  saving hparams to /home/emlab/Desktop/syuuron/nmt/Noattention_PI_0.5PS_0.3PD_0.2_Noisy_model/hparams
# External evaluation, global step 6000
  decoding to output /home/emlab/Desktop/syuuron/nmt/Noattention_PI_0.5PS_0.3PD_0.2_Noisy_model/output_test
  done, num sentences 100, num translations per input 1, time 0s, Sun Feb  3 16:03:29 2019.
  bleu test: 16.3
  saving hparams to /home/emlab/Desktop/syuuron/nmt/Noattention_PI_0.5PS_0.3PD_0.2_Noisy_model/hparams
  step 7000 lr 1 step-time 0.07s wps 148.94K ppl 1.13 gN 2.59 bleu 44.41, Sun Feb  3 16:03:32 2019
# Save eval, global step 7000
2019-02-03 16:03:32.615512: I tensorflow/core/kernels/lookup_util.cc:376] Table trying to initialize from file /home/emlab/Desktop/syuuron/nmt/Noattention_PI_0.5PS_0.3PD_0.2_Noisy_model/Vocab.out is already initialized.
2019-02-03 16:03:32.615512: I tensorflow/core/kernels/lookup_util.cc:376] Table trying to initialize from file /home/emlab/Desktop/syuuron/nmt/Noattention_PI_0.5PS_0.3PD_0.2_Noisy_model/Vocab.in is already initialized.
2019-02-03 16:03:32.615514: I tensorflow/core/kernels/lookup_util.cc:376] Table trying to initialize from file /home/emlab/Desktop/syuuron/nmt/Noattention_PI_0.5PS_0.3PD_0.2_Noisy_model/Vocab.out is already initialized.
  loaded infer model parameters from /home/emlab/Desktop/syuuron/nmt/Noattention_PI_0.5PS_0.3PD_0.2_Noisy_model/translate.ckpt-7000, time 0.03s
  # 983
    src: AO UW0 W R UW0 AA UW T IY AE0 AA IH2 ER0 UW1 ER2 Z K IH1 HH T CH AH0 IY1 IH0 G Z B M AH0 L ER2 AW0 OY1 OW0 G W AE1 S AW0 EY0 T AO1 D R S V F AO1 N UH EH2 ZH CH UW2 EH0 IH1 EY JH S DH EH1 IY1 OY OY EY N UH K M B EH K
    ref: Move ( Kitchen_Table ) Move ( Orange_Juice ) Move ( HERE )
    nmt: Move ( Kitchen_Table ) Grasp ( Green_Tea ) Move ( HERE )
2019-02-03 16:03:32.675268: I tensorflow/core/kernels/lookup_util.cc:376] Table trying to initialize from file /home/emlab/Desktop/syuuron/nmt/Noattention_PI_0.5PS_0.3PD_0.2_Noisy_model/Vocab.in is already initialized.
2019-02-03 16:03:32.675268: I tensorflow/core/kernels/lookup_util.cc:376] Table trying to initialize from file /home/emlab/Desktop/syuuron/nmt/Noattention_PI_0.5PS_0.3PD_0.2_Noisy_model/Vocab.out is already initialized.
2019-02-03 16:03:32.675273: I tensorflow/core/kernels/lookup_util.cc:376] Table trying to initialize from file /home/emlab/Desktop/syuuron/nmt/Noattention_PI_0.5PS_0.3PD_0.2_Noisy_model/Vocab.out is already initialized.
  loaded eval model parameters from /home/emlab/Desktop/syuuron/nmt/Noattention_PI_0.5PS_0.3PD_0.2_Noisy_model/translate.ckpt-7000, time 0.03s
  eval dev: perplexity 1.70, time 0s, Sun Feb  3 16:03:33 2019.
  eval test: perplexity 4.69, time 0s, Sun Feb  3 16:03:33 2019.
--------------------------------------------------------------------------------------------
# Finished an epoch, step 7047. Perform external evaluation
2019-02-03 16:03:36.516851: I tensorflow/core/kernels/lookup_util.cc:376] Table trying to initialize from file /home/emlab/Desktop/syuuron/nmt/Noattention_PI_0.5PS_0.3PD_0.2_Noisy_model/Vocab.out is already initialized.
2019-02-03 16:03:36.516851: I tensorflow/core/kernels/lookup_util.cc:376] Table trying to initialize from file /home/emlab/Desktop/syuuron/nmt/Noattention_PI_0.5PS_0.3PD_0.2_Noisy_model/Vocab.in is already initialized.
2019-02-03 16:03:36.516887: I tensorflow/core/kernels/lookup_util.cc:376] Table trying to initialize from file /home/emlab/Desktop/syuuron/nmt/Noattention_PI_0.5PS_0.3PD_0.2_Noisy_model/Vocab.out is already initialized.
  loaded infer model parameters from /home/emlab/Desktop/syuuron/nmt/Noattention_PI_0.5PS_0.3PD_0.2_Noisy_model/translate.ckpt-7000, time 0.03s
  # 763
    src: AA1 IH2 AW0 V TH UH1 L G UH2 EH2 IY2 OW2 AO0 T AE0 IY1 UW1 AW2 AA IH1 AH0 V NG T AW2 AW2 Y G B V AH0 Y OY2 L K EY1 UW2 AY2 K SH B IY1 K AY F AW AH AA1 OW UW2 UH2 AO AY IY1 EH P F AY1 N AH0 L AY0 AA0 IY0 EY0 UW0 DH IH0 T T UW2 AH1 M B AE1 K
    ref: Move ( Living_Table ) Grasp ( cubic_clock ) Move ( HERE )
    nmt: Move ( Living_Table ) Move ( sugar ) Move ( HERE )
2019-02-03 16:03:36.575569: I tensorflow/core/kernels/lookup_util.cc:376] Table trying to initialize from file /home/emlab/Desktop/syuuron/nmt/Noattention_PI_0.5PS_0.3PD_0.2_Noisy_model/Vocab.in is already initialized.
2019-02-03 16:03:36.575588: I tensorflow/core/kernels/lookup_util.cc:376] Table trying to initialize from file /home/emlab/Desktop/syuuron/nmt/Noattention_PI_0.5PS_0.3PD_0.2_Noisy_model/Vocab.out is already initialized.
2019-02-03 16:03:36.575569: I tensorflow/core/kernels/lookup_util.cc:376] Table trying to initialize from file /home/emlab/Desktop/syuuron/nmt/Noattention_PI_0.5PS_0.3PD_0.2_Noisy_model/Vocab.out is already initialized.
  loaded infer model parameters from /home/emlab/Desktop/syuuron/nmt/Noattention_PI_0.5PS_0.3PD_0.2_Noisy_model/translate.ckpt-7000, time 0.03s
# External evaluation, global step 7000
  decoding to output /home/emlab/Desktop/syuuron/nmt/Noattention_PI_0.5PS_0.3PD_0.2_Noisy_model/output_dev
  done, num sentences 2001, num translations per input 1, time 0s, Sun Feb  3 16:03:37 2019.
  bleu dev: 45.4
  saving hparams to /home/emlab/Desktop/syuuron/nmt/Noattention_PI_0.5PS_0.3PD_0.2_Noisy_model/hparams
# External evaluation, global step 7000
  decoding to output /home/emlab/Desktop/syuuron/nmt/Noattention_PI_0.5PS_0.3PD_0.2_Noisy_model/output_test
  done, num sentences 100, num translations per input 1, time 0s, Sun Feb  3 16:03:37 2019.
  bleu test: 15.4
  saving hparams to /home/emlab/Desktop/syuuron/nmt/Noattention_PI_0.5PS_0.3PD_0.2_Noisy_model/hparams
  step 7100 lr 1 step-time 0.07s wps 149.36K ppl 1.13 gN 2.71 bleu 45.38, Sun Feb  3 16:03:41 2019
--------------------------------------------------------------------------------------------
# Finished an epoch, step 7128. Perform external evaluation
2019-02-03 16:03:43.356261: I tensorflow/core/kernels/lookup_util.cc:376] Table trying to initialize from file /home/emlab/Desktop/syuuron/nmt/Noattention_PI_0.5PS_0.3PD_0.2_Noisy_model/Vocab.out is already initialized.
2019-02-03 16:03:43.356260: I tensorflow/core/kernels/lookup_util.cc:376] Table trying to initialize from file /home/emlab/Desktop/syuuron/nmt/Noattention_PI_0.5PS_0.3PD_0.2_Noisy_model/Vocab.in is already initialized.
2019-02-03 16:03:43.356260: I tensorflow/core/kernels/lookup_util.cc:376] Table trying to initialize from file /home/emlab/Desktop/syuuron/nmt/Noattention_PI_0.5PS_0.3PD_0.2_Noisy_model/Vocab.out is already initialized.
  loaded infer model parameters from /home/emlab/Desktop/syuuron/nmt/Noattention_PI_0.5PS_0.3PD_0.2_Noisy_model/translate.ckpt-7000, time 0.03s
  # 1781
    src: UW1 G Z OW1 EH1 T UH SH EH1 D R AE2 UW1 M N UH0 S AO2 AA1 AW2 CH F AY1 UW D AH0 AE2 UH2 AA2 IH0 ER1 S OY IH0 OY0 F OW2 OY2 R AY2 W IH1 B IY0 AH0 K AO Z IY0 AY1 AE AY AA2 UW2 K L IY1 N IH1 IH AW1 ER0 F ER0 AW IY2 R AW0 AH1 UW M D K ER1 F IH1 K UW1 NG AA2 N ER EY1 AH0 L
    ref: Move ( bed_room ) Find ( person bed_room ) Move ( Kitchen_Table ) Grasp ( Dish_Cleaner )  Move ( person )
    nmt: Move ( bed_room ) Find ( person bed_room ) Move ( Side_Table ) Grasp ( toy_duck )
2019-02-03 16:03:43.418512: I tensorflow/core/kernels/lookup_util.cc:376] Table trying to initialize from file /home/emlab/Desktop/syuuron/nmt/Noattention_PI_0.5PS_0.3PD_0.2_Noisy_model/Vocab.out is already initialized.
2019-02-03 16:03:43.418512: I tensorflow/core/kernels/lookup_util.cc:376] Table trying to initialize from file /home/emlab/Desktop/syuuron/nmt/Noattention_PI_0.5PS_0.3PD_0.2_Noisy_model/Vocab.out is already initialized.
2019-02-03 16:03:43.418512: I tensorflow/core/kernels/lookup_util.cc:376] Table trying to initialize from file /home/emlab/Desktop/syuuron/nmt/Noattention_PI_0.5PS_0.3PD_0.2_Noisy_model/Vocab.in is already initialized.
  loaded infer model parameters from /home/emlab/Desktop/syuuron/nmt/Noattention_PI_0.5PS_0.3PD_0.2_Noisy_model/translate.ckpt-7000, time 0.03s
# External evaluation, global step 7000
  decoding to output /home/emlab/Desktop/syuuron/nmt/Noattention_PI_0.5PS_0.3PD_0.2_Noisy_model/output_dev
  done, num sentences 2001, num translations per input 1, time 0s, Sun Feb  3 16:03:44 2019.
  bleu dev: 45.4
  saving hparams to /home/emlab/Desktop/syuuron/nmt/Noattention_PI_0.5PS_0.3PD_0.2_Noisy_model/hparams
# External evaluation, global step 7000
  decoding to output /home/emlab/Desktop/syuuron/nmt/Noattention_PI_0.5PS_0.3PD_0.2_Noisy_model/output_test
  done, num sentences 100, num translations per input 1, time 0s, Sun Feb  3 16:03:44 2019.
  bleu test: 15.4
  saving hparams to /home/emlab/Desktop/syuuron/nmt/Noattention_PI_0.5PS_0.3PD_0.2_Noisy_model/hparams
  step 7200 lr 1 step-time 0.07s wps 148.06K ppl 1.13 gN 2.67 bleu 45.38, Sun Feb  3 16:03:49 2019
--------------------------------------------------------------------------------------------
# Finished an epoch, step 7209. Perform external evaluation
2019-02-03 16:03:50.187997: I tensorflow/core/kernels/lookup_util.cc:376] Table trying to initialize from file /home/emlab/Desktop/syuuron/nmt/Noattention_PI_0.5PS_0.3PD_0.2_Noisy_model/Vocab.in is already initialized.
2019-02-03 16:03:50.187997: I tensorflow/core/kernels/lookup_util.cc:376] Table trying to initialize from file /home/emlab/Desktop/syuuron/nmt/Noattention_PI_0.5PS_0.3PD_0.2_Noisy_model/Vocab.out is already initialized.
2019-02-03 16:03:50.187997: I tensorflow/core/kernels/lookup_util.cc:376] Table trying to initialize from file /home/emlab/Desktop/syuuron/nmt/Noattention_PI_0.5PS_0.3PD_0.2_Noisy_model/Vocab.out is already initialized.
  loaded infer model parameters from /home/emlab/Desktop/syuuron/nmt/Noattention_PI_0.5PS_0.3PD_0.2_Noisy_model/translate.ckpt-7000, time 0.03s
  # 1519
    src: AW2 CH UW1 V UH B AA1 R AH0 UH IY0 N EY0 D D K AE2 AY1 T EH2 ER1 W AY2 UH W ER0 K AE0 T ZH OY1 AH2 SH DH AE1 AA0 IH1 S K AH L AY2 N ER0 AE0 OY2 T P IH1 T
    ref: Move ( Bar ) Find ( Bath_Cleaner Bar ) Grasp ( Bath_Cleaner )
    nmt: Move ( Bar ) Find ( Dish_Cleaner Bar ) Grasp ( Dish_Cleaner )
2019-02-03 16:03:50.243817: I tensorflow/core/kernels/lookup_util.cc:376] Table trying to initialize from file /home/emlab/Desktop/syuuron/nmt/Noattention_PI_0.5PS_0.3PD_0.2_Noisy_model/Vocab.out is already initialized.
2019-02-03 16:03:50.243817: I tensorflow/core/kernels/lookup_util.cc:376] Table trying to initialize from file /home/emlab/Desktop/syuuron/nmt/Noattention_PI_0.5PS_0.3PD_0.2_Noisy_model/Vocab.in is already initialized.
2019-02-03 16:03:50.243817: I tensorflow/core/kernels/lookup_util.cc:376] Table trying to initialize from file /home/emlab/Desktop/syuuron/nmt/Noattention_PI_0.5PS_0.3PD_0.2_Noisy_model/Vocab.out is already initialized.
  loaded infer model parameters from /home/emlab/Desktop/syuuron/nmt/Noattention_PI_0.5PS_0.3PD_0.2_Noisy_model/translate.ckpt-7000, time 0.03s
# External evaluation, global step 7000
  decoding to output /home/emlab/Desktop/syuuron/nmt/Noattention_PI_0.5PS_0.3PD_0.2_Noisy_model/output_dev
  done, num sentences 2001, num translations per input 1, time 0s, Sun Feb  3 16:03:50 2019.
  bleu dev: 45.4
  saving hparams to /home/emlab/Desktop/syuuron/nmt/Noattention_PI_0.5PS_0.3PD_0.2_Noisy_model/hparams
# External evaluation, global step 7000
  decoding to output /home/emlab/Desktop/syuuron/nmt/Noattention_PI_0.5PS_0.3PD_0.2_Noisy_model/output_test
  done, num sentences 100, num translations per input 1, time 0s, Sun Feb  3 16:03:51 2019.
  bleu test: 15.4
  saving hparams to /home/emlab/Desktop/syuuron/nmt/Noattention_PI_0.5PS_0.3PD_0.2_Noisy_model/hparams
--------------------------------------------------------------------------------------------
# Finished an epoch, step 7290. Perform external evaluation
2019-02-03 16:03:56.996995: I tensorflow/core/kernels/lookup_util.cc:376] Table trying to initialize from file /home/emlab/Desktop/syuuron/nmt/Noattention_PI_0.5PS_0.3PD_0.2_Noisy_model/Vocab.out is already initialized.
2019-02-03 16:03:56.996995: I tensorflow/core/kernels/lookup_util.cc:376] Table trying to initialize from file /home/emlab/Desktop/syuuron/nmt/Noattention_PI_0.5PS_0.3PD_0.2_Noisy_model/Vocab.out is already initialized.
2019-02-03 16:03:56.997053: I tensorflow/core/kernels/lookup_util.cc:376] Table trying to initialize from file /home/emlab/Desktop/syuuron/nmt/Noattention_PI_0.5PS_0.3PD_0.2_Noisy_model/Vocab.in is already initialized.
  loaded infer model parameters from /home/emlab/Desktop/syuuron/nmt/Noattention_PI_0.5PS_0.3PD_0.2_Noisy_model/translate.ckpt-7000, time 0.03s
  # 1072
    src: AO1 AO0 AY2 G P ER1 OW0 UH SH AH0 T F OY0 UW1 AH1 DH EH1 N IH0 AO OY OY ER2 AW R AE1 AO1 UW1 N ER2 AE1 AY0 R ER0 AW2 F OW1 T AW2 HH HH G OW1 R OY AO0 OY T IY1 F R AH1 M AW ER0 AY1 UW2 R
    ref: Say ( person ) Listen ( Green_Tea ) Move ( Bar ) Find ( Green_Tea Bar ) Grasp ( Green_Tea ) Move ( Green_Tea ) Place ( Green_Tea Bar ) 
    nmt: Say ( person ) Listen ( Brown_Tea ) Move ( Bar ) Find ( Brown_Tea Bar ) Grasp ( Brown_Tea ) Move ( Brown_Tea ) Place ( Brown_Tea Bar )
2019-02-03 16:03:57.060812: I tensorflow/core/kernels/lookup_util.cc:376] Table trying to initialize from file /home/emlab/Desktop/syuuron/nmt/Noattention_PI_0.5PS_0.3PD_0.2_Noisy_model/Vocab.out is already initialized.
2019-02-03 16:03:57.060812: I tensorflow/core/kernels/lookup_util.cc:376] Table trying to initialize from file /home/emlab/Desktop/syuuron/nmt/Noattention_PI_0.5PS_0.3PD_0.2_Noisy_model/Vocab.out is already initialized.
2019-02-03 16:03:57.060812: I tensorflow/core/kernels/lookup_util.cc:376] Table trying to initialize from file /home/emlab/Desktop/syuuron/nmt/Noattention_PI_0.5PS_0.3PD_0.2_Noisy_model/Vocab.in is already initialized.
  loaded infer model parameters from /home/emlab/Desktop/syuuron/nmt/Noattention_PI_0.5PS_0.3PD_0.2_Noisy_model/translate.ckpt-7000, time 0.03s
# External evaluation, global step 7000
  decoding to output /home/emlab/Desktop/syuuron/nmt/Noattention_PI_0.5PS_0.3PD_0.2_Noisy_model/output_dev
  done, num sentences 2001, num translations per input 1, time 0s, Sun Feb  3 16:03:57 2019.
  bleu dev: 45.4
  saving hparams to /home/emlab/Desktop/syuuron/nmt/Noattention_PI_0.5PS_0.3PD_0.2_Noisy_model/hparams
# External evaluation, global step 7000
  decoding to output /home/emlab/Desktop/syuuron/nmt/Noattention_PI_0.5PS_0.3PD_0.2_Noisy_model/output_test
  done, num sentences 100, num translations per input 1, time 0s, Sun Feb  3 16:03:58 2019.
  bleu test: 15.4
  saving hparams to /home/emlab/Desktop/syuuron/nmt/Noattention_PI_0.5PS_0.3PD_0.2_Noisy_model/hparams
  step 7300 lr 1 step-time 0.07s wps 137.62K ppl 1.13 gN 2.70 bleu 45.38, Sun Feb  3 16:03:59 2019
--------------------------------------------------------------------------------------------
# Finished an epoch, step 7371. Perform external evaluation
2019-02-03 16:04:03.830011: I tensorflow/core/kernels/lookup_util.cc:376] Table trying to initialize from file /home/emlab/Desktop/syuuron/nmt/Noattention_PI_0.5PS_0.3PD_0.2_Noisy_model/Vocab.out is already initialized.
2019-02-03 16:04:03.830011: I tensorflow/core/kernels/lookup_util.cc:376] Table trying to initialize from file /home/emlab/Desktop/syuuron/nmt/Noattention_PI_0.5PS_0.3PD_0.2_Noisy_model/Vocab.in is already initialized.
2019-02-03 16:04:03.830011: I tensorflow/core/kernels/lookup_util.cc:376] Table trying to initialize from file /home/emlab/Desktop/syuuron/nmt/Noattention_PI_0.5PS_0.3PD_0.2_Noisy_model/Vocab.out is already initialized.
  loaded infer model parameters from /home/emlab/Desktop/syuuron/nmt/Noattention_PI_0.5PS_0.3PD_0.2_Noisy_model/translate.ckpt-7000, time 0.03s
  # 1810
    src: NG M N V T UW1 IH1 UH1 AW OY1 OY2 IH0 NG SH T EY1 EH B AH0 R ER2 IH F AO ER HH EY1 D P OW1 AW S AH0 EH2 R G UH AY W ER1 ER ER AA0 IY2 NG IH L DH F L AY1 AE1 OW0 UH OW0 OW2 N
    ref: Move (  Living_Table  ) Find ( person Living_Table  ) Follow ( pesron )
    nmt: Move ( Living_Table ) Find ( person Living_Table ) Follow ( person )
2019-02-03 16:04:03.888887: I tensorflow/core/kernels/lookup_util.cc:376] Table trying to initialize from file /home/emlab/Desktop/syuuron/nmt/Noattention_PI_0.5PS_0.3PD_0.2_Noisy_model/Vocab.in is already initialized.
2019-02-03 16:04:03.888887: I tensorflow/core/kernels/lookup_util.cc:376] Table trying to initialize from file /home/emlab/Desktop/syuuron/nmt/Noattention_PI_0.5PS_0.3PD_0.2_Noisy_model/Vocab.out is already initialized.
2019-02-03 16:04:03.888887: I tensorflow/core/kernels/lookup_util.cc:376] Table trying to initialize from file /home/emlab/Desktop/syuuron/nmt/Noattention_PI_0.5PS_0.3PD_0.2_Noisy_model/Vocab.out is already initialized.
  loaded infer model parameters from /home/emlab/Desktop/syuuron/nmt/Noattention_PI_0.5PS_0.3PD_0.2_Noisy_model/translate.ckpt-7000, time 0.03s
# External evaluation, global step 7000
  decoding to output /home/emlab/Desktop/syuuron/nmt/Noattention_PI_0.5PS_0.3PD_0.2_Noisy_model/output_dev
  done, num sentences 2001, num translations per input 1, time 0s, Sun Feb  3 16:04:04 2019.
  bleu dev: 45.4
  saving hparams to /home/emlab/Desktop/syuuron/nmt/Noattention_PI_0.5PS_0.3PD_0.2_Noisy_model/hparams
# External evaluation, global step 7000
  decoding to output /home/emlab/Desktop/syuuron/nmt/Noattention_PI_0.5PS_0.3PD_0.2_Noisy_model/output_test
  done, num sentences 100, num translations per input 1, time 0s, Sun Feb  3 16:04:04 2019.
  bleu test: 15.4
  saving hparams to /home/emlab/Desktop/syuuron/nmt/Noattention_PI_0.5PS_0.3PD_0.2_Noisy_model/hparams
  step 7400 lr 1 step-time 0.07s wps 147.94K ppl 1.12 gN 2.58 bleu 45.38, Sun Feb  3 16:04:07 2019
--------------------------------------------------------------------------------------------
# Finished an epoch, step 7452. Perform external evaluation
2019-02-03 16:04:10.632929: I tensorflow/core/kernels/lookup_util.cc:376] Table trying to initialize from file /home/emlab/Desktop/syuuron/nmt/Noattention_PI_0.5PS_0.3PD_0.2_Noisy_model/Vocab.out is already initialized.
2019-02-03 16:04:10.632929: I tensorflow/core/kernels/lookup_util.cc:376] Table trying to initialize from file /home/emlab/Desktop/syuuron/nmt/Noattention_PI_0.5PS_0.3PD_0.2_Noisy_model/Vocab.in is already initialized.
2019-02-03 16:04:10.632938: I tensorflow/core/kernels/lookup_util.cc:376] Table trying to initialize from file /home/emlab/Desktop/syuuron/nmt/Noattention_PI_0.5PS_0.3PD_0.2_Noisy_model/Vocab.out is already initialized.
  loaded infer model parameters from /home/emlab/Desktop/syuuron/nmt/Noattention_PI_0.5PS_0.3PD_0.2_Noisy_model/translate.ckpt-7000, time 0.03s
  # 1657
    src: W TH UH1 ER0 Z Y UW1 JH UW OW2 B EY1 IH1 IH UH1 AW1 ER0 EY1 AO1 AE0 OW EH G L UW2 OY2 AY HH AW F EY1 AH1 M S UH1 EY2 AO1 AW0 AH0 IH T UW1 L IH1 V IH0 NG UH2 UH2 AE T IH2 M B AH0 TH AH2 AE1 HH G OW1 UW1 K TH NG AH0 EY1 B Z AH0 L
    ref: Move ( Sofa ) Place ( hourglass Sofa ) Move ( Living_Table ) Move ( Living_Table ) 
    nmt: Move ( Living_Sofa ) Place ( cubic_clock Living_Sofa ) Move ( Dining_Sofa ) Move ( Dining_Sofa )
2019-02-03 16:04:10.692819: I tensorflow/core/kernels/lookup_util.cc:376] Table trying to initialize from file /home/emlab/Desktop/syuuron/nmt/Noattention_PI_0.5PS_0.3PD_0.2_Noisy_model/Vocab.out is already initialized.
2019-02-03 16:04:10.692819: I tensorflow/core/kernels/lookup_util.cc:376] Table trying to initialize from file /home/emlab/Desktop/syuuron/nmt/Noattention_PI_0.5PS_0.3PD_0.2_Noisy_model/Vocab.in is already initialized.
2019-02-03 16:04:10.692821: I tensorflow/core/kernels/lookup_util.cc:376] Table trying to initialize from file /home/emlab/Desktop/syuuron/nmt/Noattention_PI_0.5PS_0.3PD_0.2_Noisy_model/Vocab.out is already initialized.
  loaded infer model parameters from /home/emlab/Desktop/syuuron/nmt/Noattention_PI_0.5PS_0.3PD_0.2_Noisy_model/translate.ckpt-7000, time 0.03s
# External evaluation, global step 7000
  decoding to output /home/emlab/Desktop/syuuron/nmt/Noattention_PI_0.5PS_0.3PD_0.2_Noisy_model/output_dev
  done, num sentences 2001, num translations per input 1, time 0s, Sun Feb  3 16:04:11 2019.
  bleu dev: 45.4
  saving hparams to /home/emlab/Desktop/syuuron/nmt/Noattention_PI_0.5PS_0.3PD_0.2_Noisy_model/hparams
# External evaluation, global step 7000
  decoding to output /home/emlab/Desktop/syuuron/nmt/Noattention_PI_0.5PS_0.3PD_0.2_Noisy_model/output_test
  done, num sentences 100, num translations per input 1, time 0s, Sun Feb  3 16:04:11 2019.
  bleu test: 15.4
  saving hparams to /home/emlab/Desktop/syuuron/nmt/Noattention_PI_0.5PS_0.3PD_0.2_Noisy_model/hparams
  step 7500 lr 1 step-time 0.07s wps 148.64K ppl 1.12 gN 2.58 bleu 45.38, Sun Feb  3 16:04:15 2019
--------------------------------------------------------------------------------------------
# Finished an epoch, step 7533. Perform external evaluation
2019-02-03 16:04:17.439422: I tensorflow/core/kernels/lookup_util.cc:376] Table trying to initialize from file /home/emlab/Desktop/syuuron/nmt/Noattention_PI_0.5PS_0.3PD_0.2_Noisy_model/Vocab.in is already initialized.
2019-02-03 16:04:17.439424: I tensorflow/core/kernels/lookup_util.cc:376] Table trying to initialize from file /home/emlab/Desktop/syuuron/nmt/Noattention_PI_0.5PS_0.3PD_0.2_Noisy_model/Vocab.out is already initialized.
2019-02-03 16:04:17.439504: I tensorflow/core/kernels/lookup_util.cc:376] Table trying to initialize from file /home/emlab/Desktop/syuuron/nmt/Noattention_PI_0.5PS_0.3PD_0.2_Noisy_model/Vocab.out is already initialized.
  loaded infer model parameters from /home/emlab/Desktop/syuuron/nmt/Noattention_PI_0.5PS_0.3PD_0.2_Noisy_model/translate.ckpt-7000, time 0.03s
  # 1380
    src: CH AY IH0 G OW1 T EY1 EH2 S ER1 D AY2 N IY DH IY0 G T UH1 AA1 IY2 N B R AE HH OY0 SH UH1 G AH1 EY2 EH1 G K Z ZH IH0 T IY2 AH1 M V IH1 IY SH IY2 UH2 T ER0 UW OW UW1 R UW1 AA1 M K EY1
    ref: Move (  Side_Table  ) Find ( sugar Side_Table  ) Grasp ( sugar ) Move ( Visitor_Room )
    nmt: Move ( Bar ) Find ( white_cup ) Grasp ( white_cup ) Move ( Visitor_Room )
2019-02-03 16:04:17.496497: I tensorflow/core/kernels/lookup_util.cc:376] Table trying to initialize from file /home/emlab/Desktop/syuuron/nmt/Noattention_PI_0.5PS_0.3PD_0.2_Noisy_model/Vocab.out is already initialized.
2019-02-03 16:04:17.496497: I tensorflow/core/kernels/lookup_util.cc:376] Table trying to initialize from file /home/emlab/Desktop/syuuron/nmt/Noattention_PI_0.5PS_0.3PD_0.2_Noisy_model/Vocab.out is already initialized.
2019-02-03 16:04:17.496497: I tensorflow/core/kernels/lookup_util.cc:376] Table trying to initialize from file /home/emlab/Desktop/syuuron/nmt/Noattention_PI_0.5PS_0.3PD_0.2_Noisy_model/Vocab.in is already initialized.
  loaded infer model parameters from /home/emlab/Desktop/syuuron/nmt/Noattention_PI_0.5PS_0.3PD_0.2_Noisy_model/translate.ckpt-7000, time 0.03s
# External evaluation, global step 7000
  decoding to output /home/emlab/Desktop/syuuron/nmt/Noattention_PI_0.5PS_0.3PD_0.2_Noisy_model/output_dev
  done, num sentences 2001, num translations per input 1, time 0s, Sun Feb  3 16:04:18 2019.
  bleu dev: 45.4
  saving hparams to /home/emlab/Desktop/syuuron/nmt/Noattention_PI_0.5PS_0.3PD_0.2_Noisy_model/hparams
# External evaluation, global step 7000
  decoding to output /home/emlab/Desktop/syuuron/nmt/Noattention_PI_0.5PS_0.3PD_0.2_Noisy_model/output_test
  done, num sentences 100, num translations per input 1, time 0s, Sun Feb  3 16:04:18 2019.
  bleu test: 15.4
  saving hparams to /home/emlab/Desktop/syuuron/nmt/Noattention_PI_0.5PS_0.3PD_0.2_Noisy_model/hparams
  step 7600 lr 1 step-time 0.07s wps 149.25K ppl 1.12 gN 2.62 bleu 45.38, Sun Feb  3 16:04:23 2019
--------------------------------------------------------------------------------------------
# Finished an epoch, step 7614. Perform external evaluation
2019-02-03 16:04:24.247908: I tensorflow/core/kernels/lookup_util.cc:376] Table trying to initialize from file /home/emlab/Desktop/syuuron/nmt/Noattention_PI_0.5PS_0.3PD_0.2_Noisy_model/Vocab.in is already initialized.
2019-02-03 16:04:24.247908: I tensorflow/core/kernels/lookup_util.cc:376] Table trying to initialize from file /home/emlab/Desktop/syuuron/nmt/Noattention_PI_0.5PS_0.3PD_0.2_Noisy_model/Vocab.out is already initialized.
2019-02-03 16:04:24.247908: I tensorflow/core/kernels/lookup_util.cc:376] Table trying to initialize from file /home/emlab/Desktop/syuuron/nmt/Noattention_PI_0.5PS_0.3PD_0.2_Noisy_model/Vocab.out is already initialized.
  loaded infer model parameters from /home/emlab/Desktop/syuuron/nmt/Noattention_PI_0.5PS_0.3PD_0.2_Noisy_model/translate.ckpt-7000, time 0.03s
  # 1034
    src: W G P OW OW T R EY1 G IH0 AY1 L UW1 P UW2 UW0 IY0 SH EH1 AH0 AW2 V AH AE0 W IH0 ER0 UH OY2 T SH N R B AH0 L W EY1 K S P TH R N OY EY1 OW OY B AA1 EY0 OY OW2 ER0 AO AY1 IY2 OW1 N T W AO2 N IY1 AA2 L AY2 IY2 EY R K N AA1
    ref: Move ( Reception_Table ) Grasp ( spray_bottle ) Move ( HERE )
    nmt: Move ( Reception_Table ) Find ( twin_bell_alarm_clock Reception_Table Grasp ( twin_bell_alarm_clock ) Move ( HERE )
2019-02-03 16:04:24.307855: I tensorflow/core/kernels/lookup_util.cc:376] Table trying to initialize from file /home/emlab/Desktop/syuuron/nmt/Noattention_PI_0.5PS_0.3PD_0.2_Noisy_model/Vocab.out is already initialized.
2019-02-03 16:04:24.307855: I tensorflow/core/kernels/lookup_util.cc:376] Table trying to initialize from file /home/emlab/Desktop/syuuron/nmt/Noattention_PI_0.5PS_0.3PD_0.2_Noisy_model/Vocab.out is already initialized.
2019-02-03 16:04:24.307855: I tensorflow/core/kernels/lookup_util.cc:376] Table trying to initialize from file /home/emlab/Desktop/syuuron/nmt/Noattention_PI_0.5PS_0.3PD_0.2_Noisy_model/Vocab.in is already initialized.
  loaded infer model parameters from /home/emlab/Desktop/syuuron/nmt/Noattention_PI_0.5PS_0.3PD_0.2_Noisy_model/translate.ckpt-7000, time 0.03s
# External evaluation, global step 7000
  decoding to output /home/emlab/Desktop/syuuron/nmt/Noattention_PI_0.5PS_0.3PD_0.2_Noisy_model/output_dev
  done, num sentences 2001, num translations per input 1, time 0s, Sun Feb  3 16:04:24 2019.
  bleu dev: 45.4
  saving hparams to /home/emlab/Desktop/syuuron/nmt/Noattention_PI_0.5PS_0.3PD_0.2_Noisy_model/hparams
# External evaluation, global step 7000
  decoding to output /home/emlab/Desktop/syuuron/nmt/Noattention_PI_0.5PS_0.3PD_0.2_Noisy_model/output_test
  done, num sentences 100, num translations per input 1, time 0s, Sun Feb  3 16:04:25 2019.
  bleu test: 15.4
  saving hparams to /home/emlab/Desktop/syuuron/nmt/Noattention_PI_0.5PS_0.3PD_0.2_Noisy_model/hparams
--------------------------------------------------------------------------------------------
# Finished an epoch, step 7695. Perform external evaluation
2019-02-03 16:04:31.083604: I tensorflow/core/kernels/lookup_util.cc:376] Table trying to initialize from file /home/emlab/Desktop/syuuron/nmt/Noattention_PI_0.5PS_0.3PD_0.2_Noisy_model/Vocab.out is already initialized.
2019-02-03 16:04:31.083604: I tensorflow/core/kernels/lookup_util.cc:376] Table trying to initialize from file /home/emlab/Desktop/syuuron/nmt/Noattention_PI_0.5PS_0.3PD_0.2_Noisy_model/Vocab.in is already initialized.
2019-02-03 16:04:31.083604: I tensorflow/core/kernels/lookup_util.cc:376] Table trying to initialize from file /home/emlab/Desktop/syuuron/nmt/Noattention_PI_0.5PS_0.3PD_0.2_Noisy_model/Vocab.out is already initialized.
  loaded infer model parameters from /home/emlab/Desktop/syuuron/nmt/Noattention_PI_0.5PS_0.3PD_0.2_Noisy_model/translate.ckpt-7000, time 0.03s
  # 871
    src: AY1 IY1 AE1 N Y SH EY1 V UW1 AY0 AH2 M UW1 V UW1 AE OY1 AH2 JH NG K F IY2 UH IH1 CH AW0 N AW2 UH2 AE2 EY0 IY0 AH0 L CH G EH1 K Z T OW ER R AW1 N AA2 T IY1 IH2 DH G DH AO2 OW N IH2 M AE1 UH2 AE2 K
    ref: Move ( Kitchen_Table ) Grasp ( Brown_Tea ) Move ( HERE )
    nmt: Move ( Kitchen_Table ) Find ( Green_Tea Kitchen_Table Grasp ( Green_Tea ) Move ( HERE )
2019-02-03 16:04:31.140235: I tensorflow/core/kernels/lookup_util.cc:376] Table trying to initialize from file /home/emlab/Desktop/syuuron/nmt/Noattention_PI_0.5PS_0.3PD_0.2_Noisy_model/Vocab.out is already initialized.
2019-02-03 16:04:31.140236: I tensorflow/core/kernels/lookup_util.cc:376] Table trying to initialize from file /home/emlab/Desktop/syuuron/nmt/Noattention_PI_0.5PS_0.3PD_0.2_Noisy_model/Vocab.out is already initialized.
2019-02-03 16:04:31.140236: I tensorflow/core/kernels/lookup_util.cc:376] Table trying to initialize from file /home/emlab/Desktop/syuuron/nmt/Noattention_PI_0.5PS_0.3PD_0.2_Noisy_model/Vocab.in is already initialized.
  loaded infer model parameters from /home/emlab/Desktop/syuuron/nmt/Noattention_PI_0.5PS_0.3PD_0.2_Noisy_model/translate.ckpt-7000, time 0.03s
# External evaluation, global step 7000
  decoding to output /home/emlab/Desktop/syuuron/nmt/Noattention_PI_0.5PS_0.3PD_0.2_Noisy_model/output_dev
  done, num sentences 2001, num translations per input 1, time 0s, Sun Feb  3 16:04:31 2019.
  bleu dev: 45.4
  saving hparams to /home/emlab/Desktop/syuuron/nmt/Noattention_PI_0.5PS_0.3PD_0.2_Noisy_model/hparams
# External evaluation, global step 7000
  decoding to output /home/emlab/Desktop/syuuron/nmt/Noattention_PI_0.5PS_0.3PD_0.2_Noisy_model/output_test
  done, num sentences 100, num translations per input 1, time 0s, Sun Feb  3 16:04:32 2019.
  bleu test: 15.4
  saving hparams to /home/emlab/Desktop/syuuron/nmt/Noattention_PI_0.5PS_0.3PD_0.2_Noisy_model/hparams
  step 7700 lr 1 step-time 0.07s wps 136.92K ppl 1.12 gN 2.79 bleu 45.38, Sun Feb  3 16:04:32 2019
--------------------------------------------------------------------------------------------
# Finished an epoch, step 7776. Perform external evaluation
2019-02-03 16:04:37.898194: I tensorflow/core/kernels/lookup_util.cc:376] Table trying to initialize from file /home/emlab/Desktop/syuuron/nmt/Noattention_PI_0.5PS_0.3PD_0.2_Noisy_model/Vocab.out is already initialized.
2019-02-03 16:04:37.898194: I tensorflow/core/kernels/lookup_util.cc:376] Table trying to initialize from file /home/emlab/Desktop/syuuron/nmt/Noattention_PI_0.5PS_0.3PD_0.2_Noisy_model/Vocab.out is already initialized.
2019-02-03 16:04:37.898241: I tensorflow/core/kernels/lookup_util.cc:376] Table trying to initialize from file /home/emlab/Desktop/syuuron/nmt/Noattention_PI_0.5PS_0.3PD_0.2_Noisy_model/Vocab.in is already initialized.
  loaded infer model parameters from /home/emlab/Desktop/syuuron/nmt/Noattention_PI_0.5PS_0.3PD_0.2_Noisy_model/translate.ckpt-7000, time 0.03s
  # 137
    src: W Y AW2 M T SH AW2 AY1 D AW EH IY0 AY AW0 SH UW EY1 ER2 UW AE2 AH0 L G R AH1 S OY1 P D ER T OW1 AH0 B L EY2 AW0 HH EY AH0 N UW0 EY0 S K AA AW L W AE1
    ref: Move ( Side_Table ) Grasp ( tumbler ) Move ( HERE )
    nmt: Move ( Dining_Table ) Grasp ( Cup_Noodle ) Move ( HERE )
2019-02-03 16:04:37.955544: I tensorflow/core/kernels/lookup_util.cc:376] Table trying to initialize from file /home/emlab/Desktop/syuuron/nmt/Noattention_PI_0.5PS_0.3PD_0.2_Noisy_model/Vocab.out is already initialized.
2019-02-03 16:04:37.955544: I tensorflow/core/kernels/lookup_util.cc:376] Table trying to initialize from file /home/emlab/Desktop/syuuron/nmt/Noattention_PI_0.5PS_0.3PD_0.2_Noisy_model/Vocab.in is already initialized.
2019-02-03 16:04:37.955544: I tensorflow/core/kernels/lookup_util.cc:376] Table trying to initialize from file /home/emlab/Desktop/syuuron/nmt/Noattention_PI_0.5PS_0.3PD_0.2_Noisy_model/Vocab.out is already initialized.
  loaded infer model parameters from /home/emlab/Desktop/syuuron/nmt/Noattention_PI_0.5PS_0.3PD_0.2_Noisy_model/translate.ckpt-7000, time 0.03s
# External evaluation, global step 7000
  decoding to output /home/emlab/Desktop/syuuron/nmt/Noattention_PI_0.5PS_0.3PD_0.2_Noisy_model/output_dev
  done, num sentences 2001, num translations per input 1, time 0s, Sun Feb  3 16:04:38 2019.
  bleu dev: 45.4
  saving hparams to /home/emlab/Desktop/syuuron/nmt/Noattention_PI_0.5PS_0.3PD_0.2_Noisy_model/hparams
# External evaluation, global step 7000
  decoding to output /home/emlab/Desktop/syuuron/nmt/Noattention_PI_0.5PS_0.3PD_0.2_Noisy_model/output_test
  done, num sentences 100, num translations per input 1, time 0s, Sun Feb  3 16:04:38 2019.
  bleu test: 15.4
  saving hparams to /home/emlab/Desktop/syuuron/nmt/Noattention_PI_0.5PS_0.3PD_0.2_Noisy_model/hparams
  step 7800 lr 1 step-time 0.07s wps 148.75K ppl 1.12 gN 2.61 bleu 45.38, Sun Feb  3 16:04:40 2019
--------------------------------------------------------------------------------------------
# Finished an epoch, step 7857. Perform external evaluation
2019-02-03 16:04:44.718349: I tensorflow/core/kernels/lookup_util.cc:376] Table trying to initialize from file /home/emlab/Desktop/syuuron/nmt/Noattention_PI_0.5PS_0.3PD_0.2_Noisy_model/Vocab.in is already initialized.
2019-02-03 16:04:44.718352: I tensorflow/core/kernels/lookup_util.cc:376] Table trying to initialize from file /home/emlab/Desktop/syuuron/nmt/Noattention_PI_0.5PS_0.3PD_0.2_Noisy_model/Vocab.out is already initialized.
2019-02-03 16:04:44.718352: I tensorflow/core/kernels/lookup_util.cc:376] Table trying to initialize from file /home/emlab/Desktop/syuuron/nmt/Noattention_PI_0.5PS_0.3PD_0.2_Noisy_model/Vocab.out is already initialized.
  loaded infer model parameters from /home/emlab/Desktop/syuuron/nmt/Noattention_PI_0.5PS_0.3PD_0.2_Noisy_model/translate.ckpt-7000, time 0.03s
  # 1869
    src: G OW1 T NG AO2 OW1 SH OW UW1 IH1 ER2 P EH2 G HH ER0 IY0 OW1 UW0 ER2 SH AH0 OY0 S EH1 S T D IH0 AE1 EH1 EH AE2 K T V AY1 P IY1 AO2 IY0 UH2 S L AY0 HH ER1 T IH1 AH EH1 T
    ref: Move ( Dining_Sofa ) Find ( empty_ketchup Dining_Sofa  ) Grasp ( empty_ketchup )
    nmt: Move ( Visitor_Room ) Find ( Lemon_Tea Visitor_Room ) Grasp ( Lemon_Tea )
2019-02-03 16:04:44.775896: I tensorflow/core/kernels/lookup_util.cc:376] Table trying to initialize from file /home/emlab/Desktop/syuuron/nmt/Noattention_PI_0.5PS_0.3PD_0.2_Noisy_model/Vocab.in is already initialized.
2019-02-03 16:04:44.775896: I tensorflow/core/kernels/lookup_util.cc:376] Table trying to initialize from file /home/emlab/Desktop/syuuron/nmt/Noattention_PI_0.5PS_0.3PD_0.2_Noisy_model/Vocab.out is already initialized.
2019-02-03 16:04:44.775896: I tensorflow/core/kernels/lookup_util.cc:376] Table trying to initialize from file /home/emlab/Desktop/syuuron/nmt/Noattention_PI_0.5PS_0.3PD_0.2_Noisy_model/Vocab.out is already initialized.
  loaded infer model parameters from /home/emlab/Desktop/syuuron/nmt/Noattention_PI_0.5PS_0.3PD_0.2_Noisy_model/translate.ckpt-7000, time 0.03s
# External evaluation, global step 7000
  decoding to output /home/emlab/Desktop/syuuron/nmt/Noattention_PI_0.5PS_0.3PD_0.2_Noisy_model/output_dev
  done, num sentences 2001, num translations per input 1, time 0s, Sun Feb  3 16:04:45 2019.
  bleu dev: 45.4
  saving hparams to /home/emlab/Desktop/syuuron/nmt/Noattention_PI_0.5PS_0.3PD_0.2_Noisy_model/hparams
# External evaluation, global step 7000
  decoding to output /home/emlab/Desktop/syuuron/nmt/Noattention_PI_0.5PS_0.3PD_0.2_Noisy_model/output_test
  done, num sentences 100, num translations per input 1, time 0s, Sun Feb  3 16:04:45 2019.
  bleu test: 15.4
  saving hparams to /home/emlab/Desktop/syuuron/nmt/Noattention_PI_0.5PS_0.3PD_0.2_Noisy_model/hparams
  step 7900 lr 1 step-time 0.07s wps 148.00K ppl 1.11 gN 2.61 bleu 45.38, Sun Feb  3 16:04:49 2019
--------------------------------------------------------------------------------------------
# Finished an epoch, step 7938. Perform external evaluation
2019-02-03 16:04:51.576105: I tensorflow/core/kernels/lookup_util.cc:376] Table trying to initialize from file /home/emlab/Desktop/syuuron/nmt/Noattention_PI_0.5PS_0.3PD_0.2_Noisy_model/Vocab.out is already initialized.
2019-02-03 16:04:51.576105: I tensorflow/core/kernels/lookup_util.cc:376] Table trying to initialize from file /home/emlab/Desktop/syuuron/nmt/Noattention_PI_0.5PS_0.3PD_0.2_Noisy_model/Vocab.in is already initialized.
2019-02-03 16:04:51.576105: I tensorflow/core/kernels/lookup_util.cc:376] Table trying to initialize from file /home/emlab/Desktop/syuuron/nmt/Noattention_PI_0.5PS_0.3PD_0.2_Noisy_model/Vocab.out is already initialized.
  loaded infer model parameters from /home/emlab/Desktop/syuuron/nmt/Noattention_PI_0.5PS_0.3PD_0.2_Noisy_model/translate.ckpt-7000, time 0.03s
  # 1362
    src: L AH0 S AE L EY2 AE1 F AH0 ER0 EY0 UW1 Y N S EY0 AE1 F Z N AO1 R EH0 ER0 AO2 EH1 SH W G NG W UH0 OW0 G G IH1 UH2 EY1 N AY1 D UH P EH1 OW0 P AE1 AW0 F TH OW B ER0 F AO1 R AH1 OW AE2 AW1 N B UH0
    ref: Say ( person ) Listen ( ground_pepper ) Move ( Bar ) Find ( ground_pepper Bar ) Grasp ( ground_pepper ) Move ( ground_pepper ) Place ( ground_pepper Bar ) 
    nmt: Say ( person ) Listen ( white_cup ) Move ( Dining_Table ) Find ( white_cup Dining_Table ) Grasp ( white_cup ) Move ( white_cup ) Place ( white_cup Dining_Table )
2019-02-03 16:04:51.640287: I tensorflow/core/kernels/lookup_util.cc:376] Table trying to initialize from file /home/emlab/Desktop/syuuron/nmt/Noattention_PI_0.5PS_0.3PD_0.2_Noisy_model/Vocab.out is already initialized.
2019-02-03 16:04:51.640287: I tensorflow/core/kernels/lookup_util.cc:376] Table trying to initialize from file /home/emlab/Desktop/syuuron/nmt/Noattention_PI_0.5PS_0.3PD_0.2_Noisy_model/Vocab.out is already initialized.
2019-02-03 16:04:51.640294: I tensorflow/core/kernels/lookup_util.cc:376] Table trying to initialize from file /home/emlab/Desktop/syuuron/nmt/Noattention_PI_0.5PS_0.3PD_0.2_Noisy_model/Vocab.in is already initialized.
  loaded infer model parameters from /home/emlab/Desktop/syuuron/nmt/Noattention_PI_0.5PS_0.3PD_0.2_Noisy_model/translate.ckpt-7000, time 0.03s
# External evaluation, global step 7000
  decoding to output /home/emlab/Desktop/syuuron/nmt/Noattention_PI_0.5PS_0.3PD_0.2_Noisy_model/output_dev
  done, num sentences 2001, num translations per input 1, time 0s, Sun Feb  3 16:04:52 2019.
  bleu dev: 45.4
  saving hparams to /home/emlab/Desktop/syuuron/nmt/Noattention_PI_0.5PS_0.3PD_0.2_Noisy_model/hparams
# External evaluation, global step 7000
  decoding to output /home/emlab/Desktop/syuuron/nmt/Noattention_PI_0.5PS_0.3PD_0.2_Noisy_model/output_test
  done, num sentences 100, num translations per input 1, time 0s, Sun Feb  3 16:04:52 2019.
  bleu test: 15.4
  saving hparams to /home/emlab/Desktop/syuuron/nmt/Noattention_PI_0.5PS_0.3PD_0.2_Noisy_model/hparams
  step 8000 lr 1 step-time 0.07s wps 149.06K ppl 1.11 gN 2.59 bleu 45.38, Sun Feb  3 16:04:57 2019
# Save eval, global step 8000
2019-02-03 16:04:57.298387: I tensorflow/core/kernels/lookup_util.cc:376] Table trying to initialize from file /home/emlab/Desktop/syuuron/nmt/Noattention_PI_0.5PS_0.3PD_0.2_Noisy_model/Vocab.in is already initialized.
2019-02-03 16:04:57.298430: I tensorflow/core/kernels/lookup_util.cc:376] Table trying to initialize from file /home/emlab/Desktop/syuuron/nmt/Noattention_PI_0.5PS_0.3PD_0.2_Noisy_model/Vocab.out is already initialized.
2019-02-03 16:04:57.298387: I tensorflow/core/kernels/lookup_util.cc:376] Table trying to initialize from file /home/emlab/Desktop/syuuron/nmt/Noattention_PI_0.5PS_0.3PD_0.2_Noisy_model/Vocab.out is already initialized.
  loaded infer model parameters from /home/emlab/Desktop/syuuron/nmt/Noattention_PI_0.5PS_0.3PD_0.2_Noisy_model/translate.ckpt-8000, time 0.04s
  # 1415
    src: JH W EH HH L AA2 AE2 G EH1 N AE1 AY2 AA SH G R AW1 AY0 Y G OW1 JH R P M AY0 S AE CH IY1 AO1 TH EY0 OY G OY1 UH EY0 T UH2 AO2 ER2 TH UW1 D AY1 IH0 IY0 IH0 NG IH1 UW1 M T K EY0 SH S R AH0 D B OY2 EY0 K IY ER0
    ref: Move ( Bar ) Find ( ground_pepper Bar  ) Grasp ( ground_pepper )  Move ( Dining_Room ) Move ( Corridor )
    nmt: Move ( Dining_Sofa ) Find ( dog_doll Dining_Sofa ) Move ( Dining_Table ) Move ( Corridor )
2019-02-03 16:04:57.361937: I tensorflow/core/kernels/lookup_util.cc:376] Table trying to initialize from file /home/emlab/Desktop/syuuron/nmt/Noattention_PI_0.5PS_0.3PD_0.2_Noisy_model/Vocab.in is already initialized.
2019-02-03 16:04:57.361943: I tensorflow/core/kernels/lookup_util.cc:376] Table trying to initialize from file /home/emlab/Desktop/syuuron/nmt/Noattention_PI_0.5PS_0.3PD_0.2_Noisy_model/Vocab.out is already initialized.
2019-02-03 16:04:57.361945: I tensorflow/core/kernels/lookup_util.cc:376] Table trying to initialize from file /home/emlab/Desktop/syuuron/nmt/Noattention_PI_0.5PS_0.3PD_0.2_Noisy_model/Vocab.out is already initialized.
  loaded eval model parameters from /home/emlab/Desktop/syuuron/nmt/Noattention_PI_0.5PS_0.3PD_0.2_Noisy_model/translate.ckpt-8000, time 0.03s
  eval dev: perplexity 1.76, time 0s, Sun Feb  3 16:04:58 2019.
  eval test: perplexity 4.64, time 0s, Sun Feb  3 16:04:58 2019.
--------------------------------------------------------------------------------------------
# Finished an epoch, step 8019. Perform external evaluation
2019-02-03 16:04:59.329436: I tensorflow/core/kernels/lookup_util.cc:376] Table trying to initialize from file /home/emlab/Desktop/syuuron/nmt/Noattention_PI_0.5PS_0.3PD_0.2_Noisy_model/Vocab.in is already initialized.
2019-02-03 16:04:59.329436: I tensorflow/core/kernels/lookup_util.cc:376] Table trying to initialize from file /home/emlab/Desktop/syuuron/nmt/Noattention_PI_0.5PS_0.3PD_0.2_Noisy_model/Vocab.out is already initialized.
2019-02-03 16:04:59.329445: I tensorflow/core/kernels/lookup_util.cc:376] Table trying to initialize from file /home/emlab/Desktop/syuuron/nmt/Noattention_PI_0.5PS_0.3PD_0.2_Noisy_model/Vocab.out is already initialized.
  loaded infer model parameters from /home/emlab/Desktop/syuuron/nmt/Noattention_PI_0.5PS_0.3PD_0.2_Noisy_model/translate.ckpt-8000, time 0.03s
  # 1467
    src: Y G AW UW1 EY2 S AY1 D AW2 L AO0 M UW1 EY T IH1 AE0 D AY1 N IH0 NG OW1 IY1 T AE0 EY1 EY1 K UH0 UW IH1 AO1 S T V AA1 R
    ref: Move ( Side_Table ) Move ( Dining_Sofa ) Find ( Chip_Star Side_Table ) Grasp ( Chip_Star ) Move ( HERE )
    nmt: Move ( Sofa ) Move ( Side_Table ) Find ( toy_car Sofa ) Grasp ( toy_car ) Move ( HERE )
2019-02-03 16:04:59.386536: I tensorflow/core/kernels/lookup_util.cc:376] Table trying to initialize from file /home/emlab/Desktop/syuuron/nmt/Noattention_PI_0.5PS_0.3PD_0.2_Noisy_model/Vocab.in is already initialized.
2019-02-03 16:04:59.386536: I tensorflow/core/kernels/lookup_util.cc:376] Table trying to initialize from file /home/emlab/Desktop/syuuron/nmt/Noattention_PI_0.5PS_0.3PD_0.2_Noisy_model/Vocab.out is already initialized.
2019-02-03 16:04:59.386536: I tensorflow/core/kernels/lookup_util.cc:376] Table trying to initialize from file /home/emlab/Desktop/syuuron/nmt/Noattention_PI_0.5PS_0.3PD_0.2_Noisy_model/Vocab.out is already initialized.
  loaded infer model parameters from /home/emlab/Desktop/syuuron/nmt/Noattention_PI_0.5PS_0.3PD_0.2_Noisy_model/translate.ckpt-8000, time 0.03s
# External evaluation, global step 8000
  decoding to output /home/emlab/Desktop/syuuron/nmt/Noattention_PI_0.5PS_0.3PD_0.2_Noisy_model/output_dev
  done, num sentences 2001, num translations per input 1, time 0s, Sun Feb  3 16:05:00 2019.
  bleu dev: 45.4
  saving hparams to /home/emlab/Desktop/syuuron/nmt/Noattention_PI_0.5PS_0.3PD_0.2_Noisy_model/hparams
# External evaluation, global step 8000
  decoding to output /home/emlab/Desktop/syuuron/nmt/Noattention_PI_0.5PS_0.3PD_0.2_Noisy_model/output_test
  done, num sentences 100, num translations per input 1, time 0s, Sun Feb  3 16:05:00 2019.
  bleu test: 15.3
  saving hparams to /home/emlab/Desktop/syuuron/nmt/Noattention_PI_0.5PS_0.3PD_0.2_Noisy_model/hparams
  step 8100 lr 1 step-time 0.07s wps 146.86K ppl 1.11 gN 2.70 bleu 45.38, Sun Feb  3 16:05:06 2019
--------------------------------------------------------------------------------------------
# Finished an epoch, step 8100. Perform external evaluation
2019-02-03 16:05:06.146627: I tensorflow/core/kernels/lookup_util.cc:376] Table trying to initialize from file /home/emlab/Desktop/syuuron/nmt/Noattention_PI_0.5PS_0.3PD_0.2_Noisy_model/Vocab.out is already initialized.
2019-02-03 16:05:06.146627: I tensorflow/core/kernels/lookup_util.cc:376] Table trying to initialize from file /home/emlab/Desktop/syuuron/nmt/Noattention_PI_0.5PS_0.3PD_0.2_Noisy_model/Vocab.in is already initialized.
2019-02-03 16:05:06.146627: I tensorflow/core/kernels/lookup_util.cc:376] Table trying to initialize from file /home/emlab/Desktop/syuuron/nmt/Noattention_PI_0.5PS_0.3PD_0.2_Noisy_model/Vocab.out is already initialized.
  loaded infer model parameters from /home/emlab/Desktop/syuuron/nmt/Noattention_PI_0.5PS_0.3PD_0.2_Noisy_model/translate.ckpt-8000, time 0.03s
  # 358
    src: T EY G AE1 AW0 N IH0 OW1 IY2 T UW1 R AH0 EH2 EH2 S AW0 AE2 OY1 EH1 EH0 OY1 IY AH0 UW1 N T ER1 EY1 DH AA1 HH AH0 AY2 AO0 N UH1 L UW1 T F V AY UH2 S OW1 EH0 EH2 F F ER1 AE2 HH T HH K AO0 G N ER0 T IY1
    ref: Move ( Reception_Table ) Move ( Sofa ) Find ( Green_Tea Reception_Table ) Grasp ( Green_Tea ) Move ( HERE )
    nmt: Move ( Dining_Sofa ) Find ( toy_penguin Dining_Sofa ) Move ( Dining_Table ) Move ( kitchen )
2019-02-03 16:05:06.204544: I tensorflow/core/kernels/lookup_util.cc:376] Table trying to initialize from file /home/emlab/Desktop/syuuron/nmt/Noattention_PI_0.5PS_0.3PD_0.2_Noisy_model/Vocab.out is already initialized.
2019-02-03 16:05:06.204558: I tensorflow/core/kernels/lookup_util.cc:376] Table trying to initialize from file /home/emlab/Desktop/syuuron/nmt/Noattention_PI_0.5PS_0.3PD_0.2_Noisy_model/Vocab.out is already initialized.
2019-02-03 16:05:06.204548: I tensorflow/core/kernels/lookup_util.cc:376] Table trying to initialize from file /home/emlab/Desktop/syuuron/nmt/Noattention_PI_0.5PS_0.3PD_0.2_Noisy_model/Vocab.in is already initialized.
  loaded infer model parameters from /home/emlab/Desktop/syuuron/nmt/Noattention_PI_0.5PS_0.3PD_0.2_Noisy_model/translate.ckpt-8000, time 0.03s
# External evaluation, global step 8000
  decoding to output /home/emlab/Desktop/syuuron/nmt/Noattention_PI_0.5PS_0.3PD_0.2_Noisy_model/output_dev
  done, num sentences 2001, num translations per input 1, time 0s, Sun Feb  3 16:05:06 2019.
  bleu dev: 45.4
  saving hparams to /home/emlab/Desktop/syuuron/nmt/Noattention_PI_0.5PS_0.3PD_0.2_Noisy_model/hparams
# External evaluation, global step 8000
  decoding to output /home/emlab/Desktop/syuuron/nmt/Noattention_PI_0.5PS_0.3PD_0.2_Noisy_model/output_test
  done, num sentences 100, num translations per input 1, time 0s, Sun Feb  3 16:05:07 2019.
  bleu test: 15.3
  saving hparams to /home/emlab/Desktop/syuuron/nmt/Noattention_PI_0.5PS_0.3PD_0.2_Noisy_model/hparams
--------------------------------------------------------------------------------------------
# Finished an epoch, step 8181. Perform external evaluation
2019-02-03 16:05:12.945743: I tensorflow/core/kernels/lookup_util.cc:376] Table trying to initialize from file /home/emlab/Desktop/syuuron/nmt/Noattention_PI_0.5PS_0.3PD_0.2_Noisy_model/Vocab.in is already initialized.
2019-02-03 16:05:12.945743: I tensorflow/core/kernels/lookup_util.cc:376] Table trying to initialize from file /home/emlab/Desktop/syuuron/nmt/Noattention_PI_0.5PS_0.3PD_0.2_Noisy_model/Vocab.out is already initialized.
2019-02-03 16:05:12.945743: I tensorflow/core/kernels/lookup_util.cc:376] Table trying to initialize from file /home/emlab/Desktop/syuuron/nmt/Noattention_PI_0.5PS_0.3PD_0.2_Noisy_model/Vocab.out is already initialized.
  loaded infer model parameters from /home/emlab/Desktop/syuuron/nmt/Noattention_PI_0.5PS_0.3PD_0.2_Noisy_model/translate.ckpt-8000, time 0.03s
  # 1847
    src: IY G OW1 SH ER2 T IY2 L IH1 AO1 IH0 EH D T AW1 EH1 EH1 AO1 EY1 NG B AH0 AA2 L ER IH B R K W UH1 AY1 W G K AH1 P AY2 AH0 P AH1 L AW AE0 OW2 IH1 T AH OY L IY0 UH ER1 F OW0 OY0 AY0 R AA1 Y K EY1
    ref: Move ( Living_Table )  Grasp ( white_cup ) Move ( Bar ) Place ( white_cup Living_Table )
    nmt: Move ( Living_Table ) Grasp ( filled_ketchup ) Move ( Sofa ) Place ( filled_ketchup Living_Table )
2019-02-03 16:05:13.011801: I tensorflow/core/kernels/lookup_util.cc:376] Table trying to initialize from file /home/emlab/Desktop/syuuron/nmt/Noattention_PI_0.5PS_0.3PD_0.2_Noisy_model/Vocab.out is already initialized.
2019-02-03 16:05:13.011801: I tensorflow/core/kernels/lookup_util.cc:376] Table trying to initialize from file /home/emlab/Desktop/syuuron/nmt/Noattention_PI_0.5PS_0.3PD_0.2_Noisy_model/Vocab.in is already initialized.
2019-02-03 16:05:13.011801: I tensorflow/core/kernels/lookup_util.cc:376] Table trying to initialize from file /home/emlab/Desktop/syuuron/nmt/Noattention_PI_0.5PS_0.3PD_0.2_Noisy_model/Vocab.out is already initialized.
  loaded infer model parameters from /home/emlab/Desktop/syuuron/nmt/Noattention_PI_0.5PS_0.3PD_0.2_Noisy_model/translate.ckpt-8000, time 0.03s
# External evaluation, global step 8000
  decoding to output /home/emlab/Desktop/syuuron/nmt/Noattention_PI_0.5PS_0.3PD_0.2_Noisy_model/output_dev
  done, num sentences 2001, num translations per input 1, time 0s, Sun Feb  3 16:05:13 2019.
  bleu dev: 45.4
  saving hparams to /home/emlab/Desktop/syuuron/nmt/Noattention_PI_0.5PS_0.3PD_0.2_Noisy_model/hparams
# External evaluation, global step 8000
  decoding to output /home/emlab/Desktop/syuuron/nmt/Noattention_PI_0.5PS_0.3PD_0.2_Noisy_model/output_test
  done, num sentences 100, num translations per input 1, time 0s, Sun Feb  3 16:05:13 2019.
  bleu test: 15.3
  saving hparams to /home/emlab/Desktop/syuuron/nmt/Noattention_PI_0.5PS_0.3PD_0.2_Noisy_model/hparams
  step 8200 lr 1 step-time 0.07s wps 140.05K ppl 1.11 gN 2.58 bleu 45.38, Sun Feb  3 16:05:15 2019
--------------------------------------------------------------------------------------------
# Finished an epoch, step 8262. Perform external evaluation
2019-02-03 16:05:19.774458: I tensorflow/core/kernels/lookup_util.cc:376] Table trying to initialize from file /home/emlab/Desktop/syuuron/nmt/Noattention_PI_0.5PS_0.3PD_0.2_Noisy_model/Vocab.out is already initialized.
2019-02-03 16:05:19.774458: I tensorflow/core/kernels/lookup_util.cc:376] Table trying to initialize from file /home/emlab/Desktop/syuuron/nmt/Noattention_PI_0.5PS_0.3PD_0.2_Noisy_model/Vocab.out is already initialized.
2019-02-03 16:05:19.774458: I tensorflow/core/kernels/lookup_util.cc:376] Table trying to initialize from file /home/emlab/Desktop/syuuron/nmt/Noattention_PI_0.5PS_0.3PD_0.2_Noisy_model/Vocab.in is already initialized.
  loaded infer model parameters from /home/emlab/Desktop/syuuron/nmt/Noattention_PI_0.5PS_0.3PD_0.2_Noisy_model/translate.ckpt-8000, time 0.03s
  # 1585
    src: G AO0 OW1 T UW1 UH0 IY2 R JH IH0 S EH1 DH EY1 AW AA0 AY1 IH CH HH T V AH1 B AH0 ER AW1 L AO1 IH0 OW1 SH D S EH NG R M AO1 AH0 Y D UH0 CH N D UW2 ZH V DH AO1 ER2 K AH0 P P AA0 AA1 W IY0 OW1 OY AW1 F T Z AA OW1 UW0 N AE T
    ref: Move ( Reception_Table )  Move ( Dining_Room )  Move ( apartment )
    nmt: Move ( Reception_Table ) Move ( Reception_Table ) Move ( apartment )
2019-02-03 16:05:19.836434: I tensorflow/core/kernels/lookup_util.cc:376] Table trying to initialize from file /home/emlab/Desktop/syuuron/nmt/Noattention_PI_0.5PS_0.3PD_0.2_Noisy_model/Vocab.out is already initialized.
2019-02-03 16:05:19.836434: I tensorflow/core/kernels/lookup_util.cc:376] Table trying to initialize from file /home/emlab/Desktop/syuuron/nmt/Noattention_PI_0.5PS_0.3PD_0.2_Noisy_model/Vocab.out is already initialized.
2019-02-03 16:05:19.836434: I tensorflow/core/kernels/lookup_util.cc:376] Table trying to initialize from file /home/emlab/Desktop/syuuron/nmt/Noattention_PI_0.5PS_0.3PD_0.2_Noisy_model/Vocab.in is already initialized.
  loaded infer model parameters from /home/emlab/Desktop/syuuron/nmt/Noattention_PI_0.5PS_0.3PD_0.2_Noisy_model/translate.ckpt-8000, time 0.03s
# External evaluation, global step 8000
  decoding to output /home/emlab/Desktop/syuuron/nmt/Noattention_PI_0.5PS_0.3PD_0.2_Noisy_model/output_dev
  done, num sentences 2001, num translations per input 1, time 0s, Sun Feb  3 16:05:20 2019.
  bleu dev: 45.4
  saving hparams to /home/emlab/Desktop/syuuron/nmt/Noattention_PI_0.5PS_0.3PD_0.2_Noisy_model/hparams
# External evaluation, global step 8000
  decoding to output /home/emlab/Desktop/syuuron/nmt/Noattention_PI_0.5PS_0.3PD_0.2_Noisy_model/output_test
  done, num sentences 100, num translations per input 1, time 0s, Sun Feb  3 16:05:20 2019.
  bleu test: 15.3
  saving hparams to /home/emlab/Desktop/syuuron/nmt/Noattention_PI_0.5PS_0.3PD_0.2_Noisy_model/hparams
  step 8300 lr 1 step-time 0.07s wps 148.98K ppl 1.10 gN 2.55 bleu 45.38, Sun Feb  3 16:05:23 2019
--------------------------------------------------------------------------------------------
# Finished an epoch, step 8343. Perform external evaluation
2019-02-03 16:05:26.597127: I tensorflow/core/kernels/lookup_util.cc:376] Table trying to initialize from file /home/emlab/Desktop/syuuron/nmt/Noattention_PI_0.5PS_0.3PD_0.2_Noisy_model/Vocab.out is already initialized.
2019-02-03 16:05:26.597127: I tensorflow/core/kernels/lookup_util.cc:376] Table trying to initialize from file /home/emlab/Desktop/syuuron/nmt/Noattention_PI_0.5PS_0.3PD_0.2_Noisy_model/Vocab.out is already initialized.
2019-02-03 16:05:26.597127: I tensorflow/core/kernels/lookup_util.cc:376] Table trying to initialize from file /home/emlab/Desktop/syuuron/nmt/Noattention_PI_0.5PS_0.3PD_0.2_Noisy_model/Vocab.in is already initialized.
  loaded infer model parameters from /home/emlab/Desktop/syuuron/nmt/Noattention_PI_0.5PS_0.3PD_0.2_Noisy_model/translate.ckpt-8000, time 0.03s
  # 1689
    src: G P Y B OW1 T AO2 UW1 EH1 AY1 P OY2 D V IY1 IH0 NG UW1 G OW1 T IY IY EY0 EH1 UH UH S K IH1 OW1 AH0 AO0 T B AH0 OW1 G AW0 IY1 AE2 L P TH AA0 ER0 L IY1 EH2 AY1 V V DH AH0 UW1 F AA1 F EH2 K M P UH0 UW2 DH EY1 JH HH N AA1 R Z M AH0 AH1 N IY0
    ref: Move ( Dining_Room ) Move ( Kitchen_Table )  Move ( apartment )
    nmt: Move ( bed_room ) Move ( Kitchen_Table ) Move ( apartment )
2019-02-03 16:05:26.657937: I tensorflow/core/kernels/lookup_util.cc:376] Table trying to initialize from file /home/emlab/Desktop/syuuron/nmt/Noattention_PI_0.5PS_0.3PD_0.2_Noisy_model/Vocab.in is already initialized.
2019-02-03 16:05:26.657937: I tensorflow/core/kernels/lookup_util.cc:376] Table trying to initialize from file /home/emlab/Desktop/syuuron/nmt/Noattention_PI_0.5PS_0.3PD_0.2_Noisy_model/Vocab.out is already initialized.
2019-02-03 16:05:26.657937: I tensorflow/core/kernels/lookup_util.cc:376] Table trying to initialize from file /home/emlab/Desktop/syuuron/nmt/Noattention_PI_0.5PS_0.3PD_0.2_Noisy_model/Vocab.out is already initialized.
  loaded infer model parameters from /home/emlab/Desktop/syuuron/nmt/Noattention_PI_0.5PS_0.3PD_0.2_Noisy_model/translate.ckpt-8000, time 0.03s
# External evaluation, global step 8000
  decoding to output /home/emlab/Desktop/syuuron/nmt/Noattention_PI_0.5PS_0.3PD_0.2_Noisy_model/output_dev
  done, num sentences 2001, num translations per input 1, time 0s, Sun Feb  3 16:05:27 2019.
  bleu dev: 45.4
  saving hparams to /home/emlab/Desktop/syuuron/nmt/Noattention_PI_0.5PS_0.3PD_0.2_Noisy_model/hparams
# External evaluation, global step 8000
  decoding to output /home/emlab/Desktop/syuuron/nmt/Noattention_PI_0.5PS_0.3PD_0.2_Noisy_model/output_test
  done, num sentences 100, num translations per input 1, time 0s, Sun Feb  3 16:05:27 2019.
  bleu test: 15.3
  saving hparams to /home/emlab/Desktop/syuuron/nmt/Noattention_PI_0.5PS_0.3PD_0.2_Noisy_model/hparams
  step 8400 lr 1 step-time 0.07s wps 148.43K ppl 1.10 gN 2.63 bleu 45.38, Sun Feb  3 16:05:31 2019
--------------------------------------------------------------------------------------------
# Finished an epoch, step 8424. Perform external evaluation
2019-02-03 16:05:33.436098: I tensorflow/core/kernels/lookup_util.cc:376] Table trying to initialize from file /home/emlab/Desktop/syuuron/nmt/Noattention_PI_0.5PS_0.3PD_0.2_Noisy_model/Vocab.out is already initialized.
2019-02-03 16:05:33.436098: I tensorflow/core/kernels/lookup_util.cc:376] Table trying to initialize from file /home/emlab/Desktop/syuuron/nmt/Noattention_PI_0.5PS_0.3PD_0.2_Noisy_model/Vocab.out is already initialized.
2019-02-03 16:05:33.436098: I tensorflow/core/kernels/lookup_util.cc:376] Table trying to initialize from file /home/emlab/Desktop/syuuron/nmt/Noattention_PI_0.5PS_0.3PD_0.2_Noisy_model/Vocab.in is already initialized.
  loaded infer model parameters from /home/emlab/Desktop/syuuron/nmt/Noattention_PI_0.5PS_0.3PD_0.2_Noisy_model/translate.ckpt-8000, time 0.03s
  # 279
    src: AY AE1 UW Z ER2 AY0 OW2 N Y OW1 TH M G OW1 EY IY2 HH AA S EY1 D P N EY1 B AH0 UH L EY1 B R T AO0 EY1 D K EH1 N ER1 S IH0 NG B T AH0 OY T IY0 IH1 T OW1 OY0 UW1 IH2 AH0 D OY ER2 AO0 UH AO1 N AY2 T IH0 NG OW2 UW0 V HH EY1 AW0 K L
    ref: Move ( Reception_Table  ) Find ( nursing_bottle Reception_Table ) Grasp ( nursing_bottle ) Move ( Dining_Table )
    nmt: Move ( Reception_Table ) Find ( soysauce Reception_Table ) Grasp ( soysauce ) Move ( Dining_Table )
2019-02-03 16:05:33.498299: I tensorflow/core/kernels/lookup_util.cc:376] Table trying to initialize from file /home/emlab/Desktop/syuuron/nmt/Noattention_PI_0.5PS_0.3PD_0.2_Noisy_model/Vocab.out is already initialized.
2019-02-03 16:05:33.498299: I tensorflow/core/kernels/lookup_util.cc:376] Table trying to initialize from file /home/emlab/Desktop/syuuron/nmt/Noattention_PI_0.5PS_0.3PD_0.2_Noisy_model/Vocab.out is already initialized.
2019-02-03 16:05:33.498299: I tensorflow/core/kernels/lookup_util.cc:376] Table trying to initialize from file /home/emlab/Desktop/syuuron/nmt/Noattention_PI_0.5PS_0.3PD_0.2_Noisy_model/Vocab.in is already initialized.
  loaded infer model parameters from /home/emlab/Desktop/syuuron/nmt/Noattention_PI_0.5PS_0.3PD_0.2_Noisy_model/translate.ckpt-8000, time 0.03s
# External evaluation, global step 8000
  decoding to output /home/emlab/Desktop/syuuron/nmt/Noattention_PI_0.5PS_0.3PD_0.2_Noisy_model/output_dev
  done, num sentences 2001, num translations per input 1, time 0s, Sun Feb  3 16:05:34 2019.
  bleu dev: 45.4
  saving hparams to /home/emlab/Desktop/syuuron/nmt/Noattention_PI_0.5PS_0.3PD_0.2_Noisy_model/hparams
# External evaluation, global step 8000
  decoding to output /home/emlab/Desktop/syuuron/nmt/Noattention_PI_0.5PS_0.3PD_0.2_Noisy_model/output_test
  done, num sentences 100, num translations per input 1, time 0s, Sun Feb  3 16:05:34 2019.
  bleu test: 15.3
  saving hparams to /home/emlab/Desktop/syuuron/nmt/Noattention_PI_0.5PS_0.3PD_0.2_Noisy_model/hparams
  step 8500 lr 1 step-time 0.07s wps 148.30K ppl 1.11 gN 2.67 bleu 45.38, Sun Feb  3 16:05:39 2019
--------------------------------------------------------------------------------------------
# Finished an epoch, step 8505. Perform external evaluation
2019-02-03 16:05:40.252136: I tensorflow/core/kernels/lookup_util.cc:376] Table trying to initialize from file /home/emlab/Desktop/syuuron/nmt/Noattention_PI_0.5PS_0.3PD_0.2_Noisy_model/Vocab.out is already initialized.
2019-02-03 16:05:40.252136: I tensorflow/core/kernels/lookup_util.cc:376] Table trying to initialize from file /home/emlab/Desktop/syuuron/nmt/Noattention_PI_0.5PS_0.3PD_0.2_Noisy_model/Vocab.out is already initialized.
2019-02-03 16:05:40.252136: I tensorflow/core/kernels/lookup_util.cc:376] Table trying to initialize from file /home/emlab/Desktop/syuuron/nmt/Noattention_PI_0.5PS_0.3PD_0.2_Noisy_model/Vocab.in is already initialized.
  loaded infer model parameters from /home/emlab/Desktop/syuuron/nmt/Noattention_PI_0.5PS_0.3PD_0.2_Noisy_model/translate.ckpt-8000, time 0.03s
  # 789
    src: G OW1 B Y IH0 T EY2 AY2 EH1 AA1 AW2 UH2 IY0 G OW1 UH2 T OW0 IY2 OW ER2 Y AY0 CH AH0 AA0 IH0 AO ER0 N T AH EY1 N EY0 AA AO2 AH0 AO1 L AH0 OW2 N S ER1 OW D B SH R P IY1 S AH1 G T L AW0 AA TH AY2 F EY0 IH0 EY2 IY1 AH1 K IH1 HH CH ER1 IH0 AO OY2 AH0 OY N
    ref: Move ( lobby ) Move ( Kitchen_Table ) Move ( kitchen )
    nmt: Move ( Corridor ) Move ( Dining_Sofa ) Move ( kitchen )
2019-02-03 16:05:40.312856: I tensorflow/core/kernels/lookup_util.cc:376] Table trying to initialize from file /home/emlab/Desktop/syuuron/nmt/Noattention_PI_0.5PS_0.3PD_0.2_Noisy_model/Vocab.in is already initialized.
2019-02-03 16:05:40.312856: I tensorflow/core/kernels/lookup_util.cc:376] Table trying to initialize from file /home/emlab/Desktop/syuuron/nmt/Noattention_PI_0.5PS_0.3PD_0.2_Noisy_model/Vocab.out is already initialized.
2019-02-03 16:05:40.312856: I tensorflow/core/kernels/lookup_util.cc:376] Table trying to initialize from file /home/emlab/Desktop/syuuron/nmt/Noattention_PI_0.5PS_0.3PD_0.2_Noisy_model/Vocab.out is already initialized.
  loaded infer model parameters from /home/emlab/Desktop/syuuron/nmt/Noattention_PI_0.5PS_0.3PD_0.2_Noisy_model/translate.ckpt-8000, time 0.03s
# External evaluation, global step 8000
  decoding to output /home/emlab/Desktop/syuuron/nmt/Noattention_PI_0.5PS_0.3PD_0.2_Noisy_model/output_dev
  done, num sentences 2001, num translations per input 1, time 0s, Sun Feb  3 16:05:40 2019.
  bleu dev: 45.4
  saving hparams to /home/emlab/Desktop/syuuron/nmt/Noattention_PI_0.5PS_0.3PD_0.2_Noisy_model/hparams
# External evaluation, global step 8000
  decoding to output /home/emlab/Desktop/syuuron/nmt/Noattention_PI_0.5PS_0.3PD_0.2_Noisy_model/output_test
  done, num sentences 100, num translations per input 1, time 0s, Sun Feb  3 16:05:41 2019.
  bleu test: 15.3
  saving hparams to /home/emlab/Desktop/syuuron/nmt/Noattention_PI_0.5PS_0.3PD_0.2_Noisy_model/hparams
--------------------------------------------------------------------------------------------
# Finished an epoch, step 8586. Perform external evaluation
2019-02-03 16:05:47.071148: I tensorflow/core/kernels/lookup_util.cc:376] Table trying to initialize from file /home/emlab/Desktop/syuuron/nmt/Noattention_PI_0.5PS_0.3PD_0.2_Noisy_model/Vocab.out is already initialized.
2019-02-03 16:05:47.071148: I tensorflow/core/kernels/lookup_util.cc:376] Table trying to initialize from file /home/emlab/Desktop/syuuron/nmt/Noattention_PI_0.5PS_0.3PD_0.2_Noisy_model/Vocab.out is already initialized.
2019-02-03 16:05:47.071148: I tensorflow/core/kernels/lookup_util.cc:376] Table trying to initialize from file /home/emlab/Desktop/syuuron/nmt/Noattention_PI_0.5PS_0.3PD_0.2_Noisy_model/Vocab.in is already initialized.
  loaded infer model parameters from /home/emlab/Desktop/syuuron/nmt/Noattention_PI_0.5PS_0.3PD_0.2_Noisy_model/translate.ckpt-8000, time 0.03s
  # 1490
    src: W EH1 Y IY1 G UH TH AA0 AA UW1 AE2 AA1 B G R ER1 T EY1 D AH0 F T HH G OW2 OW2 AE0 AE OY1 AW AA0 K Z OY0 OY0 DH R CH UH IH1 OW0 AA0 T P T CH HH R R AW2 IH0 AW D P IY2 SH UW0 N OW0 OY1 T B AH0 TH L
    ref: Move (  Bar ) Find ( toy_car Bar  ) Grasp ( toy_car )  Move ( Reception_Table )
    nmt: Move ( Side_Table ) Find ( toy_penguin Side_Table ) Grasp ( toy_penguin ) Move ( Reception_Table )
2019-02-03 16:05:47.135025: I tensorflow/core/kernels/lookup_util.cc:376] Table trying to initialize from file /home/emlab/Desktop/syuuron/nmt/Noattention_PI_0.5PS_0.3PD_0.2_Noisy_model/Vocab.out is already initialized.
2019-02-03 16:05:47.135025: I tensorflow/core/kernels/lookup_util.cc:376] Table trying to initialize from file /home/emlab/Desktop/syuuron/nmt/Noattention_PI_0.5PS_0.3PD_0.2_Noisy_model/Vocab.out is already initialized.
2019-02-03 16:05:47.135025: I tensorflow/core/kernels/lookup_util.cc:376] Table trying to initialize from file /home/emlab/Desktop/syuuron/nmt/Noattention_PI_0.5PS_0.3PD_0.2_Noisy_model/Vocab.in is already initialized.
  loaded infer model parameters from /home/emlab/Desktop/syuuron/nmt/Noattention_PI_0.5PS_0.3PD_0.2_Noisy_model/translate.ckpt-8000, time 0.03s
# External evaluation, global step 8000
  decoding to output /home/emlab/Desktop/syuuron/nmt/Noattention_PI_0.5PS_0.3PD_0.2_Noisy_model/output_dev
  done, num sentences 2001, num translations per input 1, time 0s, Sun Feb  3 16:05:47 2019.
  bleu dev: 45.4
  saving hparams to /home/emlab/Desktop/syuuron/nmt/Noattention_PI_0.5PS_0.3PD_0.2_Noisy_model/hparams
# External evaluation, global step 8000
  decoding to output /home/emlab/Desktop/syuuron/nmt/Noattention_PI_0.5PS_0.3PD_0.2_Noisy_model/output_test
  done, num sentences 100, num translations per input 1, time 0s, Sun Feb  3 16:05:48 2019.
  bleu test: 15.3
  saving hparams to /home/emlab/Desktop/syuuron/nmt/Noattention_PI_0.5PS_0.3PD_0.2_Noisy_model/hparams
  step 8600 lr 1 step-time 0.07s wps 137.29K ppl 1.11 gN 2.71 bleu 45.38, Sun Feb  3 16:05:49 2019
--------------------------------------------------------------------------------------------
# Finished an epoch, step 8667. Perform external evaluation
2019-02-03 16:05:53.970801: I tensorflow/core/kernels/lookup_util.cc:376] Table trying to initialize from file /home/emlab/Desktop/syuuron/nmt/Noattention_PI_0.5PS_0.3PD_0.2_Noisy_model/Vocab.out is already initialized.
2019-02-03 16:05:53.970801: I tensorflow/core/kernels/lookup_util.cc:376] Table trying to initialize from file /home/emlab/Desktop/syuuron/nmt/Noattention_PI_0.5PS_0.3PD_0.2_Noisy_model/Vocab.in is already initialized.
2019-02-03 16:05:53.970801: I tensorflow/core/kernels/lookup_util.cc:376] Table trying to initialize from file /home/emlab/Desktop/syuuron/nmt/Noattention_PI_0.5PS_0.3PD_0.2_Noisy_model/Vocab.out is already initialized.
  loaded infer model parameters from /home/emlab/Desktop/syuuron/nmt/Noattention_PI_0.5PS_0.3PD_0.2_Noisy_model/translate.ckpt-8000, time 0.03s
  # 1937
    src: B W IY2 G T UW1 NG L EY IH1 AW2 EY1 AY IH0 ER2 AH IH1 IH1 OY2 OW1 T AH1 EY1 T OY1 OY EH2 OW2 IH NG G UW0 EH1 L ER1 EH AW EH1 IY1 OW1 CH DH OW0 AH0 AH2 AH0 S AA1 R AH0 N ER1 EH1 T P L AH0 IY1 Z
    ref: Move ( Living_Sofa ) Grasp ( toy_penguin ) Move ( apartment )
    nmt: Move ( Living_Table ) Grasp ( hourglass ) Move ( apartment )
2019-02-03 16:05:54.027487: I tensorflow/core/kernels/lookup_util.cc:376] Table trying to initialize from file /home/emlab/Desktop/syuuron/nmt/Noattention_PI_0.5PS_0.3PD_0.2_Noisy_model/Vocab.out is already initialized.
2019-02-03 16:05:54.027488: I tensorflow/core/kernels/lookup_util.cc:376] Table trying to initialize from file /home/emlab/Desktop/syuuron/nmt/Noattention_PI_0.5PS_0.3PD_0.2_Noisy_model/Vocab.out is already initialized.
2019-02-03 16:05:54.027488: I tensorflow/core/kernels/lookup_util.cc:376] Table trying to initialize from file /home/emlab/Desktop/syuuron/nmt/Noattention_PI_0.5PS_0.3PD_0.2_Noisy_model/Vocab.in is already initialized.
  loaded infer model parameters from /home/emlab/Desktop/syuuron/nmt/Noattention_PI_0.5PS_0.3PD_0.2_Noisy_model/translate.ckpt-8000, time 0.03s
# External evaluation, global step 8000
  decoding to output /home/emlab/Desktop/syuuron/nmt/Noattention_PI_0.5PS_0.3PD_0.2_Noisy_model/output_dev
  done, num sentences 2001, num translations per input 1, time 0s, Sun Feb  3 16:05:54 2019.
  bleu dev: 45.4
  saving hparams to /home/emlab/Desktop/syuuron/nmt/Noattention_PI_0.5PS_0.3PD_0.2_Noisy_model/hparams
# External evaluation, global step 8000
  decoding to output /home/emlab/Desktop/syuuron/nmt/Noattention_PI_0.5PS_0.3PD_0.2_Noisy_model/output_test
  done, num sentences 100, num translations per input 1, time 0s, Sun Feb  3 16:05:55 2019.
  bleu test: 15.3
  saving hparams to /home/emlab/Desktop/syuuron/nmt/Noattention_PI_0.5PS_0.3PD_0.2_Noisy_model/hparams
  step 8700 lr 1 step-time 0.07s wps 148.43K ppl 1.10 gN 2.58 bleu 45.38, Sun Feb  3 16:05:57 2019
--------------------------------------------------------------------------------------------
# Finished an epoch, step 8748. Perform external evaluation
2019-02-03 16:06:00.796680: I tensorflow/core/kernels/lookup_util.cc:376] Table trying to initialize from file /home/emlab/Desktop/syuuron/nmt/Noattention_PI_0.5PS_0.3PD_0.2_Noisy_model/Vocab.out is already initialized.
2019-02-03 16:06:00.796680: I tensorflow/core/kernels/lookup_util.cc:376] Table trying to initialize from file /home/emlab/Desktop/syuuron/nmt/Noattention_PI_0.5PS_0.3PD_0.2_Noisy_model/Vocab.out is already initialized.
2019-02-03 16:06:00.796684: I tensorflow/core/kernels/lookup_util.cc:376] Table trying to initialize from file /home/emlab/Desktop/syuuron/nmt/Noattention_PI_0.5PS_0.3PD_0.2_Noisy_model/Vocab.in is already initialized.
  loaded infer model parameters from /home/emlab/Desktop/syuuron/nmt/Noattention_PI_0.5PS_0.3PD_0.2_Noisy_model/translate.ckpt-8000, time 0.03s
  # 145
    src: G OY1 S D AE0 IH0 UW D Y M UW1 Z IH0 IY0 NG AO0 EY1 IY1 AW0 V T UW1 L AH1 V ER2 OY1 S B G EH AO F UW2 ER2 K EH2 T UH2 M B OY0 ER0 AW2 EH1 HH AE1 N K SH AW2 AW B IY2 IH1 IY IH0
    ref: Move ( Living_Sofa ) Find ( tumbler Living_Sofa Grasp ( tumbler ) Move ( HERE )
    nmt: Move ( Dining_Sofa ) Move ( Bar ) Find ( camera Dining_Sofa ) Grasp ( camera ) Move ( HERE )
2019-02-03 16:06:00.859634: I tensorflow/core/kernels/lookup_util.cc:376] Table trying to initialize from file /home/emlab/Desktop/syuuron/nmt/Noattention_PI_0.5PS_0.3PD_0.2_Noisy_model/Vocab.out is already initialized.
2019-02-03 16:06:00.859635: I tensorflow/core/kernels/lookup_util.cc:376] Table trying to initialize from file /home/emlab/Desktop/syuuron/nmt/Noattention_PI_0.5PS_0.3PD_0.2_Noisy_model/Vocab.out is already initialized.
2019-02-03 16:06:00.859637: I tensorflow/core/kernels/lookup_util.cc:376] Table trying to initialize from file /home/emlab/Desktop/syuuron/nmt/Noattention_PI_0.5PS_0.3PD_0.2_Noisy_model/Vocab.in is already initialized.
  loaded infer model parameters from /home/emlab/Desktop/syuuron/nmt/Noattention_PI_0.5PS_0.3PD_0.2_Noisy_model/translate.ckpt-8000, time 0.03s
# External evaluation, global step 8000
  decoding to output /home/emlab/Desktop/syuuron/nmt/Noattention_PI_0.5PS_0.3PD_0.2_Noisy_model/output_dev
  done, num sentences 2001, num translations per input 1, time 0s, Sun Feb  3 16:06:01 2019.
  bleu dev: 45.4
  saving hparams to /home/emlab/Desktop/syuuron/nmt/Noattention_PI_0.5PS_0.3PD_0.2_Noisy_model/hparams
# External evaluation, global step 8000
  decoding to output /home/emlab/Desktop/syuuron/nmt/Noattention_PI_0.5PS_0.3PD_0.2_Noisy_model/output_test
  done, num sentences 100, num translations per input 1, time 0s, Sun Feb  3 16:06:01 2019.
  bleu test: 15.3
  saving hparams to /home/emlab/Desktop/syuuron/nmt/Noattention_PI_0.5PS_0.3PD_0.2_Noisy_model/hparams
  step 8800 lr 1 step-time 0.07s wps 148.83K ppl 1.10 gN 2.69 bleu 45.38, Sun Feb  3 16:06:05 2019
--------------------------------------------------------------------------------------------
# Finished an epoch, step 8829. Perform external evaluation
2019-02-03 16:06:07.619113: I tensorflow/core/kernels/lookup_util.cc:376] Table trying to initialize from file /home/emlab/Desktop/syuuron/nmt/Noattention_PI_0.5PS_0.3PD_0.2_Noisy_model/Vocab.out is already initialized.
2019-02-03 16:06:07.619113: I tensorflow/core/kernels/lookup_util.cc:376] Table trying to initialize from file /home/emlab/Desktop/syuuron/nmt/Noattention_PI_0.5PS_0.3PD_0.2_Noisy_model/Vocab.out is already initialized.
2019-02-03 16:06:07.619113: I tensorflow/core/kernels/lookup_util.cc:376] Table trying to initialize from file /home/emlab/Desktop/syuuron/nmt/Noattention_PI_0.5PS_0.3PD_0.2_Noisy_model/Vocab.in is already initialized.
  loaded infer model parameters from /home/emlab/Desktop/syuuron/nmt/Noattention_PI_0.5PS_0.3PD_0.2_Noisy_model/translate.ckpt-8000, time 0.03s
  # 1410
    src: T Y UW1 AY1 N IH0 AW2 W W NG CH R AA IY2 M G ER2 AW0 IH0 NG AE1 UW0 P Y ER1 M AW0 AY IY0 OY0 AO1 Y TH AA1 B EH2 IY0 AE1 UW1 S TH R OW1 AW1 IH1 AH0 M OW IH N G AA2 AH1 T S AO2 T D AO2 IH0 OW2 ER1 IY1
    ref: Move (  Dining_Room  ) Find ( Strawberry_Juice Dining_Room  ) Grasp ( Strawberry_Juice ) Move ( Dustbin ) Place ( Strawberry_Juice Dustbin ) 
    nmt: Move ( Dining_Room ) Grasp ( Orange_Juice ) Move ( Dustbin ) Place ( Orange_Juice Dustbin )
2019-02-03 16:06:07.679546: I tensorflow/core/kernels/lookup_util.cc:376] Table trying to initialize from file /home/emlab/Desktop/syuuron/nmt/Noattention_PI_0.5PS_0.3PD_0.2_Noisy_model/Vocab.in is already initialized.
2019-02-03 16:06:07.679546: I tensorflow/core/kernels/lookup_util.cc:376] Table trying to initialize from file /home/emlab/Desktop/syuuron/nmt/Noattention_PI_0.5PS_0.3PD_0.2_Noisy_model/Vocab.out is already initialized.
2019-02-03 16:06:07.679547: I tensorflow/core/kernels/lookup_util.cc:376] Table trying to initialize from file /home/emlab/Desktop/syuuron/nmt/Noattention_PI_0.5PS_0.3PD_0.2_Noisy_model/Vocab.out is already initialized.
  loaded infer model parameters from /home/emlab/Desktop/syuuron/nmt/Noattention_PI_0.5PS_0.3PD_0.2_Noisy_model/translate.ckpt-8000, time 0.03s
# External evaluation, global step 8000
  decoding to output /home/emlab/Desktop/syuuron/nmt/Noattention_PI_0.5PS_0.3PD_0.2_Noisy_model/output_dev
  done, num sentences 2001, num translations per input 1, time 0s, Sun Feb  3 16:06:08 2019.
  bleu dev: 45.4
  saving hparams to /home/emlab/Desktop/syuuron/nmt/Noattention_PI_0.5PS_0.3PD_0.2_Noisy_model/hparams
# External evaluation, global step 8000
  decoding to output /home/emlab/Desktop/syuuron/nmt/Noattention_PI_0.5PS_0.3PD_0.2_Noisy_model/output_test
  done, num sentences 100, num translations per input 1, time 0s, Sun Feb  3 16:06:08 2019.
  bleu test: 15.3
  saving hparams to /home/emlab/Desktop/syuuron/nmt/Noattention_PI_0.5PS_0.3PD_0.2_Noisy_model/hparams
  step 8900 lr 1 step-time 0.07s wps 148.96K ppl 1.10 gN 2.59 bleu 45.38, Sun Feb  3 16:06:13 2019
--------------------------------------------------------------------------------------------
# Finished an epoch, step 8910. Perform external evaluation
2019-02-03 16:06:14.433203: I tensorflow/core/kernels/lookup_util.cc:376] Table trying to initialize from file /home/emlab/Desktop/syuuron/nmt/Noattention_PI_0.5PS_0.3PD_0.2_Noisy_model/Vocab.out is already initialized.
2019-02-03 16:06:14.433228: I tensorflow/core/kernels/lookup_util.cc:376] Table trying to initialize from file /home/emlab/Desktop/syuuron/nmt/Noattention_PI_0.5PS_0.3PD_0.2_Noisy_model/Vocab.out is already initialized.
2019-02-03 16:06:14.433203: I tensorflow/core/kernels/lookup_util.cc:376] Table trying to initialize from file /home/emlab/Desktop/syuuron/nmt/Noattention_PI_0.5PS_0.3PD_0.2_Noisy_model/Vocab.in is already initialized.
  loaded infer model parameters from /home/emlab/Desktop/syuuron/nmt/Noattention_PI_0.5PS_0.3PD_0.2_Noisy_model/translate.ckpt-8000, time 0.03s
  # 1239
    src: W EH1 EH2 T AE2 D AA UW0 IY1 HH IH2 AY2 ER1 T ER0 OW1 IY1 UH2 EY0 EH1 S AO0 EY2 JH AY1 AH1 F EH0 IH0 AY NG AE2 AE AH2 R R G NG AY1 OY R IH OY1 IH0 S N P W ER0 T UH2 B AO0 AH0 AH0 N Y AH0 EY0 G T EY0 UW1 AE0 L IY0 G IH0 OW1 T AO AH0 ER2 EH1 D R UW1 HH
    ref: Move ( Reception_Table ) Find ( Japanese_Dressing Reception_Table  ) Grasp ( Japanese_Dressing )  Move ( lobby ) Move ( bed_room )
    nmt: Move ( Dining_Sofa ) Find ( Seafood_Noodle Dining_Sofa ) Grasp ( Seafood_Noodle ) Move ( Living_Room ) Move ( Dining_Room )
2019-02-03 16:06:14.499652: I tensorflow/core/kernels/lookup_util.cc:376] Table trying to initialize from file /home/emlab/Desktop/syuuron/nmt/Noattention_PI_0.5PS_0.3PD_0.2_Noisy_model/Vocab.out is already initialized.
2019-02-03 16:06:14.499653: I tensorflow/core/kernels/lookup_util.cc:376] Table trying to initialize from file /home/emlab/Desktop/syuuron/nmt/Noattention_PI_0.5PS_0.3PD_0.2_Noisy_model/Vocab.in is already initialized.
2019-02-03 16:06:14.499653: I tensorflow/core/kernels/lookup_util.cc:376] Table trying to initialize from file /home/emlab/Desktop/syuuron/nmt/Noattention_PI_0.5PS_0.3PD_0.2_Noisy_model/Vocab.out is already initialized.
  loaded infer model parameters from /home/emlab/Desktop/syuuron/nmt/Noattention_PI_0.5PS_0.3PD_0.2_Noisy_model/translate.ckpt-8000, time 0.03s
# External evaluation, global step 8000
  decoding to output /home/emlab/Desktop/syuuron/nmt/Noattention_PI_0.5PS_0.3PD_0.2_Noisy_model/output_dev
  done, num sentences 2001, num translations per input 1, time 0s, Sun Feb  3 16:06:15 2019.
  bleu dev: 45.4
  saving hparams to /home/emlab/Desktop/syuuron/nmt/Noattention_PI_0.5PS_0.3PD_0.2_Noisy_model/hparams
# External evaluation, global step 8000
  decoding to output /home/emlab/Desktop/syuuron/nmt/Noattention_PI_0.5PS_0.3PD_0.2_Noisy_model/output_test
  done, num sentences 100, num translations per input 1, time 0s, Sun Feb  3 16:06:15 2019.
  bleu test: 15.3
  saving hparams to /home/emlab/Desktop/syuuron/nmt/Noattention_PI_0.5PS_0.3PD_0.2_Noisy_model/hparams
--------------------------------------------------------------------------------------------
# Finished an epoch, step 8991. Perform external evaluation
2019-02-03 16:06:21.276878: I tensorflow/core/kernels/lookup_util.cc:376] Table trying to initialize from file /home/emlab/Desktop/syuuron/nmt/Noattention_PI_0.5PS_0.3PD_0.2_Noisy_model/Vocab.out is already initialized.
2019-02-03 16:06:21.276913: I tensorflow/core/kernels/lookup_util.cc:376] Table trying to initialize from file /home/emlab/Desktop/syuuron/nmt/Noattention_PI_0.5PS_0.3PD_0.2_Noisy_model/Vocab.in is already initialized.
2019-02-03 16:06:21.276878: I tensorflow/core/kernels/lookup_util.cc:376] Table trying to initialize from file /home/emlab/Desktop/syuuron/nmt/Noattention_PI_0.5PS_0.3PD_0.2_Noisy_model/Vocab.out is already initialized.
  loaded infer model parameters from /home/emlab/Desktop/syuuron/nmt/Noattention_PI_0.5PS_0.3PD_0.2_Noisy_model/translate.ckpt-8000, time 0.03s
  # 1457
    src: UH0 G OW1 T UH1 S AA UW1 V AE0 ER2 UW AH2 AE1 OW1 AO F AO0 ER2 UW1 AW0 AY1 V L T AA OW2 S UW1 D T OW2 T K G AE R K IY2 AW D EH K OW0 D
    ref: Move ( Sofa ) Move ( Side_Table ) Find ( Red_Tea Sofa ) Grasp ( Red_Tea ) Move ( HERE )
    nmt: Move ( Living_Sofa ) Find ( white_cup Living_Sofa ) Grasp ( white_cup ) Move ( HERE )
2019-02-03 16:06:21.334573: I tensorflow/core/kernels/lookup_util.cc:376] Table trying to initialize from file /home/emlab/Desktop/syuuron/nmt/Noattention_PI_0.5PS_0.3PD_0.2_Noisy_model/Vocab.out is already initialized.
2019-02-03 16:06:21.334573: I tensorflow/core/kernels/lookup_util.cc:376] Table trying to initialize from file /home/emlab/Desktop/syuuron/nmt/Noattention_PI_0.5PS_0.3PD_0.2_Noisy_model/Vocab.out is already initialized.
2019-02-03 16:06:21.334574: I tensorflow/core/kernels/lookup_util.cc:376] Table trying to initialize from file /home/emlab/Desktop/syuuron/nmt/Noattention_PI_0.5PS_0.3PD_0.2_Noisy_model/Vocab.in is already initialized.
  loaded infer model parameters from /home/emlab/Desktop/syuuron/nmt/Noattention_PI_0.5PS_0.3PD_0.2_Noisy_model/translate.ckpt-8000, time 0.03s
# External evaluation, global step 8000
  decoding to output /home/emlab/Desktop/syuuron/nmt/Noattention_PI_0.5PS_0.3PD_0.2_Noisy_model/output_dev
  done, num sentences 2001, num translations per input 1, time 0s, Sun Feb  3 16:06:21 2019.
  bleu dev: 45.4
  saving hparams to /home/emlab/Desktop/syuuron/nmt/Noattention_PI_0.5PS_0.3PD_0.2_Noisy_model/hparams
# External evaluation, global step 8000
  decoding to output /home/emlab/Desktop/syuuron/nmt/Noattention_PI_0.5PS_0.3PD_0.2_Noisy_model/output_test
  done, num sentences 100, num translations per input 1, time 0s, Sun Feb  3 16:06:22 2019.
  bleu test: 15.3
  saving hparams to /home/emlab/Desktop/syuuron/nmt/Noattention_PI_0.5PS_0.3PD_0.2_Noisy_model/hparams
  step 9000 lr 1 step-time 0.07s wps 136.74K ppl 1.10 gN 2.79 bleu 45.38, Sun Feb  3 16:06:23 2019
# Save eval, global step 9000
2019-02-03 16:06:23.532373: I tensorflow/core/kernels/lookup_util.cc:376] Table trying to initialize from file /home/emlab/Desktop/syuuron/nmt/Noattention_PI_0.5PS_0.3PD_0.2_Noisy_model/Vocab.in is already initialized.
2019-02-03 16:06:23.532377: I tensorflow/core/kernels/lookup_util.cc:376] Table trying to initialize from file /home/emlab/Desktop/syuuron/nmt/Noattention_PI_0.5PS_0.3PD_0.2_Noisy_model/Vocab.out is already initialized.
2019-02-03 16:06:23.532386: I tensorflow/core/kernels/lookup_util.cc:376] Table trying to initialize from file /home/emlab/Desktop/syuuron/nmt/Noattention_PI_0.5PS_0.3PD_0.2_Noisy_model/Vocab.out is already initialized.
  loaded infer model parameters from /home/emlab/Desktop/syuuron/nmt/Noattention_PI_0.5PS_0.3PD_0.2_Noisy_model/translate.ckpt-9000, time 0.04s
  # 478
    src: W ER2 OW L CH W AH2 UH2 HH EH T UW1 R EY1 EH2 AY1 UH0 EH1 P EH AH0 N B S HH AH0 AW0 L L M AY AA1 IH K OY1 IY2 IH0 EY0 UH1 AE0 EH0 AE2 EH1 D D IY2 T IY0 IY1 R W ZH IH1 T ER T UW1 IY1 EH2 D EY AO IY2 N IH0 F UH NG Y EH2 IY OY EH AO0 S IY AH0 UH AO OW1 S
    ref: Move (  Reception_Table ) Find ( Red_Tea Reception_Table  ) Grasp ( Red_Tea )  Move ( Dining_Sofa )
    nmt: Move ( Reception_Table ) Find ( Red_Tea Reception_Table ) Grasp ( Red_Tea ) Move ( Dining_Sofa )
2019-02-03 16:06:23.593132: I tensorflow/core/kernels/lookup_util.cc:376] Table trying to initialize from file /home/emlab/Desktop/syuuron/nmt/Noattention_PI_0.5PS_0.3PD_0.2_Noisy_model/Vocab.out is already initialized.
2019-02-03 16:06:23.593132: I tensorflow/core/kernels/lookup_util.cc:376] Table trying to initialize from file /home/emlab/Desktop/syuuron/nmt/Noattention_PI_0.5PS_0.3PD_0.2_Noisy_model/Vocab.in is already initialized.
2019-02-03 16:06:23.593136: I tensorflow/core/kernels/lookup_util.cc:376] Table trying to initialize from file /home/emlab/Desktop/syuuron/nmt/Noattention_PI_0.5PS_0.3PD_0.2_Noisy_model/Vocab.out is already initialized.
  loaded eval model parameters from /home/emlab/Desktop/syuuron/nmt/Noattention_PI_0.5PS_0.3PD_0.2_Noisy_model/translate.ckpt-9000, time 0.03s
  eval dev: perplexity 1.80, time 0s, Sun Feb  3 16:06:24 2019.
  eval test: perplexity 4.77, time 0s, Sun Feb  3 16:06:24 2019.
--------------------------------------------------------------------------------------------
# Finished an epoch, step 9072. Perform external evaluation
2019-02-03 16:06:29.066326: I tensorflow/core/kernels/lookup_util.cc:376] Table trying to initialize from file /home/emlab/Desktop/syuuron/nmt/Noattention_PI_0.5PS_0.3PD_0.2_Noisy_model/Vocab.in is already initialized.
2019-02-03 16:06:29.066347: I tensorflow/core/kernels/lookup_util.cc:376] Table trying to initialize from file /home/emlab/Desktop/syuuron/nmt/Noattention_PI_0.5PS_0.3PD_0.2_Noisy_model/Vocab.out is already initialized.
2019-02-03 16:06:29.066326: I tensorflow/core/kernels/lookup_util.cc:376] Table trying to initialize from file /home/emlab/Desktop/syuuron/nmt/Noattention_PI_0.5PS_0.3PD_0.2_Noisy_model/Vocab.out is already initialized.
  loaded infer model parameters from /home/emlab/Desktop/syuuron/nmt/Noattention_PI_0.5PS_0.3PD_0.2_Noisy_model/translate.ckpt-9000, time 0.03s
  # 145
    src: G OY1 S D AE0 IH0 UW D Y M UW1 Z IH0 IY0 NG AO0 EY1 IY1 AW0 V T UW1 L AH1 V ER2 OY1 S B G EH AO F UW2 ER2 K EH2 T UH2 M B OY0 ER0 AW2 EH1 HH AE1 N K SH AW2 AW B IY2 IH1 IY IH0
    ref: Move ( Living_Sofa ) Find ( tumbler Living_Sofa Grasp ( tumbler ) Move ( HERE )
    nmt: Move ( Living_Table ) Find ( rubik's_cube Living_Table Grasp ( rubik's_cube ) Move ( HERE )
2019-02-03 16:06:29.127100: I tensorflow/core/kernels/lookup_util.cc:376] Table trying to initialize from file /home/emlab/Desktop/syuuron/nmt/Noattention_PI_0.5PS_0.3PD_0.2_Noisy_model/Vocab.out is already initialized.
2019-02-03 16:06:29.127100: I tensorflow/core/kernels/lookup_util.cc:376] Table trying to initialize from file /home/emlab/Desktop/syuuron/nmt/Noattention_PI_0.5PS_0.3PD_0.2_Noisy_model/Vocab.out is already initialized.
2019-02-03 16:06:29.127100: I tensorflow/core/kernels/lookup_util.cc:376] Table trying to initialize from file /home/emlab/Desktop/syuuron/nmt/Noattention_PI_0.5PS_0.3PD_0.2_Noisy_model/Vocab.in is already initialized.
  loaded infer model parameters from /home/emlab/Desktop/syuuron/nmt/Noattention_PI_0.5PS_0.3PD_0.2_Noisy_model/translate.ckpt-9000, time 0.03s
# External evaluation, global step 9000
  decoding to output /home/emlab/Desktop/syuuron/nmt/Noattention_PI_0.5PS_0.3PD_0.2_Noisy_model/output_dev
  done, num sentences 2001, num translations per input 1, time 0s, Sun Feb  3 16:06:29 2019.
  bleu dev: 45.7
  saving hparams to /home/emlab/Desktop/syuuron/nmt/Noattention_PI_0.5PS_0.3PD_0.2_Noisy_model/hparams
# External evaluation, global step 9000
  decoding to output /home/emlab/Desktop/syuuron/nmt/Noattention_PI_0.5PS_0.3PD_0.2_Noisy_model/output_test
  done, num sentences 100, num translations per input 1, time 0s, Sun Feb  3 16:06:30 2019.
  bleu test: 17.0
  saving hparams to /home/emlab/Desktop/syuuron/nmt/Noattention_PI_0.5PS_0.3PD_0.2_Noisy_model/hparams
  step 9100 lr 1 step-time 0.07s wps 149.22K ppl 1.10 gN 2.62 bleu 45.69, Sun Feb  3 16:06:32 2019
--------------------------------------------------------------------------------------------
# Finished an epoch, step 9153. Perform external evaluation
2019-02-03 16:06:35.928510: I tensorflow/core/kernels/lookup_util.cc:376] Table trying to initialize from file /home/emlab/Desktop/syuuron/nmt/Noattention_PI_0.5PS_0.3PD_0.2_Noisy_model/Vocab.in is already initialized.
2019-02-03 16:06:35.928509: I tensorflow/core/kernels/lookup_util.cc:376] Table trying to initialize from file /home/emlab/Desktop/syuuron/nmt/Noattention_PI_0.5PS_0.3PD_0.2_Noisy_model/Vocab.out is already initialized.
2019-02-03 16:06:35.928509: I tensorflow/core/kernels/lookup_util.cc:376] Table trying to initialize from file /home/emlab/Desktop/syuuron/nmt/Noattention_PI_0.5PS_0.3PD_0.2_Noisy_model/Vocab.out is already initialized.
  loaded infer model parameters from /home/emlab/Desktop/syuuron/nmt/Noattention_PI_0.5PS_0.3PD_0.2_Noisy_model/translate.ckpt-9000, time 0.03s
  # 750
    src: AO2 S EY2 IY0 T EH1 AH1 AA2 L UH0 IH1 V UH1 B OW2 UW2 D OY1 IH0 IH1 N R JH B EY1 UW1 ER0 M UW1 Y ER2 V AW0 AE0 AE2 UW1 AH1 D NG UH0 B N N OY2 IH2 EY1 P ER1 AO2 IH0 NG AE1 S UW2 UH2 B AH0 ER1 Z OW0 OY2 DH N ER2 L V AH0 HH OW0 W AH0 R IH P AA1 AY0 AO1 EY2 M IY0 N AE2 T
    ref: Move ( Living_Room ) Move ( Dining_Table ) Move ( apartment )
    nmt: Move ( Dining_Room ) Move ( Dining_Table ) Move ( apartment )
2019-02-03 16:06:35.991387: I tensorflow/core/kernels/lookup_util.cc:376] Table trying to initialize from file /home/emlab/Desktop/syuuron/nmt/Noattention_PI_0.5PS_0.3PD_0.2_Noisy_model/Vocab.out is already initialized.
2019-02-03 16:06:35.991387: I tensorflow/core/kernels/lookup_util.cc:376] Table trying to initialize from file /home/emlab/Desktop/syuuron/nmt/Noattention_PI_0.5PS_0.3PD_0.2_Noisy_model/Vocab.in is already initialized.
2019-02-03 16:06:35.991389: I tensorflow/core/kernels/lookup_util.cc:376] Table trying to initialize from file /home/emlab/Desktop/syuuron/nmt/Noattention_PI_0.5PS_0.3PD_0.2_Noisy_model/Vocab.out is already initialized.
  loaded infer model parameters from /home/emlab/Desktop/syuuron/nmt/Noattention_PI_0.5PS_0.3PD_0.2_Noisy_model/translate.ckpt-9000, time 0.04s
# External evaluation, global step 9000
  decoding to output /home/emlab/Desktop/syuuron/nmt/Noattention_PI_0.5PS_0.3PD_0.2_Noisy_model/output_dev
  done, num sentences 2001, num translations per input 1, time 0s, Sun Feb  3 16:06:36 2019.
  bleu dev: 45.7
  saving hparams to /home/emlab/Desktop/syuuron/nmt/Noattention_PI_0.5PS_0.3PD_0.2_Noisy_model/hparams
# External evaluation, global step 9000
  decoding to output /home/emlab/Desktop/syuuron/nmt/Noattention_PI_0.5PS_0.3PD_0.2_Noisy_model/output_test
  done, num sentences 100, num translations per input 1, time 0s, Sun Feb  3 16:06:36 2019.
  bleu test: 17.0
  saving hparams to /home/emlab/Desktop/syuuron/nmt/Noattention_PI_0.5PS_0.3PD_0.2_Noisy_model/hparams
  step 9200 lr 1 step-time 0.07s wps 149.00K ppl 1.10 gN 2.65 bleu 45.69, Sun Feb  3 16:06:40 2019
--------------------------------------------------------------------------------------------
# Finished an epoch, step 9234. Perform external evaluation
2019-02-03 16:06:42.706831: I tensorflow/core/kernels/lookup_util.cc:376] Table trying to initialize from file /home/emlab/Desktop/syuuron/nmt/Noattention_PI_0.5PS_0.3PD_0.2_Noisy_model/Vocab.out is already initialized.
2019-02-03 16:06:42.706831: I tensorflow/core/kernels/lookup_util.cc:376] Table trying to initialize from file /home/emlab/Desktop/syuuron/nmt/Noattention_PI_0.5PS_0.3PD_0.2_Noisy_model/Vocab.out is already initialized.
2019-02-03 16:06:42.706831: I tensorflow/core/kernels/lookup_util.cc:376] Table trying to initialize from file /home/emlab/Desktop/syuuron/nmt/Noattention_PI_0.5PS_0.3PD_0.2_Noisy_model/Vocab.in is already initialized.
  loaded infer model parameters from /home/emlab/Desktop/syuuron/nmt/Noattention_PI_0.5PS_0.3PD_0.2_Noisy_model/translate.ckpt-9000, time 0.03s
  # 399
    src: K AY SH IY0 UH OW NG IH0 N Y EH UW1 AA2 G OW1 P V AH1 EY1 UW1 K SH IH1 UW0 UW0 AO1 EY UH0 IY R AE2 D ER0 M OY G EH1 T UH1 JH OY HH AH1 EH1 P IH1 IH IY1 AE2 AO AY ER1 UH0 T AH2 ER L Z IY1 AY0 G SH DH EH1 N JH N AH1 UH1 M B AE1
    ref: Move (  Corridor  ) Find ( Japanese_Tea Corridor ) Grasp ( Japanese_Tea ) Move ( HERE )
    nmt: Move ( Corridor ) Find ( Lemon_Tea Corridor ) Grasp ( Lemon_Tea ) Move ( HERE )
2019-02-03 16:06:42.773804: I tensorflow/core/kernels/lookup_util.cc:376] Table trying to initialize from file /home/emlab/Desktop/syuuron/nmt/Noattention_PI_0.5PS_0.3PD_0.2_Noisy_model/Vocab.out is already initialized.
2019-02-03 16:06:42.773804: I tensorflow/core/kernels/lookup_util.cc:376] Table trying to initialize from file /home/emlab/Desktop/syuuron/nmt/Noattention_PI_0.5PS_0.3PD_0.2_Noisy_model/Vocab.in is already initialized.
2019-02-03 16:06:42.773810: I tensorflow/core/kernels/lookup_util.cc:376] Table trying to initialize from file /home/emlab/Desktop/syuuron/nmt/Noattention_PI_0.5PS_0.3PD_0.2_Noisy_model/Vocab.out is already initialized.
  loaded infer model parameters from /home/emlab/Desktop/syuuron/nmt/Noattention_PI_0.5PS_0.3PD_0.2_Noisy_model/translate.ckpt-9000, time 0.04s
# External evaluation, global step 9000
  decoding to output /home/emlab/Desktop/syuuron/nmt/Noattention_PI_0.5PS_0.3PD_0.2_Noisy_model/output_dev
  done, num sentences 2001, num translations per input 1, time 0s, Sun Feb  3 16:06:43 2019.
  bleu dev: 45.7
  saving hparams to /home/emlab/Desktop/syuuron/nmt/Noattention_PI_0.5PS_0.3PD_0.2_Noisy_model/hparams
# External evaluation, global step 9000
  decoding to output /home/emlab/Desktop/syuuron/nmt/Noattention_PI_0.5PS_0.3PD_0.2_Noisy_model/output_test
  done, num sentences 100, num translations per input 1, time 0s, Sun Feb  3 16:06:43 2019.
  bleu test: 17.0
  saving hparams to /home/emlab/Desktop/syuuron/nmt/Noattention_PI_0.5PS_0.3PD_0.2_Noisy_model/hparams
  step 9300 lr 1 step-time 0.07s wps 148.92K ppl 1.10 gN 2.78 bleu 45.69, Sun Feb  3 16:06:48 2019
--------------------------------------------------------------------------------------------
# Finished an epoch, step 9315. Perform external evaluation
2019-02-03 16:06:49.509680: I tensorflow/core/kernels/lookup_util.cc:376] Table trying to initialize from file /home/emlab/Desktop/syuuron/nmt/Noattention_PI_0.5PS_0.3PD_0.2_Noisy_model/Vocab.in is already initialized.
2019-02-03 16:06:49.509680: I tensorflow/core/kernels/lookup_util.cc:376] Table trying to initialize from file /home/emlab/Desktop/syuuron/nmt/Noattention_PI_0.5PS_0.3PD_0.2_Noisy_model/Vocab.out is already initialized.
2019-02-03 16:06:49.509680: I tensorflow/core/kernels/lookup_util.cc:376] Table trying to initialize from file /home/emlab/Desktop/syuuron/nmt/Noattention_PI_0.5PS_0.3PD_0.2_Noisy_model/Vocab.out is already initialized.
  loaded infer model parameters from /home/emlab/Desktop/syuuron/nmt/Noattention_PI_0.5PS_0.3PD_0.2_Noisy_model/translate.ckpt-9000, time 0.03s
  # 1245
    src: G IY2 OW1 T B IH DH UW2 V UH0 IH1 W OW1 OW2 EH0 CH AH0 Z EY AE0 Z JH IH0 AA2 S SH T ER2 G ER0 R UH1 EY1 EH1 AO1 UH EH ER1 AH0 UH0 IY1 N IH0 D IH2 EH P AA1 ZH AO2 EY0 NG AW AH0 P AA ER1 UH2 JH EY OW1 G AH AY S Y N IH1 R B AW2 V B SH AH AY2 IH1 NG IH1 IH1 T N UH0 IH AE1 AH P V IH0 EY2 AY2 AH1 NG EY1 AH0
    ref: Move ( Visitor_Room ) Find ( person Visitor_Room ) Move ( Living_Table ) Grasp ( Chip_Star )  Move ( person )
    nmt: Move ( Living_Room ) Find ( person Living_Room ) Move ( Dining_Table ) Grasp ( toy_duck ) Move ( person )
2019-02-03 16:06:49.577683: I tensorflow/core/kernels/lookup_util.cc:376] Table trying to initialize from file /home/emlab/Desktop/syuuron/nmt/Noattention_PI_0.5PS_0.3PD_0.2_Noisy_model/Vocab.in is already initialized.
2019-02-03 16:06:49.577683: I tensorflow/core/kernels/lookup_util.cc:376] Table trying to initialize from file /home/emlab/Desktop/syuuron/nmt/Noattention_PI_0.5PS_0.3PD_0.2_Noisy_model/Vocab.out is already initialized.
2019-02-03 16:06:49.577685: I tensorflow/core/kernels/lookup_util.cc:376] Table trying to initialize from file /home/emlab/Desktop/syuuron/nmt/Noattention_PI_0.5PS_0.3PD_0.2_Noisy_model/Vocab.out is already initialized.
  loaded infer model parameters from /home/emlab/Desktop/syuuron/nmt/Noattention_PI_0.5PS_0.3PD_0.2_Noisy_model/translate.ckpt-9000, time 0.04s
# External evaluation, global step 9000
  decoding to output /home/emlab/Desktop/syuuron/nmt/Noattention_PI_0.5PS_0.3PD_0.2_Noisy_model/output_dev
  done, num sentences 2001, num translations per input 1, time 0s, Sun Feb  3 16:06:50 2019.
  bleu dev: 45.7
  saving hparams to /home/emlab/Desktop/syuuron/nmt/Noattention_PI_0.5PS_0.3PD_0.2_Noisy_model/hparams
# External evaluation, global step 9000
  decoding to output /home/emlab/Desktop/syuuron/nmt/Noattention_PI_0.5PS_0.3PD_0.2_Noisy_model/output_test
  done, num sentences 100, num translations per input 1, time 0s, Sun Feb  3 16:06:50 2019.
  bleu test: 17.0
  saving hparams to /home/emlab/Desktop/syuuron/nmt/Noattention_PI_0.5PS_0.3PD_0.2_Noisy_model/hparams
--------------------------------------------------------------------------------------------
# Finished an epoch, step 9396. Perform external evaluation
2019-02-03 16:06:56.350495: I tensorflow/core/kernels/lookup_util.cc:376] Table trying to initialize from file /home/emlab/Desktop/syuuron/nmt/Noattention_PI_0.5PS_0.3PD_0.2_Noisy_model/Vocab.out is already initialized.
2019-02-03 16:06:56.350495: I tensorflow/core/kernels/lookup_util.cc:376] Table trying to initialize from file /home/emlab/Desktop/syuuron/nmt/Noattention_PI_0.5PS_0.3PD_0.2_Noisy_model/Vocab.in is already initialized.
2019-02-03 16:06:56.350495: I tensorflow/core/kernels/lookup_util.cc:376] Table trying to initialize from file /home/emlab/Desktop/syuuron/nmt/Noattention_PI_0.5PS_0.3PD_0.2_Noisy_model/Vocab.out is already initialized.
  loaded infer model parameters from /home/emlab/Desktop/syuuron/nmt/Noattention_PI_0.5PS_0.3PD_0.2_Noisy_model/translate.ckpt-9000, time 0.04s
  # 1005
    src: EH1 M M AA2 UW1 UW0 OY0 AW0 K CH N CH SH AW1 AO1 AO D AW0 AH0 Y Y UW0 L G UW2 TH AE1 K T EH1 UH0 EH AH2 T T IH1 UH0 DH R B D EH1 L AY0 L AY1 ER1 OW Z EH2 HH UH IH1 AA1 ER0 K UH1 W L S IH1 T AO0 Y AA1 ER2 AY1 IH0 SH D EY0 R EH AH T B Y G AH0 L UW1 AE AH1
    ref: Move ( Kitchen_Table ) Find ( twin_bell_alarm_clock Kitchen_Table  ) Grasp ( twin_bell_alarm_clock )  Move ( Side_Table ) Place ( twin_bell_alarm_clock Kitchen_Table )
    nmt: Move ( Kitchen_Table ) Find ( twin_bell_alarm_clock Kitchen_Table ) Grasp ( twin_bell_alarm_clock ) Plcae ( twin_bell_alarm_clock Kitchen_Table )
2019-02-03 16:06:56.416231: I tensorflow/core/kernels/lookup_util.cc:376] Table trying to initialize from file /home/emlab/Desktop/syuuron/nmt/Noattention_PI_0.5PS_0.3PD_0.2_Noisy_model/Vocab.out is already initialized.
2019-02-03 16:06:56.416231: I tensorflow/core/kernels/lookup_util.cc:376] Table trying to initialize from file /home/emlab/Desktop/syuuron/nmt/Noattention_PI_0.5PS_0.3PD_0.2_Noisy_model/Vocab.in is already initialized.
2019-02-03 16:06:56.416267: I tensorflow/core/kernels/lookup_util.cc:376] Table trying to initialize from file /home/emlab/Desktop/syuuron/nmt/Noattention_PI_0.5PS_0.3PD_0.2_Noisy_model/Vocab.out is already initialized.
  loaded infer model parameters from /home/emlab/Desktop/syuuron/nmt/Noattention_PI_0.5PS_0.3PD_0.2_Noisy_model/translate.ckpt-9000, time 0.04s
# External evaluation, global step 9000
  decoding to output /home/emlab/Desktop/syuuron/nmt/Noattention_PI_0.5PS_0.3PD_0.2_Noisy_model/output_dev
  done, num sentences 2001, num translations per input 1, time 0s, Sun Feb  3 16:06:57 2019.
  bleu dev: 45.7
  saving hparams to /home/emlab/Desktop/syuuron/nmt/Noattention_PI_0.5PS_0.3PD_0.2_Noisy_model/hparams
# External evaluation, global step 9000
  decoding to output /home/emlab/Desktop/syuuron/nmt/Noattention_PI_0.5PS_0.3PD_0.2_Noisy_model/output_test
  done, num sentences 100, num translations per input 1, time 0s, Sun Feb  3 16:06:57 2019.
  bleu test: 17.0
  saving hparams to /home/emlab/Desktop/syuuron/nmt/Noattention_PI_0.5PS_0.3PD_0.2_Noisy_model/hparams
  step 9400 lr 1 step-time 0.07s wps 136.65K ppl 1.10 gN 2.72 bleu 45.69, Sun Feb  3 16:06:58 2019
--------------------------------------------------------------------------------------------
# Finished an epoch, step 9477. Perform external evaluation
2019-02-03 16:07:03.167810: I tensorflow/core/kernels/lookup_util.cc:376] Table trying to initialize from file /home/emlab/Desktop/syuuron/nmt/Noattention_PI_0.5PS_0.3PD_0.2_Noisy_model/Vocab.out is already initialized.
2019-02-03 16:07:03.167810: I tensorflow/core/kernels/lookup_util.cc:376] Table trying to initialize from file /home/emlab/Desktop/syuuron/nmt/Noattention_PI_0.5PS_0.3PD_0.2_Noisy_model/Vocab.in is already initialized.
2019-02-03 16:07:03.167810: I tensorflow/core/kernels/lookup_util.cc:376] Table trying to initialize from file /home/emlab/Desktop/syuuron/nmt/Noattention_PI_0.5PS_0.3PD_0.2_Noisy_model/Vocab.out is already initialized.
  loaded infer model parameters from /home/emlab/Desktop/syuuron/nmt/Noattention_PI_0.5PS_0.3PD_0.2_Noisy_model/translate.ckpt-9000, time 0.04s
  # 1803
    src: T D EY0 CH AY0 D B AY1 D T M EH2 T JH UW1 IY AY0 T OY UW2 S EH2 AY1 AH0 DH EH2 OY1 EH1 N UW1 L IY1 AY2 AY2 V AH0 Y IY0 AH2 ZH CH IH2 AW R OY2 AO AA1 R AY2 ER1 AW1 OY1 ER2 OY0 T M UW UW N D AO UW1 UW
    ref: Move ( Side_Table ) Move ( Sofa ) Move ( apartment )
    nmt: Move ( Side_Table ) Move ( Dining_Room ) Move ( apartment )
2019-02-03 16:07:03.228220: I tensorflow/core/kernels/lookup_util.cc:376] Table trying to initialize from file /home/emlab/Desktop/syuuron/nmt/Noattention_PI_0.5PS_0.3PD_0.2_Noisy_model/Vocab.out is already initialized.
2019-02-03 16:07:03.228220: I tensorflow/core/kernels/lookup_util.cc:376] Table trying to initialize from file /home/emlab/Desktop/syuuron/nmt/Noattention_PI_0.5PS_0.3PD_0.2_Noisy_model/Vocab.in is already initialized.
2019-02-03 16:07:03.228222: I tensorflow/core/kernels/lookup_util.cc:376] Table trying to initialize from file /home/emlab/Desktop/syuuron/nmt/Noattention_PI_0.5PS_0.3PD_0.2_Noisy_model/Vocab.out is already initialized.
  loaded infer model parameters from /home/emlab/Desktop/syuuron/nmt/Noattention_PI_0.5PS_0.3PD_0.2_Noisy_model/translate.ckpt-9000, time 0.04s
# External evaluation, global step 9000
  decoding to output /home/emlab/Desktop/syuuron/nmt/Noattention_PI_0.5PS_0.3PD_0.2_Noisy_model/output_dev
  done, num sentences 2001, num translations per input 1, time 0s, Sun Feb  3 16:07:03 2019.
  bleu dev: 45.7
  saving hparams to /home/emlab/Desktop/syuuron/nmt/Noattention_PI_0.5PS_0.3PD_0.2_Noisy_model/hparams
# External evaluation, global step 9000
  decoding to output /home/emlab/Desktop/syuuron/nmt/Noattention_PI_0.5PS_0.3PD_0.2_Noisy_model/output_test
  done, num sentences 100, num translations per input 1, time 0s, Sun Feb  3 16:07:04 2019.
  bleu test: 17.0
  saving hparams to /home/emlab/Desktop/syuuron/nmt/Noattention_PI_0.5PS_0.3PD_0.2_Noisy_model/hparams
  step 9500 lr 1 step-time 0.07s wps 148.77K ppl 1.10 gN 2.64 bleu 45.69, Sun Feb  3 16:07:06 2019
--------------------------------------------------------------------------------------------
# Finished an epoch, step 9558. Perform external evaluation
2019-02-03 16:07:10.029180: I tensorflow/core/kernels/lookup_util.cc:376] Table trying to initialize from file /home/emlab/Desktop/syuuron/nmt/Noattention_PI_0.5PS_0.3PD_0.2_Noisy_model/Vocab.in is already initialized.
2019-02-03 16:07:10.029180: I tensorflow/core/kernels/lookup_util.cc:376] Table trying to initialize from file /home/emlab/Desktop/syuuron/nmt/Noattention_PI_0.5PS_0.3PD_0.2_Noisy_model/Vocab.out is already initialized.
2019-02-03 16:07:10.029180: I tensorflow/core/kernels/lookup_util.cc:376] Table trying to initialize from file /home/emlab/Desktop/syuuron/nmt/Noattention_PI_0.5PS_0.3PD_0.2_Noisy_model/Vocab.out is already initialized.
  loaded infer model parameters from /home/emlab/Desktop/syuuron/nmt/Noattention_PI_0.5PS_0.3PD_0.2_Noisy_model/translate.ckpt-9000, time 0.03s
  # 1479
    src: UW0 W EH1 L L M Z L Z EY N T AY0 T D AY1 N IH0 T DH UW0 L G ZH T N EY OY2 W D P D AH0 V V L AY AO0 AH0 N D OW2 EH AA2 T IY2 AE2 AH1 M B B UW2 AE1 IY0 UH1 AE1 UW1 K
    ref: Move ( Dining_Table ) Grasp ( apple ) Move ( Dining_Table ) Grasp ( apple ) Move ( HERE )
    nmt: Move ( Dining_Table ) Grasp ( Orange_Juice ) Move ( HERE )
2019-02-03 16:07:10.089665: I tensorflow/core/kernels/lookup_util.cc:376] Table trying to initialize from file /home/emlab/Desktop/syuuron/nmt/Noattention_PI_0.5PS_0.3PD_0.2_Noisy_model/Vocab.in is already initialized.
2019-02-03 16:07:10.089665: I tensorflow/core/kernels/lookup_util.cc:376] Table trying to initialize from file /home/emlab/Desktop/syuuron/nmt/Noattention_PI_0.5PS_0.3PD_0.2_Noisy_model/Vocab.out is already initialized.
2019-02-03 16:07:10.089665: I tensorflow/core/kernels/lookup_util.cc:376] Table trying to initialize from file /home/emlab/Desktop/syuuron/nmt/Noattention_PI_0.5PS_0.3PD_0.2_Noisy_model/Vocab.out is already initialized.
  loaded infer model parameters from /home/emlab/Desktop/syuuron/nmt/Noattention_PI_0.5PS_0.3PD_0.2_Noisy_model/translate.ckpt-9000, time 0.04s
# External evaluation, global step 9000
  decoding to output /home/emlab/Desktop/syuuron/nmt/Noattention_PI_0.5PS_0.3PD_0.2_Noisy_model/output_dev
  done, num sentences 2001, num translations per input 1, time 0s, Sun Feb  3 16:07:10 2019.
  bleu dev: 45.7
  saving hparams to /home/emlab/Desktop/syuuron/nmt/Noattention_PI_0.5PS_0.3PD_0.2_Noisy_model/hparams
# External evaluation, global step 9000
  decoding to output /home/emlab/Desktop/syuuron/nmt/Noattention_PI_0.5PS_0.3PD_0.2_Noisy_model/output_test
  done, num sentences 100, num translations per input 1, time 0s, Sun Feb  3 16:07:11 2019.
  bleu test: 17.0
  saving hparams to /home/emlab/Desktop/syuuron/nmt/Noattention_PI_0.5PS_0.3PD_0.2_Noisy_model/hparams
  step 9600 lr 1 step-time 0.07s wps 148.51K ppl 1.10 gN 2.67 bleu 45.69, Sun Feb  3 16:07:14 2019
--------------------------------------------------------------------------------------------
# Finished an epoch, step 9639. Perform external evaluation
2019-02-03 16:07:16.825582: I tensorflow/core/kernels/lookup_util.cc:376] Table trying to initialize from file /home/emlab/Desktop/syuuron/nmt/Noattention_PI_0.5PS_0.3PD_0.2_Noisy_model/Vocab.in is already initialized.
2019-02-03 16:07:16.825582: I tensorflow/core/kernels/lookup_util.cc:376] Table trying to initialize from file /home/emlab/Desktop/syuuron/nmt/Noattention_PI_0.5PS_0.3PD_0.2_Noisy_model/Vocab.out is already initialized.
2019-02-03 16:07:16.825582: I tensorflow/core/kernels/lookup_util.cc:376] Table trying to initialize from file /home/emlab/Desktop/syuuron/nmt/Noattention_PI_0.5PS_0.3PD_0.2_Noisy_model/Vocab.out is already initialized.
  loaded infer model parameters from /home/emlab/Desktop/syuuron/nmt/Noattention_PI_0.5PS_0.3PD_0.2_Noisy_model/translate.ckpt-9000, time 0.04s
  # 1532
    src: EY2 UW1 T UW1 EH D AY1 TH N OW AH OY0 IH1 IH0 NG OY AY S OW1 F AH0 D UH0 N AO1 AH Y B Z AW S AA1 N UW0 N IH1 EH2 N UW1 AY1 OY2 AH2 UH0 B R ER IH1 Y Y AY UW NG EH1 P DH NG OW1 AA AY2 K EH2 K IY P F EH0 IY2 R UW2 ER2 AH1 ER AO0 AE UW UW0 P AE2 OW1 K AA0 T EY1 CH L
    ref: Move (  Dining_Sofa  ) Find ( pink_cup Dining_Sofa  ) Grasp ( pink_cup ) Find ( PERSON Dining_Sofa ) Plcae ( pink_cup PERSON )
    nmt: Move ( Living_Sofa ) Find ( bell_pepper Living_Sofa ) Grasp ( bell_pepper ) Find ( PERSON Living_Sofa ) Plcae ( bell_pepper PERSON )
2019-02-03 16:07:16.894794: I tensorflow/core/kernels/lookup_util.cc:376] Table trying to initialize from file /home/emlab/Desktop/syuuron/nmt/Noattention_PI_0.5PS_0.3PD_0.2_Noisy_model/Vocab.in is already initialized.
2019-02-03 16:07:16.894808: I tensorflow/core/kernels/lookup_util.cc:376] Table trying to initialize from file /home/emlab/Desktop/syuuron/nmt/Noattention_PI_0.5PS_0.3PD_0.2_Noisy_model/Vocab.out is already initialized.
2019-02-03 16:07:16.894794: I tensorflow/core/kernels/lookup_util.cc:376] Table trying to initialize from file /home/emlab/Desktop/syuuron/nmt/Noattention_PI_0.5PS_0.3PD_0.2_Noisy_model/Vocab.out is already initialized.
  loaded infer model parameters from /home/emlab/Desktop/syuuron/nmt/Noattention_PI_0.5PS_0.3PD_0.2_Noisy_model/translate.ckpt-9000, time 0.04s
# External evaluation, global step 9000
  decoding to output /home/emlab/Desktop/syuuron/nmt/Noattention_PI_0.5PS_0.3PD_0.2_Noisy_model/output_dev
  done, num sentences 2001, num translations per input 1, time 0s, Sun Feb  3 16:07:17 2019.
  bleu dev: 45.7
  saving hparams to /home/emlab/Desktop/syuuron/nmt/Noattention_PI_0.5PS_0.3PD_0.2_Noisy_model/hparams
# External evaluation, global step 9000
  decoding to output /home/emlab/Desktop/syuuron/nmt/Noattention_PI_0.5PS_0.3PD_0.2_Noisy_model/output_test
  done, num sentences 100, num translations per input 1, time 0s, Sun Feb  3 16:07:17 2019.
  bleu test: 17.0
  saving hparams to /home/emlab/Desktop/syuuron/nmt/Noattention_PI_0.5PS_0.3PD_0.2_Noisy_model/hparams
  step 9700 lr 1 step-time 0.07s wps 148.47K ppl 1.10 gN 2.65 bleu 45.69, Sun Feb  3 16:07:22 2019
--------------------------------------------------------------------------------------------
# Finished an epoch, step 9720. Perform external evaluation
2019-02-03 16:07:23.679843: I tensorflow/core/kernels/lookup_util.cc:376] Table trying to initialize from file /home/emlab/Desktop/syuuron/nmt/Noattention_PI_0.5PS_0.3PD_0.2_Noisy_model/Vocab.out is already initialized.
2019-02-03 16:07:23.679843: I tensorflow/core/kernels/lookup_util.cc:376] Table trying to initialize from file /home/emlab/Desktop/syuuron/nmt/Noattention_PI_0.5PS_0.3PD_0.2_Noisy_model/Vocab.out is already initialized.
2019-02-03 16:07:23.679884: I tensorflow/core/kernels/lookup_util.cc:376] Table trying to initialize from file /home/emlab/Desktop/syuuron/nmt/Noattention_PI_0.5PS_0.3PD_0.2_Noisy_model/Vocab.in is already initialized.
  loaded infer model parameters from /home/emlab/Desktop/syuuron/nmt/Noattention_PI_0.5PS_0.3PD_0.2_Noisy_model/translate.ckpt-9000, time 0.04s
  # 396
    src: AA1 W UH1 K V D UH1 IY0 ZH Y AE UW1 AW1 HH AH2 IH1 EH1 R AY1 AY0 IY0 P L S HH T P AA0 UW AA1 T AH0 F IY EY2 T B AH1 M L AE1 IH1 AY EH OY AO1 IH0 NG AO0 AE EY1 L AY0 UW1 W W UW1 AO2 AE D B AE1 ER AO0 G OW1 EH UW1 IH0 M AY1 AY0 UH1 ER1 UH1 SH EH IH NG AY2 EH1 NG AY1 OW0 UW1
    ref: Move ( Living_Table ) Find ( empty_plastic_bottle Living_Table ) Move ( Bar ) Move ( Dining_Room )
    nmt: Move ( Bar ) Find ( empty_plastic_bottle Bar ) Grasp ( empty_plastic_bottle ) Move ( Dining_Room ) Move ( Dining_Room )
2019-02-03 16:07:23.748847: I tensorflow/core/kernels/lookup_util.cc:376] Table trying to initialize from file /home/emlab/Desktop/syuuron/nmt/Noattention_PI_0.5PS_0.3PD_0.2_Noisy_model/Vocab.out is already initialized.
2019-02-03 16:07:23.748847: I tensorflow/core/kernels/lookup_util.cc:376] Table trying to initialize from file /home/emlab/Desktop/syuuron/nmt/Noattention_PI_0.5PS_0.3PD_0.2_Noisy_model/Vocab.out is already initialized.
2019-02-03 16:07:23.748849: I tensorflow/core/kernels/lookup_util.cc:376] Table trying to initialize from file /home/emlab/Desktop/syuuron/nmt/Noattention_PI_0.5PS_0.3PD_0.2_Noisy_model/Vocab.in is already initialized.
  loaded infer model parameters from /home/emlab/Desktop/syuuron/nmt/Noattention_PI_0.5PS_0.3PD_0.2_Noisy_model/translate.ckpt-9000, time 0.04s
# External evaluation, global step 9000
  decoding to output /home/emlab/Desktop/syuuron/nmt/Noattention_PI_0.5PS_0.3PD_0.2_Noisy_model/output_dev
  done, num sentences 2001, num translations per input 1, time 0s, Sun Feb  3 16:07:24 2019.
  bleu dev: 45.7
  saving hparams to /home/emlab/Desktop/syuuron/nmt/Noattention_PI_0.5PS_0.3PD_0.2_Noisy_model/hparams
# External evaluation, global step 9000
  decoding to output /home/emlab/Desktop/syuuron/nmt/Noattention_PI_0.5PS_0.3PD_0.2_Noisy_model/output_test
  done, num sentences 100, num translations per input 1, time 0s, Sun Feb  3 16:07:24 2019.
  bleu test: 17.0
  saving hparams to /home/emlab/Desktop/syuuron/nmt/Noattention_PI_0.5PS_0.3PD_0.2_Noisy_model/hparams
  step 9800 lr 1 step-time 0.07s wps 146.33K ppl 1.09 gN 2.66 bleu 45.69, Sun Feb  3 16:07:30 2019
--------------------------------------------------------------------------------------------
# Finished an epoch, step 9801. Perform external evaluation
2019-02-03 16:07:30.496126: I tensorflow/core/kernels/lookup_util.cc:376] Table trying to initialize from file /home/emlab/Desktop/syuuron/nmt/Noattention_PI_0.5PS_0.3PD_0.2_Noisy_model/Vocab.in is already initialized.
2019-02-03 16:07:30.496126: I tensorflow/core/kernels/lookup_util.cc:376] Table trying to initialize from file /home/emlab/Desktop/syuuron/nmt/Noattention_PI_0.5PS_0.3PD_0.2_Noisy_model/Vocab.out is already initialized.
2019-02-03 16:07:30.496126: I tensorflow/core/kernels/lookup_util.cc:376] Table trying to initialize from file /home/emlab/Desktop/syuuron/nmt/Noattention_PI_0.5PS_0.3PD_0.2_Noisy_model/Vocab.out is already initialized.
  loaded infer model parameters from /home/emlab/Desktop/syuuron/nmt/Noattention_PI_0.5PS_0.3PD_0.2_Noisy_model/translate.ckpt-9000, time 0.03s
  # 80
    src: EY0 IY AW0 T JH ER1 UW1 L OY1 AH2 UW2 IH1 AO V NG AA2 AE2 R UW1 M G T AH0 P UW1 T AA D M EH2 M ER0 EY2 AW2 EY1 AA2 B AH0 L AE0 IY2 B P D EH1 SH AO0 ZH AA1 AE1 AE0 UW EH0 UH1 AA1 AW2 IH0 F R R OW1 AH0 D IY2 UH2 K AW0 ER0
    ref: Move ( Living_Room ) Move ( Dining_Table ) Move ( Corridor )
    nmt: Move ( Living_Room ) Move ( Reception_Table ) Move ( Corridor )
2019-02-03 16:07:30.556952: I tensorflow/core/kernels/lookup_util.cc:376] Table trying to initialize from file /home/emlab/Desktop/syuuron/nmt/Noattention_PI_0.5PS_0.3PD_0.2_Noisy_model/Vocab.out is already initialized.
2019-02-03 16:07:30.556954: I tensorflow/core/kernels/lookup_util.cc:376] Table trying to initialize from file /home/emlab/Desktop/syuuron/nmt/Noattention_PI_0.5PS_0.3PD_0.2_Noisy_model/Vocab.out is already initialized.
2019-02-03 16:07:30.556960: I tensorflow/core/kernels/lookup_util.cc:376] Table trying to initialize from file /home/emlab/Desktop/syuuron/nmt/Noattention_PI_0.5PS_0.3PD_0.2_Noisy_model/Vocab.in is already initialized.
  loaded infer model parameters from /home/emlab/Desktop/syuuron/nmt/Noattention_PI_0.5PS_0.3PD_0.2_Noisy_model/translate.ckpt-9000, time 0.04s
# External evaluation, global step 9000
  decoding to output /home/emlab/Desktop/syuuron/nmt/Noattention_PI_0.5PS_0.3PD_0.2_Noisy_model/output_dev
  done, num sentences 2001, num translations per input 1, time 0s, Sun Feb  3 16:07:31 2019.
  bleu dev: 45.7
  saving hparams to /home/emlab/Desktop/syuuron/nmt/Noattention_PI_0.5PS_0.3PD_0.2_Noisy_model/hparams
# External evaluation, global step 9000
  decoding to output /home/emlab/Desktop/syuuron/nmt/Noattention_PI_0.5PS_0.3PD_0.2_Noisy_model/output_test
  done, num sentences 100, num translations per input 1, time 0s, Sun Feb  3 16:07:31 2019.
  bleu test: 17.0
  saving hparams to /home/emlab/Desktop/syuuron/nmt/Noattention_PI_0.5PS_0.3PD_0.2_Noisy_model/hparams
--------------------------------------------------------------------------------------------
# Finished an epoch, step 9882. Perform external evaluation
2019-02-03 16:07:37.310957: I tensorflow/core/kernels/lookup_util.cc:376] Table trying to initialize from file /home/emlab/Desktop/syuuron/nmt/Noattention_PI_0.5PS_0.3PD_0.2_Noisy_model/Vocab.in is already initialized.
2019-02-03 16:07:37.310957: I tensorflow/core/kernels/lookup_util.cc:376] Table trying to initialize from file /home/emlab/Desktop/syuuron/nmt/Noattention_PI_0.5PS_0.3PD_0.2_Noisy_model/Vocab.out is already initialized.
2019-02-03 16:07:37.310967: I tensorflow/core/kernels/lookup_util.cc:376] Table trying to initialize from file /home/emlab/Desktop/syuuron/nmt/Noattention_PI_0.5PS_0.3PD_0.2_Noisy_model/Vocab.out is already initialized.
  loaded infer model parameters from /home/emlab/Desktop/syuuron/nmt/Noattention_PI_0.5PS_0.3PD_0.2_Noisy_model/translate.ckpt-9000, time 0.04s
  # 1429
    src: K UW P NG UW1 G OW1 P T V IH1 AW0 V EY2 Z IH0 EY0 IH1 T ER0 UW1 R OW NG M G R AH AO AA2 AW0 IH1 EH1 UW1 P N ER0 UW1 JH D JH AY AA0 AH0 IY1 R IH1 AE0 NG IH1 AH T EH1 D IH2 N UH2 T EY1
    ref: Move ( Visitor_Room ) Find ( Cup_Noodle Visitor_Room ) Grasp ( Cup_Noodle ) Move ( Side_Table )  Find ( Cup_Noodle Side_Table ) Grasp ( Cup_Noodle ) Move ( Visitor_Room )
    nmt: Move ( Visitor_Room ) Find ( sugar Visitor_Room ) Grasp ( sugar ) Move ( Dustbin ) Place ( sugar Dustbin )
2019-02-03 16:07:37.374044: I tensorflow/core/kernels/lookup_util.cc:376] Table trying to initialize from file /home/emlab/Desktop/syuuron/nmt/Noattention_PI_0.5PS_0.3PD_0.2_Noisy_model/Vocab.out is already initialized.
2019-02-03 16:07:37.374044: I tensorflow/core/kernels/lookup_util.cc:376] Table trying to initialize from file /home/emlab/Desktop/syuuron/nmt/Noattention_PI_0.5PS_0.3PD_0.2_Noisy_model/Vocab.in is already initialized.
2019-02-03 16:07:37.374053: I tensorflow/core/kernels/lookup_util.cc:376] Table trying to initialize from file /home/emlab/Desktop/syuuron/nmt/Noattention_PI_0.5PS_0.3PD_0.2_Noisy_model/Vocab.out is already initialized.
  loaded infer model parameters from /home/emlab/Desktop/syuuron/nmt/Noattention_PI_0.5PS_0.3PD_0.2_Noisy_model/translate.ckpt-9000, time 0.04s
# External evaluation, global step 9000
  decoding to output /home/emlab/Desktop/syuuron/nmt/Noattention_PI_0.5PS_0.3PD_0.2_Noisy_model/output_dev
  done, num sentences 2001, num translations per input 1, time 0s, Sun Feb  3 16:07:38 2019.
  bleu dev: 45.7
  saving hparams to /home/emlab/Desktop/syuuron/nmt/Noattention_PI_0.5PS_0.3PD_0.2_Noisy_model/hparams
# External evaluation, global step 9000
  decoding to output /home/emlab/Desktop/syuuron/nmt/Noattention_PI_0.5PS_0.3PD_0.2_Noisy_model/output_test
  done, num sentences 100, num translations per input 1, time 0s, Sun Feb  3 16:07:38 2019.
  bleu test: 17.0
  saving hparams to /home/emlab/Desktop/syuuron/nmt/Noattention_PI_0.5PS_0.3PD_0.2_Noisy_model/hparams
  step 9900 lr 1 step-time 0.07s wps 139.43K ppl 1.10 gN 2.70 bleu 45.69, Sun Feb  3 16:07:39 2019
--------------------------------------------------------------------------------------------
# Finished an epoch, step 9963. Perform external evaluation
2019-02-03 16:07:44.119181: I tensorflow/core/kernels/lookup_util.cc:376] Table trying to initialize from file /home/emlab/Desktop/syuuron/nmt/Noattention_PI_0.5PS_0.3PD_0.2_Noisy_model/Vocab.in is already initialized.
2019-02-03 16:07:44.119181: I tensorflow/core/kernels/lookup_util.cc:376] Table trying to initialize from file /home/emlab/Desktop/syuuron/nmt/Noattention_PI_0.5PS_0.3PD_0.2_Noisy_model/Vocab.out is already initialized.
2019-02-03 16:07:44.119181: I tensorflow/core/kernels/lookup_util.cc:376] Table trying to initialize from file /home/emlab/Desktop/syuuron/nmt/Noattention_PI_0.5PS_0.3PD_0.2_Noisy_model/Vocab.out is already initialized.
  loaded infer model parameters from /home/emlab/Desktop/syuuron/nmt/Noattention_PI_0.5PS_0.3PD_0.2_Noisy_model/translate.ckpt-9000, time 0.03s
  # 58
    src: OY1 AA UW1 AW2 UW1 T AY1 ZH IY AW0 P UW EY1 OW V IH0 OW1 D AH B IY2 AH0 AW0 IY1 IH1 OW1 T UH2 S AY AY1 AO0 EY AE0 D T EY1 B AH1 UH1 AY0 NG SH K AA L DH EH1 AH1 EY2 G DH IH0 T EH AO2 AH0 AA1 G R AY0 T N R M AH0 AH0 L AW0 N W T
    ref: Move ( Living_Sofa ) Move ( Side_Table ) Move ( apartment )
    nmt: Move ( Side_Table ) Move ( Side_Table ) Move ( apartment )
2019-02-03 16:07:44.182264: I tensorflow/core/kernels/lookup_util.cc:376] Table trying to initialize from file /home/emlab/Desktop/syuuron/nmt/Noattention_PI_0.5PS_0.3PD_0.2_Noisy_model/Vocab.in is already initialized.
2019-02-03 16:07:44.182264: I tensorflow/core/kernels/lookup_util.cc:376] Table trying to initialize from file /home/emlab/Desktop/syuuron/nmt/Noattention_PI_0.5PS_0.3PD_0.2_Noisy_model/Vocab.out is already initialized.
2019-02-03 16:07:44.182264: I tensorflow/core/kernels/lookup_util.cc:376] Table trying to initialize from file /home/emlab/Desktop/syuuron/nmt/Noattention_PI_0.5PS_0.3PD_0.2_Noisy_model/Vocab.out is already initialized.
  loaded infer model parameters from /home/emlab/Desktop/syuuron/nmt/Noattention_PI_0.5PS_0.3PD_0.2_Noisy_model/translate.ckpt-9000, time 0.04s
# External evaluation, global step 9000
  decoding to output /home/emlab/Desktop/syuuron/nmt/Noattention_PI_0.5PS_0.3PD_0.2_Noisy_model/output_dev
  done, num sentences 2001, num translations per input 1, time 0s, Sun Feb  3 16:07:44 2019.
  bleu dev: 45.7
  saving hparams to /home/emlab/Desktop/syuuron/nmt/Noattention_PI_0.5PS_0.3PD_0.2_Noisy_model/hparams
# External evaluation, global step 9000
  decoding to output /home/emlab/Desktop/syuuron/nmt/Noattention_PI_0.5PS_0.3PD_0.2_Noisy_model/output_test
  done, num sentences 100, num translations per input 1, time 0s, Sun Feb  3 16:07:45 2019.
  bleu test: 17.0
  saving hparams to /home/emlab/Desktop/syuuron/nmt/Noattention_PI_0.5PS_0.3PD_0.2_Noisy_model/hparams
  step 10000 lr 1 step-time 0.07s wps 148.47K ppl 1.10 gN 2.76 bleu 45.69, Sun Feb  3 16:07:48 2019
# Save eval, global step 10000
2019-02-03 16:07:48.237382: I tensorflow/core/kernels/lookup_util.cc:376] Table trying to initialize from file /home/emlab/Desktop/syuuron/nmt/Noattention_PI_0.5PS_0.3PD_0.2_Noisy_model/Vocab.out is already initialized.
2019-02-03 16:07:48.237397: I tensorflow/core/kernels/lookup_util.cc:376] Table trying to initialize from file /home/emlab/Desktop/syuuron/nmt/Noattention_PI_0.5PS_0.3PD_0.2_Noisy_model/Vocab.out is already initialized.
2019-02-03 16:07:48.237464: I tensorflow/core/kernels/lookup_util.cc:376] Table trying to initialize from file /home/emlab/Desktop/syuuron/nmt/Noattention_PI_0.5PS_0.3PD_0.2_Noisy_model/Vocab.in is already initialized.
  loaded infer model parameters from /home/emlab/Desktop/syuuron/nmt/Noattention_PI_0.5PS_0.3PD_0.2_Noisy_model/translate.ckpt-10000, time 0.04s
  # 1495
    src: G IH EY0 OW1 T OW1 DH IY AY2 AH1 B EH1 OW0 D R AA1 AE2 UW1 M DH N EH1 OY F S F EH0 OW1 AY1 N AA1 D AH0 AE1 AH0 ER1 EY SH N AO1 N AA1 R B AY1 AE1 B D EH2 IH0 UH1 NG D AO1 JH D AA1 L IY2 R OW2 OY0 AH0 OY1 AW0 ER0 AA1 R
    ref: Move ( bed_room ) Find ( person bed_room ) Move ( Bar ) Grasp ( dog_doll )
    nmt: Move ( bed_room ) Find ( person bed_room ) Move ( Reception_Table ) Grasp ( cubic_clock )
2019-02-03 16:07:48.298886: I tensorflow/core/kernels/lookup_util.cc:376] Table trying to initialize from file /home/emlab/Desktop/syuuron/nmt/Noattention_PI_0.5PS_0.3PD_0.2_Noisy_model/Vocab.in is already initialized.
2019-02-03 16:07:48.298886: I tensorflow/core/kernels/lookup_util.cc:376] Table trying to initialize from file /home/emlab/Desktop/syuuron/nmt/Noattention_PI_0.5PS_0.3PD_0.2_Noisy_model/Vocab.out is already initialized.
2019-02-03 16:07:48.298901: I tensorflow/core/kernels/lookup_util.cc:376] Table trying to initialize from file /home/emlab/Desktop/syuuron/nmt/Noattention_PI_0.5PS_0.3PD_0.2_Noisy_model/Vocab.out is already initialized.
  loaded eval model parameters from /home/emlab/Desktop/syuuron/nmt/Noattention_PI_0.5PS_0.3PD_0.2_Noisy_model/translate.ckpt-10000, time 0.03s
  eval dev: perplexity 1.80, time 0s, Sun Feb  3 16:07:49 2019.
  eval test: perplexity 5.17, time 0s, Sun Feb  3 16:07:49 2019.
2019-02-03 16:07:49.222536: I tensorflow/core/kernels/lookup_util.cc:376] Table trying to initialize from file /home/emlab/Desktop/syuuron/nmt/Noattention_PI_0.5PS_0.3PD_0.2_Noisy_model/Vocab.in is already initialized.
2019-02-03 16:07:49.222536: I tensorflow/core/kernels/lookup_util.cc:376] Table trying to initialize from file /home/emlab/Desktop/syuuron/nmt/Noattention_PI_0.5PS_0.3PD_0.2_Noisy_model/Vocab.out is already initialized.
2019-02-03 16:07:49.222536: I tensorflow/core/kernels/lookup_util.cc:376] Table trying to initialize from file /home/emlab/Desktop/syuuron/nmt/Noattention_PI_0.5PS_0.3PD_0.2_Noisy_model/Vocab.out is already initialized.
  loaded infer model parameters from /home/emlab/Desktop/syuuron/nmt/Noattention_PI_0.5PS_0.3PD_0.2_Noisy_model/translate.ckpt-10000, time 0.04s
  # 221
    src: G EH CH T UW1 M NG R AE0 OY0 IH0 EH1 UH2 SH AY1 IY2 AH0 OW ZH IH1 ER2 N T AY2 EY1 B OW0 EH0 L V OW Z M IY1 NG AE V EH ER2 AE2 UW1 AH B AA1 HH F AO2 AE2 DH EH1 D UH IY0 L ER2 L DH AH0 AY0 AA0 OW1 AH0 AO0 SH P OW0 EY UH2 HH OY2 M JH IH TH UW1 S UH0 AE0 N
    ref: Move ( Reception_Table ) Move ( Bar ) Move ( apartment )
    nmt: Move ( Side_Table ) Move ( Dining_Table ) Move ( apartment )
2019-02-03 16:07:49.292532: I tensorflow/core/kernels/lookup_util.cc:376] Table trying to initialize from file /home/emlab/Desktop/syuuron/nmt/Noattention_PI_0.5PS_0.3PD_0.2_Noisy_model/Vocab.in is already initialized.
2019-02-03 16:07:49.292532: I tensorflow/core/kernels/lookup_util.cc:376] Table trying to initialize from file /home/emlab/Desktop/syuuron/nmt/Noattention_PI_0.5PS_0.3PD_0.2_Noisy_model/Vocab.out is already initialized.
2019-02-03 16:07:49.292536: I tensorflow/core/kernels/lookup_util.cc:376] Table trying to initialize from file /home/emlab/Desktop/syuuron/nmt/Noattention_PI_0.5PS_0.3PD_0.2_Noisy_model/Vocab.out is already initialized.
  loaded infer model parameters from /home/emlab/Desktop/syuuron/nmt/Noattention_PI_0.5PS_0.3PD_0.2_Noisy_model/translate.ckpt-10000, time 0.04s
# External evaluation, global step 10000
  decoding to output /home/emlab/Desktop/syuuron/nmt/Noattention_PI_0.5PS_0.3PD_0.2_Noisy_model/output_dev
  done, num sentences 2001, num translations per input 1, time 0s, Sun Feb  3 16:07:49 2019.
  bleu dev: 45.7
  saving hparams to /home/emlab/Desktop/syuuron/nmt/Noattention_PI_0.5PS_0.3PD_0.2_Noisy_model/hparams
# External evaluation, global step 10000
  decoding to output /home/emlab/Desktop/syuuron/nmt/Noattention_PI_0.5PS_0.3PD_0.2_Noisy_model/output_test
  done, num sentences 100, num translations per input 1, time 0s, Sun Feb  3 16:07:50 2019.
  bleu test: 17.8
  saving hparams to /home/emlab/Desktop/syuuron/nmt/Noattention_PI_0.5PS_0.3PD_0.2_Noisy_model/hparams
--------------------------------------------------------------------------------------------
# Finished an epoch, step 10044. Perform external evaluation
2019-02-03 16:07:53.196320: I tensorflow/core/kernels/lookup_util.cc:376] Table trying to initialize from file /home/emlab/Desktop/syuuron/nmt/Noattention_PI_0.5PS_0.3PD_0.2_Noisy_model/Vocab.out is already initialized.
2019-02-03 16:07:53.196320: I tensorflow/core/kernels/lookup_util.cc:376] Table trying to initialize from file /home/emlab/Desktop/syuuron/nmt/Noattention_PI_0.5PS_0.3PD_0.2_Noisy_model/Vocab.out is already initialized.
2019-02-03 16:07:53.196320: I tensorflow/core/kernels/lookup_util.cc:376] Table trying to initialize from file /home/emlab/Desktop/syuuron/nmt/Noattention_PI_0.5PS_0.3PD_0.2_Noisy_model/Vocab.in is already initialized.
  loaded infer model parameters from /home/emlab/Desktop/syuuron/nmt/Noattention_PI_0.5PS_0.3PD_0.2_Noisy_model/translate.ckpt-10000, time 0.04s
  # 499
    src: EH UH HH W AY0 AA2 T JH UW1 EY L IH1 AO UH1 IY1 IY AH0 OY2 R UW1 UW1 IH0 IH AO2 T F N IH2 AO N D EH1 OY0 UH AW2 AA1 T AO EY1 G K Y IH2 IH2 AO2 T
    ref: Move (  Living_Room  ) Find ( toy_car Living_Room  ) Grasp ( toy_car ) 
    nmt: Move ( Living_Table ) Find ( sauce Living_Table ) Grasp ( sauce )
2019-02-03 16:07:53.254671: I tensorflow/core/kernels/lookup_util.cc:376] Table trying to initialize from file /home/emlab/Desktop/syuuron/nmt/Noattention_PI_0.5PS_0.3PD_0.2_Noisy_model/Vocab.out is already initialized.
2019-02-03 16:07:53.254671: I tensorflow/core/kernels/lookup_util.cc:376] Table trying to initialize from file /home/emlab/Desktop/syuuron/nmt/Noattention_PI_0.5PS_0.3PD_0.2_Noisy_model/Vocab.out is already initialized.
2019-02-03 16:07:53.254671: I tensorflow/core/kernels/lookup_util.cc:376] Table trying to initialize from file /home/emlab/Desktop/syuuron/nmt/Noattention_PI_0.5PS_0.3PD_0.2_Noisy_model/Vocab.in is already initialized.
  loaded infer model parameters from /home/emlab/Desktop/syuuron/nmt/Noattention_PI_0.5PS_0.3PD_0.2_Noisy_model/translate.ckpt-10000, time 0.04s
# External evaluation, global step 10000
  decoding to output /home/emlab/Desktop/syuuron/nmt/Noattention_PI_0.5PS_0.3PD_0.2_Noisy_model/output_dev
  done, num sentences 2001, num translations per input 1, time 0s, Sun Feb  3 16:07:53 2019.
  bleu dev: 45.7
  saving hparams to /home/emlab/Desktop/syuuron/nmt/Noattention_PI_0.5PS_0.3PD_0.2_Noisy_model/hparams
# External evaluation, global step 10000
  decoding to output /home/emlab/Desktop/syuuron/nmt/Noattention_PI_0.5PS_0.3PD_0.2_Noisy_model/output_test
  done, num sentences 100, num translations per input 1, time 0s, Sun Feb  3 16:07:54 2019.
  bleu test: 17.8
  saving hparams to /home/emlab/Desktop/syuuron/nmt/Noattention_PI_0.5PS_0.3PD_0.2_Noisy_model/hparams
  step 10100 lr 1 step-time 0.07s wps 149.20K ppl 1.10 gN 2.67 bleu 45.72, Sun Feb  3 16:07:58 2019
--------------------------------------------------------------------------------------------
# Finished an epoch, step 10125. Perform external evaluation
2019-02-03 16:07:59.989078: I tensorflow/core/kernels/lookup_util.cc:376] Table trying to initialize from file /home/emlab/Desktop/syuuron/nmt/Noattention_PI_0.5PS_0.3PD_0.2_Noisy_model/Vocab.out is already initialized.
2019-02-03 16:07:59.989078: I tensorflow/core/kernels/lookup_util.cc:376] Table trying to initialize from file /home/emlab/Desktop/syuuron/nmt/Noattention_PI_0.5PS_0.3PD_0.2_Noisy_model/Vocab.in is already initialized.
2019-02-03 16:07:59.989162: I tensorflow/core/kernels/lookup_util.cc:376] Table trying to initialize from file /home/emlab/Desktop/syuuron/nmt/Noattention_PI_0.5PS_0.3PD_0.2_Noisy_model/Vocab.out is already initialized.
  loaded infer model parameters from /home/emlab/Desktop/syuuron/nmt/Noattention_PI_0.5PS_0.3PD_0.2_Noisy_model/translate.ckpt-10000, time 0.04s
  # 83
    src: HH AO1 G OW1 T UW1 AA2 D F AW AA1 N AE2 ER2 UW1 OY UW0 AH1 NG EH P UW1 T EY1 IH B L EY0 NG UW SH JH AA OW EY1 K AH2 IH1 EY L D UW TH P L S UH1 AW2 AY2 N UW2 W AH B ER OW0 AA1 T OY2 IH0 AH0 B OW1 AY2 P UH1 AW1 T T AO2 AA0 UH2 S UW1 UW1 K OW0 AW2 M G F AH0 W ER OW2 K IH AE0 AE2 G IY1 ER0 EY1
    ref: Move ( Dining_Table )  Grasp ( filled_plastic_bottle ) Move ( Sofa ) Place ( filled_plastic_bottle Dining_Table )
    nmt: Move ( Dining_Table ) Find ( filled_plastic_bottle Dining_Table ) Grasp ( filled_plastic_bottle ) Move ( filled_plastic_bottle )
2019-02-03 16:08:00.060417: I tensorflow/core/kernels/lookup_util.cc:376] Table trying to initialize from file /home/emlab/Desktop/syuuron/nmt/Noattention_PI_0.5PS_0.3PD_0.2_Noisy_model/Vocab.out is already initialized.
2019-02-03 16:08:00.060417: I tensorflow/core/kernels/lookup_util.cc:376] Table trying to initialize from file /home/emlab/Desktop/syuuron/nmt/Noattention_PI_0.5PS_0.3PD_0.2_Noisy_model/Vocab.in is already initialized.
2019-02-03 16:08:00.060417: I tensorflow/core/kernels/lookup_util.cc:376] Table trying to initialize from file /home/emlab/Desktop/syuuron/nmt/Noattention_PI_0.5PS_0.3PD_0.2_Noisy_model/Vocab.out is already initialized.
  loaded infer model parameters from /home/emlab/Desktop/syuuron/nmt/Noattention_PI_0.5PS_0.3PD_0.2_Noisy_model/translate.ckpt-10000, time 0.04s
# External evaluation, global step 10000
  decoding to output /home/emlab/Desktop/syuuron/nmt/Noattention_PI_0.5PS_0.3PD_0.2_Noisy_model/output_dev
  done, num sentences 2001, num translations per input 1, time 0s, Sun Feb  3 16:08:00 2019.
  bleu dev: 45.7
  saving hparams to /home/emlab/Desktop/syuuron/nmt/Noattention_PI_0.5PS_0.3PD_0.2_Noisy_model/hparams
# External evaluation, global step 10000
  decoding to output /home/emlab/Desktop/syuuron/nmt/Noattention_PI_0.5PS_0.3PD_0.2_Noisy_model/output_test
  done, num sentences 100, num translations per input 1, time 0s, Sun Feb  3 16:08:01 2019.
  bleu test: 17.8
  saving hparams to /home/emlab/Desktop/syuuron/nmt/Noattention_PI_0.5PS_0.3PD_0.2_Noisy_model/hparams
  step 10200 lr 1 step-time 0.07s wps 149.24K ppl 1.09 gN 2.58 bleu 45.72, Sun Feb  3 16:08:06 2019
--------------------------------------------------------------------------------------------
# Finished an epoch, step 10206. Perform external evaluation
2019-02-03 16:08:06.809763: I tensorflow/core/kernels/lookup_util.cc:376] Table trying to initialize from file /home/emlab/Desktop/syuuron/nmt/Noattention_PI_0.5PS_0.3PD_0.2_Noisy_model/Vocab.in is already initialized.
2019-02-03 16:08:06.809797: I tensorflow/core/kernels/lookup_util.cc:376] Table trying to initialize from file /home/emlab/Desktop/syuuron/nmt/Noattention_PI_0.5PS_0.3PD_0.2_Noisy_model/Vocab.out is already initialized.
2019-02-03 16:08:06.809763: I tensorflow/core/kernels/lookup_util.cc:376] Table trying to initialize from file /home/emlab/Desktop/syuuron/nmt/Noattention_PI_0.5PS_0.3PD_0.2_Noisy_model/Vocab.out is already initialized.
  loaded infer model parameters from /home/emlab/Desktop/syuuron/nmt/Noattention_PI_0.5PS_0.3PD_0.2_Noisy_model/translate.ckpt-10000, time 0.04s
  # 1520
    src: EY CH W EH1 L AH1 F G AH ER ER2 UH AY UW0 EH1 AY2 OY G NG R P EY0 F IH0 B IY2 V JH F IY2 EH2 F ZH EH0 EH1 IY2 AE AH IH1 AY2 UH1 G OW0 T EH0 UH0 EY2 AA2 AW0 EY1 OY2 B UW1 AH0 EH0 AE JH G OY0 AO2 OW1 UW1 K IH1 AA0 ER0 EH2 EY2 V G IH2 R S OW1 AY AW1 T L L UW1 ER2 AH2 UW0 T UH IY0
    ref: Move ( Kitchen_Table ) Find ( tumbler Kitchen_Table  ) Grasp ( tumbler )  Move ( kitchen ) Move ( lobby )
    nmt: Move ( Dining_Table ) Find ( cigarette Dining_Table ) Grasp ( cigarette ) Move ( Visitor_Room ) Move ( Dining_Room )
2019-02-03 16:08:06.880004: I tensorflow/core/kernels/lookup_util.cc:376] Table trying to initialize from file /home/emlab/Desktop/syuuron/nmt/Noattention_PI_0.5PS_0.3PD_0.2_Noisy_model/Vocab.out is already initialized.
2019-02-03 16:08:06.880004: I tensorflow/core/kernels/lookup_util.cc:376] Table trying to initialize from file /home/emlab/Desktop/syuuron/nmt/Noattention_PI_0.5PS_0.3PD_0.2_Noisy_model/Vocab.in is already initialized.
2019-02-03 16:08:06.880013: I tensorflow/core/kernels/lookup_util.cc:376] Table trying to initialize from file /home/emlab/Desktop/syuuron/nmt/Noattention_PI_0.5PS_0.3PD_0.2_Noisy_model/Vocab.out is already initialized.
  loaded infer model parameters from /home/emlab/Desktop/syuuron/nmt/Noattention_PI_0.5PS_0.3PD_0.2_Noisy_model/translate.ckpt-10000, time 0.04s
# External evaluation, global step 10000
  decoding to output /home/emlab/Desktop/syuuron/nmt/Noattention_PI_0.5PS_0.3PD_0.2_Noisy_model/output_dev
  done, num sentences 2001, num translations per input 1, time 0s, Sun Feb  3 16:08:07 2019.
  bleu dev: 45.7
  saving hparams to /home/emlab/Desktop/syuuron/nmt/Noattention_PI_0.5PS_0.3PD_0.2_Noisy_model/hparams
# External evaluation, global step 10000
  decoding to output /home/emlab/Desktop/syuuron/nmt/Noattention_PI_0.5PS_0.3PD_0.2_Noisy_model/output_test
  done, num sentences 100, num translations per input 1, time 0s, Sun Feb  3 16:08:07 2019.
  bleu test: 17.8
  saving hparams to /home/emlab/Desktop/syuuron/nmt/Noattention_PI_0.5PS_0.3PD_0.2_Noisy_model/hparams
--------------------------------------------------------------------------------------------
# Finished an epoch, step 10287. Perform external evaluation
2019-02-03 16:08:13.608797: I tensorflow/core/kernels/lookup_util.cc:376] Table trying to initialize from file /home/emlab/Desktop/syuuron/nmt/Noattention_PI_0.5PS_0.3PD_0.2_Noisy_model/Vocab.in is already initialized.
2019-02-03 16:08:13.608797: I tensorflow/core/kernels/lookup_util.cc:376] Table trying to initialize from file /home/emlab/Desktop/syuuron/nmt/Noattention_PI_0.5PS_0.3PD_0.2_Noisy_model/Vocab.out is already initialized.
2019-02-03 16:08:13.608797: I tensorflow/core/kernels/lookup_util.cc:376] Table trying to initialize from file /home/emlab/Desktop/syuuron/nmt/Noattention_PI_0.5PS_0.3PD_0.2_Noisy_model/Vocab.out is already initialized.
  loaded infer model parameters from /home/emlab/Desktop/syuuron/nmt/Noattention_PI_0.5PS_0.3PD_0.2_Noisy_model/translate.ckpt-10000, time 0.04s
  # 1590
    src: F B AW2 UW1 T OW1 SH AO1 N UW1 K IH1 EY1 AH2 AE2 G N AY AW0 AW1 T EY1 AO0 EY2 B P AH0 DH S M G T M ER UW2 P T IH1 CH P D EH1 L DH SH S AW1 T V EY K N AA1 T AH0 L OY2 P EH2 EY2 AH S IY IH1 N AW IH1 AA V EY AH0 IH0 HH NG EY0 F TH EY AO0 AW1 AA0 DH OW2
    ref: Move ( Kitchen_Table ) Find ( empty_plastic_bottle Kitchen_Table  ) Grasp ( empty_plastic_bottle )  Move ( Living_Sofa ) Place ( empty_plastic_bottle Kitchen_Table )
    nmt: Move ( Kitchen_Table ) Grasp ( Stick_Potato ) Move ( Living_Table ) Place ( Stick_Potato Kitchen_Table )
2019-02-03 16:08:13.679776: I tensorflow/core/kernels/lookup_util.cc:376] Table trying to initialize from file /home/emlab/Desktop/syuuron/nmt/Noattention_PI_0.5PS_0.3PD_0.2_Noisy_model/Vocab.out is already initialized.
2019-02-03 16:08:13.679776: I tensorflow/core/kernels/lookup_util.cc:376] Table trying to initialize from file /home/emlab/Desktop/syuuron/nmt/Noattention_PI_0.5PS_0.3PD_0.2_Noisy_model/Vocab.in is already initialized.
2019-02-03 16:08:13.679776: I tensorflow/core/kernels/lookup_util.cc:376] Table trying to initialize from file /home/emlab/Desktop/syuuron/nmt/Noattention_PI_0.5PS_0.3PD_0.2_Noisy_model/Vocab.out is already initialized.
  loaded infer model parameters from /home/emlab/Desktop/syuuron/nmt/Noattention_PI_0.5PS_0.3PD_0.2_Noisy_model/translate.ckpt-10000, time 0.04s
# External evaluation, global step 10000
  decoding to output /home/emlab/Desktop/syuuron/nmt/Noattention_PI_0.5PS_0.3PD_0.2_Noisy_model/output_dev
  done, num sentences 2001, num translations per input 1, time 0s, Sun Feb  3 16:08:14 2019.
  bleu dev: 45.7
  saving hparams to /home/emlab/Desktop/syuuron/nmt/Noattention_PI_0.5PS_0.3PD_0.2_Noisy_model/hparams
# External evaluation, global step 10000
  decoding to output /home/emlab/Desktop/syuuron/nmt/Noattention_PI_0.5PS_0.3PD_0.2_Noisy_model/output_test
  done, num sentences 100, num translations per input 1, time 0s, Sun Feb  3 16:08:14 2019.
  bleu test: 17.8
  saving hparams to /home/emlab/Desktop/syuuron/nmt/Noattention_PI_0.5PS_0.3PD_0.2_Noisy_model/hparams
  step 10300 lr 1 step-time 0.07s wps 137.44K ppl 1.09 gN 2.68 bleu 45.72, Sun Feb  3 16:08:15 2019
--------------------------------------------------------------------------------------------
# Finished an epoch, step 10368. Perform external evaluation
2019-02-03 16:08:20.419529: I tensorflow/core/kernels/lookup_util.cc:376] Table trying to initialize from file /home/emlab/Desktop/syuuron/nmt/Noattention_PI_0.5PS_0.3PD_0.2_Noisy_model/Vocab.in is already initialized.
2019-02-03 16:08:20.419542: I tensorflow/core/kernels/lookup_util.cc:376] Table trying to initialize from file /home/emlab/Desktop/syuuron/nmt/Noattention_PI_0.5PS_0.3PD_0.2_Noisy_model/Vocab.out is already initialized.
2019-02-03 16:08:20.419578: I tensorflow/core/kernels/lookup_util.cc:376] Table trying to initialize from file /home/emlab/Desktop/syuuron/nmt/Noattention_PI_0.5PS_0.3PD_0.2_Noisy_model/Vocab.out is already initialized.
  loaded infer model parameters from /home/emlab/Desktop/syuuron/nmt/Noattention_PI_0.5PS_0.3PD_0.2_Noisy_model/translate.ckpt-10000, time 0.04s
  # 965
    src: ER G OW1 T UW1 ER2 ER2 K IH1 DH ER1 OW2 CH G R UW1 V CH ER0 T EH ER1 EY2 AW2 ZH EY1 OY2 K UH0 S AE AO R B EH2 CH AH2 R AY0 EY IH2 OY1 AH2 Y EY0 TH IY1 CH SH AO1 IY2 ER2 W AO0 ZH L UH1 AO0 UW0 IH1 T T JH UH1 N AO ER0 T K N OW AY2 UW1 N UH AY1 D IH0 EY1 Y AY AE1 AH0 OW2 DH L IH2 P AH N F SH Z
    ref: Move ( Kitchen_Room ) Find ( Strawberry_Juice Kitchen_Room ) Grasp ( Strawberry_Juice ) Move ( Kitchen_Table ) Place ( Strawberry_Juice Kitchen_Table )
    nmt: Move ( Kitchen_Room ) Find ( Strawberry_Juice Kitchen_Room ) Grasp ( Strawberry_Juice ) Move ( Dustbin ) Place ( Strawberry_Juice Dustbin )
2019-02-03 16:08:20.488821: I tensorflow/core/kernels/lookup_util.cc:376] Table trying to initialize from file /home/emlab/Desktop/syuuron/nmt/Noattention_PI_0.5PS_0.3PD_0.2_Noisy_model/Vocab.out is already initialized.
2019-02-03 16:08:20.488821: I tensorflow/core/kernels/lookup_util.cc:376] Table trying to initialize from file /home/emlab/Desktop/syuuron/nmt/Noattention_PI_0.5PS_0.3PD_0.2_Noisy_model/Vocab.in is already initialized.
2019-02-03 16:08:20.488824: I tensorflow/core/kernels/lookup_util.cc:376] Table trying to initialize from file /home/emlab/Desktop/syuuron/nmt/Noattention_PI_0.5PS_0.3PD_0.2_Noisy_model/Vocab.out is already initialized.
  loaded infer model parameters from /home/emlab/Desktop/syuuron/nmt/Noattention_PI_0.5PS_0.3PD_0.2_Noisy_model/translate.ckpt-10000, time 0.04s
# External evaluation, global step 10000
  decoding to output /home/emlab/Desktop/syuuron/nmt/Noattention_PI_0.5PS_0.3PD_0.2_Noisy_model/output_dev
  done, num sentences 2001, num translations per input 1, time 0s, Sun Feb  3 16:08:21 2019.
  bleu dev: 45.7
  saving hparams to /home/emlab/Desktop/syuuron/nmt/Noattention_PI_0.5PS_0.3PD_0.2_Noisy_model/hparams
# External evaluation, global step 10000
  decoding to output /home/emlab/Desktop/syuuron/nmt/Noattention_PI_0.5PS_0.3PD_0.2_Noisy_model/output_test
  done, num sentences 100, num translations per input 1, time 0s, Sun Feb  3 16:08:21 2019.
  bleu test: 17.8
  saving hparams to /home/emlab/Desktop/syuuron/nmt/Noattention_PI_0.5PS_0.3PD_0.2_Noisy_model/hparams
  step 10400 lr 1 step-time 0.07s wps 148.27K ppl 1.09 gN 2.66 bleu 45.72, Sun Feb  3 16:08:24 2019
--------------------------------------------------------------------------------------------
# Finished an epoch, step 10449. Perform external evaluation
2019-02-03 16:08:27.299521: I tensorflow/core/kernels/lookup_util.cc:376] Table trying to initialize from file /home/emlab/Desktop/syuuron/nmt/Noattention_PI_0.5PS_0.3PD_0.2_Noisy_model/Vocab.out is already initialized.
2019-02-03 16:08:27.299521: I tensorflow/core/kernels/lookup_util.cc:376] Table trying to initialize from file /home/emlab/Desktop/syuuron/nmt/Noattention_PI_0.5PS_0.3PD_0.2_Noisy_model/Vocab.in is already initialized.
2019-02-03 16:08:27.299521: I tensorflow/core/kernels/lookup_util.cc:376] Table trying to initialize from file /home/emlab/Desktop/syuuron/nmt/Noattention_PI_0.5PS_0.3PD_0.2_Noisy_model/Vocab.out is already initialized.
  loaded infer model parameters from /home/emlab/Desktop/syuuron/nmt/Noattention_PI_0.5PS_0.3PD_0.2_Noisy_model/translate.ckpt-10000, time 0.04s
  # 729
    src: UH0 AH1 OW1 AY2 P UW1 S UW1 AW AH0 IY0 EH EY T N AE0 EY1 B Z EH2 IY W D T UH0 P AE2 EY OW2 AA2 F AH1 AO1 ER1 EH S AW1 N V EY1 UH0 AE IH1 R IY1 AA2 NG AY1 Y AO1 G EY2 AH SH IH1 AY1 AA2 UH AH0 NG AW EH2 ER2 TH HH AA1 AH2 AA2 D OW0 OY2 F AH0 CH P DH AY2 AH0 IY N
    ref: Move ( Side_Table ) Find ( person Side_Table  ) Follow ( person )
    nmt: Move ( Kitchen_Table ) Find ( person Kitchen_Table ) Follow ( person )
2019-02-03 16:08:27.365403: I tensorflow/core/kernels/lookup_util.cc:376] Table trying to initialize from file /home/emlab/Desktop/syuuron/nmt/Noattention_PI_0.5PS_0.3PD_0.2_Noisy_model/Vocab.in is already initialized.
2019-02-03 16:08:27.365403: I tensorflow/core/kernels/lookup_util.cc:376] Table trying to initialize from file /home/emlab/Desktop/syuuron/nmt/Noattention_PI_0.5PS_0.3PD_0.2_Noisy_model/Vocab.out is already initialized.
2019-02-03 16:08:27.365403: I tensorflow/core/kernels/lookup_util.cc:376] Table trying to initialize from file /home/emlab/Desktop/syuuron/nmt/Noattention_PI_0.5PS_0.3PD_0.2_Noisy_model/Vocab.out is already initialized.
  loaded infer model parameters from /home/emlab/Desktop/syuuron/nmt/Noattention_PI_0.5PS_0.3PD_0.2_Noisy_model/translate.ckpt-10000, time 0.04s
# External evaluation, global step 10000
  decoding to output /home/emlab/Desktop/syuuron/nmt/Noattention_PI_0.5PS_0.3PD_0.2_Noisy_model/output_dev
  done, num sentences 2001, num translations per input 1, time 0s, Sun Feb  3 16:08:28 2019.
  bleu dev: 45.7
  saving hparams to /home/emlab/Desktop/syuuron/nmt/Noattention_PI_0.5PS_0.3PD_0.2_Noisy_model/hparams
# External evaluation, global step 10000
  decoding to output /home/emlab/Desktop/syuuron/nmt/Noattention_PI_0.5PS_0.3PD_0.2_Noisy_model/output_test
  done, num sentences 100, num translations per input 1, time 0s, Sun Feb  3 16:08:28 2019.
  bleu test: 17.8
  saving hparams to /home/emlab/Desktop/syuuron/nmt/Noattention_PI_0.5PS_0.3PD_0.2_Noisy_model/hparams
  step 10500 lr 1 step-time 0.07s wps 149.42K ppl 1.09 gN 2.63 bleu 45.72, Sun Feb  3 16:08:32 2019
--------------------------------------------------------------------------------------------
# Finished an epoch, step 10530. Perform external evaluation
2019-02-03 16:08:34.116497: I tensorflow/core/kernels/lookup_util.cc:376] Table trying to initialize from file /home/emlab/Desktop/syuuron/nmt/Noattention_PI_0.5PS_0.3PD_0.2_Noisy_model/Vocab.out is already initialized.
2019-02-03 16:08:34.116512: I tensorflow/core/kernels/lookup_util.cc:376] Table trying to initialize from file /home/emlab/Desktop/syuuron/nmt/Noattention_PI_0.5PS_0.3PD_0.2_Noisy_model/Vocab.out is already initialized.
2019-02-03 16:08:34.116497: I tensorflow/core/kernels/lookup_util.cc:376] Table trying to initialize from file /home/emlab/Desktop/syuuron/nmt/Noattention_PI_0.5PS_0.3PD_0.2_Noisy_model/Vocab.in is already initialized.
  loaded infer model parameters from /home/emlab/Desktop/syuuron/nmt/Noattention_PI_0.5PS_0.3PD_0.2_Noisy_model/translate.ckpt-10000, time 0.04s
  # 838
    src: P JH OW1 T K UW1 S AA0 IY Y UW S F AY1 ZH IY ZH EH0 AO0 UW OW2 AE2 UW AH0 AA L EY0 AY1 AY T Z EH0 K V NG AH1 EH P ER1 D AA2 Z OW0 OW L OY2 AO2 OY UH1 OW2 AA1 T ER0 T V OY2 IH0 ER2 ER0 AE2 Z EH2 AA1 N D UW2 R OY1 IH1 M EY0 IH1 SH AH0 T N T AE2 AE2 AH0 ER1 OW L M D P AH0 ER0 OW2 L IY V Z
    ref: Move (  Side_Table  ) Find ( Cup_Noodle Side_Table  ) Grasp ( Cup_Noodle ) Plcae ( Cup_Noodle Reception_Table )
    nmt: Move ( Reception_Table ) Find ( canned_juice Reception_Table ) Grasp ( canned_juice ) Plcae ( canned_juice Sofa )
2019-02-03 16:08:34.190919: I tensorflow/core/kernels/lookup_util.cc:376] Table trying to initialize from file /home/emlab/Desktop/syuuron/nmt/Noattention_PI_0.5PS_0.3PD_0.2_Noisy_model/Vocab.in is already initialized.
2019-02-03 16:08:34.190931: I tensorflow/core/kernels/lookup_util.cc:376] Table trying to initialize from file /home/emlab/Desktop/syuuron/nmt/Noattention_PI_0.5PS_0.3PD_0.2_Noisy_model/Vocab.out is already initialized.
2019-02-03 16:08:34.190937: I tensorflow/core/kernels/lookup_util.cc:376] Table trying to initialize from file /home/emlab/Desktop/syuuron/nmt/Noattention_PI_0.5PS_0.3PD_0.2_Noisy_model/Vocab.out is already initialized.
  loaded infer model parameters from /home/emlab/Desktop/syuuron/nmt/Noattention_PI_0.5PS_0.3PD_0.2_Noisy_model/translate.ckpt-10000, time 0.04s
# External evaluation, global step 10000
  decoding to output /home/emlab/Desktop/syuuron/nmt/Noattention_PI_0.5PS_0.3PD_0.2_Noisy_model/output_dev
  done, num sentences 2001, num translations per input 1, time 0s, Sun Feb  3 16:08:34 2019.
  bleu dev: 45.7
  saving hparams to /home/emlab/Desktop/syuuron/nmt/Noattention_PI_0.5PS_0.3PD_0.2_Noisy_model/hparams
# External evaluation, global step 10000
  decoding to output /home/emlab/Desktop/syuuron/nmt/Noattention_PI_0.5PS_0.3PD_0.2_Noisy_model/output_test
  done, num sentences 100, num translations per input 1, time 0s, Sun Feb  3 16:08:35 2019.
  bleu test: 17.8
  saving hparams to /home/emlab/Desktop/syuuron/nmt/Noattention_PI_0.5PS_0.3PD_0.2_Noisy_model/hparams
  step 10600 lr 1 step-time 0.07s wps 148.77K ppl 1.09 gN 2.52 bleu 45.72, Sun Feb  3 16:08:40 2019
--------------------------------------------------------------------------------------------
# Finished an epoch, step 10611. Perform external evaluation
2019-02-03 16:08:40.944625: I tensorflow/core/kernels/lookup_util.cc:376] Table trying to initialize from file /home/emlab/Desktop/syuuron/nmt/Noattention_PI_0.5PS_0.3PD_0.2_Noisy_model/Vocab.out is already initialized.
2019-02-03 16:08:40.944625: I tensorflow/core/kernels/lookup_util.cc:376] Table trying to initialize from file /home/emlab/Desktop/syuuron/nmt/Noattention_PI_0.5PS_0.3PD_0.2_Noisy_model/Vocab.in is already initialized.
2019-02-03 16:08:40.944625: I tensorflow/core/kernels/lookup_util.cc:376] Table trying to initialize from file /home/emlab/Desktop/syuuron/nmt/Noattention_PI_0.5PS_0.3PD_0.2_Noisy_model/Vocab.out is already initialized.
  loaded infer model parameters from /home/emlab/Desktop/syuuron/nmt/Noattention_PI_0.5PS_0.3PD_0.2_Noisy_model/translate.ckpt-10000, time 0.04s
  # 215
    src: S G EY0 OW1 UW2 CH T CH K R OW2 OW1 EY D K ER0 AH1 M AO2 B AY1 N P ER2 OY OW2 ER1 AW S N EY N AH0 IH1 R B R ZH OW0 IH1 NG DH UH T AH1 M B L AW1 ER0 F OY2 AE1 M IY1 S AY2 M K IH1 AY2 UW2 W ER OW1 V NG AA2 EY1 B ER AH0 AO0 L
    ref: Move ( Corridor ) Find ( person Corridor ) Move ( Kitchen_Table ) Grasp ( tumbler )
    nmt: Move ( Corridor ) Find ( person Corridor ) Move ( Living_Table ) Grasp ( tumbler ) Move ( person )
2019-02-03 16:08:41.015134: I tensorflow/core/kernels/lookup_util.cc:376] Table trying to initialize from file /home/emlab/Desktop/syuuron/nmt/Noattention_PI_0.5PS_0.3PD_0.2_Noisy_model/Vocab.in is already initialized.
2019-02-03 16:08:41.015134: I tensorflow/core/kernels/lookup_util.cc:376] Table trying to initialize from file /home/emlab/Desktop/syuuron/nmt/Noattention_PI_0.5PS_0.3PD_0.2_Noisy_model/Vocab.out is already initialized.
2019-02-03 16:08:41.015134: I tensorflow/core/kernels/lookup_util.cc:376] Table trying to initialize from file /home/emlab/Desktop/syuuron/nmt/Noattention_PI_0.5PS_0.3PD_0.2_Noisy_model/Vocab.out is already initialized.
  loaded infer model parameters from /home/emlab/Desktop/syuuron/nmt/Noattention_PI_0.5PS_0.3PD_0.2_Noisy_model/translate.ckpt-10000, time 0.04s
# External evaluation, global step 10000
  decoding to output /home/emlab/Desktop/syuuron/nmt/Noattention_PI_0.5PS_0.3PD_0.2_Noisy_model/output_dev
  done, num sentences 2001, num translations per input 1, time 0s, Sun Feb  3 16:08:41 2019.
  bleu dev: 45.7
  saving hparams to /home/emlab/Desktop/syuuron/nmt/Noattention_PI_0.5PS_0.3PD_0.2_Noisy_model/hparams
# External evaluation, global step 10000
  decoding to output /home/emlab/Desktop/syuuron/nmt/Noattention_PI_0.5PS_0.3PD_0.2_Noisy_model/output_test
  done, num sentences 100, num translations per input 1, time 0s, Sun Feb  3 16:08:41 2019.
  bleu test: 17.8
  saving hparams to /home/emlab/Desktop/syuuron/nmt/Noattention_PI_0.5PS_0.3PD_0.2_Noisy_model/hparams
--------------------------------------------------------------------------------------------
# Finished an epoch, step 10692. Perform external evaluation
2019-02-03 16:08:47.765080: I tensorflow/core/kernels/lookup_util.cc:376] Table trying to initialize from file /home/emlab/Desktop/syuuron/nmt/Noattention_PI_0.5PS_0.3PD_0.2_Noisy_model/Vocab.out is already initialized.
2019-02-03 16:08:47.765080: I tensorflow/core/kernels/lookup_util.cc:376] Table trying to initialize from file /home/emlab/Desktop/syuuron/nmt/Noattention_PI_0.5PS_0.3PD_0.2_Noisy_model/Vocab.out is already initialized.
2019-02-03 16:08:47.765080: I tensorflow/core/kernels/lookup_util.cc:376] Table trying to initialize from file /home/emlab/Desktop/syuuron/nmt/Noattention_PI_0.5PS_0.3PD_0.2_Noisy_model/Vocab.in is already initialized.
  loaded infer model parameters from /home/emlab/Desktop/syuuron/nmt/Noattention_PI_0.5PS_0.3PD_0.2_Noisy_model/translate.ckpt-10000, time 0.04s
  # 1466
    src: AO P EH OW1 G Z OW1 UW0 UW1 AW0 OY0 AO N AY1 EH2 N IH0 NG HH EY1 B AH0 L OW0 T K IH1 AY1 T OY0 AA2 P AO1 OW0 N HH AE T ZH IH1 T SH AA2 AA1 ER AO N D N AY1 S IH0 OW1 F AH0 N AE2 K OY1 EY1
    ref: Move ( Dining_Table )  Grasp ( white_cup ) Move ( Dining_Sofa ) Place ( white_cup Dining_Table )
    nmt: Move ( Dining_Table ) Find ( soysauce Dining_Table ) Grasp ( soysauce ) Move ( Dining_Sofa ) Place ( soysauce Dining_Table )
2019-02-03 16:08:47.828760: I tensorflow/core/kernels/lookup_util.cc:376] Table trying to initialize from file /home/emlab/Desktop/syuuron/nmt/Noattention_PI_0.5PS_0.3PD_0.2_Noisy_model/Vocab.out is already initialized.
2019-02-03 16:08:47.828760: I tensorflow/core/kernels/lookup_util.cc:376] Table trying to initialize from file /home/emlab/Desktop/syuuron/nmt/Noattention_PI_0.5PS_0.3PD_0.2_Noisy_model/Vocab.out is already initialized.
2019-02-03 16:08:47.828760: I tensorflow/core/kernels/lookup_util.cc:376] Table trying to initialize from file /home/emlab/Desktop/syuuron/nmt/Noattention_PI_0.5PS_0.3PD_0.2_Noisy_model/Vocab.in is already initialized.
  loaded infer model parameters from /home/emlab/Desktop/syuuron/nmt/Noattention_PI_0.5PS_0.3PD_0.2_Noisy_model/translate.ckpt-10000, time 0.04s
# External evaluation, global step 10000
  decoding to output /home/emlab/Desktop/syuuron/nmt/Noattention_PI_0.5PS_0.3PD_0.2_Noisy_model/output_dev
  done, num sentences 2001, num translations per input 1, time 0s, Sun Feb  3 16:08:48 2019.
  bleu dev: 45.7
  saving hparams to /home/emlab/Desktop/syuuron/nmt/Noattention_PI_0.5PS_0.3PD_0.2_Noisy_model/hparams
# External evaluation, global step 10000
  decoding to output /home/emlab/Desktop/syuuron/nmt/Noattention_PI_0.5PS_0.3PD_0.2_Noisy_model/output_test
  done, num sentences 100, num translations per input 1, time 0s, Sun Feb  3 16:08:48 2019.
  bleu test: 17.8
  saving hparams to /home/emlab/Desktop/syuuron/nmt/Noattention_PI_0.5PS_0.3PD_0.2_Noisy_model/hparams
  step 10700 lr 1 step-time 0.07s wps 137.01K ppl 1.08 gN 2.59 bleu 45.72, Sun Feb  3 16:08:49 2019
--------------------------------------------------------------------------------------------
# Finished an epoch, step 10773. Perform external evaluation
2019-02-03 16:08:54.626525: I tensorflow/core/kernels/lookup_util.cc:376] Table trying to initialize from file /home/emlab/Desktop/syuuron/nmt/Noattention_PI_0.5PS_0.3PD_0.2_Noisy_model/Vocab.in is already initialized.
2019-02-03 16:08:54.626525: I tensorflow/core/kernels/lookup_util.cc:376] Table trying to initialize from file /home/emlab/Desktop/syuuron/nmt/Noattention_PI_0.5PS_0.3PD_0.2_Noisy_model/Vocab.out is already initialized.
2019-02-03 16:08:54.626528: I tensorflow/core/kernels/lookup_util.cc:376] Table trying to initialize from file /home/emlab/Desktop/syuuron/nmt/Noattention_PI_0.5PS_0.3PD_0.2_Noisy_model/Vocab.out is already initialized.
  loaded infer model parameters from /home/emlab/Desktop/syuuron/nmt/Noattention_PI_0.5PS_0.3PD_0.2_Noisy_model/translate.ckpt-10000, time 0.04s
  # 1533
    src: G T UH2 IY1 ER1 AE2 UH0 UW1 SH S G D AO AA1 B AA M F EY1 N AW1 AH0 P OY1 Y AW0 ER1 AH0 N EY R B AY1 AW IH1 N EY0 EY L Y F F UW2 ER K AO1 ER UH2 AE1 OW AE1 AY2 OW0 AO1 DH P ER1 S OY1 AY AH2
    ref: Move ( Side_Table ) Find ( person Side_Table  ) Follow ( person )
    nmt: Move ( Side_Table ) Find ( person Side_Table ) Follow ( person )
2019-02-03 16:08:54.690543: I tensorflow/core/kernels/lookup_util.cc:376] Table trying to initialize from file /home/emlab/Desktop/syuuron/nmt/Noattention_PI_0.5PS_0.3PD_0.2_Noisy_model/Vocab.out is already initialized.
2019-02-03 16:08:54.690543: I tensorflow/core/kernels/lookup_util.cc:376] Table trying to initialize from file /home/emlab/Desktop/syuuron/nmt/Noattention_PI_0.5PS_0.3PD_0.2_Noisy_model/Vocab.out is already initialized.
2019-02-03 16:08:54.690543: I tensorflow/core/kernels/lookup_util.cc:376] Table trying to initialize from file /home/emlab/Desktop/syuuron/nmt/Noattention_PI_0.5PS_0.3PD_0.2_Noisy_model/Vocab.in is already initialized.
  loaded infer model parameters from /home/emlab/Desktop/syuuron/nmt/Noattention_PI_0.5PS_0.3PD_0.2_Noisy_model/translate.ckpt-10000, time 0.04s
# External evaluation, global step 10000
  decoding to output /home/emlab/Desktop/syuuron/nmt/Noattention_PI_0.5PS_0.3PD_0.2_Noisy_model/output_dev
  done, num sentences 2001, num translations per input 1, time 0s, Sun Feb  3 16:08:55 2019.
  bleu dev: 45.7
  saving hparams to /home/emlab/Desktop/syuuron/nmt/Noattention_PI_0.5PS_0.3PD_0.2_Noisy_model/hparams
# External evaluation, global step 10000
  decoding to output /home/emlab/Desktop/syuuron/nmt/Noattention_PI_0.5PS_0.3PD_0.2_Noisy_model/output_test
  done, num sentences 100, num translations per input 1, time 0s, Sun Feb  3 16:08:55 2019.
  bleu test: 17.8
  saving hparams to /home/emlab/Desktop/syuuron/nmt/Noattention_PI_0.5PS_0.3PD_0.2_Noisy_model/hparams
  step 10800 lr 1 step-time 0.07s wps 148.71K ppl 1.09 gN 2.71 bleu 45.72, Sun Feb  3 16:08:57 2019
--------------------------------------------------------------------------------------------
# Finished an epoch, step 10854. Perform external evaluation
2019-02-03 16:09:01.417560: I tensorflow/core/kernels/lookup_util.cc:376] Table trying to initialize from file /home/emlab/Desktop/syuuron/nmt/Noattention_PI_0.5PS_0.3PD_0.2_Noisy_model/Vocab.out is already initialized.
2019-02-03 16:09:01.417560: I tensorflow/core/kernels/lookup_util.cc:376] Table trying to initialize from file /home/emlab/Desktop/syuuron/nmt/Noattention_PI_0.5PS_0.3PD_0.2_Noisy_model/Vocab.in is already initialized.
2019-02-03 16:09:01.417566: I tensorflow/core/kernels/lookup_util.cc:376] Table trying to initialize from file /home/emlab/Desktop/syuuron/nmt/Noattention_PI_0.5PS_0.3PD_0.2_Noisy_model/Vocab.out is already initialized.
  loaded infer model parameters from /home/emlab/Desktop/syuuron/nmt/Noattention_PI_0.5PS_0.3PD_0.2_Noisy_model/translate.ckpt-10000, time 0.04s
  # 52
    src: M V UW1 L IH IH1 AW TH T Z R AW0 IH2 AO UH AA2 AH1 L AE AE0 D IH UH1 ER2 V G IH2 T EH1 OY2 EY T T AA2 EH AE L AE2 AW2 AH1 G AY2 IY2 IH1 AW1 B UH T EY0 IH1
    ref: Move ( Living_Table ) Find ( hourglass Living_Table ) Grasp ( hourglass )
    nmt: Move ( Living_Table ) Find ( Chip_Star Living_Table ) Grasp ( Chip_Star )
2019-02-03 16:09:01.477094: I tensorflow/core/kernels/lookup_util.cc:376] Table trying to initialize from file /home/emlab/Desktop/syuuron/nmt/Noattention_PI_0.5PS_0.3PD_0.2_Noisy_model/Vocab.out is already initialized.
2019-02-03 16:09:01.477094: I tensorflow/core/kernels/lookup_util.cc:376] Table trying to initialize from file /home/emlab/Desktop/syuuron/nmt/Noattention_PI_0.5PS_0.3PD_0.2_Noisy_model/Vocab.in is already initialized.
2019-02-03 16:09:01.477097: I tensorflow/core/kernels/lookup_util.cc:376] Table trying to initialize from file /home/emlab/Desktop/syuuron/nmt/Noattention_PI_0.5PS_0.3PD_0.2_Noisy_model/Vocab.out is already initialized.
  loaded infer model parameters from /home/emlab/Desktop/syuuron/nmt/Noattention_PI_0.5PS_0.3PD_0.2_Noisy_model/translate.ckpt-10000, time 0.04s
# External evaluation, global step 10000
  decoding to output /home/emlab/Desktop/syuuron/nmt/Noattention_PI_0.5PS_0.3PD_0.2_Noisy_model/output_dev
  done, num sentences 2001, num translations per input 1, time 0s, Sun Feb  3 16:09:02 2019.
  bleu dev: 45.7
  saving hparams to /home/emlab/Desktop/syuuron/nmt/Noattention_PI_0.5PS_0.3PD_0.2_Noisy_model/hparams
# External evaluation, global step 10000
  decoding to output /home/emlab/Desktop/syuuron/nmt/Noattention_PI_0.5PS_0.3PD_0.2_Noisy_model/output_test
  done, num sentences 100, num translations per input 1, time 0s, Sun Feb  3 16:09:02 2019.
  bleu test: 17.8
  saving hparams to /home/emlab/Desktop/syuuron/nmt/Noattention_PI_0.5PS_0.3PD_0.2_Noisy_model/hparams
  step 10900 lr 1 step-time 0.07s wps 148.64K ppl 1.09 gN 2.58 bleu 45.72, Sun Feb  3 16:09:05 2019
--------------------------------------------------------------------------------------------
# Finished an epoch, step 10935. Perform external evaluation
2019-02-03 16:09:08.261914: I tensorflow/core/kernels/lookup_util.cc:376] Table trying to initialize from file /home/emlab/Desktop/syuuron/nmt/Noattention_PI_0.5PS_0.3PD_0.2_Noisy_model/Vocab.in is already initialized.
2019-02-03 16:09:08.261914: I tensorflow/core/kernels/lookup_util.cc:376] Table trying to initialize from file /home/emlab/Desktop/syuuron/nmt/Noattention_PI_0.5PS_0.3PD_0.2_Noisy_model/Vocab.out is already initialized.
2019-02-03 16:09:08.261914: I tensorflow/core/kernels/lookup_util.cc:376] Table trying to initialize from file /home/emlab/Desktop/syuuron/nmt/Noattention_PI_0.5PS_0.3PD_0.2_Noisy_model/Vocab.out is already initialized.
  loaded infer model parameters from /home/emlab/Desktop/syuuron/nmt/Noattention_PI_0.5PS_0.3PD_0.2_Noisy_model/translate.ckpt-10000, time 0.04s
  # 1672
    src: K EY1 G OW0 P AA B R IH1 NG AA T D DH ZH NG L IY1 ER0 F AH1 EH0 M K R AY0 NG IH0 AE1 AA0 AO0 UW1 ER2 P CH SH AH0 ER EY1 B Z IH2 EY AH0 L OY0 AO1 AO0 EY OW1 EY1 UH DH OY0 AH2 IH N UW1 EH0 OW1 EH1 UH1 ER1 M IY0 IH1 AH OW0 OY V IH0 UW1 P T IY2 EH2 IH CH K DH SH AA1 W
    ref: Move ( Reception_Table ) Find ( Dish_Cleaner Reception_Table  ) Grasp ( Dish_Cleaner ) Move ( bed_room ) ( Bar )
    nmt: Move ( Reception_Table ) Find ( canned_juice Reception_Table ) Grasp ( canned_juice ) Move ( Living_Room ) ( Reception_Table )
2019-02-03 16:09:08.331562: I tensorflow/core/kernels/lookup_util.cc:376] Table trying to initialize from file /home/emlab/Desktop/syuuron/nmt/Noattention_PI_0.5PS_0.3PD_0.2_Noisy_model/Vocab.out is already initialized.
2019-02-03 16:09:08.331562: I tensorflow/core/kernels/lookup_util.cc:376] Table trying to initialize from file /home/emlab/Desktop/syuuron/nmt/Noattention_PI_0.5PS_0.3PD_0.2_Noisy_model/Vocab.in is already initialized.
2019-02-03 16:09:08.331564: I tensorflow/core/kernels/lookup_util.cc:376] Table trying to initialize from file /home/emlab/Desktop/syuuron/nmt/Noattention_PI_0.5PS_0.3PD_0.2_Noisy_model/Vocab.out is already initialized.
  loaded infer model parameters from /home/emlab/Desktop/syuuron/nmt/Noattention_PI_0.5PS_0.3PD_0.2_Noisy_model/translate.ckpt-10000, time 0.04s
# External evaluation, global step 10000
  decoding to output /home/emlab/Desktop/syuuron/nmt/Noattention_PI_0.5PS_0.3PD_0.2_Noisy_model/output_dev
  done, num sentences 2001, num translations per input 1, time 0s, Sun Feb  3 16:09:08 2019.
  bleu dev: 45.7
  saving hparams to /home/emlab/Desktop/syuuron/nmt/Noattention_PI_0.5PS_0.3PD_0.2_Noisy_model/hparams
# External evaluation, global step 10000
  decoding to output /home/emlab/Desktop/syuuron/nmt/Noattention_PI_0.5PS_0.3PD_0.2_Noisy_model/output_test
  done, num sentences 100, num translations per input 1, time 0s, Sun Feb  3 16:09:09 2019.
  bleu test: 17.8
  saving hparams to /home/emlab/Desktop/syuuron/nmt/Noattention_PI_0.5PS_0.3PD_0.2_Noisy_model/hparams
  step 11000 lr 1 step-time 0.07s wps 149.17K ppl 1.09 gN 2.69 bleu 45.72, Sun Feb  3 16:09:14 2019
# Save eval, global step 11000
2019-02-03 16:09:14.199830: I tensorflow/core/kernels/lookup_util.cc:376] Table trying to initialize from file /home/emlab/Desktop/syuuron/nmt/Noattention_PI_0.5PS_0.3PD_0.2_Noisy_model/Vocab.out is already initialized.
2019-02-03 16:09:14.199867: I tensorflow/core/kernels/lookup_util.cc:376] Table trying to initialize from file /home/emlab/Desktop/syuuron/nmt/Noattention_PI_0.5PS_0.3PD_0.2_Noisy_model/Vocab.out is already initialized.
2019-02-03 16:09:14.199831: I tensorflow/core/kernels/lookup_util.cc:376] Table trying to initialize from file /home/emlab/Desktop/syuuron/nmt/Noattention_PI_0.5PS_0.3PD_0.2_Noisy_model/Vocab.in is already initialized.
  loaded infer model parameters from /home/emlab/Desktop/syuuron/nmt/Noattention_PI_0.5PS_0.3PD_0.2_Noisy_model/translate.ckpt-11000, time 0.04s
  # 690
    src: IH1 G OW1 T P OW1 K IH1 IH1 Z AH0 N Y R EY0 ZH AA2 M AY Y G UH2 UW EH AW EH T IY1 EH1 OY2 AY0 IY1 AH2 AY1 IH0 AE ZH IY IH0 NG IH0 AE0 NG IY T AO0 UH0 EY1 K OW CH F UW0 AO1 L AH0 IH2 AE1 AY0 OY0 IH IY2 TH S D AA1 ER1 DH AO0 UH1 G NG OW2 OW2 UW1 EY CH AO AW UW2 AW1 T
    ref: Move ( Kitchen_Room ) Move ( Dining_Table )  Move ( apartment )
    nmt: Move ( Kitchen_Room ) Move ( Dining_Table ) Move ( apartment )
2019-02-03 16:09:14.265305: I tensorflow/core/kernels/lookup_util.cc:376] Table trying to initialize from file /home/emlab/Desktop/syuuron/nmt/Noattention_PI_0.5PS_0.3PD_0.2_Noisy_model/Vocab.in is already initialized.
2019-02-03 16:09:14.265312: I tensorflow/core/kernels/lookup_util.cc:376] Table trying to initialize from file /home/emlab/Desktop/syuuron/nmt/Noattention_PI_0.5PS_0.3PD_0.2_Noisy_model/Vocab.out is already initialized.
2019-02-03 16:09:14.265313: I tensorflow/core/kernels/lookup_util.cc:376] Table trying to initialize from file /home/emlab/Desktop/syuuron/nmt/Noattention_PI_0.5PS_0.3PD_0.2_Noisy_model/Vocab.out is already initialized.
  loaded eval model parameters from /home/emlab/Desktop/syuuron/nmt/Noattention_PI_0.5PS_0.3PD_0.2_Noisy_model/translate.ckpt-11000, time 0.03s
  eval dev: perplexity 1.80, time 0s, Sun Feb  3 16:09:14 2019.
  eval test: perplexity 5.47, time 0s, Sun Feb  3 16:09:15 2019.
--------------------------------------------------------------------------------------------
# Finished an epoch, step 11016. Perform external evaluation
2019-02-03 16:09:16.047170: I tensorflow/core/kernels/lookup_util.cc:376] Table trying to initialize from file /home/emlab/Desktop/syuuron/nmt/Noattention_PI_0.5PS_0.3PD_0.2_Noisy_model/Vocab.out is already initialized.
2019-02-03 16:09:16.047196: I tensorflow/core/kernels/lookup_util.cc:376] Table trying to initialize from file /home/emlab/Desktop/syuuron/nmt/Noattention_PI_0.5PS_0.3PD_0.2_Noisy_model/Vocab.out is already initialized.
2019-02-03 16:09:16.047170: I tensorflow/core/kernels/lookup_util.cc:376] Table trying to initialize from file /home/emlab/Desktop/syuuron/nmt/Noattention_PI_0.5PS_0.3PD_0.2_Noisy_model/Vocab.in is already initialized.
  loaded infer model parameters from /home/emlab/Desktop/syuuron/nmt/Noattention_PI_0.5PS_0.3PD_0.2_Noisy_model/translate.ckpt-11000, time 0.04s
  # 172
    src: IH1 AY1 UH W AH L AW OW1 T N S SH OW1 F OW UW K B ER0 R UW0 UH1 M ER AY AH1 AE2 Z N ER1 B F NG UW2 IY1 F AY1 N L IY0 AE N AW0 ER0 JH ZH AH2 T AH AE1 OW B K
    ref: Move ( Sofa ) Grasp ( Brown_Tea ) Move ( HERE )
    nmt: Move ( Sofa ) Grasp ( Green_Tea ) Move ( HERE )
2019-02-03 16:09:16.109094: I tensorflow/core/kernels/lookup_util.cc:376] Table trying to initialize from file /home/emlab/Desktop/syuuron/nmt/Noattention_PI_0.5PS_0.3PD_0.2_Noisy_model/Vocab.out is already initialized.
2019-02-03 16:09:16.109094: I tensorflow/core/kernels/lookup_util.cc:376] Table trying to initialize from file /home/emlab/Desktop/syuuron/nmt/Noattention_PI_0.5PS_0.3PD_0.2_Noisy_model/Vocab.in is already initialized.
2019-02-03 16:09:16.109094: I tensorflow/core/kernels/lookup_util.cc:376] Table trying to initialize from file /home/emlab/Desktop/syuuron/nmt/Noattention_PI_0.5PS_0.3PD_0.2_Noisy_model/Vocab.out is already initialized.
  loaded infer model parameters from /home/emlab/Desktop/syuuron/nmt/Noattention_PI_0.5PS_0.3PD_0.2_Noisy_model/translate.ckpt-11000, time 0.04s
# External evaluation, global step 11000
  decoding to output /home/emlab/Desktop/syuuron/nmt/Noattention_PI_0.5PS_0.3PD_0.2_Noisy_model/output_dev
  done, num sentences 2001, num translations per input 1, time 0s, Sun Feb  3 16:09:16 2019.
  bleu dev: 46.0
  saving hparams to /home/emlab/Desktop/syuuron/nmt/Noattention_PI_0.5PS_0.3PD_0.2_Noisy_model/hparams
# External evaluation, global step 11000
  decoding to output /home/emlab/Desktop/syuuron/nmt/Noattention_PI_0.5PS_0.3PD_0.2_Noisy_model/output_test
  done, num sentences 100, num translations per input 1, time 0s, Sun Feb  3 16:09:17 2019.
  bleu test: 17.8
  saving hparams to /home/emlab/Desktop/syuuron/nmt/Noattention_PI_0.5PS_0.3PD_0.2_Noisy_model/hparams
--------------------------------------------------------------------------------------------
# Finished an epoch, step 11097. Perform external evaluation
2019-02-03 16:09:22.878639: I tensorflow/core/kernels/lookup_util.cc:376] Table trying to initialize from file /home/emlab/Desktop/syuuron/nmt/Noattention_PI_0.5PS_0.3PD_0.2_Noisy_model/Vocab.out is already initialized.
2019-02-03 16:09:22.878639: I tensorflow/core/kernels/lookup_util.cc:376] Table trying to initialize from file /home/emlab/Desktop/syuuron/nmt/Noattention_PI_0.5PS_0.3PD_0.2_Noisy_model/Vocab.out is already initialized.
2019-02-03 16:09:22.878639: I tensorflow/core/kernels/lookup_util.cc:376] Table trying to initialize from file /home/emlab/Desktop/syuuron/nmt/Noattention_PI_0.5PS_0.3PD_0.2_Noisy_model/Vocab.in is already initialized.
  loaded infer model parameters from /home/emlab/Desktop/syuuron/nmt/Noattention_PI_0.5PS_0.3PD_0.2_Noisy_model/translate.ckpt-11000, time 0.04s
  # 512
    src: OW2 EH0 AE UW1 M AA1 IY0 F EY2 AY1 N UW1 AH0 S ER0 P UH2 OY1 N N OW2 AH0 IH1 R F B EY0 TH EY0 F AY1 AA2 T SH N AH0 AH1 L IY0 AW0 ER1 Z L OW0 IH1 CH AH0 P AA0 ER1 S AO AH0
    ref: Move ( lobby ) Find ( person lobby ) Follow ( person )
    nmt: Move ( Bar ) Find ( person Bar ) Follow ( person )
2019-02-03 16:09:22.941345: I tensorflow/core/kernels/lookup_util.cc:376] Table trying to initialize from file /home/emlab/Desktop/syuuron/nmt/Noattention_PI_0.5PS_0.3PD_0.2_Noisy_model/Vocab.out is already initialized.
2019-02-03 16:09:22.941363: I tensorflow/core/kernels/lookup_util.cc:376] Table trying to initialize from file /home/emlab/Desktop/syuuron/nmt/Noattention_PI_0.5PS_0.3PD_0.2_Noisy_model/Vocab.in is already initialized.
2019-02-03 16:09:22.941347: I tensorflow/core/kernels/lookup_util.cc:376] Table trying to initialize from file /home/emlab/Desktop/syuuron/nmt/Noattention_PI_0.5PS_0.3PD_0.2_Noisy_model/Vocab.out is already initialized.
  loaded infer model parameters from /home/emlab/Desktop/syuuron/nmt/Noattention_PI_0.5PS_0.3PD_0.2_Noisy_model/translate.ckpt-11000, time 0.04s
# External evaluation, global step 11000
  decoding to output /home/emlab/Desktop/syuuron/nmt/Noattention_PI_0.5PS_0.3PD_0.2_Noisy_model/output_dev
  done, num sentences 2001, num translations per input 1, time 0s, Sun Feb  3 16:09:23 2019.
  bleu dev: 46.0
  saving hparams to /home/emlab/Desktop/syuuron/nmt/Noattention_PI_0.5PS_0.3PD_0.2_Noisy_model/hparams
# External evaluation, global step 11000
  decoding to output /home/emlab/Desktop/syuuron/nmt/Noattention_PI_0.5PS_0.3PD_0.2_Noisy_model/output_test
  done, num sentences 100, num translations per input 1, time 0s, Sun Feb  3 16:09:23 2019.
  bleu test: 17.8
  saving hparams to /home/emlab/Desktop/syuuron/nmt/Noattention_PI_0.5PS_0.3PD_0.2_Noisy_model/hparams
  step 11100 lr 1 step-time 0.07s wps 138.00K ppl 1.09 gN 2.61 bleu 45.96, Sun Feb  3 16:09:24 2019
--------------------------------------------------------------------------------------------
# Finished an epoch, step 11178. Perform external evaluation
2019-02-03 16:09:29.704662: I tensorflow/core/kernels/lookup_util.cc:376] Table trying to initialize from file /home/emlab/Desktop/syuuron/nmt/Noattention_PI_0.5PS_0.3PD_0.2_Noisy_model/Vocab.out is already initialized.
2019-02-03 16:09:29.704662: I tensorflow/core/kernels/lookup_util.cc:376] Table trying to initialize from file /home/emlab/Desktop/syuuron/nmt/Noattention_PI_0.5PS_0.3PD_0.2_Noisy_model/Vocab.out is already initialized.
2019-02-03 16:09:29.704662: I tensorflow/core/kernels/lookup_util.cc:376] Table trying to initialize from file /home/emlab/Desktop/syuuron/nmt/Noattention_PI_0.5PS_0.3PD_0.2_Noisy_model/Vocab.in is already initialized.
  loaded infer model parameters from /home/emlab/Desktop/syuuron/nmt/Noattention_PI_0.5PS_0.3PD_0.2_Noisy_model/translate.ckpt-11000, time 0.04s
  # 1064
    src: EY1 OY2 EH2 T UW1 AH2 IH1 CH OY2 SH N V D OY OW2 ZH R AW AE2 OW1 AY1 N AW0 AH0 W IH0 IH2 AH0 AA0 AW1 DH AA1 P AA2 UW0 S AH0 UW AA EY2 AE1 B Y AE0 IH N IH1 R P B AW1 P NG R EH1 D T IY1 OY AY1 OW1 AH1 IY IH2 D N OW2 EH0 NG S G R AO2 OW1 L F
    ref: Move ( kitchen ) Find ( person kitchen ) Move ( Dining_Sofa ) Grasp ( Red_Tea )  Move ( person )
    nmt: Move ( kitchen ) Find ( person kitchen ) Move ( Dining_Sofa ) Grasp ( Bath_Cleaner )
2019-02-03 16:09:29.773108: I tensorflow/core/kernels/lookup_util.cc:376] Table trying to initialize from file /home/emlab/Desktop/syuuron/nmt/Noattention_PI_0.5PS_0.3PD_0.2_Noisy_model/Vocab.out is already initialized.
2019-02-03 16:09:29.773108: I tensorflow/core/kernels/lookup_util.cc:376] Table trying to initialize from file /home/emlab/Desktop/syuuron/nmt/Noattention_PI_0.5PS_0.3PD_0.2_Noisy_model/Vocab.out is already initialized.
2019-02-03 16:09:29.773108: I tensorflow/core/kernels/lookup_util.cc:376] Table trying to initialize from file /home/emlab/Desktop/syuuron/nmt/Noattention_PI_0.5PS_0.3PD_0.2_Noisy_model/Vocab.in is already initialized.
  loaded infer model parameters from /home/emlab/Desktop/syuuron/nmt/Noattention_PI_0.5PS_0.3PD_0.2_Noisy_model/translate.ckpt-11000, time 0.04s
# External evaluation, global step 11000
  decoding to output /home/emlab/Desktop/syuuron/nmt/Noattention_PI_0.5PS_0.3PD_0.2_Noisy_model/output_dev
  done, num sentences 2001, num translations per input 1, time 0s, Sun Feb  3 16:09:30 2019.
  bleu dev: 46.0
  saving hparams to /home/emlab/Desktop/syuuron/nmt/Noattention_PI_0.5PS_0.3PD_0.2_Noisy_model/hparams
# External evaluation, global step 11000
  decoding to output /home/emlab/Desktop/syuuron/nmt/Noattention_PI_0.5PS_0.3PD_0.2_Noisy_model/output_test
  done, num sentences 100, num translations per input 1, time 0s, Sun Feb  3 16:09:30 2019.
  bleu test: 17.8
  saving hparams to /home/emlab/Desktop/syuuron/nmt/Noattention_PI_0.5PS_0.3PD_0.2_Noisy_model/hparams
  step 11200 lr 1 step-time 0.07s wps 147.90K ppl 1.08 gN 2.48 bleu 45.96, Sun Feb  3 16:09:32 2019
--------------------------------------------------------------------------------------------
# Finished an epoch, step 11259. Perform external evaluation
2019-02-03 16:09:36.536943: I tensorflow/core/kernels/lookup_util.cc:376] Table trying to initialize from file /home/emlab/Desktop/syuuron/nmt/Noattention_PI_0.5PS_0.3PD_0.2_Noisy_model/Vocab.in is already initialized.
2019-02-03 16:09:36.536943: I tensorflow/core/kernels/lookup_util.cc:376] Table trying to initialize from file /home/emlab/Desktop/syuuron/nmt/Noattention_PI_0.5PS_0.3PD_0.2_Noisy_model/Vocab.out is already initialized.
2019-02-03 16:09:36.536951: I tensorflow/core/kernels/lookup_util.cc:376] Table trying to initialize from file /home/emlab/Desktop/syuuron/nmt/Noattention_PI_0.5PS_0.3PD_0.2_Noisy_model/Vocab.out is already initialized.
  loaded infer model parameters from /home/emlab/Desktop/syuuron/nmt/Noattention_PI_0.5PS_0.3PD_0.2_Noisy_model/translate.ckpt-11000, time 0.04s
  # 3
    src: UH0 K AE1 AA2 S Y UW1 UW V AY2 G OY OW1 T UW1 D AY1 ER2 OY1 EY AY1 AH0 IH0 EY1 NG UW0 S AH1 IY F F Z EY2 AO1 AE UW2 IY0 AA1 M AW1 UH ER0 IH0 AE1 OY0 HH EY2 IY IY0 ER1 EY G SH T T T UW1 AY1 M IH0 S IH1 NG AW0 F AY0 UW0 EY1 EY1 UH1 AH ER B
    ref: Move ( Dining_Sofa  ) Find ( camera Dining_Sofa ) Grasp ( camera ) Move ( Dining_Table )
    nmt: Move ( Dining_Sofa ) Find ( sugar Dining_Sofa ) Grasp ( sugar )，Move ( Dining_Table )
2019-02-03 16:09:36.602725: I tensorflow/core/kernels/lookup_util.cc:376] Table trying to initialize from file /home/emlab/Desktop/syuuron/nmt/Noattention_PI_0.5PS_0.3PD_0.2_Noisy_model/Vocab.out is already initialized.
2019-02-03 16:09:36.602726: I tensorflow/core/kernels/lookup_util.cc:376] Table trying to initialize from file /home/emlab/Desktop/syuuron/nmt/Noattention_PI_0.5PS_0.3PD_0.2_Noisy_model/Vocab.out is already initialized.
2019-02-03 16:09:36.602726: I tensorflow/core/kernels/lookup_util.cc:376] Table trying to initialize from file /home/emlab/Desktop/syuuron/nmt/Noattention_PI_0.5PS_0.3PD_0.2_Noisy_model/Vocab.in is already initialized.
  loaded infer model parameters from /home/emlab/Desktop/syuuron/nmt/Noattention_PI_0.5PS_0.3PD_0.2_Noisy_model/translate.ckpt-11000, time 0.04s
# External evaluation, global step 11000
  decoding to output /home/emlab/Desktop/syuuron/nmt/Noattention_PI_0.5PS_0.3PD_0.2_Noisy_model/output_dev
  done, num sentences 2001, num translations per input 1, time 0s, Sun Feb  3 16:09:37 2019.
  bleu dev: 46.0
  saving hparams to /home/emlab/Desktop/syuuron/nmt/Noattention_PI_0.5PS_0.3PD_0.2_Noisy_model/hparams
# External evaluation, global step 11000
  decoding to output /home/emlab/Desktop/syuuron/nmt/Noattention_PI_0.5PS_0.3PD_0.2_Noisy_model/output_test
  done, num sentences 100, num translations per input 1, time 0s, Sun Feb  3 16:09:37 2019.
  bleu test: 17.8
  saving hparams to /home/emlab/Desktop/syuuron/nmt/Noattention_PI_0.5PS_0.3PD_0.2_Noisy_model/hparams
  step 11300 lr 1 step-time 0.07s wps 149.13K ppl 1.08 gN 2.58 bleu 45.96, Sun Feb  3 16:09:40 2019
--------------------------------------------------------------------------------------------
# Finished an epoch, step 11340. Perform external evaluation
2019-02-03 16:09:43.345617: I tensorflow/core/kernels/lookup_util.cc:376] Table trying to initialize from file /home/emlab/Desktop/syuuron/nmt/Noattention_PI_0.5PS_0.3PD_0.2_Noisy_model/Vocab.in is already initialized.
2019-02-03 16:09:43.345617: I tensorflow/core/kernels/lookup_util.cc:376] Table trying to initialize from file /home/emlab/Desktop/syuuron/nmt/Noattention_PI_0.5PS_0.3PD_0.2_Noisy_model/Vocab.out is already initialized.
2019-02-03 16:09:43.345617: I tensorflow/core/kernels/lookup_util.cc:376] Table trying to initialize from file /home/emlab/Desktop/syuuron/nmt/Noattention_PI_0.5PS_0.3PD_0.2_Noisy_model/Vocab.out is already initialized.
  loaded infer model parameters from /home/emlab/Desktop/syuuron/nmt/Noattention_PI_0.5PS_0.3PD_0.2_Noisy_model/translate.ckpt-11000, time 0.04s
  # 810
    src: AH2 Z HH NG OY AA0 EH1 AH2 EY IH0 EY0 AW2 OW1 SH P R ZH R AY1 AY0 M TH K AA1 R AA2 OW2 OW1 AO1 G T UW0 B AY EH1 D AO1 R AH2 UW G EY AY1 IY2 T OW UH T AO AH K UW2 ZH IH1 CH AO AH0 AW0 AY V EY AW2 R UW1 IY UH M
    ref: Move ( Bar ) Find ( Chip_Star Bar  ) Grasp ( Chip_Star )  Move ( bed_room ) Move ( Kitchen_Room )
    nmt: Move ( Corridor ) Move ( Kitchen_Table ) Move ( Kitchen_Room )
2019-02-03 16:09:43.410544: I tensorflow/core/kernels/lookup_util.cc:376] Table trying to initialize from file /home/emlab/Desktop/syuuron/nmt/Noattention_PI_0.5PS_0.3PD_0.2_Noisy_model/Vocab.out is already initialized.
2019-02-03 16:09:43.410543: I tensorflow/core/kernels/lookup_util.cc:376] Table trying to initialize from file /home/emlab/Desktop/syuuron/nmt/Noattention_PI_0.5PS_0.3PD_0.2_Noisy_model/Vocab.out is already initialized.
2019-02-03 16:09:43.410544: I tensorflow/core/kernels/lookup_util.cc:376] Table trying to initialize from file /home/emlab/Desktop/syuuron/nmt/Noattention_PI_0.5PS_0.3PD_0.2_Noisy_model/Vocab.in is already initialized.
  loaded infer model parameters from /home/emlab/Desktop/syuuron/nmt/Noattention_PI_0.5PS_0.3PD_0.2_Noisy_model/translate.ckpt-11000, time 0.04s
# External evaluation, global step 11000
  decoding to output /home/emlab/Desktop/syuuron/nmt/Noattention_PI_0.5PS_0.3PD_0.2_Noisy_model/output_dev
  done, num sentences 2001, num translations per input 1, time 0s, Sun Feb  3 16:09:44 2019.
  bleu dev: 46.0
  saving hparams to /home/emlab/Desktop/syuuron/nmt/Noattention_PI_0.5PS_0.3PD_0.2_Noisy_model/hparams
# External evaluation, global step 11000
  decoding to output /home/emlab/Desktop/syuuron/nmt/Noattention_PI_0.5PS_0.3PD_0.2_Noisy_model/output_test
  done, num sentences 100, num translations per input 1, time 0s, Sun Feb  3 16:09:44 2019.
  bleu test: 17.8
  saving hparams to /home/emlab/Desktop/syuuron/nmt/Noattention_PI_0.5PS_0.3PD_0.2_Noisy_model/hparams
  step 11400 lr 1 step-time 0.07s wps 148.43K ppl 1.09 gN 2.69 bleu 45.96, Sun Feb  3 16:09:48 2019
--------------------------------------------------------------------------------------------
# Finished an epoch, step 11421. Perform external evaluation
2019-02-03 16:09:50.146235: I tensorflow/core/kernels/lookup_util.cc:376] Table trying to initialize from file /home/emlab/Desktop/syuuron/nmt/Noattention_PI_0.5PS_0.3PD_0.2_Noisy_model/Vocab.in is already initialized.
2019-02-03 16:09:50.146235: I tensorflow/core/kernels/lookup_util.cc:376] Table trying to initialize from file /home/emlab/Desktop/syuuron/nmt/Noattention_PI_0.5PS_0.3PD_0.2_Noisy_model/Vocab.out is already initialized.
2019-02-03 16:09:50.146239: I tensorflow/core/kernels/lookup_util.cc:376] Table trying to initialize from file /home/emlab/Desktop/syuuron/nmt/Noattention_PI_0.5PS_0.3PD_0.2_Noisy_model/Vocab.out is already initialized.
  loaded infer model parameters from /home/emlab/Desktop/syuuron/nmt/Noattention_PI_0.5PS_0.3PD_0.2_Noisy_model/translate.ckpt-11000, time 0.04s
  # 1690
    src: G OW2 OY2 IH2 S OW2 EY1 AY0 OY UW0 ER S W F AH0 OY1 ER V S AO0 UW1 AH IH1 ZH AY1 N IH0 NG OW1 IH1 L F AH0 AY1 T OW1 EY0 K K AH0 OY2 AH1 L UW1 L
    ref: Move ( Sofa ) Move ( Dining_Sofa ) Find ( Cup_Noodle Sofa ) Grasp ( Cup_Noodle ) Move ( HERE )
    nmt: Move ( Sofa ) Move ( Side_Table ) Find ( cubic_clock Sofa ) Grasp ( cubic_clock ) Move ( HERE )
2019-02-03 16:09:50.210485: I tensorflow/core/kernels/lookup_util.cc:376] Table trying to initialize from file /home/emlab/Desktop/syuuron/nmt/Noattention_PI_0.5PS_0.3PD_0.2_Noisy_model/Vocab.out is already initialized.
2019-02-03 16:09:50.210485: I tensorflow/core/kernels/lookup_util.cc:376] Table trying to initialize from file /home/emlab/Desktop/syuuron/nmt/Noattention_PI_0.5PS_0.3PD_0.2_Noisy_model/Vocab.out is already initialized.
2019-02-03 16:09:50.210485: I tensorflow/core/kernels/lookup_util.cc:376] Table trying to initialize from file /home/emlab/Desktop/syuuron/nmt/Noattention_PI_0.5PS_0.3PD_0.2_Noisy_model/Vocab.in is already initialized.
  loaded infer model parameters from /home/emlab/Desktop/syuuron/nmt/Noattention_PI_0.5PS_0.3PD_0.2_Noisy_model/translate.ckpt-11000, time 0.04s
# External evaluation, global step 11000
  decoding to output /home/emlab/Desktop/syuuron/nmt/Noattention_PI_0.5PS_0.3PD_0.2_Noisy_model/output_dev
  done, num sentences 2001, num translations per input 1, time 0s, Sun Feb  3 16:09:50 2019.
  bleu dev: 46.0
  saving hparams to /home/emlab/Desktop/syuuron/nmt/Noattention_PI_0.5PS_0.3PD_0.2_Noisy_model/hparams
# External evaluation, global step 11000
  decoding to output /home/emlab/Desktop/syuuron/nmt/Noattention_PI_0.5PS_0.3PD_0.2_Noisy_model/output_test
  done, num sentences 100, num translations per input 1, time 0s, Sun Feb  3 16:09:51 2019.
  bleu test: 17.8
  saving hparams to /home/emlab/Desktop/syuuron/nmt/Noattention_PI_0.5PS_0.3PD_0.2_Noisy_model/hparams
  step 11500 lr 1 step-time 0.07s wps 147.41K ppl 1.08 gN 2.62 bleu 45.96, Sun Feb  3 16:09:56 2019
--------------------------------------------------------------------------------------------
# Finished an epoch, step 11502. Perform external evaluation
2019-02-03 16:09:57.011203: I tensorflow/core/kernels/lookup_util.cc:376] Table trying to initialize from file /home/emlab/Desktop/syuuron/nmt/Noattention_PI_0.5PS_0.3PD_0.2_Noisy_model/Vocab.in is already initialized.
2019-02-03 16:09:57.011203: I tensorflow/core/kernels/lookup_util.cc:376] Table trying to initialize from file /home/emlab/Desktop/syuuron/nmt/Noattention_PI_0.5PS_0.3PD_0.2_Noisy_model/Vocab.out is already initialized.
2019-02-03 16:09:57.011203: I tensorflow/core/kernels/lookup_util.cc:376] Table trying to initialize from file /home/emlab/Desktop/syuuron/nmt/Noattention_PI_0.5PS_0.3PD_0.2_Noisy_model/Vocab.out is already initialized.
  loaded infer model parameters from /home/emlab/Desktop/syuuron/nmt/Noattention_PI_0.5PS_0.3PD_0.2_Noisy_model/translate.ckpt-11000, time 0.04s
  # 829
    src: OW1 AE W B EH1 UW2 EH1 Z AO2 AE UH0 K AE NG TH IH0 AE1 M ER0 B AE0 ER0 TH M AY1 UH0 D AH IH0 ER2 ER0 W NG IH1 T AE AW N OW1 AY0 AE1 M UW1 OY2 UH2 EH D B OY1 D IY0 R UW1 R IY1 UW1 G L HH T UW1 AW0 UW HH T AY1 IY0 IY1 AA2 UH2 OY2 F IY V P OW2 IH0 JH UW1 HH
    ref: Move ( Dining_Table ) Find ( camera Dining_Table  ) Grasp ( camera )  Move ( bed_room ) Move ( Kitchen_Room )
    nmt: Move ( Bar ) Find ( pink_cup Bar ) Move ( Side_Table ) Move ( Living_Room )
2019-02-03 16:09:57.079269: I tensorflow/core/kernels/lookup_util.cc:376] Table trying to initialize from file /home/emlab/Desktop/syuuron/nmt/Noattention_PI_0.5PS_0.3PD_0.2_Noisy_model/Vocab.out is already initialized.
2019-02-03 16:09:57.079269: I tensorflow/core/kernels/lookup_util.cc:376] Table trying to initialize from file /home/emlab/Desktop/syuuron/nmt/Noattention_PI_0.5PS_0.3PD_0.2_Noisy_model/Vocab.in is already initialized.
2019-02-03 16:09:57.079290: I tensorflow/core/kernels/lookup_util.cc:376] Table trying to initialize from file /home/emlab/Desktop/syuuron/nmt/Noattention_PI_0.5PS_0.3PD_0.2_Noisy_model/Vocab.out is already initialized.
  loaded infer model parameters from /home/emlab/Desktop/syuuron/nmt/Noattention_PI_0.5PS_0.3PD_0.2_Noisy_model/translate.ckpt-11000, time 0.04s
# External evaluation, global step 11000
  decoding to output /home/emlab/Desktop/syuuron/nmt/Noattention_PI_0.5PS_0.3PD_0.2_Noisy_model/output_dev
  done, num sentences 2001, num translations per input 1, time 0s, Sun Feb  3 16:09:57 2019.
  bleu dev: 46.0
  saving hparams to /home/emlab/Desktop/syuuron/nmt/Noattention_PI_0.5PS_0.3PD_0.2_Noisy_model/hparams
# External evaluation, global step 11000
  decoding to output /home/emlab/Desktop/syuuron/nmt/Noattention_PI_0.5PS_0.3PD_0.2_Noisy_model/output_test
  done, num sentences 100, num translations per input 1, time 0s, Sun Feb  3 16:09:58 2019.
  bleu test: 17.8
  saving hparams to /home/emlab/Desktop/syuuron/nmt/Noattention_PI_0.5PS_0.3PD_0.2_Noisy_model/hparams
--------------------------------------------------------------------------------------------
# Finished an epoch, step 11583. Perform external evaluation
2019-02-03 16:10:03.849508: I tensorflow/core/kernels/lookup_util.cc:376] Table trying to initialize from file /home/emlab/Desktop/syuuron/nmt/Noattention_PI_0.5PS_0.3PD_0.2_Noisy_model/Vocab.out is already initialized.
2019-02-03 16:10:03.849508: I tensorflow/core/kernels/lookup_util.cc:376] Table trying to initialize from file /home/emlab/Desktop/syuuron/nmt/Noattention_PI_0.5PS_0.3PD_0.2_Noisy_model/Vocab.in is already initialized.
2019-02-03 16:10:03.849517: I tensorflow/core/kernels/lookup_util.cc:376] Table trying to initialize from file /home/emlab/Desktop/syuuron/nmt/Noattention_PI_0.5PS_0.3PD_0.2_Noisy_model/Vocab.out is already initialized.
  loaded infer model parameters from /home/emlab/Desktop/syuuron/nmt/Noattention_PI_0.5PS_0.3PD_0.2_Noisy_model/translate.ckpt-11000, time 0.04s
  # 1924
    src: G HH AA0 AO0 ER AH2 UW1 UW1 L IH1 AE1 B IH0 UW1 R OW0 AO0 UW1 ER2 M AO2 IH2 P OW1 T UW1 K AO1 IH1 AO1 CH N AH2 V EH1 T K W L ER0 OY AO N IY1 AY0 V T DH AH0 P AY0 AA1 T OY2 IY1 AH0 AA AH2 N S OW0
    ref: Move ( Living_Room ) Move ( Kitchen_Table )  Move ( apartment )
    nmt: Move ( Visitor_Room ) Move ( Living_Sofa ) Move ( apartment )
2019-02-03 16:10:03.916898: I tensorflow/core/kernels/lookup_util.cc:376] Table trying to initialize from file /home/emlab/Desktop/syuuron/nmt/Noattention_PI_0.5PS_0.3PD_0.2_Noisy_model/Vocab.in is already initialized.
2019-02-03 16:10:03.916898: I tensorflow/core/kernels/lookup_util.cc:376] Table trying to initialize from file /home/emlab/Desktop/syuuron/nmt/Noattention_PI_0.5PS_0.3PD_0.2_Noisy_model/Vocab.out is already initialized.
2019-02-03 16:10:03.916900: I tensorflow/core/kernels/lookup_util.cc:376] Table trying to initialize from file /home/emlab/Desktop/syuuron/nmt/Noattention_PI_0.5PS_0.3PD_0.2_Noisy_model/Vocab.out is already initialized.
  loaded infer model parameters from /home/emlab/Desktop/syuuron/nmt/Noattention_PI_0.5PS_0.3PD_0.2_Noisy_model/translate.ckpt-11000, time 0.04s
# External evaluation, global step 11000
  decoding to output /home/emlab/Desktop/syuuron/nmt/Noattention_PI_0.5PS_0.3PD_0.2_Noisy_model/output_dev
  done, num sentences 2001, num translations per input 1, time 0s, Sun Feb  3 16:10:04 2019.
  bleu dev: 46.0
  saving hparams to /home/emlab/Desktop/syuuron/nmt/Noattention_PI_0.5PS_0.3PD_0.2_Noisy_model/hparams
# External evaluation, global step 11000
  decoding to output /home/emlab/Desktop/syuuron/nmt/Noattention_PI_0.5PS_0.3PD_0.2_Noisy_model/output_test
  done, num sentences 100, num translations per input 1, time 0s, Sun Feb  3 16:10:04 2019.
  bleu test: 17.8
  saving hparams to /home/emlab/Desktop/syuuron/nmt/Noattention_PI_0.5PS_0.3PD_0.2_Noisy_model/hparams
  step 11600 lr 1 step-time 0.07s wps 138.85K ppl 1.08 gN 2.74 bleu 45.96, Sun Feb  3 16:10:06 2019
--------------------------------------------------------------------------------------------
# Finished an epoch, step 11664. Perform external evaluation
2019-02-03 16:10:10.651760: I tensorflow/core/kernels/lookup_util.cc:376] Table trying to initialize from file /home/emlab/Desktop/syuuron/nmt/Noattention_PI_0.5PS_0.3PD_0.2_Noisy_model/Vocab.out is already initialized.
2019-02-03 16:10:10.651767: I tensorflow/core/kernels/lookup_util.cc:376] Table trying to initialize from file /home/emlab/Desktop/syuuron/nmt/Noattention_PI_0.5PS_0.3PD_0.2_Noisy_model/Vocab.in is already initialized.
2019-02-03 16:10:10.651767: I tensorflow/core/kernels/lookup_util.cc:376] Table trying to initialize from file /home/emlab/Desktop/syuuron/nmt/Noattention_PI_0.5PS_0.3PD_0.2_Noisy_model/Vocab.out is already initialized.
  loaded infer model parameters from /home/emlab/Desktop/syuuron/nmt/Noattention_PI_0.5PS_0.3PD_0.2_Noisy_model/translate.ckpt-11000, time 0.04s
  # 164
    src: OW1 UH AW2 V AY2 OY0 UW1 EH0 AE0 AY OW2 EY2 AY1 F AH0 EY1 AO T IH2 AO1 EH1 EH0 OW2 UH0 M P S IY1 T AW1 L AE1 S G EH0 T IH0 N T NG IY2 K B T L P UW UH1 T IY0 T K IH1 V S OY2 T AH W AH1 IH1 DH F V OY1 OY2 AH1 SH K AO EY1
    ref: Move ( Sofa )  Grasp ( empty_plastic_bottle ) Move ( Living_Sofa ) Place ( empty_plastic_bottle Sofa )
    nmt: Move ( Sofa ) Find ( empty_plastic_bottle Sofa ) Grasp ( empty_plastic_bottle ) Move ( Bar ) Place ( empty_plastic_bottle Sofa )
2019-02-03 16:10:10.721600: I tensorflow/core/kernels/lookup_util.cc:376] Table trying to initialize from file /home/emlab/Desktop/syuuron/nmt/Noattention_PI_0.5PS_0.3PD_0.2_Noisy_model/Vocab.out is already initialized.
2019-02-03 16:10:10.721600: I tensorflow/core/kernels/lookup_util.cc:376] Table trying to initialize from file /home/emlab/Desktop/syuuron/nmt/Noattention_PI_0.5PS_0.3PD_0.2_Noisy_model/Vocab.in is already initialized.
2019-02-03 16:10:10.721600: I tensorflow/core/kernels/lookup_util.cc:376] Table trying to initialize from file /home/emlab/Desktop/syuuron/nmt/Noattention_PI_0.5PS_0.3PD_0.2_Noisy_model/Vocab.out is already initialized.
  loaded infer model parameters from /home/emlab/Desktop/syuuron/nmt/Noattention_PI_0.5PS_0.3PD_0.2_Noisy_model/translate.ckpt-11000, time 0.04s
# External evaluation, global step 11000
  decoding to output /home/emlab/Desktop/syuuron/nmt/Noattention_PI_0.5PS_0.3PD_0.2_Noisy_model/output_dev
  done, num sentences 2001, num translations per input 1, time 0s, Sun Feb  3 16:10:11 2019.
  bleu dev: 46.0
  saving hparams to /home/emlab/Desktop/syuuron/nmt/Noattention_PI_0.5PS_0.3PD_0.2_Noisy_model/hparams
# External evaluation, global step 11000
  decoding to output /home/emlab/Desktop/syuuron/nmt/Noattention_PI_0.5PS_0.3PD_0.2_Noisy_model/output_test
  done, num sentences 100, num translations per input 1, time 0s, Sun Feb  3 16:10:11 2019.
  bleu test: 17.8
  saving hparams to /home/emlab/Desktop/syuuron/nmt/Noattention_PI_0.5PS_0.3PD_0.2_Noisy_model/hparams
  step 11700 lr 1 step-time 0.07s wps 148.26K ppl 1.09 gN 2.73 bleu 45.96, Sun Feb  3 16:10:14 2019
--------------------------------------------------------------------------------------------
# Finished an epoch, step 11745. Perform external evaluation
2019-02-03 16:10:17.494630: I tensorflow/core/kernels/lookup_util.cc:376] Table trying to initialize from file /home/emlab/Desktop/syuuron/nmt/Noattention_PI_0.5PS_0.3PD_0.2_Noisy_model/Vocab.out is already initialized.
2019-02-03 16:10:17.494630: I tensorflow/core/kernels/lookup_util.cc:376] Table trying to initialize from file /home/emlab/Desktop/syuuron/nmt/Noattention_PI_0.5PS_0.3PD_0.2_Noisy_model/Vocab.in is already initialized.
2019-02-03 16:10:17.494630: I tensorflow/core/kernels/lookup_util.cc:376] Table trying to initialize from file /home/emlab/Desktop/syuuron/nmt/Noattention_PI_0.5PS_0.3PD_0.2_Noisy_model/Vocab.out is already initialized.
  loaded infer model parameters from /home/emlab/Desktop/syuuron/nmt/Noattention_PI_0.5PS_0.3PD_0.2_Noisy_model/translate.ckpt-11000, time 0.04s
  # 1348
    src: W IH1 P D S L AO1 UW1 B IY R R S AH IH1 W UH2 AE2 AW1 Y NG EH1 G P OW EY0 ER2 AA OW1 OW2 AY D AA1 CH DH ER1 NG AW S IY2 AA0 EY0 AH0 M UW1 Y V AY UW1 IH1 B ER R G OW1 UH1 T UW IY2 HH UH1 AW0 IH0 K IH1 AA2 UH2 K S OY AH0 N
    ref: Move ( Dining_Sofa ) Find ( Egg_Soup Dining_Sofa ) Move ( Bar ) Move ( kitchen )
    nmt: Move ( Bar ) Find ( Korean_Soup Bar ) Move ( Side_Table ) Move ( Living_Room )
2019-02-03 16:10:17.561951: I tensorflow/core/kernels/lookup_util.cc:376] Table trying to initialize from file /home/emlab/Desktop/syuuron/nmt/Noattention_PI_0.5PS_0.3PD_0.2_Noisy_model/Vocab.out is already initialized.
2019-02-03 16:10:17.561954: I tensorflow/core/kernels/lookup_util.cc:376] Table trying to initialize from file /home/emlab/Desktop/syuuron/nmt/Noattention_PI_0.5PS_0.3PD_0.2_Noisy_model/Vocab.in is already initialized.
2019-02-03 16:10:17.561955: I tensorflow/core/kernels/lookup_util.cc:376] Table trying to initialize from file /home/emlab/Desktop/syuuron/nmt/Noattention_PI_0.5PS_0.3PD_0.2_Noisy_model/Vocab.out is already initialized.
  loaded infer model parameters from /home/emlab/Desktop/syuuron/nmt/Noattention_PI_0.5PS_0.3PD_0.2_Noisy_model/translate.ckpt-11000, time 0.04s
# External evaluation, global step 11000
  decoding to output /home/emlab/Desktop/syuuron/nmt/Noattention_PI_0.5PS_0.3PD_0.2_Noisy_model/output_dev
  done, num sentences 2001, num translations per input 1, time 0s, Sun Feb  3 16:10:18 2019.
  bleu dev: 46.0
  saving hparams to /home/emlab/Desktop/syuuron/nmt/Noattention_PI_0.5PS_0.3PD_0.2_Noisy_model/hparams
# External evaluation, global step 11000
  decoding to output /home/emlab/Desktop/syuuron/nmt/Noattention_PI_0.5PS_0.3PD_0.2_Noisy_model/output_test
  done, num sentences 100, num translations per input 1, time 0s, Sun Feb  3 16:10:18 2019.
  bleu test: 17.8
  saving hparams to /home/emlab/Desktop/syuuron/nmt/Noattention_PI_0.5PS_0.3PD_0.2_Noisy_model/hparams
  step 11800 lr 1 step-time 0.07s wps 148.59K ppl 1.08 gN 2.56 bleu 45.96, Sun Feb  3 16:10:22 2019
--------------------------------------------------------------------------------------------
# Finished an epoch, step 11826. Perform external evaluation
2019-02-03 16:10:24.333575: I tensorflow/core/kernels/lookup_util.cc:376] Table trying to initialize from file /home/emlab/Desktop/syuuron/nmt/Noattention_PI_0.5PS_0.3PD_0.2_Noisy_model/Vocab.out is already initialized.
2019-02-03 16:10:24.333575: I tensorflow/core/kernels/lookup_util.cc:376] Table trying to initialize from file /home/emlab/Desktop/syuuron/nmt/Noattention_PI_0.5PS_0.3PD_0.2_Noisy_model/Vocab.in is already initialized.
2019-02-03 16:10:24.333575: I tensorflow/core/kernels/lookup_util.cc:376] Table trying to initialize from file /home/emlab/Desktop/syuuron/nmt/Noattention_PI_0.5PS_0.3PD_0.2_Noisy_model/Vocab.out is already initialized.
  loaded infer model parameters from /home/emlab/Desktop/syuuron/nmt/Noattention_PI_0.5PS_0.3PD_0.2_Noisy_model/translate.ckpt-11000, time 0.04s
  # 1264
    src: IY F CH OW0 Y G G OW1 EY2 UH0 AW2 S OW1 UH2 T EY1 AW UW1 ER2 K HH ER R JH IY1 AO2 K IH1 DH R AO ER0 EY1 IH1 AA1 T AO2 K AA L Y D AY1 AY1 N Z IH0 UW0 IY0 T AW0 AA R ER0 EY1 AE1 UW0 AH0
    ref: Move ( Sofa  ) Find ( Red_Tea Sofa ) Grasp ( Red_Tea ) Move ( Dining_Table )
    nmt: Move ( Sofa ) Find ( Cup_Star Sofa ) Grasp ( Cup_Star ) Move ( Dining_Table )
2019-02-03 16:10:24.400223: I tensorflow/core/kernels/lookup_util.cc:376] Table trying to initialize from file /home/emlab/Desktop/syuuron/nmt/Noattention_PI_0.5PS_0.3PD_0.2_Noisy_model/Vocab.out is already initialized.
2019-02-03 16:10:24.400223: I tensorflow/core/kernels/lookup_util.cc:376] Table trying to initialize from file /home/emlab/Desktop/syuuron/nmt/Noattention_PI_0.5PS_0.3PD_0.2_Noisy_model/Vocab.out is already initialized.
2019-02-03 16:10:24.400223: I tensorflow/core/kernels/lookup_util.cc:376] Table trying to initialize from file /home/emlab/Desktop/syuuron/nmt/Noattention_PI_0.5PS_0.3PD_0.2_Noisy_model/Vocab.in is already initialized.
  loaded infer model parameters from /home/emlab/Desktop/syuuron/nmt/Noattention_PI_0.5PS_0.3PD_0.2_Noisy_model/translate.ckpt-11000, time 0.04s
# External evaluation, global step 11000
  decoding to output /home/emlab/Desktop/syuuron/nmt/Noattention_PI_0.5PS_0.3PD_0.2_Noisy_model/output_dev
  done, num sentences 2001, num translations per input 1, time 0s, Sun Feb  3 16:10:25 2019.
  bleu dev: 46.0
  saving hparams to /home/emlab/Desktop/syuuron/nmt/Noattention_PI_0.5PS_0.3PD_0.2_Noisy_model/hparams
# External evaluation, global step 11000
  decoding to output /home/emlab/Desktop/syuuron/nmt/Noattention_PI_0.5PS_0.3PD_0.2_Noisy_model/output_test
  done, num sentences 100, num translations per input 1, time 0s, Sun Feb  3 16:10:25 2019.
  bleu test: 17.8
  saving hparams to /home/emlab/Desktop/syuuron/nmt/Noattention_PI_0.5PS_0.3PD_0.2_Noisy_model/hparams
  step 11900 lr 1 step-time 0.07s wps 148.55K ppl 1.08 gN 2.60 bleu 45.96, Sun Feb  3 16:10:30 2019
--------------------------------------------------------------------------------------------
# Finished an epoch, step 11907. Perform external evaluation
2019-02-03 16:10:31.165899: I tensorflow/core/kernels/lookup_util.cc:376] Table trying to initialize from file /home/emlab/Desktop/syuuron/nmt/Noattention_PI_0.5PS_0.3PD_0.2_Noisy_model/Vocab.out is already initialized.
2019-02-03 16:10:31.165900: I tensorflow/core/kernels/lookup_util.cc:376] Table trying to initialize from file /home/emlab/Desktop/syuuron/nmt/Noattention_PI_0.5PS_0.3PD_0.2_Noisy_model/Vocab.out is already initialized.
2019-02-03 16:10:31.165900: I tensorflow/core/kernels/lookup_util.cc:376] Table trying to initialize from file /home/emlab/Desktop/syuuron/nmt/Noattention_PI_0.5PS_0.3PD_0.2_Noisy_model/Vocab.in is already initialized.
  loaded infer model parameters from /home/emlab/Desktop/syuuron/nmt/Noattention_PI_0.5PS_0.3PD_0.2_Noisy_model/translate.ckpt-11000, time 0.04s
  # 359
    src: G OW1 EH UW1 OW UW0 ER M CH AY2 AH0 IH2 N AY2 R N ER IY EH2 OW EY M ER1 OW1 IH0 UH0 AH0 OW1 AH0 N D D AY1 N ER0 IY0 IY D IY IY R L N AY1 AO1 B N N EH0 EY2 R OW B N ER0 OY1 B IH2 G UH R UW0 IH1 IH1 D B IY0 ER L IY2 OW IH0 AH0 P EH0 AH0 OW T HH T Y F EH0 AA2 ER0 AH1 M UW0 DH AO2 IH1 AE1 OY1 V P UH NG T EY1 B AH0 L
    ref: Move ( Kitchen_Room ) Find ( person Kitchen_Room ) Move ( Living_Table ) Grasp ( Blue_Potato )  Move ( person )
    nmt: Move ( kitchen ) Find ( person kitchen ) Move ( Living_Table ) Grasp ( pink_cup ) Move ( person )
2019-02-03 16:10:31.238419: I tensorflow/core/kernels/lookup_util.cc:376] Table trying to initialize from file /home/emlab/Desktop/syuuron/nmt/Noattention_PI_0.5PS_0.3PD_0.2_Noisy_model/Vocab.out is already initialized.
2019-02-03 16:10:31.238419: I tensorflow/core/kernels/lookup_util.cc:376] Table trying to initialize from file /home/emlab/Desktop/syuuron/nmt/Noattention_PI_0.5PS_0.3PD_0.2_Noisy_model/Vocab.out is already initialized.
2019-02-03 16:10:31.238419: I tensorflow/core/kernels/lookup_util.cc:376] Table trying to initialize from file /home/emlab/Desktop/syuuron/nmt/Noattention_PI_0.5PS_0.3PD_0.2_Noisy_model/Vocab.in is already initialized.
  loaded infer model parameters from /home/emlab/Desktop/syuuron/nmt/Noattention_PI_0.5PS_0.3PD_0.2_Noisy_model/translate.ckpt-11000, time 0.04s
# External evaluation, global step 11000
  decoding to output /home/emlab/Desktop/syuuron/nmt/Noattention_PI_0.5PS_0.3PD_0.2_Noisy_model/output_dev
  done, num sentences 2001, num translations per input 1, time 0s, Sun Feb  3 16:10:31 2019.
  bleu dev: 46.0
  saving hparams to /home/emlab/Desktop/syuuron/nmt/Noattention_PI_0.5PS_0.3PD_0.2_Noisy_model/hparams
# External evaluation, global step 11000
  decoding to output /home/emlab/Desktop/syuuron/nmt/Noattention_PI_0.5PS_0.3PD_0.2_Noisy_model/output_test
  done, num sentences 100, num translations per input 1, time 0s, Sun Feb  3 16:10:32 2019.
  bleu test: 17.8
  saving hparams to /home/emlab/Desktop/syuuron/nmt/Noattention_PI_0.5PS_0.3PD_0.2_Noisy_model/hparams
--------------------------------------------------------------------------------------------
# Finished an epoch, step 11988. Perform external evaluation
2019-02-03 16:10:37.985515: I tensorflow/core/kernels/lookup_util.cc:376] Table trying to initialize from file /home/emlab/Desktop/syuuron/nmt/Noattention_PI_0.5PS_0.3PD_0.2_Noisy_model/Vocab.out is already initialized.
2019-02-03 16:10:37.985515: I tensorflow/core/kernels/lookup_util.cc:376] Table trying to initialize from file /home/emlab/Desktop/syuuron/nmt/Noattention_PI_0.5PS_0.3PD_0.2_Noisy_model/Vocab.out is already initialized.
2019-02-03 16:10:37.985515: I tensorflow/core/kernels/lookup_util.cc:376] Table trying to initialize from file /home/emlab/Desktop/syuuron/nmt/Noattention_PI_0.5PS_0.3PD_0.2_Noisy_model/Vocab.in is already initialized.
  loaded infer model parameters from /home/emlab/Desktop/syuuron/nmt/Noattention_PI_0.5PS_0.3PD_0.2_Noisy_model/translate.ckpt-11000, time 0.04s
  # 271
    src: ER2 TH SH AE UW V EH2 UH0 AO AO AO1 T UW1 OW0 D P R G IY1 IH R AW1 Y OY AA1 AY1 L AY2 AH0 Z IH2 N IH AH0 TH K AH1 AY0 B EY0 N UH1 IH2 AH2 AA2 AY2 AA0
    ref: Move ( Bar ) Grasp ( Brown_Tea ) Move ( Bar ) Grasp ( Brown_Tea ) Move ( HERE )
    nmt: Move ( bed_room ) Find ( rabbit_doll bed_room Grasp ( rabbit_doll ) Move ( HERE )
2019-02-03 16:10:38.049613: I tensorflow/core/kernels/lookup_util.cc:376] Table trying to initialize from file /home/emlab/Desktop/syuuron/nmt/Noattention_PI_0.5PS_0.3PD_0.2_Noisy_model/Vocab.out is already initialized.
2019-02-03 16:10:38.049613: I tensorflow/core/kernels/lookup_util.cc:376] Table trying to initialize from file /home/emlab/Desktop/syuuron/nmt/Noattention_PI_0.5PS_0.3PD_0.2_Noisy_model/Vocab.in is already initialized.
2019-02-03 16:10:38.049613: I tensorflow/core/kernels/lookup_util.cc:376] Table trying to initialize from file /home/emlab/Desktop/syuuron/nmt/Noattention_PI_0.5PS_0.3PD_0.2_Noisy_model/Vocab.out is already initialized.
  loaded infer model parameters from /home/emlab/Desktop/syuuron/nmt/Noattention_PI_0.5PS_0.3PD_0.2_Noisy_model/translate.ckpt-11000, time 0.04s
# External evaluation, global step 11000
  decoding to output /home/emlab/Desktop/syuuron/nmt/Noattention_PI_0.5PS_0.3PD_0.2_Noisy_model/output_dev
  done, num sentences 2001, num translations per input 1, time 0s, Sun Feb  3 16:10:38 2019.
  bleu dev: 46.0
  saving hparams to /home/emlab/Desktop/syuuron/nmt/Noattention_PI_0.5PS_0.3PD_0.2_Noisy_model/hparams
# External evaluation, global step 11000
  decoding to output /home/emlab/Desktop/syuuron/nmt/Noattention_PI_0.5PS_0.3PD_0.2_Noisy_model/output_test
  done, num sentences 100, num translations per input 1, time 0s, Sun Feb  3 16:10:39 2019.
  bleu test: 17.8
  saving hparams to /home/emlab/Desktop/syuuron/nmt/Noattention_PI_0.5PS_0.3PD_0.2_Noisy_model/hparams
  step 12000 lr 1 step-time 0.07s wps 137.53K ppl 1.08 gN 2.67 bleu 45.96, Sun Feb  3 16:10:40 2019
# Save eval, global step 12000
2019-02-03 16:10:40.430843: I tensorflow/core/kernels/lookup_util.cc:376] Table trying to initialize from file /home/emlab/Desktop/syuuron/nmt/Noattention_PI_0.5PS_0.3PD_0.2_Noisy_model/Vocab.out is already initialized.
2019-02-03 16:10:40.430873: I tensorflow/core/kernels/lookup_util.cc:376] Table trying to initialize from file /home/emlab/Desktop/syuuron/nmt/Noattention_PI_0.5PS_0.3PD_0.2_Noisy_model/Vocab.in is already initialized.
2019-02-03 16:10:40.430861: I tensorflow/core/kernels/lookup_util.cc:376] Table trying to initialize from file /home/emlab/Desktop/syuuron/nmt/Noattention_PI_0.5PS_0.3PD_0.2_Noisy_model/Vocab.out is already initialized.
  loaded infer model parameters from /home/emlab/Desktop/syuuron/nmt/Noattention_PI_0.5PS_0.3PD_0.2_Noisy_model/translate.ckpt-12000, time 0.04s
  # 44
    src: W UH1 UW EY0 AO AE0 UW1 AW1 EY2 IH1 OW1 AE2 IH1 NG B IH2 B ER2 Y UW G UW IY1 CH AE0 OY R AW2 HH K M IH1 UW0 OW0 IH0 EY1 B AO AH0 L M CH AH UW2 IH2 SH OW2 CH UW1 V AO0 EH2 IY1 CH P AY1 IH N IH0 NG AE T S NG B NG B IY2 AE2 L G IH1 AH EH0 CH IH UW1 AW0 UH0 G OY0 AA0 OW V AY1 CH N AY0 R V UH UW0 NG UH0 R M
    ref: Move ( Living_Table ) Find ( Bleach Living_Table ) Move ( Dining_Table ) Move ( Dining_Room )
    nmt: Move ( Kitchen_Table ) Find ( soysauce Kitchen_Table ) Grasp ( soysauce ) Move ( bed_room ) Move ( Living_Room )
2019-02-03 16:10:40.498394: I tensorflow/core/kernels/lookup_util.cc:376] Table trying to initialize from file /home/emlab/Desktop/syuuron/nmt/Noattention_PI_0.5PS_0.3PD_0.2_Noisy_model/Vocab.out is already initialized.
2019-02-03 16:10:40.498419: I tensorflow/core/kernels/lookup_util.cc:376] Table trying to initialize from file /home/emlab/Desktop/syuuron/nmt/Noattention_PI_0.5PS_0.3PD_0.2_Noisy_model/Vocab.out is already initialized.
2019-02-03 16:10:40.498394: I tensorflow/core/kernels/lookup_util.cc:376] Table trying to initialize from file /home/emlab/Desktop/syuuron/nmt/Noattention_PI_0.5PS_0.3PD_0.2_Noisy_model/Vocab.in is already initialized.
  loaded eval model parameters from /home/emlab/Desktop/syuuron/nmt/Noattention_PI_0.5PS_0.3PD_0.2_Noisy_model/translate.ckpt-12000, time 0.03s
  eval dev: perplexity 1.84, time 0s, Sun Feb  3 16:10:41 2019.
  eval test: perplexity 5.73, time 0s, Sun Feb  3 16:10:41 2019.
2019-02-03 16:10:41.422130: I tensorflow/core/kernels/lookup_util.cc:376] Table trying to initialize from file /home/emlab/Desktop/syuuron/nmt/Noattention_PI_0.5PS_0.3PD_0.2_Noisy_model/Vocab.out is already initialized.
2019-02-03 16:10:41.422130: I tensorflow/core/kernels/lookup_util.cc:376] Table trying to initialize from file /home/emlab/Desktop/syuuron/nmt/Noattention_PI_0.5PS_0.3PD_0.2_Noisy_model/Vocab.out is already initialized.
2019-02-03 16:10:41.422130: I tensorflow/core/kernels/lookup_util.cc:376] Table trying to initialize from file /home/emlab/Desktop/syuuron/nmt/Noattention_PI_0.5PS_0.3PD_0.2_Noisy_model/Vocab.in is already initialized.
  loaded infer model parameters from /home/emlab/Desktop/syuuron/nmt/Noattention_PI_0.5PS_0.3PD_0.2_Noisy_model/translate.ckpt-12000, time 0.04s
  # 1245
    src: G IY2 OW1 T B IH DH UW2 V UH0 IH1 W OW1 OW2 EH0 CH AH0 Z EY AE0 Z JH IH0 AA2 S SH T ER2 G ER0 R UH1 EY1 EH1 AO1 UH EH ER1 AH0 UH0 IY1 N IH0 D IH2 EH P AA1 ZH AO2 EY0 NG AW AH0 P AA ER1 UH2 JH EY OW1 G AH AY S Y N IH1 R B AW2 V B SH AH AY2 IH1 NG IH1 IH1 T N UH0 IH AE1 AH P V IH0 EY2 AY2 AH1 NG EY1 AH0
    ref: Move ( Visitor_Room ) Find ( person Visitor_Room ) Move ( Living_Table ) Grasp ( Chip_Star )  Move ( person )
    nmt: Move ( Living_Room ) Find ( person Living_Room ) Move ( Dining_Sofa ) Grasp ( Cup_Noodle )
2019-02-03 16:10:41.491658: I tensorflow/core/kernels/lookup_util.cc:376] Table trying to initialize from file /home/emlab/Desktop/syuuron/nmt/Noattention_PI_0.5PS_0.3PD_0.2_Noisy_model/Vocab.out is already initialized.
2019-02-03 16:10:41.491693: I tensorflow/core/kernels/lookup_util.cc:376] Table trying to initialize from file /home/emlab/Desktop/syuuron/nmt/Noattention_PI_0.5PS_0.3PD_0.2_Noisy_model/Vocab.out is already initialized.
2019-02-03 16:10:41.491664: I tensorflow/core/kernels/lookup_util.cc:376] Table trying to initialize from file /home/emlab/Desktop/syuuron/nmt/Noattention_PI_0.5PS_0.3PD_0.2_Noisy_model/Vocab.in is already initialized.
  loaded eval model parameters from /home/emlab/Desktop/syuuron/nmt/Noattention_PI_0.5PS_0.3PD_0.2_Noisy_model/translate.ckpt-12000, time 0.03s
  eval dev: perplexity 1.84, time 0s, Sun Feb  3 16:10:42 2019.
  eval test: perplexity 5.73, time 0s, Sun Feb  3 16:10:42 2019.
2019-02-03 16:10:42.303369: I tensorflow/core/kernels/lookup_util.cc:376] Table trying to initialize from file /home/emlab/Desktop/syuuron/nmt/Noattention_PI_0.5PS_0.3PD_0.2_Noisy_model/Vocab.out is already initialized.
2019-02-03 16:10:42.303369: I tensorflow/core/kernels/lookup_util.cc:376] Table trying to initialize from file /home/emlab/Desktop/syuuron/nmt/Noattention_PI_0.5PS_0.3PD_0.2_Noisy_model/Vocab.in is already initialized.
2019-02-03 16:10:42.303374: I tensorflow/core/kernels/lookup_util.cc:376] Table trying to initialize from file /home/emlab/Desktop/syuuron/nmt/Noattention_PI_0.5PS_0.3PD_0.2_Noisy_model/Vocab.out is already initialized.
  loaded infer model parameters from /home/emlab/Desktop/syuuron/nmt/Noattention_PI_0.5PS_0.3PD_0.2_Noisy_model/translate.ckpt-12000, time 0.04s
# External evaluation, global step 12000
  decoding to output /home/emlab/Desktop/syuuron/nmt/Noattention_PI_0.5PS_0.3PD_0.2_Noisy_model/output_dev
  done, num sentences 2001, num translations per input 1, time 0s, Sun Feb  3 16:10:42 2019.
  bleu dev: 45.8
  saving hparams to /home/emlab/Desktop/syuuron/nmt/Noattention_PI_0.5PS_0.3PD_0.2_Noisy_model/hparams
# External evaluation, global step 12000
  decoding to output /home/emlab/Desktop/syuuron/nmt/Noattention_PI_0.5PS_0.3PD_0.2_Noisy_model/output_test
  done, num sentences 100, num translations per input 1, time 0s, Sun Feb  3 16:10:43 2019.
  bleu test: 18.9
  saving hparams to /home/emlab/Desktop/syuuron/nmt/Noattention_PI_0.5PS_0.3PD_0.2_Noisy_model/hparams
# Final, step 12000 lr 1 step-time 0.07s wps 137.53K ppl 1.08 gN 2.67 dev ppl 1.84, dev bleu 45.8, test ppl 5.73, test bleu 18.9, Sun Feb  3 16:10:43 2019
# Done training!, time 1013s, Sun Feb  3 16:10:43 2019.
# Start evaluating saved best models.
2019-02-03 16:10:43.398165: I tensorflow/core/kernels/lookup_util.cc:376] Table trying to initialize from file /home/emlab/Desktop/syuuron/nmt/Noattention_PI_0.5PS_0.3PD_0.2_Noisy_model/Vocab.out is already initialized.
2019-02-03 16:10:43.398165: I tensorflow/core/kernels/lookup_util.cc:376] Table trying to initialize from file /home/emlab/Desktop/syuuron/nmt/Noattention_PI_0.5PS_0.3PD_0.2_Noisy_model/Vocab.out is already initialized.
2019-02-03 16:10:43.398165: I tensorflow/core/kernels/lookup_util.cc:376] Table trying to initialize from file /home/emlab/Desktop/syuuron/nmt/Noattention_PI_0.5PS_0.3PD_0.2_Noisy_model/Vocab.in is already initialized.
  loaded infer model parameters from /home/emlab/Desktop/syuuron/nmt/Noattention_PI_0.5PS_0.3PD_0.2_Noisy_model/best_bleu/translate.ckpt-11000, time 0.04s
  # 738
    src: OY1 EY1 UW0 OW1 V R OW0 Z UW2 T EH2 ZH ER0 UW ER R UH2 M ER0 UH0 F S AH2 AA0 AW0 AY AA0 IH0 L AY1 DH UH N IH1 AY2 SH F D D AH0 AA1 AH0 P AA ER1 OY2 K S L OW1 HH N ER0 IY1 IH1 R B AW0 AY1 K UH2 B EH2 CH K OY AA2 Z R V IY UH2 S NG AO1 R AY1 AO1 T B AA1 AO0 R AH1 JH M AO2 S OW EY0 AY1 T AA EH1 B AH0 EH L
    ref: Move ( Visitor_Room ) Find ( person Visitor_Room ) Move ( Side_Table ) Grasp ( Red_Tea )
    nmt: Move ( Visitor_Room ) Find ( person Visitor_Room ) Move ( Reception_Table ) Grasp ( Strawberry_Juice )
2019-02-03 16:10:43.469341: I tensorflow/core/kernels/lookup_util.cc:376] Table trying to initialize from file /home/emlab/Desktop/syuuron/nmt/Noattention_PI_0.5PS_0.3PD_0.2_Noisy_model/Vocab.out is already initialized.
2019-02-03 16:10:43.469351: I tensorflow/core/kernels/lookup_util.cc:376] Table trying to initialize from file /home/emlab/Desktop/syuuron/nmt/Noattention_PI_0.5PS_0.3PD_0.2_Noisy_model/Vocab.out is already initialized.
2019-02-03 16:10:43.469372: I tensorflow/core/kernels/lookup_util.cc:376] Table trying to initialize from file /home/emlab/Desktop/syuuron/nmt/Noattention_PI_0.5PS_0.3PD_0.2_Noisy_model/Vocab.in is already initialized.
  loaded eval model parameters from /home/emlab/Desktop/syuuron/nmt/Noattention_PI_0.5PS_0.3PD_0.2_Noisy_model/best_bleu/translate.ckpt-11000, time 0.03s
  eval dev: perplexity 1.80, time 0s, Sun Feb  3 16:10:44 2019.
  eval test: perplexity 5.47, time 0s, Sun Feb  3 16:10:44 2019.
2019-02-03 16:10:44.288598: I tensorflow/core/kernels/lookup_util.cc:376] Table trying to initialize from file /home/emlab/Desktop/syuuron/nmt/Noattention_PI_0.5PS_0.3PD_0.2_Noisy_model/Vocab.out is already initialized.
2019-02-03 16:10:44.288598: I tensorflow/core/kernels/lookup_util.cc:376] Table trying to initialize from file /home/emlab/Desktop/syuuron/nmt/Noattention_PI_0.5PS_0.3PD_0.2_Noisy_model/Vocab.out is already initialized.
2019-02-03 16:10:44.288599: I tensorflow/core/kernels/lookup_util.cc:376] Table trying to initialize from file /home/emlab/Desktop/syuuron/nmt/Noattention_PI_0.5PS_0.3PD_0.2_Noisy_model/Vocab.in is already initialized.
  loaded infer model parameters from /home/emlab/Desktop/syuuron/nmt/Noattention_PI_0.5PS_0.3PD_0.2_Noisy_model/best_bleu/translate.ckpt-11000, time 0.04s
# External evaluation, global step 11000
  decoding to output /home/emlab/Desktop/syuuron/nmt/Noattention_PI_0.5PS_0.3PD_0.2_Noisy_model/output_dev
  done, num sentences 2001, num translations per input 1, time 0s, Sun Feb  3 16:10:44 2019.
  bleu dev: 46.0
  saving hparams to /home/emlab/Desktop/syuuron/nmt/Noattention_PI_0.5PS_0.3PD_0.2_Noisy_model/hparams
# External evaluation, global step 11000
  decoding to output /home/emlab/Desktop/syuuron/nmt/Noattention_PI_0.5PS_0.3PD_0.2_Noisy_model/output_test
  done, num sentences 100, num translations per input 1, time 0s, Sun Feb  3 16:10:45 2019.
  bleu test: 17.8
  saving hparams to /home/emlab/Desktop/syuuron/nmt/Noattention_PI_0.5PS_0.3PD_0.2_Noisy_model/hparams
# Best bleu, step 11000 lr 1 step-time 0.07s wps 137.53K ppl 1.08 gN 2.67 dev ppl 1.80, dev bleu 46.0, test ppl 5.47, test bleu 17.8, Sun Feb  3 16:10:45 2019
# Job id 0
2019-02-03 16:10:48.352364: I tensorflow/core/platform/cpu_feature_guard.cc:141] Your CPU supports instructions that this TensorFlow binary was not compiled to use: AVX2 FMA
2019-02-03 16:10:48.405118: I tensorflow/stream_executor/cuda/cuda_gpu_executor.cc:964] successful NUMA node read from SysFS had negative value (-1), but there must be at least one NUMA node, so returning NUMA node zero
2019-02-03 16:10:48.405482: I tensorflow/core/common_runtime/gpu/gpu_device.cc:1432] Found device 0 with properties: 
name: GeForce GTX 960M major: 5 minor: 0 memoryClockRate(GHz): 1.176
pciBusID: 0000:01:00.0
totalMemory: 3.95GiB freeMemory: 3.09GiB
2019-02-03 16:10:48.405496: I tensorflow/core/common_runtime/gpu/gpu_device.cc:1511] Adding visible gpu devices: 0
2019-02-03 16:10:48.937400: I tensorflow/core/common_runtime/gpu/gpu_device.cc:982] Device interconnect StreamExecutor with strength 1 edge matrix:
2019-02-03 16:10:48.937427: I tensorflow/core/common_runtime/gpu/gpu_device.cc:988]      0 
2019-02-03 16:10:48.937433: I tensorflow/core/common_runtime/gpu/gpu_device.cc:1001] 0:   N 
2019-02-03 16:10:48.937542: I tensorflow/core/common_runtime/gpu/gpu_device.cc:1115] Created TensorFlow device (/job:localhost/replica:0/task:0/device:GPU:0 with 2797 MB memory) -> physical GPU (device: 0, name: GeForce GTX 960M, pci bus id: 0000:01:00.0, compute capability: 5.0)
# Devices visible to TensorFlow: [_DeviceAttributes(/job:localhost/replica:0/task:0/device:CPU:0, CPU, 268435456, 14494628299086726670), _DeviceAttributes(/job:localhost/replica:0/task:0/device:XLA_GPU:0, XLA_GPU, 17179869184, 5872828773194911605), _DeviceAttributes(/job:localhost/replica:0/task:0/device:XLA_CPU:0, XLA_CPU, 17179869184, 12811581313670784157), _DeviceAttributes(/job:localhost/replica:0/task:0/device:GPU:0, GPU, 2933325824, 2324389976515981329)]
# Creating output directory /home/emlab/Desktop/syuuron/nmt/attention_PI_0.5PS_0.3PD_0.2_Noisy_model ...
# Vocab file /home/emlab/Desktop/syuuron/nmt/Dataset/Vocab.in exists
The first 3 vocab words [T, AH0, N] are not [<unk>, <s>, </s>]
# Vocab file /home/emlab/Desktop/syuuron/nmt/Dataset/Vocab.out exists
The first 3 vocab words [(, ), Move] are not [<unk>, <s>, </s>]
  saving hparams to /home/emlab/Desktop/syuuron/nmt/attention_PI_0.5PS_0.3PD_0.2_Noisy_model/hparams
  saving hparams to /home/emlab/Desktop/syuuron/nmt/attention_PI_0.5PS_0.3PD_0.2_Noisy_model/best_bleu/hparams
  attention=luong
  attention_architecture=standard
  avg_ckpts=False
  batch_size=128
  beam_width=0
  best_bleu=0
  best_bleu_dir=/home/emlab/Desktop/syuuron/nmt/attention_PI_0.5PS_0.3PD_0.2_Noisy_model/best_bleu
  check_special_token=True
  colocate_gradients_with_ops=True
  decay_scheme=
  dev_prefix=/home/emlab/Desktop/syuuron/nmt/Dataset/devdata
  dropout=0.2
  embed_prefix=None
  encoder_type=uni
  eos=</s>
  epoch_step=0
  forget_bias=1.0
  infer_batch_size=256
  infer_mode=greedy
  init_op=uniform
  init_weight=0.1
  language_model=False
  learning_rate=1.0
  length_penalty_weight=0.0
  log_device_placement=False
  max_gradient_norm=5.0
  max_train=0
  metrics=['bleu']
  num_buckets=5
  num_dec_emb_partitions=0
  num_decoder_layers=1
  num_decoder_residual_layers=0
  num_embeddings_partitions=0
  num_enc_emb_partitions=0
  num_encoder_layers=1
  num_encoder_residual_layers=0
  num_gpus=1
  num_inter_threads=0
  num_intra_threads=0
  num_keep_ckpts=5
  num_sampled_softmax=0
  num_train_steps=12000
  num_translations_per_input=1
  num_units=128
  optimizer=sgd
  out_dir=/home/emlab/Desktop/syuuron/nmt/attention_PI_0.5PS_0.3PD_0.2_Noisy_model
  output_attention=True
  override_loaded_hparams=False
  pass_hidden_state=True
  random_seed=None
  residual=False
  sampling_temperature=0.0
  share_vocab=False
  sos=<s>
  src=in
  src_embed_file=
  src_max_len=80
  src_max_len_infer=None
  src_vocab_file=/home/emlab/Desktop/syuuron/nmt/attention_PI_0.5PS_0.3PD_0.2_Noisy_model/Vocab.in
  src_vocab_size=87
  steps_per_external_eval=None
  steps_per_stats=100
  subword_option=
  test_prefix=/home/emlab/Desktop/syuuron/recodescript/WANGDATA/google_Wordresultdata
  tgt=out
  tgt_embed_file=
  tgt_max_len=50
  tgt_max_len_infer=None
  tgt_vocab_file=/home/emlab/Desktop/syuuron/nmt/attention_PI_0.5PS_0.3PD_0.2_Noisy_model/Vocab.out
  tgt_vocab_size=89
  time_major=True
  train_prefix=/home/emlab/Desktop/syuuron/nmt/Dataset/traindata
  unit_type=lstm
  use_char_encode=False
  vocab_prefix=/home/emlab/Desktop/syuuron/nmt/Dataset/Vocab
  warmup_scheme=t2t
  warmup_steps=0
WARNING:tensorflow:From /home/emlab/Desktop/syuuron/nmt/nmt/utils/iterator_utils.py:235: group_by_window (from tensorflow.contrib.data.python.ops.grouping) is deprecated and will be removed in a future version.
Instructions for updating:
Use `tf.data.experimental.group_by_window(...)`.
# Creating train graph ...
# Build a basic encoder
  num_layers = 1, num_residual_layers=0
  cell 0  LSTM, forget_bias=1WARNING:tensorflow:From /home/emlab/Desktop/syuuron/nmt/nmt/model_helper.py:402: BasicLSTMCell.__init__ (from tensorflow.python.ops.rnn_cell_impl) is deprecated and will be removed in a future version.
Instructions for updating:
This class is deprecated, please use tf.nn.rnn_cell.LSTMCell, which supports all the feature this cell currently has. Please replace the existing code with tf.nn.rnn_cell.LSTMCell(name='basic_lstm_cell').
  DropoutWrapper, dropout=0.2   DeviceWrapper, device=/gpu:0
  cell 0  LSTM, forget_bias=1  DropoutWrapper, dropout=0.2   DeviceWrapper, device=/gpu:0
  learning_rate=1, warmup_steps=0, warmup_scheme=t2t
  decay_scheme=, start_decay_step=12000, decay_steps 0, decay_factor 1
# Trainable variables
Format: <name>, <shape>, <(soft) device placement>
  embeddings/encoder/embedding_encoder:0, (87, 128), /device:GPU:0
  embeddings/decoder/embedding_decoder:0, (89, 128), /device:GPU:0
  dynamic_seq2seq/encoder/rnn/basic_lstm_cell/kernel:0, (256, 512), /device:GPU:0
  dynamic_seq2seq/encoder/rnn/basic_lstm_cell/bias:0, (512,), /device:GPU:0
  dynamic_seq2seq/decoder/memory_layer/kernel:0, (128, 128), 
  dynamic_seq2seq/decoder/attention/basic_lstm_cell/kernel:0, (384, 512), /device:GPU:0
  dynamic_seq2seq/decoder/attention/basic_lstm_cell/bias:0, (512,), /device:GPU:0
  dynamic_seq2seq/decoder/attention/attention_layer/kernel:0, (256, 128), /device:GPU:0
  dynamic_seq2seq/decoder/output_projection/kernel:0, (128, 89), /device:GPU:0
# Creating eval graph ...
# Build a basic encoder
  num_layers = 1, num_residual_layers=0
  cell 0  LSTM, forget_bias=1  DeviceWrapper, device=/gpu:0
  cell 0  LSTM, forget_bias=1  DeviceWrapper, device=/gpu:0
# Trainable variables
Format: <name>, <shape>, <(soft) device placement>
  embeddings/encoder/embedding_encoder:0, (87, 128), /device:GPU:0
  embeddings/decoder/embedding_decoder:0, (89, 128), /device:GPU:0
  dynamic_seq2seq/encoder/rnn/basic_lstm_cell/kernel:0, (256, 512), /device:GPU:0
  dynamic_seq2seq/encoder/rnn/basic_lstm_cell/bias:0, (512,), /device:GPU:0
  dynamic_seq2seq/decoder/memory_layer/kernel:0, (128, 128), 
  dynamic_seq2seq/decoder/attention/basic_lstm_cell/kernel:0, (384, 512), /device:GPU:0
  dynamic_seq2seq/decoder/attention/basic_lstm_cell/bias:0, (512,), /device:GPU:0
  dynamic_seq2seq/decoder/attention/attention_layer/kernel:0, (256, 128), /device:GPU:0
  dynamic_seq2seq/decoder/output_projection/kernel:0, (128, 89), /device:GPU:0
# Creating infer graph ...
# Build a basic encoder
  num_layers = 1, num_residual_layers=0
  cell 0  LSTM, forget_bias=1  DeviceWrapper, device=/gpu:0
  cell 0  LSTM, forget_bias=1  DeviceWrapper, device=/gpu:0
  decoder: infer_mode=greedybeam_width=0, length_penalty=0.000000
# Trainable variables
Format: <name>, <shape>, <(soft) device placement>
  embeddings/encoder/embedding_encoder:0, (87, 128), /device:GPU:0
  embeddings/decoder/embedding_decoder:0, (89, 128), /device:GPU:0
  dynamic_seq2seq/encoder/rnn/basic_lstm_cell/kernel:0, (256, 512), /device:GPU:0
  dynamic_seq2seq/encoder/rnn/basic_lstm_cell/bias:0, (512,), /device:GPU:0
  dynamic_seq2seq/decoder/memory_layer/kernel:0, (128, 128), 
  dynamic_seq2seq/decoder/attention/basic_lstm_cell/kernel:0, (384, 512), /device:GPU:0
  dynamic_seq2seq/decoder/attention/basic_lstm_cell/bias:0, (512,), /device:GPU:0
  dynamic_seq2seq/decoder/attention/attention_layer/kernel:0, (256, 128), /device:GPU:0
  dynamic_seq2seq/decoder/output_projection/kernel:0, (128, 89), 
# log_file=/home/emlab/Desktop/syuuron/nmt/attention_PI_0.5PS_0.3PD_0.2_Noisy_model/log_1549177851
2019-02-03 16:10:51.273156: I tensorflow/core/common_runtime/gpu/gpu_device.cc:1511] Adding visible gpu devices: 0
2019-02-03 16:10:51.273186: I tensorflow/core/common_runtime/gpu/gpu_device.cc:982] Device interconnect StreamExecutor with strength 1 edge matrix:
2019-02-03 16:10:51.273193: I tensorflow/core/common_runtime/gpu/gpu_device.cc:988]      0 
2019-02-03 16:10:51.273199: I tensorflow/core/common_runtime/gpu/gpu_device.cc:1001] 0:   N 
2019-02-03 16:10:51.273309: I tensorflow/core/common_runtime/gpu/gpu_device.cc:1115] Created TensorFlow device (/job:localhost/replica:0/task:0/device:GPU:0 with 2797 MB memory) -> physical GPU (device: 0, name: GeForce GTX 960M, pci bus id: 0000:01:00.0, compute capability: 5.0)
2019-02-03 16:10:51.273593: I tensorflow/core/common_runtime/gpu/gpu_device.cc:1511] Adding visible gpu devices: 0
2019-02-03 16:10:51.273622: I tensorflow/core/common_runtime/gpu/gpu_device.cc:982] Device interconnect StreamExecutor with strength 1 edge matrix:
2019-02-03 16:10:51.273628: I tensorflow/core/common_runtime/gpu/gpu_device.cc:988]      0 
2019-02-03 16:10:51.273646: I tensorflow/core/common_runtime/gpu/gpu_device.cc:1001] 0:   N 
2019-02-03 16:10:51.273752: I tensorflow/core/common_runtime/gpu/gpu_device.cc:1115] Created TensorFlow device (/job:localhost/replica:0/task:0/device:GPU:0 with 2797 MB memory) -> physical GPU (device: 0, name: GeForce GTX 960M, pci bus id: 0000:01:00.0, compute capability: 5.0)
2019-02-03 16:10:51.274028: I tensorflow/core/common_runtime/gpu/gpu_device.cc:1511] Adding visible gpu devices: 0
2019-02-03 16:10:51.274055: I tensorflow/core/common_runtime/gpu/gpu_device.cc:982] Device interconnect StreamExecutor with strength 1 edge matrix:
2019-02-03 16:10:51.274061: I tensorflow/core/common_runtime/gpu/gpu_device.cc:988]      0 
2019-02-03 16:10:51.274080: I tensorflow/core/common_runtime/gpu/gpu_device.cc:1001] 0:   N 
2019-02-03 16:10:51.274157: I tensorflow/core/common_runtime/gpu/gpu_device.cc:1115] Created TensorFlow device (/job:localhost/replica:0/task:0/device:GPU:0 with 2797 MB memory) -> physical GPU (device: 0, name: GeForce GTX 960M, pci bus id: 0000:01:00.0, compute capability: 5.0)
  created train model with fresh parameters, time 0.15s
  created infer model with fresh parameters, time 0.07s
  # 515
    src: G AA0 AA0 OW1 EH NG OW0 T UW1 ER1 TH AY1 S OW1 CH F AY2 IY0 UH2 AY1 N OW1 EY2 D P AO OY1 Z EH M N N T EY1 IH1 AO1 AH1 AO AO0 AY1 ER0 F ER0 AW2 OW1 AA1 V L AW OW0 AH0 AY0 AO1 ER1 S EH N
    ref: Move ( Sofa ) Find ( person Sofa ) Follow ( person )
    nmt: Korean_Soup Plcae salt salt canned_juice salt salt rubik's_cube kitchen kitchen Place Place Place Stick_Potato Stick_Potato Plcae Stick_Potato Plcae hourglass Plcae hourglass Plcae hourglass spray_bottle Plcae hourglass Plcae hourglass spray_bottle Plcae hourglass Plcae hourglass spray_bottle Plcae Stick_Potato Plcae hourglass Plcae hourglass Plcae hourglass spray_bottle Plcae Stick_Potato Plcae hourglass Plcae hourglass Plcae hourglass Plcae spray_bottle Plcae Stick_Potato Plcae hourglass Plcae hourglass Plcae hourglass Plcae spray_bottle Plcae Stick_Potato Plcae hourglass Plcae hourglass Plcae hourglass Plcae spray_bottle Plcae Stick_Potato Plcae hourglass Plcae hourglass Plcae hourglass Plcae spray_bottle Plcae Stick_Potato Plcae hourglass Plcae hourglass Plcae hourglass Plcae spray_bottle Plcae Stick_Potato Plcae hourglass Plcae hourglass Plcae hourglass Plcae spray_bottle Plcae Stick_Potato Plcae hourglass Plcae hourglass Plcae hourglass Plcae spray_bottle Plcae
  created eval model with fresh parameters, time 0.07s
  eval dev: perplexity 89.06, time 1s, Sun Feb  3 16:10:53 2019.
  eval test: perplexity 89.22, time 0s, Sun Feb  3 16:10:53 2019.
2019-02-03 16:10:53.670035: I tensorflow/core/kernels/lookup_util.cc:376] Table trying to initialize from file /home/emlab/Desktop/syuuron/nmt/attention_PI_0.5PS_0.3PD_0.2_Noisy_model/Vocab.out is already initialized.
2019-02-03 16:10:53.670035: I tensorflow/core/kernels/lookup_util.cc:376] Table trying to initialize from file /home/emlab/Desktop/syuuron/nmt/attention_PI_0.5PS_0.3PD_0.2_Noisy_model/Vocab.in is already initialized.
2019-02-03 16:10:53.670044: I tensorflow/core/kernels/lookup_util.cc:376] Table trying to initialize from file /home/emlab/Desktop/syuuron/nmt/attention_PI_0.5PS_0.3PD_0.2_Noisy_model/Vocab.out is already initialized.
  created infer model with fresh parameters, time 0.06s
# Start step 0, lr 1, Sun Feb  3 16:10:53 2019
# Init train iterator, skipping 0 elements
--------------------------------------------------------------------------------------------
# Finished an epoch, step 81. Perform external evaluation
2019-02-03 16:11:04.599809: I tensorflow/core/kernels/lookup_util.cc:376] Table trying to initialize from file /home/emlab/Desktop/syuuron/nmt/attention_PI_0.5PS_0.3PD_0.2_Noisy_model/Vocab.out is already initialized.
2019-02-03 16:11:04.599809: I tensorflow/core/kernels/lookup_util.cc:376] Table trying to initialize from file /home/emlab/Desktop/syuuron/nmt/attention_PI_0.5PS_0.3PD_0.2_Noisy_model/Vocab.in is already initialized.
2019-02-03 16:11:04.599809: I tensorflow/core/kernels/lookup_util.cc:376] Table trying to initialize from file /home/emlab/Desktop/syuuron/nmt/attention_PI_0.5PS_0.3PD_0.2_Noisy_model/Vocab.out is already initialized.
  created infer model with fresh parameters, time 0.06s
  # 1833
    src: M EY0 UW1 NG V OW UW1 AA1 ER0 EH0 R G AO2 UH P IH2 EY2 T DH OY0 G AY1 OW2 S AH2 OW P IH AE2 OY1 OY1 UH1 AW V Y EY1 AA IY1 DH AH0 ER0 V HH AW T UH2 W Y AH0 Y T OY0 P AO1 AY1 L
    ref: Move ( Bar ) Find ( Egg_Soup Bar  ) Grasp ( Egg_Soup ) Move ( apartment )
    nmt: Seafood_Noodle Seafood_Noodle pesron pesron pink_cup Side_Table rabbit_doll rabbit_doll Cloth_Cleaner rabbit_doll rabbit_doll rabbit_doll rabbit_doll rabbit_doll rabbit_doll rabbit_doll rabbit_doll rabbit_doll rabbit_doll rabbit_doll rabbit_doll rabbit_doll rabbit_doll rabbit_doll rabbit_doll rabbit_doll rabbit_doll rabbit_doll Cloth_Cleaner Dustbin Dustbin Dustbin Dustbin Dustbin Dustbin Red_Tea sauce sauce sauce sauce sauce sauce sauce sauce sauce sauce ( ( ( bear_doll Say Say Green_Tea bear_doll Visitor_Room bear_doll Visitor_Room Visitor_Room bear_doll Visitor_Room Visitor_Room bear_doll Visitor_Room Visitor_Room bear_doll Visitor_Room Visitor_Room bear_doll Visitor_Room Visitor_Room bear_doll Visitor_Room Visitor_Room bear_doll Visitor_Room Visitor_Room bear_doll Visitor_Room Visitor_Room bear_doll Visitor_Room Visitor_Room bear_doll Visitor_Room Visitor_Room bear_doll Visitor_Room Visitor_Room bear_doll Visitor_Room Visitor_Room bear_doll Visitor_Room Visitor_Room bear_doll Visitor_Room Visitor_Room bear_doll Visitor_Room Visitor_Room bear_doll Visitor_Room Visitor_Room bear_doll Visitor_Room Visitor_Room bear_doll Visitor_Room Visitor_Room bear_doll Visitor_Room Visitor_Room
2019-02-03 16:11:04.752847: I tensorflow/core/kernels/lookup_util.cc:376] Table trying to initialize from file /home/emlab/Desktop/syuuron/nmt/attention_PI_0.5PS_0.3PD_0.2_Noisy_model/Vocab.out is already initialized.
2019-02-03 16:11:04.752847: I tensorflow/core/kernels/lookup_util.cc:376] Table trying to initialize from file /home/emlab/Desktop/syuuron/nmt/attention_PI_0.5PS_0.3PD_0.2_Noisy_model/Vocab.out is already initialized.
2019-02-03 16:11:04.752847: I tensorflow/core/kernels/lookup_util.cc:376] Table trying to initialize from file /home/emlab/Desktop/syuuron/nmt/attention_PI_0.5PS_0.3PD_0.2_Noisy_model/Vocab.in is already initialized.
  created infer model with fresh parameters, time 0.06s
  step 100 lr 1 step-time 0.14s wps 76.71K ppl 91.37 gN 126.98 bleu 0.00, Sun Feb  3 16:11:07 2019
--------------------------------------------------------------------------------------------
# Finished an epoch, step 162. Perform external evaluation
2019-02-03 16:11:14.937092: I tensorflow/core/kernels/lookup_util.cc:376] Table trying to initialize from file /home/emlab/Desktop/syuuron/nmt/attention_PI_0.5PS_0.3PD_0.2_Noisy_model/Vocab.out is already initialized.
2019-02-03 16:11:14.937092: I tensorflow/core/kernels/lookup_util.cc:376] Table trying to initialize from file /home/emlab/Desktop/syuuron/nmt/attention_PI_0.5PS_0.3PD_0.2_Noisy_model/Vocab.out is already initialized.
2019-02-03 16:11:14.937092: I tensorflow/core/kernels/lookup_util.cc:376] Table trying to initialize from file /home/emlab/Desktop/syuuron/nmt/attention_PI_0.5PS_0.3PD_0.2_Noisy_model/Vocab.in is already initialized.
  created infer model with fresh parameters, time 0.06s
  # 1006
    src: AE OW1 AE1 UH1 B Z OW1 V AW ER2 EH1 AA1 D R AA0 OW CH AW2 UW1 EH0 V EH1 R L HH UW2 OY EH1 AE0 D AH0 L AO2 AO1 JH EH2 EH0 EY0 AE2 EH1 UH T TH UH AY1 AE2 T IY NG AE1 EY1 OW2 TH IY1 R AA1 T IY2 IH1 OW AO0 AH1 UW0 UW AO2 AE AH1 S B N UH0 Y AW0 ER2 IY1 IY Z
    ref: Move ( bed_room ) Grasp ( Red_Potato ) Move ( Dustbin ) Place ( Red_Potato Dustbin  ) 
    nmt: cigarette Dish_Cleaner cigarette Dish_Cleaner
2019-02-03 16:11:15.025547: I tensorflow/core/kernels/lookup_util.cc:376] Table trying to initialize from file /home/emlab/Desktop/syuuron/nmt/attention_PI_0.5PS_0.3PD_0.2_Noisy_model/Vocab.in is already initialized.
2019-02-03 16:11:15.025547: I tensorflow/core/kernels/lookup_util.cc:376] Table trying to initialize from file /home/emlab/Desktop/syuuron/nmt/attention_PI_0.5PS_0.3PD_0.2_Noisy_model/Vocab.out is already initialized.
2019-02-03 16:11:15.025553: I tensorflow/core/kernels/lookup_util.cc:376] Table trying to initialize from file /home/emlab/Desktop/syuuron/nmt/attention_PI_0.5PS_0.3PD_0.2_Noisy_model/Vocab.out is already initialized.
  created infer model with fresh parameters, time 0.07s
  step 200 lr 1 step-time 0.13s wps 82.85K ppl 10.92 gN 25.89 bleu 0.00, Sun Feb  3 16:11:20 2019
--------------------------------------------------------------------------------------------
# Finished an epoch, step 243. Perform external evaluation
2019-02-03 16:11:25.357132: I tensorflow/core/kernels/lookup_util.cc:376] Table trying to initialize from file /home/emlab/Desktop/syuuron/nmt/attention_PI_0.5PS_0.3PD_0.2_Noisy_model/Vocab.out is already initialized.
2019-02-03 16:11:25.357132: I tensorflow/core/kernels/lookup_util.cc:376] Table trying to initialize from file /home/emlab/Desktop/syuuron/nmt/attention_PI_0.5PS_0.3PD_0.2_Noisy_model/Vocab.out is already initialized.
2019-02-03 16:11:25.357132: I tensorflow/core/kernels/lookup_util.cc:376] Table trying to initialize from file /home/emlab/Desktop/syuuron/nmt/attention_PI_0.5PS_0.3PD_0.2_Noisy_model/Vocab.in is already initialized.
  created infer model with fresh parameters, time 0.07s
  # 1915
    src: K R G UW1 L IH1 EY V IH0 AW2 AW OY2 T OW1 TH EY1 M NG AO2 T M UW1 L OY2 V UW AA1 T ER0 P G CH Z AO HH UW1 IY0 EH0 AY1 HH AH0 F D ER0 K EY1 UH0 AO0 UW2 AH0 L DH EH1 N ER1 IH0 AH0 AH0 P T T AW1 T
    ref: Move ( Living_Table ) Move ( Side_Table ) Move ( apartment )
    nmt: Cup_Star Cup_Star kitchen empty_plastic_bottle kitchen Seafood_Noodle Seafood_Noodle kitchen Seafood_Noodle Seafood_Noodle kitchen Seafood_Noodle kitchen Seafood_Noodle kitchen Seafood_Noodle kitchen Seafood_Noodle kitchen Seafood_Noodle kitchen Seafood_Noodle kitchen Seafood_Noodle kitchen Seafood_Noodle kitchen Seafood_Noodle kitchen Seafood_Noodle Cloth_Cleaner Cloth_Cleaner Cloth_Cleaner Cloth_Cleaner Cloth_Cleaner Cloth_Cleaner dog_doll dog_doll dog_doll dog_doll Plcae bell_pepper bell_pepper bell_pepper Korean_Soup Living_Room apple apple Living_Room Bleach Bleach Bleach Brown_Tea <unk> <unk> <unk> <unk> <unk> Strawberry_Juice Strawberry_Juice person HERE HERE Follow Living_Room Reception_Table apple Living_Room Reception_Table lobby apple lobby dog_doll dog_doll Orange_Juice Orange_Juice Stick_Potato Living_Table Living_Table empty_ketchup Follow empty_ketchup Follow empty_ketchup Move filled_ketchup empty_ketchup Move filled_ketchup Cup_Star sauce sauce lobby Cup_Star sauce lobby Cup_Star Cup_Star kitchen filled_ketchup Cup_Star Cup_Star kitchen Cup_Star filled_ketchup Stick_Potato filled_ketchup Stick_Potato sugar sugar bear_doll Living_Room lobby Seafood_Noodle Seafood_Noodle Seafood_Noodle Seafood_Noodle PERSON kitchen Seafood_Noodle kitchen Seafood_Noodle kitchen Seafood_Noodle kitchen Seafood_Noodle
2019-02-03 16:11:25.521345: I tensorflow/core/kernels/lookup_util.cc:376] Table trying to initialize from file /home/emlab/Desktop/syuuron/nmt/attention_PI_0.5PS_0.3PD_0.2_Noisy_model/Vocab.in is already initialized.
2019-02-03 16:11:25.521367: I tensorflow/core/kernels/lookup_util.cc:376] Table trying to initialize from file /home/emlab/Desktop/syuuron/nmt/attention_PI_0.5PS_0.3PD_0.2_Noisy_model/Vocab.out is already initialized.
2019-02-03 16:11:25.521371: I tensorflow/core/kernels/lookup_util.cc:376] Table trying to initialize from file /home/emlab/Desktop/syuuron/nmt/attention_PI_0.5PS_0.3PD_0.2_Noisy_model/Vocab.out is already initialized.
  created infer model with fresh parameters, time 0.07s
  step 300 lr 1 step-time 0.12s wps 82.74K ppl 7.43 gN 16.48 bleu 0.00, Sun Feb  3 16:11:32 2019
--------------------------------------------------------------------------------------------
# Finished an epoch, step 324. Perform external evaluation
2019-02-03 16:11:35.759538: I tensorflow/core/kernels/lookup_util.cc:376] Table trying to initialize from file /home/emlab/Desktop/syuuron/nmt/attention_PI_0.5PS_0.3PD_0.2_Noisy_model/Vocab.out is already initialized.
2019-02-03 16:11:35.759538: I tensorflow/core/kernels/lookup_util.cc:376] Table trying to initialize from file /home/emlab/Desktop/syuuron/nmt/attention_PI_0.5PS_0.3PD_0.2_Noisy_model/Vocab.in is already initialized.
2019-02-03 16:11:35.759538: I tensorflow/core/kernels/lookup_util.cc:376] Table trying to initialize from file /home/emlab/Desktop/syuuron/nmt/attention_PI_0.5PS_0.3PD_0.2_Noisy_model/Vocab.out is already initialized.
  created infer model with fresh parameters, time 0.07s
  # 1937
    src: B W IY2 G T UW1 NG L EY IH1 AW2 EY1 AY IH0 ER2 AH IH1 IH1 OY2 OW1 T AH1 EY1 T OY1 OY EH2 OW2 IH NG G UW0 EH1 L ER1 EH AW EH1 IY1 OW1 CH DH OW0 AH0 AH2 AH0 S AA1 R AH0 N ER1 EH1 T P L AH0 IY1 Z
    ref: Move ( Living_Sofa ) Grasp ( toy_penguin ) Move ( apartment )
    nmt: nursing_bottle Dining_Table empty_plastic_bottle sauce empty_plastic_bottle sauce )，Move sugar )，Move sugar Bath_Cleaner )，Move )，Move salt salt salt salt salt salt salt salt salt salt salt salt salt salt salt salt salt salt salt salt salt salt salt salt salt salt salt salt salt salt salt salt salt salt salt salt salt salt salt salt salt salt salt salt salt salt salt salt salt salt salt salt salt salt salt salt salt salt salt salt salt salt salt salt salt salt salt salt salt salt salt salt salt salt salt salt salt salt salt salt salt salt salt salt salt salt salt salt salt salt salt salt salt salt salt salt salt salt salt salt salt salt salt salt salt
2019-02-03 16:11:35.917766: I tensorflow/core/kernels/lookup_util.cc:376] Table trying to initialize from file /home/emlab/Desktop/syuuron/nmt/attention_PI_0.5PS_0.3PD_0.2_Noisy_model/Vocab.out is already initialized.
2019-02-03 16:11:35.917782: I tensorflow/core/kernels/lookup_util.cc:376] Table trying to initialize from file /home/emlab/Desktop/syuuron/nmt/attention_PI_0.5PS_0.3PD_0.2_Noisy_model/Vocab.in is already initialized.
2019-02-03 16:11:35.917766: I tensorflow/core/kernels/lookup_util.cc:376] Table trying to initialize from file /home/emlab/Desktop/syuuron/nmt/attention_PI_0.5PS_0.3PD_0.2_Noisy_model/Vocab.out is already initialized.
  created infer model with fresh parameters, time 0.07s
  step 400 lr 1 step-time 0.12s wps 83.13K ppl 6.09 gN 10.04 bleu 0.00, Sun Feb  3 16:11:45 2019
--------------------------------------------------------------------------------------------
# Finished an epoch, step 405. Perform external evaluation
2019-02-03 16:11:46.140466: I tensorflow/core/kernels/lookup_util.cc:376] Table trying to initialize from file /home/emlab/Desktop/syuuron/nmt/attention_PI_0.5PS_0.3PD_0.2_Noisy_model/Vocab.out is already initialized.
2019-02-03 16:11:46.140480: I tensorflow/core/kernels/lookup_util.cc:376] Table trying to initialize from file /home/emlab/Desktop/syuuron/nmt/attention_PI_0.5PS_0.3PD_0.2_Noisy_model/Vocab.out is already initialized.
2019-02-03 16:11:46.140466: I tensorflow/core/kernels/lookup_util.cc:376] Table trying to initialize from file /home/emlab/Desktop/syuuron/nmt/attention_PI_0.5PS_0.3PD_0.2_Noisy_model/Vocab.in is already initialized.
  created infer model with fresh parameters, time 0.07s
  # 1819
    src: UW2 W D AA2 EH1 SH L M AO2 M W ER V T ER0 B S ER0 IY0 AA1 R G NG AW0 OW2 IH T K EH1 P OW UH T T AW1 AE1 OY2 T K UH0 UW2 D EY2 B AA1 AH0 OY OW T L AW AH0 IY1 UW2 OW1 N D K AH1 HH B M EH EY B IH1 UW1
    ref: Move ( Bar ) Grasp ( empty_plastic_bottle ) Move ( Bar ) Grasp ( empty_plastic_bottle ) Move ( HERE )
    nmt: PERSON PERSON Dining_Sofa Dining_Sofa Dining_Sofa Dining_Sofa Dining_Sofa Dining_Sofa PERSON Dining_Sofa PERSON Dining_Sofa PERSON Follow Follow Follow Follow Follow Follow Seafood_Noodle Seafood_Noodle Seafood_Noodle ground_pepper PERSON PERSON PERSON PERSON Follow Follow sauce Say PERSON Follow Follow Follow Say HERE sugar Living_Sofa sauce PERSON PERSON PERSON Follow Follow sauce sauce sauce Dining_Room Dining_Room sugar Dining_Room sugar Dining_Room Dining_Room sugar Dining_Room Dining_Room sugar Dining_Room sugar Dining_Room sugar Dining_Room sugar Blue_Potato Dustbin Dustbin Dustbin Dustbin Dustbin Dustbin Dustbin Dustbin Dustbin Dustbin Dustbin Dustbin Dustbin Dustbin Dustbin Dustbin Dustbin Dustbin Dustbin Dustbin Dustbin Dustbin Dustbin Dustbin Dustbin Dustbin Dustbin Dustbin Dustbin Dustbin Dustbin Dustbin Dustbin Dustbin Dustbin Dustbin Dustbin Dustbin Dustbin Dustbin Dustbin Dustbin Dustbin Dustbin Dustbin Dustbin Dustbin Dustbin Dustbin Dustbin Dustbin Dustbin Dustbin Dustbin Dustbin Dustbin Dustbin Dustbin Dustbin Dustbin Dustbin Dustbin Dustbin Dustbin Dustbin Dustbin Dustbin Dustbin
2019-02-03 16:11:46.315495: I tensorflow/core/kernels/lookup_util.cc:376] Table trying to initialize from file /home/emlab/Desktop/syuuron/nmt/attention_PI_0.5PS_0.3PD_0.2_Noisy_model/Vocab.in is already initialized.
2019-02-03 16:11:46.315522: I tensorflow/core/kernels/lookup_util.cc:376] Table trying to initialize from file /home/emlab/Desktop/syuuron/nmt/attention_PI_0.5PS_0.3PD_0.2_Noisy_model/Vocab.out is already initialized.
2019-02-03 16:11:46.315499: I tensorflow/core/kernels/lookup_util.cc:376] Table trying to initialize from file /home/emlab/Desktop/syuuron/nmt/attention_PI_0.5PS_0.3PD_0.2_Noisy_model/Vocab.out is already initialized.
  created infer model with fresh parameters, time 0.07s
--------------------------------------------------------------------------------------------
# Finished an epoch, step 486. Perform external evaluation
2019-02-03 16:11:56.515551: I tensorflow/core/kernels/lookup_util.cc:376] Table trying to initialize from file /home/emlab/Desktop/syuuron/nmt/attention_PI_0.5PS_0.3PD_0.2_Noisy_model/Vocab.out is already initialized.
2019-02-03 16:11:56.515551: I tensorflow/core/kernels/lookup_util.cc:376] Table trying to initialize from file /home/emlab/Desktop/syuuron/nmt/attention_PI_0.5PS_0.3PD_0.2_Noisy_model/Vocab.out is already initialized.
2019-02-03 16:11:56.515551: I tensorflow/core/kernels/lookup_util.cc:376] Table trying to initialize from file /home/emlab/Desktop/syuuron/nmt/attention_PI_0.5PS_0.3PD_0.2_Noisy_model/Vocab.in is already initialized.
  created infer model with fresh parameters, time 0.07s
  # 737
    src: AW2 T AH2 ER0 AH0 EH IH1 V IH0 EH0 NG UW0 ER1 AA1 UW2 T EH0 AE0 EY1 B AH0 OW B Z AO0 L ER0 IH UW0 EH EY1 AY0 AO AA IY AW B NG AY0 AE0 AH2 V L IH0 AH1 N ER0 ER1 CH UW0 UH1 T IH1 AO1 EH1 AH T AW1 D AE2 AA1 HH N D ER AY1 N EY2 IH0 Y IY2 AY1 EY2 NG T AH0 L NG EH1 L AY1
    ref: Move (  Living_Table  ) Find ( Bath_Cleaner Living_Table  ) Grasp ( Bath_Cleaner ) Plcae ( Bath_Cleaner Dining_Table )
    nmt: person Say )，Move white_cup
2019-02-03 16:11:56.610144: I tensorflow/core/kernels/lookup_util.cc:376] Table trying to initialize from file /home/emlab/Desktop/syuuron/nmt/attention_PI_0.5PS_0.3PD_0.2_Noisy_model/Vocab.in is already initialized.
2019-02-03 16:11:56.610144: I tensorflow/core/kernels/lookup_util.cc:376] Table trying to initialize from file /home/emlab/Desktop/syuuron/nmt/attention_PI_0.5PS_0.3PD_0.2_Noisy_model/Vocab.out is already initialized.
2019-02-03 16:11:56.610144: I tensorflow/core/kernels/lookup_util.cc:376] Table trying to initialize from file /home/emlab/Desktop/syuuron/nmt/attention_PI_0.5PS_0.3PD_0.2_Noisy_model/Vocab.out is already initialized.
  created infer model with fresh parameters, time 0.07s
  step 500 lr 1 step-time 0.13s wps 79.29K ppl 5.57 gN 8.36 bleu 0.00, Sun Feb  3 16:11:58 2019
--------------------------------------------------------------------------------------------
# Finished an epoch, step 567. Perform external evaluation
2019-02-03 16:12:06.892567: I tensorflow/core/kernels/lookup_util.cc:376] Table trying to initialize from file /home/emlab/Desktop/syuuron/nmt/attention_PI_0.5PS_0.3PD_0.2_Noisy_model/Vocab.out is already initialized.
2019-02-03 16:12:06.892567: I tensorflow/core/kernels/lookup_util.cc:376] Table trying to initialize from file /home/emlab/Desktop/syuuron/nmt/attention_PI_0.5PS_0.3PD_0.2_Noisy_model/Vocab.out is already initialized.
2019-02-03 16:12:06.892567: I tensorflow/core/kernels/lookup_util.cc:376] Table trying to initialize from file /home/emlab/Desktop/syuuron/nmt/attention_PI_0.5PS_0.3PD_0.2_Noisy_model/Vocab.in is already initialized.
  created infer model with fresh parameters, time 0.07s
  # 345
    src: K ZH N AA1 ER IY AO0 S AA1 AW1 AH2 L B ER1 L K W IY0 N AE1 HH EY0 EH1 AA0 AW1 EH0 EH0 EY1 N AO0 EH2 AA0 NG AE0 OW2 R AE1 AY1 OW2 R N ER0 UW1 ER0 AY0 EH1 EH2 AO2 F EY0 D IH AO0 EH1 CH EY AH0 AA1 IH1 T AE IY0 F AO2 R AH1 AH0 AH1 S OW1 SH AH0
    ref: Say ( person ) Listen ( filled_ketchup ) Move ( Sofa ) Find ( filled_ketchup Sofa ) Grasp ( filled_ketchup ) Move ( filled_ketchup ) Place ( filled_ketchup Sofa ) 
    nmt: 
2019-02-03 16:12:06.985098: I tensorflow/core/kernels/lookup_util.cc:376] Table trying to initialize from file /home/emlab/Desktop/syuuron/nmt/attention_PI_0.5PS_0.3PD_0.2_Noisy_model/Vocab.out is already initialized.
2019-02-03 16:12:06.985098: I tensorflow/core/kernels/lookup_util.cc:376] Table trying to initialize from file /home/emlab/Desktop/syuuron/nmt/attention_PI_0.5PS_0.3PD_0.2_Noisy_model/Vocab.out is already initialized.
2019-02-03 16:12:06.985098: I tensorflow/core/kernels/lookup_util.cc:376] Table trying to initialize from file /home/emlab/Desktop/syuuron/nmt/attention_PI_0.5PS_0.3PD_0.2_Noisy_model/Vocab.in is already initialized.
  created infer model with fresh parameters, time 0.07s
  step 600 lr 1 step-time 0.13s wps 82.84K ppl 6.00 gN 9.66 bleu 0.00, Sun Feb  3 16:12:11 2019
--------------------------------------------------------------------------------------------
# Finished an epoch, step 648. Perform external evaluation
2019-02-03 16:12:17.208396: I tensorflow/core/kernels/lookup_util.cc:376] Table trying to initialize from file /home/emlab/Desktop/syuuron/nmt/attention_PI_0.5PS_0.3PD_0.2_Noisy_model/Vocab.in is already initialized.
2019-02-03 16:12:17.208409: I tensorflow/core/kernels/lookup_util.cc:376] Table trying to initialize from file /home/emlab/Desktop/syuuron/nmt/attention_PI_0.5PS_0.3PD_0.2_Noisy_model/Vocab.out is already initialized.
2019-02-03 16:12:17.208396: I tensorflow/core/kernels/lookup_util.cc:376] Table trying to initialize from file /home/emlab/Desktop/syuuron/nmt/attention_PI_0.5PS_0.3PD_0.2_Noisy_model/Vocab.out is already initialized.
  created infer model with fresh parameters, time 0.07s
  # 515
    src: G AA0 AA0 OW1 EH NG OW0 T UW1 ER1 TH AY1 S OW1 CH F AY2 IY0 UH2 AY1 N OW1 EY2 D P AO OY1 Z EH M N N T EY1 IH1 AO1 AH1 AO AO0 AY1 ER0 F ER0 AW2 OW1 AA1 V L AW OW0 AH0 AY0 AO1 ER1 S EH N
    ref: Move ( Sofa ) Find ( person Sofa ) Follow ( person )
    nmt: HERE HERE Visitor_Room Visitor_Room Visitor_Room Visitor_Room Visitor_Room Visitor_Room Visitor_Room tumbler Red_Tea Red_Tea Red_Tea Red_Tea Red_Tea Dining_Room Dustbin Red_Tea empty_plastic_bottle empty_plastic_bottle empty_plastic_bottle sauce sauce sauce filled_plastic_bottle filled_plastic_bottle Reception_Table Reception_Table <unk> Reception_Table Reception_Table HERE empty_plastic_bottle empty_plastic_bottle Dining_Sofa Dining_Sofa Dish_Cleaner Dish_Cleaner Dish_Cleaner Dish_Cleaner Dish_Cleaner Dish_Cleaner Dish_Cleaner Dish_Cleaner Dish_Cleaner Dish_Cleaner Dish_Cleaner toy_car toy_car toy_car toy_car toy_car toy_car toy_car Japanese_Tea Grasp Grasp Grasp Dining_Sofa Japanese_Tea Stick_Potato cigarette cigarette spray_bottle spray_bottle Stick_Potato spray_bottle Stick_Potato spray_bottle Stick_Potato spray_bottle Stick_Potato spray_bottle spray_bottle Stick_Potato spray_bottle spray_bottle spray_bottle spray_bottle Living_Sofa spray_bottle spray_bottle canned_juice Dish_Cleaner Dish_Cleaner Dish_Cleaner Red_Potato Red_Potato Red_Potato toy_car Red_Potato Red_Potato Red_Potato Red_Potato Red_Potato Red_Potato Red_Potato Red_Potato Red_Potato Red_Potato Red_Potato Red_Potato Red_Potato Red_Potato Red_Potato Red_Potato Red_Potato Red_Potato Red_Potato Red_Potato Red_Potato Red_Potato Red_Potato Red_Potato
2019-02-03 16:12:17.372861: I tensorflow/core/kernels/lookup_util.cc:376] Table trying to initialize from file /home/emlab/Desktop/syuuron/nmt/attention_PI_0.5PS_0.3PD_0.2_Noisy_model/Vocab.in is already initialized.
2019-02-03 16:12:17.372876: I tensorflow/core/kernels/lookup_util.cc:376] Table trying to initialize from file /home/emlab/Desktop/syuuron/nmt/attention_PI_0.5PS_0.3PD_0.2_Noisy_model/Vocab.out is already initialized.
2019-02-03 16:12:17.372876: I tensorflow/core/kernels/lookup_util.cc:376] Table trying to initialize from file /home/emlab/Desktop/syuuron/nmt/attention_PI_0.5PS_0.3PD_0.2_Noisy_model/Vocab.out is already initialized.
  created infer model with fresh parameters, time 0.08s
  step 700 lr 1 step-time 0.12s wps 83.41K ppl 3.73 gN 5.56 bleu 0.00, Sun Feb  3 16:12:24 2019
--------------------------------------------------------------------------------------------
# Finished an epoch, step 729. Perform external evaluation
2019-02-03 16:12:27.530391: I tensorflow/core/kernels/lookup_util.cc:376] Table trying to initialize from file /home/emlab/Desktop/syuuron/nmt/attention_PI_0.5PS_0.3PD_0.2_Noisy_model/Vocab.out is already initialized.
2019-02-03 16:12:27.530391: I tensorflow/core/kernels/lookup_util.cc:376] Table trying to initialize from file /home/emlab/Desktop/syuuron/nmt/attention_PI_0.5PS_0.3PD_0.2_Noisy_model/Vocab.out is already initialized.
2019-02-03 16:12:27.530391: I tensorflow/core/kernels/lookup_util.cc:376] Table trying to initialize from file /home/emlab/Desktop/syuuron/nmt/attention_PI_0.5PS_0.3PD_0.2_Noisy_model/Vocab.in is already initialized.
  created infer model with fresh parameters, time 0.08s
  # 1254
    src: G AH AO1 UW1 S EY0 AE0 CH ER K G OW0 ER0 OW1 T AE R UW1 AY1 D AW2 AY1 AH2 Z EY1 TH R UW0 OW2 AH0 N OY2 AO2 ZH ER0 IY TH L AA1 IY DH AH0 AH0 AA1 IH0 NG AO1 OY M AW2 D F OW2 M N
    ref: Move ( Sofa )  Move ( Dining_Room )  Move ( apartment )
    nmt: filled_plastic_bottle filled_plastic_bottle Sofa filled_ketchup pesron filled_ketchup pesron filled_ketchup pesron filled_ketchup pesron filled_ketchup pesron filled_ketchup pesron filled_ketchup pesron filled_ketchup <unk> <unk> pesron filled_ketchup pesron filled_ketchup filled_plastic_bottle filled_ketchup <unk> <unk> <unk> <unk> rubik's_cube cubic_clock Dining_Sofa Dining_Sofa bell_pepper bell_pepper bell_pepper bell_pepper Find Find Blue_Potato Find Blue_Potato bell_pepper Find Find Blue_Potato Find Blue_Potato Find Find Blue_Potato Find Red_Potato bell_pepper Find Find Blue_Potato Find Blue_Potato Find Find Blue_Potato Find Find Blue_Potato Find person person
2019-02-03 16:12:27.666543: I tensorflow/core/kernels/lookup_util.cc:376] Table trying to initialize from file /home/emlab/Desktop/syuuron/nmt/attention_PI_0.5PS_0.3PD_0.2_Noisy_model/Vocab.out is already initialized.
2019-02-03 16:12:27.666557: I tensorflow/core/kernels/lookup_util.cc:376] Table trying to initialize from file /home/emlab/Desktop/syuuron/nmt/attention_PI_0.5PS_0.3PD_0.2_Noisy_model/Vocab.out is already initialized.
2019-02-03 16:12:27.666557: I tensorflow/core/kernels/lookup_util.cc:376] Table trying to initialize from file /home/emlab/Desktop/syuuron/nmt/attention_PI_0.5PS_0.3PD_0.2_Noisy_model/Vocab.in is already initialized.
  created infer model with fresh parameters, time 0.07s
  step 800 lr 1 step-time 0.12s wps 83.09K ppl 3.00 gN 3.63 bleu 0.00, Sun Feb  3 16:12:36 2019
--------------------------------------------------------------------------------------------
# Finished an epoch, step 810. Perform external evaluation
2019-02-03 16:12:37.903088: I tensorflow/core/kernels/lookup_util.cc:376] Table trying to initialize from file /home/emlab/Desktop/syuuron/nmt/attention_PI_0.5PS_0.3PD_0.2_Noisy_model/Vocab.out is already initialized.
2019-02-03 16:12:37.903088: I tensorflow/core/kernels/lookup_util.cc:376] Table trying to initialize from file /home/emlab/Desktop/syuuron/nmt/attention_PI_0.5PS_0.3PD_0.2_Noisy_model/Vocab.out is already initialized.
2019-02-03 16:12:37.903088: I tensorflow/core/kernels/lookup_util.cc:376] Table trying to initialize from file /home/emlab/Desktop/syuuron/nmt/attention_PI_0.5PS_0.3PD_0.2_Noisy_model/Vocab.in is already initialized.
  created infer model with fresh parameters, time 0.08s
  # 1079
    src: G OW1 T UW1 S OW1 OY0 F AH0 N D JH IH0 UH2 EH1 K W T T OY1 D AH1 K G R IH2 AH2 AH2 S F
    ref: Move (  Sofa  ) Find ( toy_duck Sofa  ) Grasp ( toy_duck ) 
    nmt: toy_car toy_car canned_juice canned_juice canned_juice canned_juice canned_juice empty_plastic_bottle empty_plastic_bottle Side_Table Follow cubic_clock toy_car Side_Table toy_car Side_Table apple
2019-02-03 16:12:38.003964: I tensorflow/core/kernels/lookup_util.cc:376] Table trying to initialize from file /home/emlab/Desktop/syuuron/nmt/attention_PI_0.5PS_0.3PD_0.2_Noisy_model/Vocab.in is already initialized.
2019-02-03 16:12:38.003968: I tensorflow/core/kernels/lookup_util.cc:376] Table trying to initialize from file /home/emlab/Desktop/syuuron/nmt/attention_PI_0.5PS_0.3PD_0.2_Noisy_model/Vocab.out is already initialized.
2019-02-03 16:12:38.003968: I tensorflow/core/kernels/lookup_util.cc:376] Table trying to initialize from file /home/emlab/Desktop/syuuron/nmt/attention_PI_0.5PS_0.3PD_0.2_Noisy_model/Vocab.out is already initialized.
  created infer model with fresh parameters, time 0.08s
--------------------------------------------------------------------------------------------
# Finished an epoch, step 891. Perform external evaluation
2019-02-03 16:12:48.285918: I tensorflow/core/kernels/lookup_util.cc:376] Table trying to initialize from file /home/emlab/Desktop/syuuron/nmt/attention_PI_0.5PS_0.3PD_0.2_Noisy_model/Vocab.out is already initialized.
2019-02-03 16:12:48.285918: I tensorflow/core/kernels/lookup_util.cc:376] Table trying to initialize from file /home/emlab/Desktop/syuuron/nmt/attention_PI_0.5PS_0.3PD_0.2_Noisy_model/Vocab.in is already initialized.
2019-02-03 16:12:48.285918: I tensorflow/core/kernels/lookup_util.cc:376] Table trying to initialize from file /home/emlab/Desktop/syuuron/nmt/attention_PI_0.5PS_0.3PD_0.2_Noisy_model/Vocab.out is already initialized.
  created infer model with fresh parameters, time 0.08s
  # 1532
    src: EY2 UW1 T UW1 EH D AY1 TH N OW AH OY0 IH1 IH0 NG OY AY S OW1 F AH0 D UH0 N AO1 AH Y B Z AW S AA1 N UW0 N IH1 EH2 N UW1 AY1 OY2 AH2 UH0 B R ER IH1 Y Y AY UW NG EH1 P DH NG OW1 AA AY2 K EH2 K IY P F EH0 IY2 R UW2 ER2 AH1 ER AO0 AE UW UW0 P AE2 OW1 K AA0 T EY1 CH L
    ref: Move (  Dining_Sofa  ) Find ( pink_cup Dining_Sofa  ) Grasp ( pink_cup ) Find ( PERSON Dining_Sofa ) Plcae ( pink_cup PERSON )
    nmt: Long_Potato kitchen Find Japanese_Tea toy_duck toy_duck Say Grasp Reception_Table Reception_Table Strawberry_Juice Strawberry_Juice Strawberry_Juice Strawberry_Juice Strawberry_Juice Sofa Sofa sugar Strawberry_Juice Sofa Dining_Sofa Red_Tea Cup_Noodle Living_Room Brown_Tea Brown_Tea Brown_Tea Brown_Tea Brown_Tea Brown_Tea Brown_Tea Brown_Tea Brown_Tea Brown_Tea Brown_Tea Brown_Tea Brown_Tea toy_car spray_bottle Plcae cubic_clock Chip_Star salt salt salt salt Living_Table cubic_clock salt salt salt Brown_Tea Brown_Tea Brown_Tea Brown_Tea Brown_Tea Brown_Tea Brown_Tea Brown_Tea toy_car toy_car toy_car spray_bottle cubic_clock Chip_Star bed_room bed_room filled_plastic_bottle toy_penguin salt salt salt bed_room filled_plastic_bottle empty_ketchup bed_room Say filled_plastic_bottle spray_bottle cubic_clock bed_room twin_bell_alarm_clock twin_bell_alarm_clock Find Find Find Onion_Dressing Find Onion_Dressing toy_penguin toy_penguin toy_penguin toy_penguin toy_penguin toy_penguin toy_penguin toy_penguin toy_penguin sauce Orange_Juice Orange_Juice Kitchen_Table Bath_Cleaner Bath_Cleaner Bath_Cleaner Bath_Cleaner Bath_Cleaner Bath_Cleaner Bath_Cleaner Bath_Cleaner Bath_Cleaner spray_bottle spray_bottle cubic_clock cubic_clock twin_bell_alarm_clock Find Say Find Red_Potato Say Find Onion_Dressing Say filled_plastic_bottle Strawberry_Juice Strawberry_Juice Strawberry_Juice Strawberry_Juice Sofa Sofa Sofa sugar Red_Tea Strawberry_Juice Strawberry_Juice Strawberry_Juice Sofa Sofa Dining_Sofa sauce bed_room sauce bed_room Korean_Soup bed_room empty_ketchup empty_ketchup spray_bottle <unk> Long_Potato Long_Potato Plcae Reception_Table Reception_Table Reception_Table pink_cup Brown_Tea Brown_Tea Brown_Tea Brown_Tea Brown_Tea Brown_Tea Brown_Tea Brown_Tea Brown_Tea Brown_Tea Brown_Tea Brown_Tea Brown_Tea
2019-02-03 16:12:48.497808: I tensorflow/core/kernels/lookup_util.cc:376] Table trying to initialize from file /home/emlab/Desktop/syuuron/nmt/attention_PI_0.5PS_0.3PD_0.2_Noisy_model/Vocab.in is already initialized.
2019-02-03 16:12:48.497826: I tensorflow/core/kernels/lookup_util.cc:376] Table trying to initialize from file /home/emlab/Desktop/syuuron/nmt/attention_PI_0.5PS_0.3PD_0.2_Noisy_model/Vocab.out is already initialized.
2019-02-03 16:12:48.497862: I tensorflow/core/kernels/lookup_util.cc:376] Table trying to initialize from file /home/emlab/Desktop/syuuron/nmt/attention_PI_0.5PS_0.3PD_0.2_Noisy_model/Vocab.out is already initialized.
  created infer model with fresh parameters, time 0.08s
  step 900 lr 1 step-time 0.13s wps 79.31K ppl 2.69 gN 2.57 bleu 0.00, Sun Feb  3 16:12:50 2019
--------------------------------------------------------------------------------------------
# Finished an epoch, step 972. Perform external evaluation
2019-02-03 16:12:58.758516: I tensorflow/core/kernels/lookup_util.cc:376] Table trying to initialize from file /home/emlab/Desktop/syuuron/nmt/attention_PI_0.5PS_0.3PD_0.2_Noisy_model/Vocab.out is already initialized.
2019-02-03 16:12:58.758533: I tensorflow/core/kernels/lookup_util.cc:376] Table trying to initialize from file /home/emlab/Desktop/syuuron/nmt/attention_PI_0.5PS_0.3PD_0.2_Noisy_model/Vocab.in is already initialized.
2019-02-03 16:12:58.758516: I tensorflow/core/kernels/lookup_util.cc:376] Table trying to initialize from file /home/emlab/Desktop/syuuron/nmt/attention_PI_0.5PS_0.3PD_0.2_Noisy_model/Vocab.out is already initialized.
  created infer model with fresh parameters, time 0.08s
  # 1358
    src: AY1 T ZH EH1 IH AY2 CH AW2 EY2 R W M UW2 K S IY1 G P Z UW0 T B AY1 R UW1 B EH1 AA2 IH2 T OW2 OY0 IH2 V K Y UW1 IH1 V EH0 B EH CH IH1 SH T EY1 K R EH0 B G
    ref: Move (  bed_room  ) Find ( rubik's_cube bed_room  ) Grasp ( rubik's_cube ) 
    nmt: Bar Bar Bar Bar Bar sauce Grasp Reception_Table Visitor_Room Visitor_Room rubik's_cube Say Long_Potato toy_car toy_car Side_Table HERE HERE Korean_Soup HERE HERE Korean_Soup HERE HERE Korean_Soup HERE HERE Korean_Soup HERE HERE HERE HERE HERE HERE HERE HERE HERE HERE HERE HERE HERE HERE HERE HERE HERE HERE HERE HERE HERE HERE HERE HERE HERE HERE HERE HERE HERE HERE HERE HERE HERE HERE HERE HERE HERE HERE HERE HERE HERE HERE HERE HERE HERE HERE HERE HERE HERE HERE HERE HERE HERE HERE HERE HERE HERE HERE HERE HERE HERE HERE HERE HERE HERE HERE HERE HERE HERE HERE HERE HERE HERE HERE HERE HERE
2019-02-03 16:12:58.922204: I tensorflow/core/kernels/lookup_util.cc:376] Table trying to initialize from file /home/emlab/Desktop/syuuron/nmt/attention_PI_0.5PS_0.3PD_0.2_Noisy_model/Vocab.out is already initialized.
2019-02-03 16:12:58.922215: I tensorflow/core/kernels/lookup_util.cc:376] Table trying to initialize from file /home/emlab/Desktop/syuuron/nmt/attention_PI_0.5PS_0.3PD_0.2_Noisy_model/Vocab.out is already initialized.
2019-02-03 16:12:58.922222: I tensorflow/core/kernels/lookup_util.cc:376] Table trying to initialize from file /home/emlab/Desktop/syuuron/nmt/attention_PI_0.5PS_0.3PD_0.2_Noisy_model/Vocab.in is already initialized.
  created infer model with fresh parameters, time 0.08s
  step 1000 lr 1 step-time 0.13s wps 82.67K ppl 2.60 gN 2.42 bleu 0.00, Sun Feb  3 16:13:02 2019
# Save eval, global step 1000
2019-02-03 16:13:03.036010: I tensorflow/core/kernels/lookup_util.cc:376] Table trying to initialize from file /home/emlab/Desktop/syuuron/nmt/attention_PI_0.5PS_0.3PD_0.2_Noisy_model/Vocab.out is already initialized.
2019-02-03 16:13:03.036021: I tensorflow/core/kernels/lookup_util.cc:376] Table trying to initialize from file /home/emlab/Desktop/syuuron/nmt/attention_PI_0.5PS_0.3PD_0.2_Noisy_model/Vocab.in is already initialized.
2019-02-03 16:13:03.036070: I tensorflow/core/kernels/lookup_util.cc:376] Table trying to initialize from file /home/emlab/Desktop/syuuron/nmt/attention_PI_0.5PS_0.3PD_0.2_Noisy_model/Vocab.out is already initialized.
  loaded infer model parameters from /home/emlab/Desktop/syuuron/nmt/attention_PI_0.5PS_0.3PD_0.2_Noisy_model/translate.ckpt-1000, time 0.05s
  # 1245
    src: G IY2 OW1 T B IH DH UW2 V UH0 IH1 W OW1 OW2 EH0 CH AH0 Z EY AE0 Z JH IH0 AA2 S SH T ER2 G ER0 R UH1 EY1 EH1 AO1 UH EH ER1 AH0 UH0 IY1 N IH0 D IH2 EH P AA1 ZH AO2 EY0 NG AW AH0 P AA ER1 UH2 JH EY OW1 G AH AY S Y N IH1 R B AW2 V B SH AH AY2 IH1 NG IH1 IH1 T N UH0 IH AE1 AH P V IH0 EY2 AY2 AH1 NG EY1 AH0
    ref: Move ( Visitor_Room ) Find ( person Visitor_Room ) Move ( Living_Table ) Grasp ( Chip_Star )  Move ( person )
    nmt: Move ( Side_Table ) Move ( Living_Table ) Move ( apartment )
2019-02-03 16:13:03.111113: I tensorflow/core/kernels/lookup_util.cc:376] Table trying to initialize from file /home/emlab/Desktop/syuuron/nmt/attention_PI_0.5PS_0.3PD_0.2_Noisy_model/Vocab.in is already initialized.
2019-02-03 16:13:03.111123: I tensorflow/core/kernels/lookup_util.cc:376] Table trying to initialize from file /home/emlab/Desktop/syuuron/nmt/attention_PI_0.5PS_0.3PD_0.2_Noisy_model/Vocab.out is already initialized.
2019-02-03 16:13:03.111123: I tensorflow/core/kernels/lookup_util.cc:376] Table trying to initialize from file /home/emlab/Desktop/syuuron/nmt/attention_PI_0.5PS_0.3PD_0.2_Noisy_model/Vocab.out is already initialized.
  loaded eval model parameters from /home/emlab/Desktop/syuuron/nmt/attention_PI_0.5PS_0.3PD_0.2_Noisy_model/translate.ckpt-1000, time 0.04s
  eval dev: perplexity 2.44, time 1s, Sun Feb  3 16:13:04 2019.
  eval test: perplexity 2.97, time 0s, Sun Feb  3 16:13:04 2019.
--------------------------------------------------------------------------------------------
# Finished an epoch, step 1053. Perform external evaluation
2019-02-03 16:13:10.652707: I tensorflow/core/kernels/lookup_util.cc:376] Table trying to initialize from file /home/emlab/Desktop/syuuron/nmt/attention_PI_0.5PS_0.3PD_0.2_Noisy_model/Vocab.in is already initialized.
2019-02-03 16:13:10.652707: I tensorflow/core/kernels/lookup_util.cc:376] Table trying to initialize from file /home/emlab/Desktop/syuuron/nmt/attention_PI_0.5PS_0.3PD_0.2_Noisy_model/Vocab.out is already initialized.
2019-02-03 16:13:10.652772: I tensorflow/core/kernels/lookup_util.cc:376] Table trying to initialize from file /home/emlab/Desktop/syuuron/nmt/attention_PI_0.5PS_0.3PD_0.2_Noisy_model/Vocab.out is already initialized.
  loaded infer model parameters from /home/emlab/Desktop/syuuron/nmt/attention_PI_0.5PS_0.3PD_0.2_Noisy_model/translate.ckpt-1000, time 0.03s
  # 1555
    src: NG AH G OW2 OW1 EY ER DH T IH1 V AA0 AE0 AE1 AY0 T EY1 AH0 EH L OW1 AO0 AE2 N UH0 TH EH1 K EY0 EY2 UH2 P UW IY0 EH1 EY1 T UW2 AO1 AA0 AH1 T AA0 AH1 M B T ER2 ER2 AW1 AW2 R K IH1 UH
    ref: Move ( Living_Table ) Find ( tumbler Living_Table  ) Grasp ( tumbler )
    nmt: Move ( Side_Table ) Find ( person Side_Table ) Follow ( person )
2019-02-03 16:13:10.707951: I tensorflow/core/kernels/lookup_util.cc:376] Table trying to initialize from file /home/emlab/Desktop/syuuron/nmt/attention_PI_0.5PS_0.3PD_0.2_Noisy_model/Vocab.out is already initialized.
2019-02-03 16:13:10.707951: I tensorflow/core/kernels/lookup_util.cc:376] Table trying to initialize from file /home/emlab/Desktop/syuuron/nmt/attention_PI_0.5PS_0.3PD_0.2_Noisy_model/Vocab.in is already initialized.
2019-02-03 16:13:10.707952: I tensorflow/core/kernels/lookup_util.cc:376] Table trying to initialize from file /home/emlab/Desktop/syuuron/nmt/attention_PI_0.5PS_0.3PD_0.2_Noisy_model/Vocab.out is already initialized.
  loaded infer model parameters from /home/emlab/Desktop/syuuron/nmt/attention_PI_0.5PS_0.3PD_0.2_Noisy_model/translate.ckpt-1000, time 0.03s
# External evaluation, global step 1000
  decoding to output /home/emlab/Desktop/syuuron/nmt/attention_PI_0.5PS_0.3PD_0.2_Noisy_model/output_dev
  done, num sentences 2001, num translations per input 1, time 0s, Sun Feb  3 16:13:11 2019.
  bleu dev: 16.1
  saving hparams to /home/emlab/Desktop/syuuron/nmt/attention_PI_0.5PS_0.3PD_0.2_Noisy_model/hparams
# External evaluation, global step 1000
  decoding to output /home/emlab/Desktop/syuuron/nmt/attention_PI_0.5PS_0.3PD_0.2_Noisy_model/output_test
  done, num sentences 100, num translations per input 1, time 0s, Sun Feb  3 16:13:11 2019.
  bleu test: 10.1
  saving hparams to /home/emlab/Desktop/syuuron/nmt/attention_PI_0.5PS_0.3PD_0.2_Noisy_model/hparams
  step 1100 lr 1 step-time 0.12s wps 83.18K ppl 2.50 gN 2.28 bleu 16.07, Sun Feb  3 16:13:18 2019
--------------------------------------------------------------------------------------------
# Finished an epoch, step 1134. Perform external evaluation
2019-02-03 16:13:22.033457: I tensorflow/core/kernels/lookup_util.cc:376] Table trying to initialize from file /home/emlab/Desktop/syuuron/nmt/attention_PI_0.5PS_0.3PD_0.2_Noisy_model/Vocab.out is already initialized.
2019-02-03 16:13:22.033457: I tensorflow/core/kernels/lookup_util.cc:376] Table trying to initialize from file /home/emlab/Desktop/syuuron/nmt/attention_PI_0.5PS_0.3PD_0.2_Noisy_model/Vocab.in is already initialized.
2019-02-03 16:13:22.033457: I tensorflow/core/kernels/lookup_util.cc:376] Table trying to initialize from file /home/emlab/Desktop/syuuron/nmt/attention_PI_0.5PS_0.3PD_0.2_Noisy_model/Vocab.out is already initialized.
  loaded infer model parameters from /home/emlab/Desktop/syuuron/nmt/attention_PI_0.5PS_0.3PD_0.2_Noisy_model/translate.ckpt-1000, time 0.03s
  # 1533
    src: G T UH2 IY1 ER1 AE2 UH0 UW1 SH S G D AO AA1 B AA M F EY1 N AW1 AH0 P OY1 Y AW0 ER1 AH0 N EY R B AY1 AW IH1 N EY0 EY L Y F F UW2 ER K AO1 ER UH2 AE1 OW AE1 AY2 OW0 AO1 DH P ER1 S OY1 AY AH2
    ref: Move ( Side_Table ) Find ( person Side_Table  ) Follow ( person )
    nmt: Move ( Side_Table ) Move ( Living_Table ) Move ( apartment )
2019-02-03 16:13:22.090631: I tensorflow/core/kernels/lookup_util.cc:376] Table trying to initialize from file /home/emlab/Desktop/syuuron/nmt/attention_PI_0.5PS_0.3PD_0.2_Noisy_model/Vocab.out is already initialized.
2019-02-03 16:13:22.090631: I tensorflow/core/kernels/lookup_util.cc:376] Table trying to initialize from file /home/emlab/Desktop/syuuron/nmt/attention_PI_0.5PS_0.3PD_0.2_Noisy_model/Vocab.out is already initialized.
2019-02-03 16:13:22.090634: I tensorflow/core/kernels/lookup_util.cc:376] Table trying to initialize from file /home/emlab/Desktop/syuuron/nmt/attention_PI_0.5PS_0.3PD_0.2_Noisy_model/Vocab.in is already initialized.
  loaded infer model parameters from /home/emlab/Desktop/syuuron/nmt/attention_PI_0.5PS_0.3PD_0.2_Noisy_model/translate.ckpt-1000, time 0.03s
# External evaluation, global step 1000
  decoding to output /home/emlab/Desktop/syuuron/nmt/attention_PI_0.5PS_0.3PD_0.2_Noisy_model/output_dev
  done, num sentences 2001, num translations per input 1, time 0s, Sun Feb  3 16:13:22 2019.
  bleu dev: 16.1
  saving hparams to /home/emlab/Desktop/syuuron/nmt/attention_PI_0.5PS_0.3PD_0.2_Noisy_model/hparams
# External evaluation, global step 1000
  decoding to output /home/emlab/Desktop/syuuron/nmt/attention_PI_0.5PS_0.3PD_0.2_Noisy_model/output_test
  done, num sentences 100, num translations per input 1, time 0s, Sun Feb  3 16:13:23 2019.
  bleu test: 10.1
  saving hparams to /home/emlab/Desktop/syuuron/nmt/attention_PI_0.5PS_0.3PD_0.2_Noisy_model/hparams
  step 1200 lr 1 step-time 0.12s wps 83.31K ppl 2.41 gN 2.12 bleu 16.07, Sun Feb  3 16:13:31 2019
--------------------------------------------------------------------------------------------
# Finished an epoch, step 1215. Perform external evaluation
2019-02-03 16:13:33.355948: I tensorflow/core/kernels/lookup_util.cc:376] Table trying to initialize from file /home/emlab/Desktop/syuuron/nmt/attention_PI_0.5PS_0.3PD_0.2_Noisy_model/Vocab.out is already initialized.
2019-02-03 16:13:33.355948: I tensorflow/core/kernels/lookup_util.cc:376] Table trying to initialize from file /home/emlab/Desktop/syuuron/nmt/attention_PI_0.5PS_0.3PD_0.2_Noisy_model/Vocab.in is already initialized.
2019-02-03 16:13:33.355948: I tensorflow/core/kernels/lookup_util.cc:376] Table trying to initialize from file /home/emlab/Desktop/syuuron/nmt/attention_PI_0.5PS_0.3PD_0.2_Noisy_model/Vocab.out is already initialized.
  loaded infer model parameters from /home/emlab/Desktop/syuuron/nmt/attention_PI_0.5PS_0.3PD_0.2_Noisy_model/translate.ckpt-1000, time 0.03s
  # 1255
    src: AA2 OY2 AE1 B Y UW1 UH AE1 F EY2 G AO1 IY JH TH IH AY0 L V OY2 IH IH0 Y R M M G JH IH0 Y EH1 IH AY0 IY2 UH2 UW2 OW1 EY1 AE0 L IY1 N AY0 HH DH EH1 TH N AH2 K AH1 OY EY B AA K
    ref: Move (  Living_Room  ) Find ( Bath_Cleaner Living_Room ) Grasp ( Bath_Cleaner ) Move ( HERE )
    nmt: Move ( Side_Table ) Find ( person Side_Table ) Follow ( pesron )
2019-02-03 16:13:33.412967: I tensorflow/core/kernels/lookup_util.cc:376] Table trying to initialize from file /home/emlab/Desktop/syuuron/nmt/attention_PI_0.5PS_0.3PD_0.2_Noisy_model/Vocab.out is already initialized.
2019-02-03 16:13:33.412967: I tensorflow/core/kernels/lookup_util.cc:376] Table trying to initialize from file /home/emlab/Desktop/syuuron/nmt/attention_PI_0.5PS_0.3PD_0.2_Noisy_model/Vocab.in is already initialized.
2019-02-03 16:13:33.412976: I tensorflow/core/kernels/lookup_util.cc:376] Table trying to initialize from file /home/emlab/Desktop/syuuron/nmt/attention_PI_0.5PS_0.3PD_0.2_Noisy_model/Vocab.out is already initialized.
  loaded infer model parameters from /home/emlab/Desktop/syuuron/nmt/attention_PI_0.5PS_0.3PD_0.2_Noisy_model/translate.ckpt-1000, time 0.03s
# External evaluation, global step 1000
  decoding to output /home/emlab/Desktop/syuuron/nmt/attention_PI_0.5PS_0.3PD_0.2_Noisy_model/output_dev
  done, num sentences 2001, num translations per input 1, time 0s, Sun Feb  3 16:13:34 2019.
  bleu dev: 16.1
  saving hparams to /home/emlab/Desktop/syuuron/nmt/attention_PI_0.5PS_0.3PD_0.2_Noisy_model/hparams
# External evaluation, global step 1000
  decoding to output /home/emlab/Desktop/syuuron/nmt/attention_PI_0.5PS_0.3PD_0.2_Noisy_model/output_test
  done, num sentences 100, num translations per input 1, time 0s, Sun Feb  3 16:13:34 2019.
  bleu test: 10.1
  saving hparams to /home/emlab/Desktop/syuuron/nmt/attention_PI_0.5PS_0.3PD_0.2_Noisy_model/hparams
--------------------------------------------------------------------------------------------
# Finished an epoch, step 1296. Perform external evaluation
2019-02-03 16:13:44.780857: I tensorflow/core/kernels/lookup_util.cc:376] Table trying to initialize from file /home/emlab/Desktop/syuuron/nmt/attention_PI_0.5PS_0.3PD_0.2_Noisy_model/Vocab.out is already initialized.
2019-02-03 16:13:44.780857: I tensorflow/core/kernels/lookup_util.cc:376] Table trying to initialize from file /home/emlab/Desktop/syuuron/nmt/attention_PI_0.5PS_0.3PD_0.2_Noisy_model/Vocab.out is already initialized.
2019-02-03 16:13:44.780857: I tensorflow/core/kernels/lookup_util.cc:376] Table trying to initialize from file /home/emlab/Desktop/syuuron/nmt/attention_PI_0.5PS_0.3PD_0.2_Noisy_model/Vocab.in is already initialized.
  loaded infer model parameters from /home/emlab/Desktop/syuuron/nmt/attention_PI_0.5PS_0.3PD_0.2_Noisy_model/translate.ckpt-1000, time 0.03s
  # 345
    src: K ZH N AA1 ER IY AO0 S AA1 AW1 AH2 L B ER1 L K W IY0 N AE1 HH EY0 EH1 AA0 AW1 EH0 EH0 EY1 N AO0 EH2 AA0 NG AE0 OW2 R AE1 AY1 OW2 R N ER0 UW1 ER0 AY0 EH1 EH2 AO2 F EY0 D IH AO0 EH1 CH EY AH0 AA1 IH1 T AE IY0 F AO2 R AH1 AH0 AH1 S OW1 SH AH0
    ref: Say ( person ) Listen ( filled_ketchup ) Move ( Sofa ) Find ( filled_ketchup Sofa ) Grasp ( filled_ketchup ) Move ( filled_ketchup ) Place ( filled_ketchup Sofa ) 
    nmt: Move ( Side_Table ) Find ( person Side_Table ) Follow ( pesron )
2019-02-03 16:13:44.845539: I tensorflow/core/kernels/lookup_util.cc:376] Table trying to initialize from file /home/emlab/Desktop/syuuron/nmt/attention_PI_0.5PS_0.3PD_0.2_Noisy_model/Vocab.in is already initialized.
2019-02-03 16:13:44.845539: I tensorflow/core/kernels/lookup_util.cc:376] Table trying to initialize from file /home/emlab/Desktop/syuuron/nmt/attention_PI_0.5PS_0.3PD_0.2_Noisy_model/Vocab.out is already initialized.
2019-02-03 16:13:44.845539: I tensorflow/core/kernels/lookup_util.cc:376] Table trying to initialize from file /home/emlab/Desktop/syuuron/nmt/attention_PI_0.5PS_0.3PD_0.2_Noisy_model/Vocab.out is already initialized.
  loaded infer model parameters from /home/emlab/Desktop/syuuron/nmt/attention_PI_0.5PS_0.3PD_0.2_Noisy_model/translate.ckpt-1000, time 0.03s
# External evaluation, global step 1000
  decoding to output /home/emlab/Desktop/syuuron/nmt/attention_PI_0.5PS_0.3PD_0.2_Noisy_model/output_dev
  done, num sentences 2001, num translations per input 1, time 0s, Sun Feb  3 16:13:45 2019.
  bleu dev: 16.1
  saving hparams to /home/emlab/Desktop/syuuron/nmt/attention_PI_0.5PS_0.3PD_0.2_Noisy_model/hparams
# External evaluation, global step 1000
  decoding to output /home/emlab/Desktop/syuuron/nmt/attention_PI_0.5PS_0.3PD_0.2_Noisy_model/output_test
  done, num sentences 100, num translations per input 1, time 0s, Sun Feb  3 16:13:45 2019.
  bleu test: 10.1
  saving hparams to /home/emlab/Desktop/syuuron/nmt/attention_PI_0.5PS_0.3PD_0.2_Noisy_model/hparams
  step 1300 lr 1 step-time 0.13s wps 78.86K ppl 2.37 gN 2.17 bleu 16.07, Sun Feb  3 16:13:46 2019
--------------------------------------------------------------------------------------------
# Finished an epoch, step 1377. Perform external evaluation
2019-02-03 16:13:56.124079: I tensorflow/core/kernels/lookup_util.cc:376] Table trying to initialize from file /home/emlab/Desktop/syuuron/nmt/attention_PI_0.5PS_0.3PD_0.2_Noisy_model/Vocab.out is already initialized.
2019-02-03 16:13:56.124079: I tensorflow/core/kernels/lookup_util.cc:376] Table trying to initialize from file /home/emlab/Desktop/syuuron/nmt/attention_PI_0.5PS_0.3PD_0.2_Noisy_model/Vocab.out is already initialized.
2019-02-03 16:13:56.124079: I tensorflow/core/kernels/lookup_util.cc:376] Table trying to initialize from file /home/emlab/Desktop/syuuron/nmt/attention_PI_0.5PS_0.3PD_0.2_Noisy_model/Vocab.in is already initialized.
  loaded infer model parameters from /home/emlab/Desktop/syuuron/nmt/attention_PI_0.5PS_0.3PD_0.2_Noisy_model/translate.ckpt-1000, time 0.03s
  # 925
    src: AO1 G AY1 AE1 EH2 AH0 EY TH Y EH0 IH1 UW B AO B AW2 AH0 AA2 UW1 AW2 IH1 OY0 EY G AE2 AO1 F P HH AH0 OW EY1 ER2 UH R T TH UW1 UH2 OW2 AO0 TH IH1 K OY2 AH1 DH SH
    ref: Move ( Sofa ) Grasp ( Long_Potato ) Move ( HERE )
    nmt: Move ( Side_Table ) Find ( person Side_Table ) Follow ( person )
2019-02-03 16:13:56.181907: I tensorflow/core/kernels/lookup_util.cc:376] Table trying to initialize from file /home/emlab/Desktop/syuuron/nmt/attention_PI_0.5PS_0.3PD_0.2_Noisy_model/Vocab.out is already initialized.
2019-02-03 16:13:56.181907: I tensorflow/core/kernels/lookup_util.cc:376] Table trying to initialize from file /home/emlab/Desktop/syuuron/nmt/attention_PI_0.5PS_0.3PD_0.2_Noisy_model/Vocab.in is already initialized.
2019-02-03 16:13:56.181907: I tensorflow/core/kernels/lookup_util.cc:376] Table trying to initialize from file /home/emlab/Desktop/syuuron/nmt/attention_PI_0.5PS_0.3PD_0.2_Noisy_model/Vocab.out is already initialized.
  loaded infer model parameters from /home/emlab/Desktop/syuuron/nmt/attention_PI_0.5PS_0.3PD_0.2_Noisy_model/translate.ckpt-1000, time 0.03s
# External evaluation, global step 1000
  decoding to output /home/emlab/Desktop/syuuron/nmt/attention_PI_0.5PS_0.3PD_0.2_Noisy_model/output_dev
  done, num sentences 2001, num translations per input 1, time 0s, Sun Feb  3 16:13:56 2019.
  bleu dev: 16.1
  saving hparams to /home/emlab/Desktop/syuuron/nmt/attention_PI_0.5PS_0.3PD_0.2_Noisy_model/hparams
# External evaluation, global step 1000
  decoding to output /home/emlab/Desktop/syuuron/nmt/attention_PI_0.5PS_0.3PD_0.2_Noisy_model/output_test
  done, num sentences 100, num translations per input 1, time 0s, Sun Feb  3 16:13:57 2019.
  bleu test: 10.1
  saving hparams to /home/emlab/Desktop/syuuron/nmt/attention_PI_0.5PS_0.3PD_0.2_Noisy_model/hparams
  step 1400 lr 1 step-time 0.12s wps 83.08K ppl 2.33 gN 2.21 bleu 16.07, Sun Feb  3 16:14:00 2019
--------------------------------------------------------------------------------------------
# Finished an epoch, step 1458. Perform external evaluation
2019-02-03 16:14:07.561174: I tensorflow/core/kernels/lookup_util.cc:376] Table trying to initialize from file /home/emlab/Desktop/syuuron/nmt/attention_PI_0.5PS_0.3PD_0.2_Noisy_model/Vocab.out is already initialized.
2019-02-03 16:14:07.561174: I tensorflow/core/kernels/lookup_util.cc:376] Table trying to initialize from file /home/emlab/Desktop/syuuron/nmt/attention_PI_0.5PS_0.3PD_0.2_Noisy_model/Vocab.out is already initialized.
2019-02-03 16:14:07.561256: I tensorflow/core/kernels/lookup_util.cc:376] Table trying to initialize from file /home/emlab/Desktop/syuuron/nmt/attention_PI_0.5PS_0.3PD_0.2_Noisy_model/Vocab.in is already initialized.
  loaded infer model parameters from /home/emlab/Desktop/syuuron/nmt/attention_PI_0.5PS_0.3PD_0.2_Noisy_model/translate.ckpt-1000, time 0.04s
  # 967
    src: OW1 ER1 IH1 OY0 AA L T OY1 EH0 AO AW0 T AA ZH AH AO1 IH2 AW AH0 EH2 HH N D AA2 AY1 EH1 ER0 EH N W IY0 AH0 AE2 OW NG P M EH2 S OY0 AE AH0 N S R IY B OY1 AE UH2 IY AW1 AE ER0 EY2 AA NG D ER2 IH0 IY0 NG Y IH2 IH2 UW0 V F R S OW JH EY1 M K IH1 OW2 AO2 CH EY AH0 ER2 OY T UW AW0 AH0 T AO1 L
    ref: Move ( lobby ) Find ( person lobby ) Move ( Kitchen_Table ) Grasp ( sauce )  Move ( person )
    nmt: Move ( Side_Table ) Find ( person Side_Table ) Follow ( person )
2019-02-03 16:14:07.626814: I tensorflow/core/kernels/lookup_util.cc:376] Table trying to initialize from file /home/emlab/Desktop/syuuron/nmt/attention_PI_0.5PS_0.3PD_0.2_Noisy_model/Vocab.in is already initialized.
2019-02-03 16:14:07.626814: I tensorflow/core/kernels/lookup_util.cc:376] Table trying to initialize from file /home/emlab/Desktop/syuuron/nmt/attention_PI_0.5PS_0.3PD_0.2_Noisy_model/Vocab.out is already initialized.
2019-02-03 16:14:07.626825: I tensorflow/core/kernels/lookup_util.cc:376] Table trying to initialize from file /home/emlab/Desktop/syuuron/nmt/attention_PI_0.5PS_0.3PD_0.2_Noisy_model/Vocab.out is already initialized.
  loaded infer model parameters from /home/emlab/Desktop/syuuron/nmt/attention_PI_0.5PS_0.3PD_0.2_Noisy_model/translate.ckpt-1000, time 0.03s
# External evaluation, global step 1000
  decoding to output /home/emlab/Desktop/syuuron/nmt/attention_PI_0.5PS_0.3PD_0.2_Noisy_model/output_dev
  done, num sentences 2001, num translations per input 1, time 0s, Sun Feb  3 16:14:08 2019.
  bleu dev: 16.1
  saving hparams to /home/emlab/Desktop/syuuron/nmt/attention_PI_0.5PS_0.3PD_0.2_Noisy_model/hparams
# External evaluation, global step 1000
  decoding to output /home/emlab/Desktop/syuuron/nmt/attention_PI_0.5PS_0.3PD_0.2_Noisy_model/output_test
  done, num sentences 100, num translations per input 1, time 0s, Sun Feb  3 16:14:08 2019.
  bleu test: 10.1
  saving hparams to /home/emlab/Desktop/syuuron/nmt/attention_PI_0.5PS_0.3PD_0.2_Noisy_model/hparams
  step 1500 lr 1 step-time 0.13s wps 82.40K ppl 2.30 gN 2.38 bleu 16.07, Sun Feb  3 16:14:14 2019
--------------------------------------------------------------------------------------------
# Finished an epoch, step 1539. Perform external evaluation
2019-02-03 16:14:18.968426: I tensorflow/core/kernels/lookup_util.cc:376] Table trying to initialize from file /home/emlab/Desktop/syuuron/nmt/attention_PI_0.5PS_0.3PD_0.2_Noisy_model/Vocab.in is already initialized.
2019-02-03 16:14:18.968426: I tensorflow/core/kernels/lookup_util.cc:376] Table trying to initialize from file /home/emlab/Desktop/syuuron/nmt/attention_PI_0.5PS_0.3PD_0.2_Noisy_model/Vocab.out is already initialized.
2019-02-03 16:14:18.968426: I tensorflow/core/kernels/lookup_util.cc:376] Table trying to initialize from file /home/emlab/Desktop/syuuron/nmt/attention_PI_0.5PS_0.3PD_0.2_Noisy_model/Vocab.out is already initialized.
  loaded infer model parameters from /home/emlab/Desktop/syuuron/nmt/attention_PI_0.5PS_0.3PD_0.2_Noisy_model/translate.ckpt-1000, time 0.03s
  # 125
    src: G EY AA1 T UW1 AA0 AW0 IY1 IH1 OW2 OY1 AE1 V UH0 AY1 JH NG ER1 OY IY0 Y T OY1 F UW2 IH2 SH M G OW0 UW TH OW1 UH D EH2 SH OW1 N NG OY1 EH0 T AW2 UW AH0 L UH2 IY1 V DH AH0 CH IH2 OW AH0 EH R AH T M AH0 N IY2 T
    ref: Move ( Living_Room ) Move ( Dining_Table )  Move ( apartment )
    nmt: Move ( Side_Table ) Move ( Living_Table ) Move ( apartment )
2019-02-03 16:14:19.030456: I tensorflow/core/kernels/lookup_util.cc:376] Table trying to initialize from file /home/emlab/Desktop/syuuron/nmt/attention_PI_0.5PS_0.3PD_0.2_Noisy_model/Vocab.in is already initialized.
2019-02-03 16:14:19.030456: I tensorflow/core/kernels/lookup_util.cc:376] Table trying to initialize from file /home/emlab/Desktop/syuuron/nmt/attention_PI_0.5PS_0.3PD_0.2_Noisy_model/Vocab.out is already initialized.
2019-02-03 16:14:19.030459: I tensorflow/core/kernels/lookup_util.cc:376] Table trying to initialize from file /home/emlab/Desktop/syuuron/nmt/attention_PI_0.5PS_0.3PD_0.2_Noisy_model/Vocab.out is already initialized.
  loaded infer model parameters from /home/emlab/Desktop/syuuron/nmt/attention_PI_0.5PS_0.3PD_0.2_Noisy_model/translate.ckpt-1000, time 0.04s
# External evaluation, global step 1000
  decoding to output /home/emlab/Desktop/syuuron/nmt/attention_PI_0.5PS_0.3PD_0.2_Noisy_model/output_dev
  done, num sentences 2001, num translations per input 1, time 0s, Sun Feb  3 16:14:19 2019.
  bleu dev: 16.1
  saving hparams to /home/emlab/Desktop/syuuron/nmt/attention_PI_0.5PS_0.3PD_0.2_Noisy_model/hparams
# External evaluation, global step 1000
  decoding to output /home/emlab/Desktop/syuuron/nmt/attention_PI_0.5PS_0.3PD_0.2_Noisy_model/output_test
  done, num sentences 100, num translations per input 1, time 0s, Sun Feb  3 16:14:20 2019.
  bleu test: 10.1
  saving hparams to /home/emlab/Desktop/syuuron/nmt/attention_PI_0.5PS_0.3PD_0.2_Noisy_model/hparams
  step 1600 lr 1 step-time 0.13s wps 82.64K ppl 2.29 gN 2.29 bleu 16.07, Sun Feb  3 16:14:28 2019
--------------------------------------------------------------------------------------------
# Finished an epoch, step 1620. Perform external evaluation
2019-02-03 16:14:30.365489: I tensorflow/core/kernels/lookup_util.cc:376] Table trying to initialize from file /home/emlab/Desktop/syuuron/nmt/attention_PI_0.5PS_0.3PD_0.2_Noisy_model/Vocab.in is already initialized.
2019-02-03 16:14:30.365489: I tensorflow/core/kernels/lookup_util.cc:376] Table trying to initialize from file /home/emlab/Desktop/syuuron/nmt/attention_PI_0.5PS_0.3PD_0.2_Noisy_model/Vocab.out is already initialized.
2019-02-03 16:14:30.365502: I tensorflow/core/kernels/lookup_util.cc:376] Table trying to initialize from file /home/emlab/Desktop/syuuron/nmt/attention_PI_0.5PS_0.3PD_0.2_Noisy_model/Vocab.out is already initialized.
  loaded infer model parameters from /home/emlab/Desktop/syuuron/nmt/attention_PI_0.5PS_0.3PD_0.2_Noisy_model/translate.ckpt-1000, time 0.04s
  # 1215
    src: W IY1 IH1 Y IY0 T V UH1 AH IH1 NG B UH1 AO0 EH1 R D EY2 AO1 EH0 AH1 UW1 IH1 UH M EH N OW1 UW0 AH0 M T V V ER T OY2 UW1 AE1 B SH V HH SH N EH2 AE AH2 AA2 M AY2 IY0 NG ER0 T T AE AO2 IH1 B IY2 D AH2 AW0 AO1 Y OY G S JH UW1 CH UW AH0 OW1 OY UW1
    ref: Move ( Sofa ) Find ( bear_doll Sofa ) Move ( Dining_Table ) Move ( Kitchen_Room )
    nmt: Move ( Side_Table ) Find ( Green_Tea Side_Table ) Grasp ( Chip_Star ) Move ( HERE )
2019-02-03 16:14:30.438049: I tensorflow/core/kernels/lookup_util.cc:376] Table trying to initialize from file /home/emlab/Desktop/syuuron/nmt/attention_PI_0.5PS_0.3PD_0.2_Noisy_model/Vocab.in is already initialized.
2019-02-03 16:14:30.438076: I tensorflow/core/kernels/lookup_util.cc:376] Table trying to initialize from file /home/emlab/Desktop/syuuron/nmt/attention_PI_0.5PS_0.3PD_0.2_Noisy_model/Vocab.out is already initialized.
2019-02-03 16:14:30.438051: I tensorflow/core/kernels/lookup_util.cc:376] Table trying to initialize from file /home/emlab/Desktop/syuuron/nmt/attention_PI_0.5PS_0.3PD_0.2_Noisy_model/Vocab.out is already initialized.
  loaded infer model parameters from /home/emlab/Desktop/syuuron/nmt/attention_PI_0.5PS_0.3PD_0.2_Noisy_model/translate.ckpt-1000, time 0.04s
# External evaluation, global step 1000
  decoding to output /home/emlab/Desktop/syuuron/nmt/attention_PI_0.5PS_0.3PD_0.2_Noisy_model/output_dev
  done, num sentences 2001, num translations per input 1, time 0s, Sun Feb  3 16:14:31 2019.
  bleu dev: 16.1
  saving hparams to /home/emlab/Desktop/syuuron/nmt/attention_PI_0.5PS_0.3PD_0.2_Noisy_model/hparams
# External evaluation, global step 1000
  decoding to output /home/emlab/Desktop/syuuron/nmt/attention_PI_0.5PS_0.3PD_0.2_Noisy_model/output_test
  done, num sentences 100, num translations per input 1, time 0s, Sun Feb  3 16:14:31 2019.
  bleu test: 10.1
  saving hparams to /home/emlab/Desktop/syuuron/nmt/attention_PI_0.5PS_0.3PD_0.2_Noisy_model/hparams
  step 1700 lr 1 step-time 0.12s wps 81.56K ppl 2.23 gN 2.24 bleu 16.07, Sun Feb  3 16:14:41 2019
--------------------------------------------------------------------------------------------
# Finished an epoch, step 1701. Perform external evaluation
2019-02-03 16:14:41.809332: I tensorflow/core/kernels/lookup_util.cc:376] Table trying to initialize from file /home/emlab/Desktop/syuuron/nmt/attention_PI_0.5PS_0.3PD_0.2_Noisy_model/Vocab.in is already initialized.
2019-02-03 16:14:41.809332: I tensorflow/core/kernels/lookup_util.cc:376] Table trying to initialize from file /home/emlab/Desktop/syuuron/nmt/attention_PI_0.5PS_0.3PD_0.2_Noisy_model/Vocab.out is already initialized.
2019-02-03 16:14:41.809332: I tensorflow/core/kernels/lookup_util.cc:376] Table trying to initialize from file /home/emlab/Desktop/syuuron/nmt/attention_PI_0.5PS_0.3PD_0.2_Noisy_model/Vocab.out is already initialized.
  loaded infer model parameters from /home/emlab/Desktop/syuuron/nmt/attention_PI_0.5PS_0.3PD_0.2_Noisy_model/translate.ckpt-1000, time 0.04s
  # 938
    src: UH1 IY JH UH1 TH ZH Y UW1 G OW1 UW0 UW1 AO0 AO0 V IH1 AE0 EH1 AH T UW1 R AH AA UW1 M IY1 HH ER2 AE1 S AY0 Z K AH2 AY0 N Y AA2 AO1 B AO1 AW AA1 K AO AW B IY K F ER1 K L UH0 EH2 OY1 IY0 UW0 UW K EY0 N TH L IY0 M B
    ref: Move ( Visitor_Room ) Find ( cubic_clock Visitor_Room Grasp ( cubic_clock )  Move ( HERE )
    nmt: Move ( Side_Table ) Find ( Chip_Star Side_Table ) Grasp ( Chip_Star ) Move ( HERE )
2019-02-03 16:14:41.878098: I tensorflow/core/kernels/lookup_util.cc:376] Table trying to initialize from file /home/emlab/Desktop/syuuron/nmt/attention_PI_0.5PS_0.3PD_0.2_Noisy_model/Vocab.in is already initialized.
2019-02-03 16:14:41.878101: I tensorflow/core/kernels/lookup_util.cc:376] Table trying to initialize from file /home/emlab/Desktop/syuuron/nmt/attention_PI_0.5PS_0.3PD_0.2_Noisy_model/Vocab.out is already initialized.
2019-02-03 16:14:41.878101: I tensorflow/core/kernels/lookup_util.cc:376] Table trying to initialize from file /home/emlab/Desktop/syuuron/nmt/attention_PI_0.5PS_0.3PD_0.2_Noisy_model/Vocab.out is already initialized.
  loaded infer model parameters from /home/emlab/Desktop/syuuron/nmt/attention_PI_0.5PS_0.3PD_0.2_Noisy_model/translate.ckpt-1000, time 0.04s
# External evaluation, global step 1000
  decoding to output /home/emlab/Desktop/syuuron/nmt/attention_PI_0.5PS_0.3PD_0.2_Noisy_model/output_dev
  done, num sentences 2001, num translations per input 1, time 0s, Sun Feb  3 16:14:42 2019.
  bleu dev: 16.1
  saving hparams to /home/emlab/Desktop/syuuron/nmt/attention_PI_0.5PS_0.3PD_0.2_Noisy_model/hparams
# External evaluation, global step 1000
  decoding to output /home/emlab/Desktop/syuuron/nmt/attention_PI_0.5PS_0.3PD_0.2_Noisy_model/output_test
  done, num sentences 100, num translations per input 1, time 0s, Sun Feb  3 16:14:42 2019.
  bleu test: 10.1
  saving hparams to /home/emlab/Desktop/syuuron/nmt/attention_PI_0.5PS_0.3PD_0.2_Noisy_model/hparams
--------------------------------------------------------------------------------------------
# Finished an epoch, step 1782. Perform external evaluation
2019-02-03 16:14:53.205105: I tensorflow/core/kernels/lookup_util.cc:376] Table trying to initialize from file /home/emlab/Desktop/syuuron/nmt/attention_PI_0.5PS_0.3PD_0.2_Noisy_model/Vocab.in is already initialized.
2019-02-03 16:14:53.205137: I tensorflow/core/kernels/lookup_util.cc:376] Table trying to initialize from file /home/emlab/Desktop/syuuron/nmt/attention_PI_0.5PS_0.3PD_0.2_Noisy_model/Vocab.out is already initialized.
2019-02-03 16:14:53.205105: I tensorflow/core/kernels/lookup_util.cc:376] Table trying to initialize from file /home/emlab/Desktop/syuuron/nmt/attention_PI_0.5PS_0.3PD_0.2_Noisy_model/Vocab.out is already initialized.
  loaded infer model parameters from /home/emlab/Desktop/syuuron/nmt/attention_PI_0.5PS_0.3PD_0.2_Noisy_model/translate.ckpt-1000, time 0.04s
  # 541
    src: TH UH1 AH2 D CH EY1 UW1 AY0 UH0 P IY1 ER UH2 IY0 EH B IY0 IH AY0 R DH IY2 P EH0 NG N AH1 S AH AE1 SH ZH UW1 AO AW NG AY2 AH1 CH AH0 V D OY1 SH AH1 M D OW AH0 AY0 CH S AH0 HH N UH T JH AE0 EY1 EY1 AH0 AO OW L M AE0 T AH Y OW0 UH D B EH AE1 AW1 EY N UW0 UH AO ER EY2 AW0 AA UW1 UH EY1 ER G AH OW1 IH0 IY1 OW T F EY AH0 G Z ER2 UW1 V P IH1 M NG IH0 T V AA0 UW1 M
    ref: Move ( Kitchen_Table ) Find ( nursing_bottle Kitchen_Table ) Move ( Dining_Sofa ) Move ( Visitor_Room )
    nmt: Move ( Side_Table ) Find ( Green_Tea Side_Table ) Grasp ( Chip_Star ) Move ( HERE )
2019-02-03 16:14:53.283222: I tensorflow/core/kernels/lookup_util.cc:376] Table trying to initialize from file /home/emlab/Desktop/syuuron/nmt/attention_PI_0.5PS_0.3PD_0.2_Noisy_model/Vocab.out is already initialized.
2019-02-03 16:14:53.283224: I tensorflow/core/kernels/lookup_util.cc:376] Table trying to initialize from file /home/emlab/Desktop/syuuron/nmt/attention_PI_0.5PS_0.3PD_0.2_Noisy_model/Vocab.out is already initialized.
2019-02-03 16:14:53.283238: I tensorflow/core/kernels/lookup_util.cc:376] Table trying to initialize from file /home/emlab/Desktop/syuuron/nmt/attention_PI_0.5PS_0.3PD_0.2_Noisy_model/Vocab.in is already initialized.
  loaded infer model parameters from /home/emlab/Desktop/syuuron/nmt/attention_PI_0.5PS_0.3PD_0.2_Noisy_model/translate.ckpt-1000, time 0.04s
# External evaluation, global step 1000
  decoding to output /home/emlab/Desktop/syuuron/nmt/attention_PI_0.5PS_0.3PD_0.2_Noisy_model/output_dev
  done, num sentences 2001, num translations per input 1, time 0s, Sun Feb  3 16:14:54 2019.
  bleu dev: 16.1
  saving hparams to /home/emlab/Desktop/syuuron/nmt/attention_PI_0.5PS_0.3PD_0.2_Noisy_model/hparams
# External evaluation, global step 1000
  decoding to output /home/emlab/Desktop/syuuron/nmt/attention_PI_0.5PS_0.3PD_0.2_Noisy_model/output_test
  done, num sentences 100, num translations per input 1, time 0s, Sun Feb  3 16:14:54 2019.
  bleu test: 10.1
  saving hparams to /home/emlab/Desktop/syuuron/nmt/attention_PI_0.5PS_0.3PD_0.2_Noisy_model/hparams
  step 1800 lr 1 step-time 0.13s wps 80.15K ppl 2.22 gN 2.50 bleu 16.07, Sun Feb  3 16:14:57 2019
--------------------------------------------------------------------------------------------
# Finished an epoch, step 1863. Perform external evaluation
2019-02-03 16:15:04.645115: I tensorflow/core/kernels/lookup_util.cc:376] Table trying to initialize from file /home/emlab/Desktop/syuuron/nmt/attention_PI_0.5PS_0.3PD_0.2_Noisy_model/Vocab.out is already initialized.
2019-02-03 16:15:04.645115: I tensorflow/core/kernels/lookup_util.cc:376] Table trying to initialize from file /home/emlab/Desktop/syuuron/nmt/attention_PI_0.5PS_0.3PD_0.2_Noisy_model/Vocab.out is already initialized.
2019-02-03 16:15:04.645143: I tensorflow/core/kernels/lookup_util.cc:376] Table trying to initialize from file /home/emlab/Desktop/syuuron/nmt/attention_PI_0.5PS_0.3PD_0.2_Noisy_model/Vocab.in is already initialized.
  loaded infer model parameters from /home/emlab/Desktop/syuuron/nmt/attention_PI_0.5PS_0.3PD_0.2_Noisy_model/translate.ckpt-1000, time 0.04s
  # 1399
    src: G AW0 OW1 P T AA IY1 CH L EH2 AO Z IH1 UH AA1 AO0 D F ER0 K IY0 IY1 AE1 OY2 UW2 EY1 AY EY1 AY1 JH OY AE2 D JH OW1 AY2 HH AH0 N IY1 Z D R S IH0 NG DH P P AY L UH2 IH2 OW S UH2 N AO IH1 AY1 N L IH1 V IH0 IY0 R IY1 W S OW1 IY1 UW2 EH0 G G OW2 AH AY V AA1 EY1
    ref: Move ( lobby ) Grasp ( Japanese_Dressing ) Move ( Living_Sofa ) Place ( Japanese_Dressing Living_Sofa )
    nmt: Move ( Side_Table ) Move ( Living_Table ) Move ( apartment )
2019-02-03 16:15:04.711948: I tensorflow/core/kernels/lookup_util.cc:376] Table trying to initialize from file /home/emlab/Desktop/syuuron/nmt/attention_PI_0.5PS_0.3PD_0.2_Noisy_model/Vocab.out is already initialized.
2019-02-03 16:15:04.711948: I tensorflow/core/kernels/lookup_util.cc:376] Table trying to initialize from file /home/emlab/Desktop/syuuron/nmt/attention_PI_0.5PS_0.3PD_0.2_Noisy_model/Vocab.out is already initialized.
2019-02-03 16:15:04.711950: I tensorflow/core/kernels/lookup_util.cc:376] Table trying to initialize from file /home/emlab/Desktop/syuuron/nmt/attention_PI_0.5PS_0.3PD_0.2_Noisy_model/Vocab.in is already initialized.
  loaded infer model parameters from /home/emlab/Desktop/syuuron/nmt/attention_PI_0.5PS_0.3PD_0.2_Noisy_model/translate.ckpt-1000, time 0.04s
# External evaluation, global step 1000
  decoding to output /home/emlab/Desktop/syuuron/nmt/attention_PI_0.5PS_0.3PD_0.2_Noisy_model/output_dev
  done, num sentences 2001, num translations per input 1, time 0s, Sun Feb  3 16:15:05 2019.
  bleu dev: 16.1
  saving hparams to /home/emlab/Desktop/syuuron/nmt/attention_PI_0.5PS_0.3PD_0.2_Noisy_model/hparams
# External evaluation, global step 1000
  decoding to output /home/emlab/Desktop/syuuron/nmt/attention_PI_0.5PS_0.3PD_0.2_Noisy_model/output_test
  done, num sentences 100, num translations per input 1, time 0s, Sun Feb  3 16:15:05 2019.
  bleu test: 10.1
  saving hparams to /home/emlab/Desktop/syuuron/nmt/attention_PI_0.5PS_0.3PD_0.2_Noisy_model/hparams
  step 1900 lr 1 step-time 0.13s wps 82.47K ppl 2.12 gN 2.43 bleu 16.07, Sun Feb  3 16:15:10 2019
--------------------------------------------------------------------------------------------
# Finished an epoch, step 1944. Perform external evaluation
2019-02-03 16:15:15.972919: I tensorflow/core/kernels/lookup_util.cc:376] Table trying to initialize from file /home/emlab/Desktop/syuuron/nmt/attention_PI_0.5PS_0.3PD_0.2_Noisy_model/Vocab.out is already initialized.
2019-02-03 16:15:15.972919: I tensorflow/core/kernels/lookup_util.cc:376] Table trying to initialize from file /home/emlab/Desktop/syuuron/nmt/attention_PI_0.5PS_0.3PD_0.2_Noisy_model/Vocab.out is already initialized.
2019-02-03 16:15:15.972919: I tensorflow/core/kernels/lookup_util.cc:376] Table trying to initialize from file /home/emlab/Desktop/syuuron/nmt/attention_PI_0.5PS_0.3PD_0.2_Noisy_model/Vocab.in is already initialized.
  loaded infer model parameters from /home/emlab/Desktop/syuuron/nmt/attention_PI_0.5PS_0.3PD_0.2_Noisy_model/translate.ckpt-1000, time 0.04s
  # 742
    src: G OW1 OW1 T AE0 AE EY2 AH AY JH N M UH0 AA AW0 R OY IH1 UW1 M IY L UW2 EH1 EY1 G K S EY0 AE0 IH2 ER0 AO1 G D UW NG OW1 AH0 AO0 T AW P L B S AW AO UW1 IH1 T AA1 S ER1 T OW1 D AW0 ER2 AE EY1 SH IH0 AE2 EH2 ER EH AO0 ER OW2 AE AH2
    ref: Move (  Dining_Room  ) Find ( cigarette Dining_Room ) Grasp ( cigarette ) Move ( Side_Table )
    nmt: Move ( Side_Table ) Move ( Living_Table ) Move ( apartment )
2019-02-03 16:15:16.039678: I tensorflow/core/kernels/lookup_util.cc:376] Table trying to initialize from file /home/emlab/Desktop/syuuron/nmt/attention_PI_0.5PS_0.3PD_0.2_Noisy_model/Vocab.out is already initialized.
2019-02-03 16:15:16.039680: I tensorflow/core/kernels/lookup_util.cc:376] Table trying to initialize from file /home/emlab/Desktop/syuuron/nmt/attention_PI_0.5PS_0.3PD_0.2_Noisy_model/Vocab.in is already initialized.
2019-02-03 16:15:16.039680: I tensorflow/core/kernels/lookup_util.cc:376] Table trying to initialize from file /home/emlab/Desktop/syuuron/nmt/attention_PI_0.5PS_0.3PD_0.2_Noisy_model/Vocab.out is already initialized.
  loaded infer model parameters from /home/emlab/Desktop/syuuron/nmt/attention_PI_0.5PS_0.3PD_0.2_Noisy_model/translate.ckpt-1000, time 0.04s
# External evaluation, global step 1000
  decoding to output /home/emlab/Desktop/syuuron/nmt/attention_PI_0.5PS_0.3PD_0.2_Noisy_model/output_dev
  done, num sentences 2001, num translations per input 1, time 0s, Sun Feb  3 16:15:16 2019.
  bleu dev: 16.1
  saving hparams to /home/emlab/Desktop/syuuron/nmt/attention_PI_0.5PS_0.3PD_0.2_Noisy_model/hparams
# External evaluation, global step 1000
  decoding to output /home/emlab/Desktop/syuuron/nmt/attention_PI_0.5PS_0.3PD_0.2_Noisy_model/output_test
  done, num sentences 100, num translations per input 1, time 0s, Sun Feb  3 16:15:17 2019.
  bleu test: 10.1
  saving hparams to /home/emlab/Desktop/syuuron/nmt/attention_PI_0.5PS_0.3PD_0.2_Noisy_model/hparams
  step 2000 lr 1 step-time 0.12s wps 83.33K ppl 2.03 gN 2.61 bleu 16.07, Sun Feb  3 16:15:24 2019
# Save eval, global step 2000
2019-02-03 16:15:24.608432: I tensorflow/core/kernels/lookup_util.cc:376] Table trying to initialize from file /home/emlab/Desktop/syuuron/nmt/attention_PI_0.5PS_0.3PD_0.2_Noisy_model/Vocab.out is already initialized.
2019-02-03 16:15:24.608432: I tensorflow/core/kernels/lookup_util.cc:376] Table trying to initialize from file /home/emlab/Desktop/syuuron/nmt/attention_PI_0.5PS_0.3PD_0.2_Noisy_model/Vocab.out is already initialized.
2019-02-03 16:15:24.608471: I tensorflow/core/kernels/lookup_util.cc:376] Table trying to initialize from file /home/emlab/Desktop/syuuron/nmt/attention_PI_0.5PS_0.3PD_0.2_Noisy_model/Vocab.in is already initialized.
  loaded infer model parameters from /home/emlab/Desktop/syuuron/nmt/attention_PI_0.5PS_0.3PD_0.2_Noisy_model/translate.ckpt-2000, time 0.04s
  # 1911
    src: G OW1 T UW1 K OW EH0 AO2 AA1 K V UH2 OW2 AY1 N EY EY1 AW0 NG B IH M SH S UW1 AA1 IH1 UW CH AH0 CH UH2 AE0 AH0 AY1 N EH1 Z D ER IH0 AW2 AY2 OY2 IY2 AH0 IY2 AH0 EY2 P CH AA1 AH AA1 EH1 AA R OW1 AH0 EH1 T
    ref: Move ( Kitchen_Table ) Move ( Kitchen_Table ) Move ( apartment )
    nmt: Move ( Dining_Table ) Move ( Sofa ) Move ( apartment )
2019-02-03 16:15:24.674251: I tensorflow/core/kernels/lookup_util.cc:376] Table trying to initialize from file /home/emlab/Desktop/syuuron/nmt/attention_PI_0.5PS_0.3PD_0.2_Noisy_model/Vocab.out is already initialized.
2019-02-03 16:15:24.674251: I tensorflow/core/kernels/lookup_util.cc:376] Table trying to initialize from file /home/emlab/Desktop/syuuron/nmt/attention_PI_0.5PS_0.3PD_0.2_Noisy_model/Vocab.in is already initialized.
2019-02-03 16:15:24.674259: I tensorflow/core/kernels/lookup_util.cc:376] Table trying to initialize from file /home/emlab/Desktop/syuuron/nmt/attention_PI_0.5PS_0.3PD_0.2_Noisy_model/Vocab.out is already initialized.
  loaded eval model parameters from /home/emlab/Desktop/syuuron/nmt/attention_PI_0.5PS_0.3PD_0.2_Noisy_model/translate.ckpt-2000, time 0.04s
  eval dev: perplexity 1.94, time 1s, Sun Feb  3 16:15:25 2019.
  eval test: perplexity 3.56, time 0s, Sun Feb  3 16:15:25 2019.
--------------------------------------------------------------------------------------------
# Finished an epoch, step 2025. Perform external evaluation
2019-02-03 16:15:28.860259: I tensorflow/core/kernels/lookup_util.cc:376] Table trying to initialize from file /home/emlab/Desktop/syuuron/nmt/attention_PI_0.5PS_0.3PD_0.2_Noisy_model/Vocab.in is already initialized.
2019-02-03 16:15:28.860274: I tensorflow/core/kernels/lookup_util.cc:376] Table trying to initialize from file /home/emlab/Desktop/syuuron/nmt/attention_PI_0.5PS_0.3PD_0.2_Noisy_model/Vocab.out is already initialized.
2019-02-03 16:15:28.860296: I tensorflow/core/kernels/lookup_util.cc:376] Table trying to initialize from file /home/emlab/Desktop/syuuron/nmt/attention_PI_0.5PS_0.3PD_0.2_Noisy_model/Vocab.out is already initialized.
  loaded infer model parameters from /home/emlab/Desktop/syuuron/nmt/attention_PI_0.5PS_0.3PD_0.2_Noisy_model/translate.ckpt-2000, time 0.04s
  # 1088
    src: UH0 AE0 AO1 JH JH IH UH0 IH1 V T OW IH0 ER0 IH1 K IH1 AE0 CH AH0 N IY0 EH EY1 B Y AE1 N L N EH1 K S AA T D T AO2 EH1 Y T AO1 K AH1 AH W S AE2 AA OW2 F AE0 R G G EH1 F IY0 AW0 JH T AA1 AE1 NG AH T
    ref: Move ( Kitchen_Table ) Find ( Cup_Star Kitchen_Table ) Grasp ( Cup_Star )
    nmt: Move ( Kitchen_Table ) Find ( white_cup Kitchen_Table ) Grasp ( white_cup )
2019-02-03 16:15:28.925189: I tensorflow/core/kernels/lookup_util.cc:376] Table trying to initialize from file /home/emlab/Desktop/syuuron/nmt/attention_PI_0.5PS_0.3PD_0.2_Noisy_model/Vocab.out is already initialized.
2019-02-03 16:15:28.925190: I tensorflow/core/kernels/lookup_util.cc:376] Table trying to initialize from file /home/emlab/Desktop/syuuron/nmt/attention_PI_0.5PS_0.3PD_0.2_Noisy_model/Vocab.in is already initialized.
2019-02-03 16:15:28.925191: I tensorflow/core/kernels/lookup_util.cc:376] Table trying to initialize from file /home/emlab/Desktop/syuuron/nmt/attention_PI_0.5PS_0.3PD_0.2_Noisy_model/Vocab.out is already initialized.
  loaded infer model parameters from /home/emlab/Desktop/syuuron/nmt/attention_PI_0.5PS_0.3PD_0.2_Noisy_model/translate.ckpt-2000, time 0.04s
# External evaluation, global step 2000
  decoding to output /home/emlab/Desktop/syuuron/nmt/attention_PI_0.5PS_0.3PD_0.2_Noisy_model/output_dev
  done, num sentences 2001, num translations per input 1, time 1s, Sun Feb  3 16:15:30 2019.
  bleu dev: 32.2
  saving hparams to /home/emlab/Desktop/syuuron/nmt/attention_PI_0.5PS_0.3PD_0.2_Noisy_model/hparams
# External evaluation, global step 2000
  decoding to output /home/emlab/Desktop/syuuron/nmt/attention_PI_0.5PS_0.3PD_0.2_Noisy_model/output_test
  done, num sentences 100, num translations per input 1, time 0s, Sun Feb  3 16:15:30 2019.
  bleu test: 15.6
  saving hparams to /home/emlab/Desktop/syuuron/nmt/attention_PI_0.5PS_0.3PD_0.2_Noisy_model/hparams
  step 2100 lr 1 step-time 0.13s wps 82.71K ppl 1.95 gN 3.11 bleu 32.18, Sun Feb  3 16:15:40 2019
--------------------------------------------------------------------------------------------
# Finished an epoch, step 2106. Perform external evaluation
2019-02-03 16:15:40.878171: I tensorflow/core/kernels/lookup_util.cc:376] Table trying to initialize from file /home/emlab/Desktop/syuuron/nmt/attention_PI_0.5PS_0.3PD_0.2_Noisy_model/Vocab.in is already initialized.
2019-02-03 16:15:40.878171: I tensorflow/core/kernels/lookup_util.cc:376] Table trying to initialize from file /home/emlab/Desktop/syuuron/nmt/attention_PI_0.5PS_0.3PD_0.2_Noisy_model/Vocab.out is already initialized.
2019-02-03 16:15:40.878171: I tensorflow/core/kernels/lookup_util.cc:376] Table trying to initialize from file /home/emlab/Desktop/syuuron/nmt/attention_PI_0.5PS_0.3PD_0.2_Noisy_model/Vocab.out is already initialized.
  loaded infer model parameters from /home/emlab/Desktop/syuuron/nmt/attention_PI_0.5PS_0.3PD_0.2_Noisy_model/translate.ckpt-2000, time 0.04s
  # 286
    src: W OY0 UH1 D Y UW1 M AA1 UW1 ER V D W UH0 IH1 AH0 EY N V T AA1 OY0 JH T EY1 EH0 B AH0 ER AY1 L OW2 Z G AY2 AY AE1 F IH1 EY2 L D K UW IY0 OW2 EH1 HH UH AE1 CH AO1 IH0 EY2 CH EY1 B AW0 OY0 AH2 AH0 ER1 AH0 T R V IY2 AA1 OY1 IH1 TH AO AW1 UH1 OY2 N SH V IH1 AW2 T UW1 AY2 S R OW2 UH0 AA AH0 L
    ref: Move ( Kitchen_Table ) Find ( filled_ketchup Kitchen_Table  ) Grasp ( filled_ketchup )，Move ( Side_Table )
    nmt: Move ( Dining_Table ) Find ( toy_penguin Dining_Table ) Grasp ( white_cup )，Move ( Dining_Table )
2019-02-03 16:15:40.949407: I tensorflow/core/kernels/lookup_util.cc:376] Table trying to initialize from file /home/emlab/Desktop/syuuron/nmt/attention_PI_0.5PS_0.3PD_0.2_Noisy_model/Vocab.out is already initialized.
2019-02-03 16:15:40.949407: I tensorflow/core/kernels/lookup_util.cc:376] Table trying to initialize from file /home/emlab/Desktop/syuuron/nmt/attention_PI_0.5PS_0.3PD_0.2_Noisy_model/Vocab.out is already initialized.
2019-02-03 16:15:40.949407: I tensorflow/core/kernels/lookup_util.cc:376] Table trying to initialize from file /home/emlab/Desktop/syuuron/nmt/attention_PI_0.5PS_0.3PD_0.2_Noisy_model/Vocab.in is already initialized.
  loaded infer model parameters from /home/emlab/Desktop/syuuron/nmt/attention_PI_0.5PS_0.3PD_0.2_Noisy_model/translate.ckpt-2000, time 0.04s
# External evaluation, global step 2000
  decoding to output /home/emlab/Desktop/syuuron/nmt/attention_PI_0.5PS_0.3PD_0.2_Noisy_model/output_dev
  done, num sentences 2001, num translations per input 1, time 1s, Sun Feb  3 16:15:42 2019.
  bleu dev: 32.2
  saving hparams to /home/emlab/Desktop/syuuron/nmt/attention_PI_0.5PS_0.3PD_0.2_Noisy_model/hparams
# External evaluation, global step 2000
  decoding to output /home/emlab/Desktop/syuuron/nmt/attention_PI_0.5PS_0.3PD_0.2_Noisy_model/output_test
  done, num sentences 100, num translations per input 1, time 0s, Sun Feb  3 16:15:42 2019.
  bleu test: 15.6
  saving hparams to /home/emlab/Desktop/syuuron/nmt/attention_PI_0.5PS_0.3PD_0.2_Noisy_model/hparams
--------------------------------------------------------------------------------------------
# Finished an epoch, step 2187. Perform external evaluation
2019-02-03 16:15:52.697567: I tensorflow/core/kernels/lookup_util.cc:376] Table trying to initialize from file /home/emlab/Desktop/syuuron/nmt/attention_PI_0.5PS_0.3PD_0.2_Noisy_model/Vocab.out is already initialized.
2019-02-03 16:15:52.697567: I tensorflow/core/kernels/lookup_util.cc:376] Table trying to initialize from file /home/emlab/Desktop/syuuron/nmt/attention_PI_0.5PS_0.3PD_0.2_Noisy_model/Vocab.out is already initialized.
2019-02-03 16:15:52.697567: I tensorflow/core/kernels/lookup_util.cc:376] Table trying to initialize from file /home/emlab/Desktop/syuuron/nmt/attention_PI_0.5PS_0.3PD_0.2_Noisy_model/Vocab.in is already initialized.
  loaded infer model parameters from /home/emlab/Desktop/syuuron/nmt/attention_PI_0.5PS_0.3PD_0.2_Noisy_model/translate.ckpt-2000, time 0.04s
  # 1958
    src: ZH G IY T CH UW1 UH0 ER0 OW1 AA1 NG AH S OW1 AH V F EH1 AH0 F AY1 AW2 N AY0 OY1 AW1 UW D AH0 AW W EY0 ER1 NG AW2 B AH2 W Y AY1 NG AY1 CH ER F UW0 UH0 N AH0 ER1 L AA2 IY0 F S L EY0 OY2 D IH1 AH0 ER2 AH0 P ER1 AW S EY1 AE1 AH0
    ref: Move ( Living_Sofa ) Find ( person Living_Sofa  ) Follow ( person )
    nmt: Move ( Living_Sofa ) Find ( person Living_Sofa ) Follow ( person )
2019-02-03 16:15:52.762828: I tensorflow/core/kernels/lookup_util.cc:376] Table trying to initialize from file /home/emlab/Desktop/syuuron/nmt/attention_PI_0.5PS_0.3PD_0.2_Noisy_model/Vocab.in is already initialized.
2019-02-03 16:15:52.762861: I tensorflow/core/kernels/lookup_util.cc:376] Table trying to initialize from file /home/emlab/Desktop/syuuron/nmt/attention_PI_0.5PS_0.3PD_0.2_Noisy_model/Vocab.out is already initialized.
2019-02-03 16:15:52.762865: I tensorflow/core/kernels/lookup_util.cc:376] Table trying to initialize from file /home/emlab/Desktop/syuuron/nmt/attention_PI_0.5PS_0.3PD_0.2_Noisy_model/Vocab.out is already initialized.
  loaded infer model parameters from /home/emlab/Desktop/syuuron/nmt/attention_PI_0.5PS_0.3PD_0.2_Noisy_model/translate.ckpt-2000, time 0.04s
# External evaluation, global step 2000
  decoding to output /home/emlab/Desktop/syuuron/nmt/attention_PI_0.5PS_0.3PD_0.2_Noisy_model/output_dev
  done, num sentences 2001, num translations per input 1, time 1s, Sun Feb  3 16:15:53 2019.
  bleu dev: 32.2
  saving hparams to /home/emlab/Desktop/syuuron/nmt/attention_PI_0.5PS_0.3PD_0.2_Noisy_model/hparams
# External evaluation, global step 2000
  decoding to output /home/emlab/Desktop/syuuron/nmt/attention_PI_0.5PS_0.3PD_0.2_Noisy_model/output_test
  done, num sentences 100, num translations per input 1, time 0s, Sun Feb  3 16:15:54 2019.
  bleu test: 15.6
  saving hparams to /home/emlab/Desktop/syuuron/nmt/attention_PI_0.5PS_0.3PD_0.2_Noisy_model/hparams
  step 2200 lr 1 step-time 0.13s wps 79.25K ppl 1.85 gN 2.96 bleu 32.18, Sun Feb  3 16:15:56 2019
--------------------------------------------------------------------------------------------
# Finished an epoch, step 2268. Perform external evaluation
2019-02-03 16:16:04.553327: I tensorflow/core/kernels/lookup_util.cc:376] Table trying to initialize from file /home/emlab/Desktop/syuuron/nmt/attention_PI_0.5PS_0.3PD_0.2_Noisy_model/Vocab.in is already initialized.
2019-02-03 16:16:04.553328: I tensorflow/core/kernels/lookup_util.cc:376] Table trying to initialize from file /home/emlab/Desktop/syuuron/nmt/attention_PI_0.5PS_0.3PD_0.2_Noisy_model/Vocab.out is already initialized.
2019-02-03 16:16:04.553328: I tensorflow/core/kernels/lookup_util.cc:376] Table trying to initialize from file /home/emlab/Desktop/syuuron/nmt/attention_PI_0.5PS_0.3PD_0.2_Noisy_model/Vocab.out is already initialized.
  loaded infer model parameters from /home/emlab/Desktop/syuuron/nmt/attention_PI_0.5PS_0.3PD_0.2_Noisy_model/translate.ckpt-2000, time 0.04s
  # 175
    src: G IY2 HH SH AW2 T UW1 AE B EY0 EH1 AY2 UW0 UW0 D R IY1 HH T ER0 EY1 AO1 K IY1 AO1 R AH0 JH UW1 AA2 S EY ZH NG ER1 AW T UW1 IH1 K AA1 N EH1 K EY2 EH2 OY CH AH0 AH2 W EY1 OY0 AE1 CH B AE1 P IY1 Z
    ref: Move ( bed_room ) Find ( Orange_Juice bed_room ) Grasp ( Orange_Juice ) Move ( Kitchen_Table ) Place ( Orange_Juice Kitchen_Table )
    nmt: Move ( bed_room ) Find ( Stick_Potato bed_room ) Grasp ( Stick_Potato ) Move ( Kitchen_Table )
2019-02-03 16:16:04.621820: I tensorflow/core/kernels/lookup_util.cc:376] Table trying to initialize from file /home/emlab/Desktop/syuuron/nmt/attention_PI_0.5PS_0.3PD_0.2_Noisy_model/Vocab.out is already initialized.
2019-02-03 16:16:04.621820: I tensorflow/core/kernels/lookup_util.cc:376] Table trying to initialize from file /home/emlab/Desktop/syuuron/nmt/attention_PI_0.5PS_0.3PD_0.2_Noisy_model/Vocab.in is already initialized.
2019-02-03 16:16:04.621826: I tensorflow/core/kernels/lookup_util.cc:376] Table trying to initialize from file /home/emlab/Desktop/syuuron/nmt/attention_PI_0.5PS_0.3PD_0.2_Noisy_model/Vocab.out is already initialized.
  loaded infer model parameters from /home/emlab/Desktop/syuuron/nmt/attention_PI_0.5PS_0.3PD_0.2_Noisy_model/translate.ckpt-2000, time 0.04s
# External evaluation, global step 2000
  decoding to output /home/emlab/Desktop/syuuron/nmt/attention_PI_0.5PS_0.3PD_0.2_Noisy_model/output_dev
  done, num sentences 2001, num translations per input 1, time 1s, Sun Feb  3 16:16:05 2019.
  bleu dev: 32.2
  saving hparams to /home/emlab/Desktop/syuuron/nmt/attention_PI_0.5PS_0.3PD_0.2_Noisy_model/hparams
# External evaluation, global step 2000
  decoding to output /home/emlab/Desktop/syuuron/nmt/attention_PI_0.5PS_0.3PD_0.2_Noisy_model/output_test
  done, num sentences 100, num translations per input 1, time 0s, Sun Feb  3 16:16:06 2019.
  bleu test: 15.6
  saving hparams to /home/emlab/Desktop/syuuron/nmt/attention_PI_0.5PS_0.3PD_0.2_Noisy_model/hparams
  step 2300 lr 1 step-time 0.13s wps 82.51K ppl 1.71 gN 2.73 bleu 32.18, Sun Feb  3 16:16:10 2019
--------------------------------------------------------------------------------------------
# Finished an epoch, step 2349. Perform external evaluation
2019-02-03 16:16:16.363284: I tensorflow/core/kernels/lookup_util.cc:376] Table trying to initialize from file /home/emlab/Desktop/syuuron/nmt/attention_PI_0.5PS_0.3PD_0.2_Noisy_model/Vocab.out is already initialized.
2019-02-03 16:16:16.363284: I tensorflow/core/kernels/lookup_util.cc:376] Table trying to initialize from file /home/emlab/Desktop/syuuron/nmt/attention_PI_0.5PS_0.3PD_0.2_Noisy_model/Vocab.in is already initialized.
2019-02-03 16:16:16.363284: I tensorflow/core/kernels/lookup_util.cc:376] Table trying to initialize from file /home/emlab/Desktop/syuuron/nmt/attention_PI_0.5PS_0.3PD_0.2_Noisy_model/Vocab.out is already initialized.
  loaded infer model parameters from /home/emlab/Desktop/syuuron/nmt/attention_PI_0.5PS_0.3PD_0.2_Noisy_model/translate.ckpt-2000, time 0.04s
  # 275
    src: ER AY1 UW1 V AO1 T UW1 UW1 D ER UH0 OW2 AY OW0 IH0 NG EY IY0 EY T JH EY1 B UH AH0 AW G AA P T UW1 N EY0 AY N IH0 NG F AO0 AH0 SH EH1 AY G NG AE AO1 EH1 AY1 IH AA M EY2 EY0 OW2 AO2 T EH2 IY0 AA0 AH1 AW0 AH0 ER0 OW2 AH UW R AW M OY UW1 HH UW1 AH0 EH1 AA0 N T
    ref: Move ( Dining_Table ) Move ( Dining_Sofa ) Move ( apartment )
    nmt: Move ( Dining_Table ) Move ( Dining_Table ) Move ( apartment )
2019-02-03 16:16:16.430288: I tensorflow/core/kernels/lookup_util.cc:376] Table trying to initialize from file /home/emlab/Desktop/syuuron/nmt/attention_PI_0.5PS_0.3PD_0.2_Noisy_model/Vocab.out is already initialized.
2019-02-03 16:16:16.430288: I tensorflow/core/kernels/lookup_util.cc:376] Table trying to initialize from file /home/emlab/Desktop/syuuron/nmt/attention_PI_0.5PS_0.3PD_0.2_Noisy_model/Vocab.in is already initialized.
2019-02-03 16:16:16.430288: I tensorflow/core/kernels/lookup_util.cc:376] Table trying to initialize from file /home/emlab/Desktop/syuuron/nmt/attention_PI_0.5PS_0.3PD_0.2_Noisy_model/Vocab.out is already initialized.
  loaded infer model parameters from /home/emlab/Desktop/syuuron/nmt/attention_PI_0.5PS_0.3PD_0.2_Noisy_model/translate.ckpt-2000, time 0.04s
# External evaluation, global step 2000
  decoding to output /home/emlab/Desktop/syuuron/nmt/attention_PI_0.5PS_0.3PD_0.2_Noisy_model/output_dev
  done, num sentences 2001, num translations per input 1, time 1s, Sun Feb  3 16:16:17 2019.
  bleu dev: 32.2
  saving hparams to /home/emlab/Desktop/syuuron/nmt/attention_PI_0.5PS_0.3PD_0.2_Noisy_model/hparams
# External evaluation, global step 2000
  decoding to output /home/emlab/Desktop/syuuron/nmt/attention_PI_0.5PS_0.3PD_0.2_Noisy_model/output_test
  done, num sentences 100, num translations per input 1, time 0s, Sun Feb  3 16:16:17 2019.
  bleu test: 15.6
  saving hparams to /home/emlab/Desktop/syuuron/nmt/attention_PI_0.5PS_0.3PD_0.2_Noisy_model/hparams
  step 2400 lr 1 step-time 0.13s wps 82.78K ppl 1.65 gN 2.84 bleu 32.18, Sun Feb  3 16:16:24 2019
--------------------------------------------------------------------------------------------
# Finished an epoch, step 2430. Perform external evaluation
2019-02-03 16:16:28.195380: I tensorflow/core/kernels/lookup_util.cc:376] Table trying to initialize from file /home/emlab/Desktop/syuuron/nmt/attention_PI_0.5PS_0.3PD_0.2_Noisy_model/Vocab.in is already initialized.
2019-02-03 16:16:28.195380: I tensorflow/core/kernels/lookup_util.cc:376] Table trying to initialize from file /home/emlab/Desktop/syuuron/nmt/attention_PI_0.5PS_0.3PD_0.2_Noisy_model/Vocab.out is already initialized.
2019-02-03 16:16:28.195387: I tensorflow/core/kernels/lookup_util.cc:376] Table trying to initialize from file /home/emlab/Desktop/syuuron/nmt/attention_PI_0.5PS_0.3PD_0.2_Noisy_model/Vocab.out is already initialized.
  loaded infer model parameters from /home/emlab/Desktop/syuuron/nmt/attention_PI_0.5PS_0.3PD_0.2_Noisy_model/translate.ckpt-2000, time 0.04s
  # 1242
    src: K OW1 EH1 UW1 G AE K AE2 EH1 IH0 AE2 OW2 IY2 G NG L T L JH F F N M AH0 AA2 S IH1 OY0 N IH1 K AO0 IH0 R B IH1 IY OW EH1 P V OW0 AO EY2 P S AW2 EH0 ER1 JH AE0 AY2 EH1 S N
    ref: Move ( Dining_Table ) Find ( person Dining_Table ) Follow ( person )
    nmt: Move ( Reception_Table ) Find ( person Reception_Table ) Follow ( person )
2019-02-03 16:16:28.263073: I tensorflow/core/kernels/lookup_util.cc:376] Table trying to initialize from file /home/emlab/Desktop/syuuron/nmt/attention_PI_0.5PS_0.3PD_0.2_Noisy_model/Vocab.in is already initialized.
2019-02-03 16:16:28.263073: I tensorflow/core/kernels/lookup_util.cc:376] Table trying to initialize from file /home/emlab/Desktop/syuuron/nmt/attention_PI_0.5PS_0.3PD_0.2_Noisy_model/Vocab.out is already initialized.
2019-02-03 16:16:28.263073: I tensorflow/core/kernels/lookup_util.cc:376] Table trying to initialize from file /home/emlab/Desktop/syuuron/nmt/attention_PI_0.5PS_0.3PD_0.2_Noisy_model/Vocab.out is already initialized.
  loaded infer model parameters from /home/emlab/Desktop/syuuron/nmt/attention_PI_0.5PS_0.3PD_0.2_Noisy_model/translate.ckpt-2000, time 0.04s
# External evaluation, global step 2000
  decoding to output /home/emlab/Desktop/syuuron/nmt/attention_PI_0.5PS_0.3PD_0.2_Noisy_model/output_dev
  done, num sentences 2001, num translations per input 1, time 1s, Sun Feb  3 16:16:29 2019.
  bleu dev: 32.2
  saving hparams to /home/emlab/Desktop/syuuron/nmt/attention_PI_0.5PS_0.3PD_0.2_Noisy_model/hparams
# External evaluation, global step 2000
  decoding to output /home/emlab/Desktop/syuuron/nmt/attention_PI_0.5PS_0.3PD_0.2_Noisy_model/output_test
  done, num sentences 100, num translations per input 1, time 0s, Sun Feb  3 16:16:29 2019.
  bleu test: 15.6
  saving hparams to /home/emlab/Desktop/syuuron/nmt/attention_PI_0.5PS_0.3PD_0.2_Noisy_model/hparams
  step 2500 lr 1 step-time 0.12s wps 82.90K ppl 1.58 gN 2.80 bleu 32.18, Sun Feb  3 16:16:38 2019
--------------------------------------------------------------------------------------------
# Finished an epoch, step 2511. Perform external evaluation
2019-02-03 16:16:40.001734: I tensorflow/core/kernels/lookup_util.cc:376] Table trying to initialize from file /home/emlab/Desktop/syuuron/nmt/attention_PI_0.5PS_0.3PD_0.2_Noisy_model/Vocab.in is already initialized.
2019-02-03 16:16:40.001734: I tensorflow/core/kernels/lookup_util.cc:376] Table trying to initialize from file /home/emlab/Desktop/syuuron/nmt/attention_PI_0.5PS_0.3PD_0.2_Noisy_model/Vocab.out is already initialized.
2019-02-03 16:16:40.001734: I tensorflow/core/kernels/lookup_util.cc:376] Table trying to initialize from file /home/emlab/Desktop/syuuron/nmt/attention_PI_0.5PS_0.3PD_0.2_Noisy_model/Vocab.out is already initialized.
  loaded infer model parameters from /home/emlab/Desktop/syuuron/nmt/attention_PI_0.5PS_0.3PD_0.2_Noisy_model/translate.ckpt-2000, time 0.04s
  # 1096
    src: K P L CH Y UW1 OW1 T S OW1 AO1 AH2 AH0 T Y AO AE1 S K Y ER IY1 UW1 AO2 B M AA IH OW1 Y L EY0 OY AA1 UH1 K NG UH1 N IH V OY2 AW1 IY0 HH IY2 IH1 UW1 D P AA1 UH0 AE0 AH0 Y N N AH2 IH0 NG ER1 NG S AW ER2 F AH0
    ref: Move ( Sofa  ) Find ( cubic_clock Sofa ) Grasp ( cubic_clock ) Move ( Dining_Sofa )
    nmt: Move ( Sofa ) Find ( person Sofa ) Follow ( person )
2019-02-03 16:16:40.068554: I tensorflow/core/kernels/lookup_util.cc:376] Table trying to initialize from file /home/emlab/Desktop/syuuron/nmt/attention_PI_0.5PS_0.3PD_0.2_Noisy_model/Vocab.out is already initialized.
2019-02-03 16:16:40.068562: I tensorflow/core/kernels/lookup_util.cc:376] Table trying to initialize from file /home/emlab/Desktop/syuuron/nmt/attention_PI_0.5PS_0.3PD_0.2_Noisy_model/Vocab.in is already initialized.
2019-02-03 16:16:40.068562: I tensorflow/core/kernels/lookup_util.cc:376] Table trying to initialize from file /home/emlab/Desktop/syuuron/nmt/attention_PI_0.5PS_0.3PD_0.2_Noisy_model/Vocab.out is already initialized.
  loaded infer model parameters from /home/emlab/Desktop/syuuron/nmt/attention_PI_0.5PS_0.3PD_0.2_Noisy_model/translate.ckpt-2000, time 0.04s
# External evaluation, global step 2000
  decoding to output /home/emlab/Desktop/syuuron/nmt/attention_PI_0.5PS_0.3PD_0.2_Noisy_model/output_dev
  done, num sentences 2001, num translations per input 1, time 1s, Sun Feb  3 16:16:41 2019.
  bleu dev: 32.2
  saving hparams to /home/emlab/Desktop/syuuron/nmt/attention_PI_0.5PS_0.3PD_0.2_Noisy_model/hparams
# External evaluation, global step 2000
  decoding to output /home/emlab/Desktop/syuuron/nmt/attention_PI_0.5PS_0.3PD_0.2_Noisy_model/output_test
  done, num sentences 100, num translations per input 1, time 0s, Sun Feb  3 16:16:41 2019.
  bleu test: 15.6
  saving hparams to /home/emlab/Desktop/syuuron/nmt/attention_PI_0.5PS_0.3PD_0.2_Noisy_model/hparams
--------------------------------------------------------------------------------------------
# Finished an epoch, step 2592. Perform external evaluation
2019-02-03 16:16:51.874376: I tensorflow/core/kernels/lookup_util.cc:376] Table trying to initialize from file /home/emlab/Desktop/syuuron/nmt/attention_PI_0.5PS_0.3PD_0.2_Noisy_model/Vocab.out is already initialized.
2019-02-03 16:16:51.874376: I tensorflow/core/kernels/lookup_util.cc:376] Table trying to initialize from file /home/emlab/Desktop/syuuron/nmt/attention_PI_0.5PS_0.3PD_0.2_Noisy_model/Vocab.out is already initialized.
2019-02-03 16:16:51.874380: I tensorflow/core/kernels/lookup_util.cc:376] Table trying to initialize from file /home/emlab/Desktop/syuuron/nmt/attention_PI_0.5PS_0.3PD_0.2_Noisy_model/Vocab.in is already initialized.
  loaded infer model parameters from /home/emlab/Desktop/syuuron/nmt/attention_PI_0.5PS_0.3PD_0.2_Noisy_model/translate.ckpt-2000, time 0.04s
  # 1780
    src: Z AE1 G OW1 CH Z L UH2 UW2 T AE2 UW K IH1 EH2 CH AH0 IH0 W AO2 OW1 EY0 D OY L AY0 UH1 M CH AA1 UW1 T UW1 UW1 K EY2 CH IY1 AH0 N AY2 CH OY2 L DH EH1 S HH AE0 AH0 IY1 AE2 L AH1 AY0 AH0 AH0 IY1 G AH L EY1 AA1 R T M AY AH0 T
    ref: Move ( kitchen ) Move ( Kitchen_Table ) Move ( apartment )
    nmt: Move ( Kitchen_Table ) Move ( Kitchen_Table ) Move ( apartment )
2019-02-03 16:16:51.943220: I tensorflow/core/kernels/lookup_util.cc:376] Table trying to initialize from file /home/emlab/Desktop/syuuron/nmt/attention_PI_0.5PS_0.3PD_0.2_Noisy_model/Vocab.out is already initialized.
2019-02-03 16:16:51.943220: I tensorflow/core/kernels/lookup_util.cc:376] Table trying to initialize from file /home/emlab/Desktop/syuuron/nmt/attention_PI_0.5PS_0.3PD_0.2_Noisy_model/Vocab.in is already initialized.
2019-02-03 16:16:51.943227: I tensorflow/core/kernels/lookup_util.cc:376] Table trying to initialize from file /home/emlab/Desktop/syuuron/nmt/attention_PI_0.5PS_0.3PD_0.2_Noisy_model/Vocab.out is already initialized.
  loaded infer model parameters from /home/emlab/Desktop/syuuron/nmt/attention_PI_0.5PS_0.3PD_0.2_Noisy_model/translate.ckpt-2000, time 0.04s
# External evaluation, global step 2000
  decoding to output /home/emlab/Desktop/syuuron/nmt/attention_PI_0.5PS_0.3PD_0.2_Noisy_model/output_dev
  done, num sentences 2001, num translations per input 1, time 1s, Sun Feb  3 16:16:53 2019.
  bleu dev: 32.2
  saving hparams to /home/emlab/Desktop/syuuron/nmt/attention_PI_0.5PS_0.3PD_0.2_Noisy_model/hparams
# External evaluation, global step 2000
  decoding to output /home/emlab/Desktop/syuuron/nmt/attention_PI_0.5PS_0.3PD_0.2_Noisy_model/output_test
  done, num sentences 100, num translations per input 1, time 0s, Sun Feb  3 16:16:53 2019.
  bleu test: 15.6
  saving hparams to /home/emlab/Desktop/syuuron/nmt/attention_PI_0.5PS_0.3PD_0.2_Noisy_model/hparams
  step 2600 lr 1 step-time 0.13s wps 78.83K ppl 1.53 gN 2.89 bleu 32.18, Sun Feb  3 16:16:54 2019
--------------------------------------------------------------------------------------------
# Finished an epoch, step 2673. Perform external evaluation
2019-02-03 16:17:03.740991: I tensorflow/core/kernels/lookup_util.cc:376] Table trying to initialize from file /home/emlab/Desktop/syuuron/nmt/attention_PI_0.5PS_0.3PD_0.2_Noisy_model/Vocab.out is already initialized.
2019-02-03 16:17:03.740991: I tensorflow/core/kernels/lookup_util.cc:376] Table trying to initialize from file /home/emlab/Desktop/syuuron/nmt/attention_PI_0.5PS_0.3PD_0.2_Noisy_model/Vocab.out is already initialized.
2019-02-03 16:17:03.740991: I tensorflow/core/kernels/lookup_util.cc:376] Table trying to initialize from file /home/emlab/Desktop/syuuron/nmt/attention_PI_0.5PS_0.3PD_0.2_Noisy_model/Vocab.in is already initialized.
  loaded infer model parameters from /home/emlab/Desktop/syuuron/nmt/attention_PI_0.5PS_0.3PD_0.2_Noisy_model/translate.ckpt-2000, time 0.04s
  # 518
    src: AY0 AE1 W DH ER2 OW N AY0 Y IH IY1 UW1 OW1 W AW AE2 OW0 T UW1 AW UH2 AH0 UH0 N T UH2 UW2 AH2 AO2 OY0 AE UH1 IY1 OY0 AH0 EH0 AE EH UW1 OW AH0 AO2 P DH R M AA K UH IH2 EH0 N B OY2 HH N AE1 Y
    ref: Move (  kitchen  ) Find ( Korean_Soup kitchen ) Grasp ( Korean_Soup ) Move ( HERE )
    nmt: Move ( Reception_Table ) Find ( person Reception_Table ) Follow ( person )
2019-02-03 16:17:03.807466: I tensorflow/core/kernels/lookup_util.cc:376] Table trying to initialize from file /home/emlab/Desktop/syuuron/nmt/attention_PI_0.5PS_0.3PD_0.2_Noisy_model/Vocab.out is already initialized.
2019-02-03 16:17:03.807466: I tensorflow/core/kernels/lookup_util.cc:376] Table trying to initialize from file /home/emlab/Desktop/syuuron/nmt/attention_PI_0.5PS_0.3PD_0.2_Noisy_model/Vocab.in is already initialized.
2019-02-03 16:17:03.807466: I tensorflow/core/kernels/lookup_util.cc:376] Table trying to initialize from file /home/emlab/Desktop/syuuron/nmt/attention_PI_0.5PS_0.3PD_0.2_Noisy_model/Vocab.out is already initialized.
  loaded infer model parameters from /home/emlab/Desktop/syuuron/nmt/attention_PI_0.5PS_0.3PD_0.2_Noisy_model/translate.ckpt-2000, time 0.04s
# External evaluation, global step 2000
  decoding to output /home/emlab/Desktop/syuuron/nmt/attention_PI_0.5PS_0.3PD_0.2_Noisy_model/output_dev
  done, num sentences 2001, num translations per input 1, time 1s, Sun Feb  3 16:17:04 2019.
  bleu dev: 32.2
  saving hparams to /home/emlab/Desktop/syuuron/nmt/attention_PI_0.5PS_0.3PD_0.2_Noisy_model/hparams
# External evaluation, global step 2000
  decoding to output /home/emlab/Desktop/syuuron/nmt/attention_PI_0.5PS_0.3PD_0.2_Noisy_model/output_test
  done, num sentences 100, num translations per input 1, time 0s, Sun Feb  3 16:17:05 2019.
  bleu test: 15.6
  saving hparams to /home/emlab/Desktop/syuuron/nmt/attention_PI_0.5PS_0.3PD_0.2_Noisy_model/hparams
  step 2700 lr 1 step-time 0.13s wps 82.88K ppl 1.48 gN 2.87 bleu 32.18, Sun Feb  3 16:17:09 2019
--------------------------------------------------------------------------------------------
# Finished an epoch, step 2754. Perform external evaluation
2019-02-03 16:17:15.543121: I tensorflow/core/kernels/lookup_util.cc:376] Table trying to initialize from file /home/emlab/Desktop/syuuron/nmt/attention_PI_0.5PS_0.3PD_0.2_Noisy_model/Vocab.out is already initialized.
2019-02-03 16:17:15.543121: I tensorflow/core/kernels/lookup_util.cc:376] Table trying to initialize from file /home/emlab/Desktop/syuuron/nmt/attention_PI_0.5PS_0.3PD_0.2_Noisy_model/Vocab.in is already initialized.
2019-02-03 16:17:15.543121: I tensorflow/core/kernels/lookup_util.cc:376] Table trying to initialize from file /home/emlab/Desktop/syuuron/nmt/attention_PI_0.5PS_0.3PD_0.2_Noisy_model/Vocab.out is already initialized.
  loaded infer model parameters from /home/emlab/Desktop/syuuron/nmt/attention_PI_0.5PS_0.3PD_0.2_Noisy_model/translate.ckpt-2000, time 0.04s
  # 1598
    src: AE0 DH UW1 P F IH2 B AO AA1 UH1 F DH ER2 AY1 D UW2 AH1 P ER1 S ZH AW1 N UW0 AW D UH1 N IH1 AA2 R AY2 UW2 ER1 OY0 UH AY1 OY0 OY1 M N N AH L F IY IY0 F OY2 ER0 EH UH0 OW0 AH0 P ER1 S N
    ref: Move ( Bar ) Find ( person Bar  ) Follow ( person )
    nmt: Move ( lobby ) Find ( person lobby ) Follow ( person )
2019-02-03 16:17:15.609657: I tensorflow/core/kernels/lookup_util.cc:376] Table trying to initialize from file /home/emlab/Desktop/syuuron/nmt/attention_PI_0.5PS_0.3PD_0.2_Noisy_model/Vocab.out is already initialized.
2019-02-03 16:17:15.609657: I tensorflow/core/kernels/lookup_util.cc:376] Table trying to initialize from file /home/emlab/Desktop/syuuron/nmt/attention_PI_0.5PS_0.3PD_0.2_Noisy_model/Vocab.out is already initialized.
2019-02-03 16:17:15.609658: I tensorflow/core/kernels/lookup_util.cc:376] Table trying to initialize from file /home/emlab/Desktop/syuuron/nmt/attention_PI_0.5PS_0.3PD_0.2_Noisy_model/Vocab.in is already initialized.
  loaded infer model parameters from /home/emlab/Desktop/syuuron/nmt/attention_PI_0.5PS_0.3PD_0.2_Noisy_model/translate.ckpt-2000, time 0.04s
# External evaluation, global step 2000
  decoding to output /home/emlab/Desktop/syuuron/nmt/attention_PI_0.5PS_0.3PD_0.2_Noisy_model/output_dev
  done, num sentences 2001, num translations per input 1, time 1s, Sun Feb  3 16:17:16 2019.
  bleu dev: 32.2
  saving hparams to /home/emlab/Desktop/syuuron/nmt/attention_PI_0.5PS_0.3PD_0.2_Noisy_model/hparams
# External evaluation, global step 2000
  decoding to output /home/emlab/Desktop/syuuron/nmt/attention_PI_0.5PS_0.3PD_0.2_Noisy_model/output_test
  done, num sentences 100, num translations per input 1, time 0s, Sun Feb  3 16:17:17 2019.
  bleu test: 15.6
  saving hparams to /home/emlab/Desktop/syuuron/nmt/attention_PI_0.5PS_0.3PD_0.2_Noisy_model/hparams
  step 2800 lr 1 step-time 0.12s wps 83.13K ppl 1.45 gN 2.90 bleu 32.18, Sun Feb  3 16:17:23 2019
--------------------------------------------------------------------------------------------
# Finished an epoch, step 2835. Perform external evaluation
2019-02-03 16:17:27.352456: I tensorflow/core/kernels/lookup_util.cc:376] Table trying to initialize from file /home/emlab/Desktop/syuuron/nmt/attention_PI_0.5PS_0.3PD_0.2_Noisy_model/Vocab.in is already initialized.
2019-02-03 16:17:27.352456: I tensorflow/core/kernels/lookup_util.cc:376] Table trying to initialize from file /home/emlab/Desktop/syuuron/nmt/attention_PI_0.5PS_0.3PD_0.2_Noisy_model/Vocab.out is already initialized.
2019-02-03 16:17:27.352459: I tensorflow/core/kernels/lookup_util.cc:376] Table trying to initialize from file /home/emlab/Desktop/syuuron/nmt/attention_PI_0.5PS_0.3PD_0.2_Noisy_model/Vocab.out is already initialized.
  loaded infer model parameters from /home/emlab/Desktop/syuuron/nmt/attention_PI_0.5PS_0.3PD_0.2_Noisy_model/translate.ckpt-2000, time 0.04s
  # 775
    src: OW1 EY0 NG AE2 EY2 UW1 D AW2 AY1 N OY1 AW1 UH0 N AO2 N IH0 OW2 M EY1 UW0 IH2 AA0 L UW1 V UH0 OW AY2 IY EY0 T IY2 AH0 UW1 AH2 HH AO DH IH2 N L IY AH0 F AH0 P AA1 R OY2 IH2 AA ER M UW2 AH0 AY AY2 N AH T
    ref: Move ( Dining_Table ) Move ( Bar ) Move ( apartment )
    nmt: Move ( Dining_Room ) Move ( Reception_Table ) Move ( apartment )
2019-02-03 16:17:27.419209: I tensorflow/core/kernels/lookup_util.cc:376] Table trying to initialize from file /home/emlab/Desktop/syuuron/nmt/attention_PI_0.5PS_0.3PD_0.2_Noisy_model/Vocab.in is already initialized.
2019-02-03 16:17:27.419215: I tensorflow/core/kernels/lookup_util.cc:376] Table trying to initialize from file /home/emlab/Desktop/syuuron/nmt/attention_PI_0.5PS_0.3PD_0.2_Noisy_model/Vocab.out is already initialized.
2019-02-03 16:17:27.419215: I tensorflow/core/kernels/lookup_util.cc:376] Table trying to initialize from file /home/emlab/Desktop/syuuron/nmt/attention_PI_0.5PS_0.3PD_0.2_Noisy_model/Vocab.out is already initialized.
  loaded infer model parameters from /home/emlab/Desktop/syuuron/nmt/attention_PI_0.5PS_0.3PD_0.2_Noisy_model/translate.ckpt-2000, time 0.04s
# External evaluation, global step 2000
  decoding to output /home/emlab/Desktop/syuuron/nmt/attention_PI_0.5PS_0.3PD_0.2_Noisy_model/output_dev
  done, num sentences 2001, num translations per input 1, time 1s, Sun Feb  3 16:17:28 2019.
  bleu dev: 32.2
  saving hparams to /home/emlab/Desktop/syuuron/nmt/attention_PI_0.5PS_0.3PD_0.2_Noisy_model/hparams
# External evaluation, global step 2000
  decoding to output /home/emlab/Desktop/syuuron/nmt/attention_PI_0.5PS_0.3PD_0.2_Noisy_model/output_test
  done, num sentences 100, num translations per input 1, time 0s, Sun Feb  3 16:17:28 2019.
  bleu test: 15.6
  saving hparams to /home/emlab/Desktop/syuuron/nmt/attention_PI_0.5PS_0.3PD_0.2_Noisy_model/hparams
  step 2900 lr 1 step-time 0.13s wps 82.77K ppl 1.41 gN 2.80 bleu 32.18, Sun Feb  3 16:17:37 2019
--------------------------------------------------------------------------------------------
# Finished an epoch, step 2916. Perform external evaluation
2019-02-03 16:17:39.184894: I tensorflow/core/kernels/lookup_util.cc:376] Table trying to initialize from file /home/emlab/Desktop/syuuron/nmt/attention_PI_0.5PS_0.3PD_0.2_Noisy_model/Vocab.out is already initialized.
2019-02-03 16:17:39.184894: I tensorflow/core/kernels/lookup_util.cc:376] Table trying to initialize from file /home/emlab/Desktop/syuuron/nmt/attention_PI_0.5PS_0.3PD_0.2_Noisy_model/Vocab.in is already initialized.
2019-02-03 16:17:39.184969: I tensorflow/core/kernels/lookup_util.cc:376] Table trying to initialize from file /home/emlab/Desktop/syuuron/nmt/attention_PI_0.5PS_0.3PD_0.2_Noisy_model/Vocab.out is already initialized.
  loaded infer model parameters from /home/emlab/Desktop/syuuron/nmt/attention_PI_0.5PS_0.3PD_0.2_Noisy_model/translate.ckpt-2000, time 0.04s
  # 1150
    src: G OY UW1 UH2 UH2 UW2 OW1 F Y G AH0 R M UH2 S JH B ER P N IY0 K AE1 AA1 G AE2 JH OW1 M ER1 AY2 IY UW1 AO0 IY1 IH EY2 Y DH IY0 AH0 AH0 P UH0 R OY2 CH N T P AW2 AH2 IY1 V ER0
    ref: Move ( Sofa ) Grasp ( canned_juice ) Move ( apartment )
    nmt: Move ( Sofa ) Find ( person Sofa ) Follow ( person )
2019-02-03 16:17:39.253281: I tensorflow/core/kernels/lookup_util.cc:376] Table trying to initialize from file /home/emlab/Desktop/syuuron/nmt/attention_PI_0.5PS_0.3PD_0.2_Noisy_model/Vocab.out is already initialized.
2019-02-03 16:17:39.253281: I tensorflow/core/kernels/lookup_util.cc:376] Table trying to initialize from file /home/emlab/Desktop/syuuron/nmt/attention_PI_0.5PS_0.3PD_0.2_Noisy_model/Vocab.out is already initialized.
2019-02-03 16:17:39.253281: I tensorflow/core/kernels/lookup_util.cc:376] Table trying to initialize from file /home/emlab/Desktop/syuuron/nmt/attention_PI_0.5PS_0.3PD_0.2_Noisy_model/Vocab.in is already initialized.
  loaded infer model parameters from /home/emlab/Desktop/syuuron/nmt/attention_PI_0.5PS_0.3PD_0.2_Noisy_model/translate.ckpt-2000, time 0.04s
# External evaluation, global step 2000
  decoding to output /home/emlab/Desktop/syuuron/nmt/attention_PI_0.5PS_0.3PD_0.2_Noisy_model/output_dev
  done, num sentences 2001, num translations per input 1, time 1s, Sun Feb  3 16:17:40 2019.
  bleu dev: 32.2
  saving hparams to /home/emlab/Desktop/syuuron/nmt/attention_PI_0.5PS_0.3PD_0.2_Noisy_model/hparams
# External evaluation, global step 2000
  decoding to output /home/emlab/Desktop/syuuron/nmt/attention_PI_0.5PS_0.3PD_0.2_Noisy_model/output_test
  done, num sentences 100, num translations per input 1, time 0s, Sun Feb  3 16:17:40 2019.
  bleu test: 15.6
  saving hparams to /home/emlab/Desktop/syuuron/nmt/attention_PI_0.5PS_0.3PD_0.2_Noisy_model/hparams
--------------------------------------------------------------------------------------------
# Finished an epoch, step 2997. Perform external evaluation
2019-02-03 16:17:50.961993: I tensorflow/core/kernels/lookup_util.cc:376] Table trying to initialize from file /home/emlab/Desktop/syuuron/nmt/attention_PI_0.5PS_0.3PD_0.2_Noisy_model/Vocab.in is already initialized.
2019-02-03 16:17:50.961993: I tensorflow/core/kernels/lookup_util.cc:376] Table trying to initialize from file /home/emlab/Desktop/syuuron/nmt/attention_PI_0.5PS_0.3PD_0.2_Noisy_model/Vocab.out is already initialized.
2019-02-03 16:17:50.961993: I tensorflow/core/kernels/lookup_util.cc:376] Table trying to initialize from file /home/emlab/Desktop/syuuron/nmt/attention_PI_0.5PS_0.3PD_0.2_Noisy_model/Vocab.out is already initialized.
  loaded infer model parameters from /home/emlab/Desktop/syuuron/nmt/attention_PI_0.5PS_0.3PD_0.2_Noisy_model/translate.ckpt-2000, time 0.04s
  # 965
    src: ER G OW1 T UW1 ER2 ER2 K IH1 DH ER1 OW2 CH G R UW1 V CH ER0 T EH ER1 EY2 AW2 ZH EY1 OY2 K UH0 S AE AO R B EH2 CH AH2 R AY0 EY IH2 OY1 AH2 Y EY0 TH IY1 CH SH AO1 IY2 ER2 W AO0 ZH L UH1 AO0 UW0 IH1 T T JH UH1 N AO ER0 T K N OW AY2 UW1 N UH AY1 D IH0 EY1 Y AY AE1 AH0 OW2 DH L IH2 P AH N F SH Z
    ref: Move ( Kitchen_Room ) Find ( Strawberry_Juice Kitchen_Room ) Grasp ( Strawberry_Juice ) Move ( Kitchen_Table ) Place ( Strawberry_Juice Kitchen_Table )
    nmt: Move ( kitchen ) Find ( person kitchen ) Move ( Side_Table ) Grasp ( nursing_bottle )
2019-02-03 16:17:51.039450: I tensorflow/core/kernels/lookup_util.cc:376] Table trying to initialize from file /home/emlab/Desktop/syuuron/nmt/attention_PI_0.5PS_0.3PD_0.2_Noisy_model/Vocab.out is already initialized.
2019-02-03 16:17:51.039450: I tensorflow/core/kernels/lookup_util.cc:376] Table trying to initialize from file /home/emlab/Desktop/syuuron/nmt/attention_PI_0.5PS_0.3PD_0.2_Noisy_model/Vocab.in is already initialized.
2019-02-03 16:17:51.039453: I tensorflow/core/kernels/lookup_util.cc:376] Table trying to initialize from file /home/emlab/Desktop/syuuron/nmt/attention_PI_0.5PS_0.3PD_0.2_Noisy_model/Vocab.out is already initialized.
  loaded infer model parameters from /home/emlab/Desktop/syuuron/nmt/attention_PI_0.5PS_0.3PD_0.2_Noisy_model/translate.ckpt-2000, time 0.04s
# External evaluation, global step 2000
  decoding to output /home/emlab/Desktop/syuuron/nmt/attention_PI_0.5PS_0.3PD_0.2_Noisy_model/output_dev
  done, num sentences 2001, num translations per input 1, time 1s, Sun Feb  3 16:17:52 2019.
  bleu dev: 32.2
  saving hparams to /home/emlab/Desktop/syuuron/nmt/attention_PI_0.5PS_0.3PD_0.2_Noisy_model/hparams
# External evaluation, global step 2000
  decoding to output /home/emlab/Desktop/syuuron/nmt/attention_PI_0.5PS_0.3PD_0.2_Noisy_model/output_test
  done, num sentences 100, num translations per input 1, time 0s, Sun Feb  3 16:17:52 2019.
  bleu test: 15.6
  saving hparams to /home/emlab/Desktop/syuuron/nmt/attention_PI_0.5PS_0.3PD_0.2_Noisy_model/hparams
  step 3000 lr 1 step-time 0.13s wps 79.46K ppl 1.38 gN 2.75 bleu 32.18, Sun Feb  3 16:17:53 2019
# Save eval, global step 3000
2019-02-03 16:17:53.561949: I tensorflow/core/kernels/lookup_util.cc:376] Table trying to initialize from file /home/emlab/Desktop/syuuron/nmt/attention_PI_0.5PS_0.3PD_0.2_Noisy_model/Vocab.out is already initialized.
2019-02-03 16:17:53.561949: I tensorflow/core/kernels/lookup_util.cc:376] Table trying to initialize from file /home/emlab/Desktop/syuuron/nmt/attention_PI_0.5PS_0.3PD_0.2_Noisy_model/Vocab.out is already initialized.
2019-02-03 16:17:53.561985: I tensorflow/core/kernels/lookup_util.cc:376] Table trying to initialize from file /home/emlab/Desktop/syuuron/nmt/attention_PI_0.5PS_0.3PD_0.2_Noisy_model/Vocab.in is already initialized.
  loaded infer model parameters from /home/emlab/Desktop/syuuron/nmt/attention_PI_0.5PS_0.3PD_0.2_Noisy_model/translate.ckpt-3000, time 0.04s
  # 1800
    src: OW2 IY2 T AY1 UW1 N IH IH1 CH AO2 AW2 AH0 N W AY UH0 R M AA2 EH1 AH0 DH S IH1 AA0 F AO AY1 UW0 D AH0 AO0 ER2 OW0 UW0 AY1 EY0 OY0 EH P OY1 AH0 F IH1 N L EY0 IH1 R AY1 P EH1 AE IY0 P AW P TH IY0 OY0 S T AA1 AA1 AH2 R F IH AW1 R AY1 EY L M V IH0 NG T OW OW2 AE EH0 R B AH0 OW1 L
    ref: Move ( Kitchen_Room ) Find ( person ) Move ( Living_Table ) Grasp ( Cup_Star )
    nmt: Move ( Kitchen_Room ) Find ( person Kitchen_Room ) Move ( Living_Table ) Grasp ( Chip_Star ) Move ( person )
2019-02-03 16:17:53.643285: I tensorflow/core/kernels/lookup_util.cc:376] Table trying to initialize from file /home/emlab/Desktop/syuuron/nmt/attention_PI_0.5PS_0.3PD_0.2_Noisy_model/Vocab.out is already initialized.
2019-02-03 16:17:53.643285: I tensorflow/core/kernels/lookup_util.cc:376] Table trying to initialize from file /home/emlab/Desktop/syuuron/nmt/attention_PI_0.5PS_0.3PD_0.2_Noisy_model/Vocab.out is already initialized.
2019-02-03 16:17:53.643285: I tensorflow/core/kernels/lookup_util.cc:376] Table trying to initialize from file /home/emlab/Desktop/syuuron/nmt/attention_PI_0.5PS_0.3PD_0.2_Noisy_model/Vocab.in is already initialized.
  loaded eval model parameters from /home/emlab/Desktop/syuuron/nmt/attention_PI_0.5PS_0.3PD_0.2_Noisy_model/translate.ckpt-3000, time 0.04s
  eval dev: perplexity 1.49, time 1s, Sun Feb  3 16:17:54 2019.
  eval test: perplexity 3.78, time 0s, Sun Feb  3 16:17:54 2019.
--------------------------------------------------------------------------------------------
# Finished an epoch, step 3078. Perform external evaluation
2019-02-03 16:18:04.321134: I tensorflow/core/kernels/lookup_util.cc:376] Table trying to initialize from file /home/emlab/Desktop/syuuron/nmt/attention_PI_0.5PS_0.3PD_0.2_Noisy_model/Vocab.out is already initialized.
2019-02-03 16:18:04.321134: I tensorflow/core/kernels/lookup_util.cc:376] Table trying to initialize from file /home/emlab/Desktop/syuuron/nmt/attention_PI_0.5PS_0.3PD_0.2_Noisy_model/Vocab.in is already initialized.
2019-02-03 16:18:04.321163: I tensorflow/core/kernels/lookup_util.cc:376] Table trying to initialize from file /home/emlab/Desktop/syuuron/nmt/attention_PI_0.5PS_0.3PD_0.2_Noisy_model/Vocab.out is already initialized.
  loaded infer model parameters from /home/emlab/Desktop/syuuron/nmt/attention_PI_0.5PS_0.3PD_0.2_Noisy_model/translate.ckpt-3000, time 0.04s
  # 506
    src: AY1 D Y UW1 EH0 OW1 CH S ER1 AA UH2 R AH AH0 AO D ER1 ER0 AH1 G IY R AE1 T OW0 G K S AA AH L P K OW0 K IH2 R IY1 V AY AH0 S ZH UW1 UW1 IY0 AA2 P ER0 TH AA0 D DH ER1 CH ER B OY2 EH0 K
    ref: Move ( Corridor ) Find ( Korean_Soup Corridor ) Move ( HERE )
    nmt: Move ( Corridor ) Find ( Korean_Soup Corridor Grasp ( Korean_Soup ) Move ( HERE )
2019-02-03 16:18:04.392359: I tensorflow/core/kernels/lookup_util.cc:376] Table trying to initialize from file /home/emlab/Desktop/syuuron/nmt/attention_PI_0.5PS_0.3PD_0.2_Noisy_model/Vocab.out is already initialized.
2019-02-03 16:18:04.392359: I tensorflow/core/kernels/lookup_util.cc:376] Table trying to initialize from file /home/emlab/Desktop/syuuron/nmt/attention_PI_0.5PS_0.3PD_0.2_Noisy_model/Vocab.in is already initialized.
2019-02-03 16:18:04.392359: I tensorflow/core/kernels/lookup_util.cc:376] Table trying to initialize from file /home/emlab/Desktop/syuuron/nmt/attention_PI_0.5PS_0.3PD_0.2_Noisy_model/Vocab.out is already initialized.
  loaded infer model parameters from /home/emlab/Desktop/syuuron/nmt/attention_PI_0.5PS_0.3PD_0.2_Noisy_model/translate.ckpt-3000, time 0.04s
# External evaluation, global step 3000
  decoding to output /home/emlab/Desktop/syuuron/nmt/attention_PI_0.5PS_0.3PD_0.2_Noisy_model/output_dev
  done, num sentences 2001, num translations per input 1, time 1s, Sun Feb  3 16:18:05 2019.
  bleu dev: 55.6
  saving hparams to /home/emlab/Desktop/syuuron/nmt/attention_PI_0.5PS_0.3PD_0.2_Noisy_model/hparams
# External evaluation, global step 3000
  decoding to output /home/emlab/Desktop/syuuron/nmt/attention_PI_0.5PS_0.3PD_0.2_Noisy_model/output_test
  done, num sentences 100, num translations per input 1, time 0s, Sun Feb  3 16:18:05 2019.
  bleu test: 13.7
  saving hparams to /home/emlab/Desktop/syuuron/nmt/attention_PI_0.5PS_0.3PD_0.2_Noisy_model/hparams
  step 3100 lr 1 step-time 0.13s wps 82.81K ppl 1.33 gN 2.54 bleu 55.59, Sun Feb  3 16:18:09 2019
--------------------------------------------------------------------------------------------
# Finished an epoch, step 3159. Perform external evaluation
2019-02-03 16:18:16.036140: I tensorflow/core/kernels/lookup_util.cc:376] Table trying to initialize from file /home/emlab/Desktop/syuuron/nmt/attention_PI_0.5PS_0.3PD_0.2_Noisy_model/Vocab.out is already initialized.
2019-02-03 16:18:16.036140: I tensorflow/core/kernels/lookup_util.cc:376] Table trying to initialize from file /home/emlab/Desktop/syuuron/nmt/attention_PI_0.5PS_0.3PD_0.2_Noisy_model/Vocab.out is already initialized.
2019-02-03 16:18:16.036140: I tensorflow/core/kernels/lookup_util.cc:376] Table trying to initialize from file /home/emlab/Desktop/syuuron/nmt/attention_PI_0.5PS_0.3PD_0.2_Noisy_model/Vocab.in is already initialized.
  loaded infer model parameters from /home/emlab/Desktop/syuuron/nmt/attention_PI_0.5PS_0.3PD_0.2_Noisy_model/translate.ckpt-3000, time 0.04s
  # 1271
    src: W EH1 OY2 IH2 G V CH L T AA W P SH N AE UW ER2 S EH1 G UH1 AW EH1 ER1 P AA2 OW2 UW2 EH0 AE0 UH2 AH1 R AY AW2 Y SH EY1 CH Z IH1 M NG B EY1 Z IH B L EH2 AE0 Z T AW AW K AA1 Z IH1 AW2 CH N OY1 AO0 OW0 UW1 EY2 M TH OY0 UW1 OW2 V UW1 S AE2 L F OW1 EY0 AH0
    ref: Move ( Kitchen_Table ) Grasp ( bell_pepper ) Move ( Kitchen_Room ) Move ( Sofa )
    nmt: Move ( Living_Table ) Grasp ( Egg_Soup ) Move ( Kitchen_Room ) Move ( Sofa )
2019-02-03 16:18:16.112194: I tensorflow/core/kernels/lookup_util.cc:376] Table trying to initialize from file /home/emlab/Desktop/syuuron/nmt/attention_PI_0.5PS_0.3PD_0.2_Noisy_model/Vocab.in is already initialized.
2019-02-03 16:18:16.112194: I tensorflow/core/kernels/lookup_util.cc:376] Table trying to initialize from file /home/emlab/Desktop/syuuron/nmt/attention_PI_0.5PS_0.3PD_0.2_Noisy_model/Vocab.out is already initialized.
2019-02-03 16:18:16.112197: I tensorflow/core/kernels/lookup_util.cc:376] Table trying to initialize from file /home/emlab/Desktop/syuuron/nmt/attention_PI_0.5PS_0.3PD_0.2_Noisy_model/Vocab.out is already initialized.
  loaded infer model parameters from /home/emlab/Desktop/syuuron/nmt/attention_PI_0.5PS_0.3PD_0.2_Noisy_model/translate.ckpt-3000, time 0.04s
# External evaluation, global step 3000
  decoding to output /home/emlab/Desktop/syuuron/nmt/attention_PI_0.5PS_0.3PD_0.2_Noisy_model/output_dev
  done, num sentences 2001, num translations per input 1, time 1s, Sun Feb  3 16:18:17 2019.
  bleu dev: 55.6
  saving hparams to /home/emlab/Desktop/syuuron/nmt/attention_PI_0.5PS_0.3PD_0.2_Noisy_model/hparams
# External evaluation, global step 3000
  decoding to output /home/emlab/Desktop/syuuron/nmt/attention_PI_0.5PS_0.3PD_0.2_Noisy_model/output_test
  done, num sentences 100, num translations per input 1, time 0s, Sun Feb  3 16:18:17 2019.
  bleu test: 13.7
  saving hparams to /home/emlab/Desktop/syuuron/nmt/attention_PI_0.5PS_0.3PD_0.2_Noisy_model/hparams
  step 3200 lr 1 step-time 0.12s wps 83.24K ppl 1.32 gN 2.65 bleu 55.59, Sun Feb  3 16:18:22 2019
--------------------------------------------------------------------------------------------
# Finished an epoch, step 3240. Perform external evaluation
2019-02-03 16:18:27.732791: I tensorflow/core/kernels/lookup_util.cc:376] Table trying to initialize from file /home/emlab/Desktop/syuuron/nmt/attention_PI_0.5PS_0.3PD_0.2_Noisy_model/Vocab.out is already initialized.
2019-02-03 16:18:27.732791: I tensorflow/core/kernels/lookup_util.cc:376] Table trying to initialize from file /home/emlab/Desktop/syuuron/nmt/attention_PI_0.5PS_0.3PD_0.2_Noisy_model/Vocab.in is already initialized.
2019-02-03 16:18:27.732791: I tensorflow/core/kernels/lookup_util.cc:376] Table trying to initialize from file /home/emlab/Desktop/syuuron/nmt/attention_PI_0.5PS_0.3PD_0.2_Noisy_model/Vocab.out is already initialized.
  loaded infer model parameters from /home/emlab/Desktop/syuuron/nmt/attention_PI_0.5PS_0.3PD_0.2_Noisy_model/translate.ckpt-3000, time 0.04s
  # 807
    src: K UW OY2 EH2 IH0 AO1 AH2 AH0 P ER1 UH0 AH0 N DH UW0 TH UH2 AE JH W AY0 AW AE1 OY1 OW0 UH2 N Y AE1 SH S ER0 K AH UW F AE AY AO1 R AE1 V IH0 V EH1 EH2 AO1 R ER2 ER0 AA2 G EH1 OY0 OW2 IH1 IH1 AY ZH UH0 T ER0 G UW1 ZH AE2 EH2 EY F R AE0 M N AY1 IH D N AW IH0 T G T V EY1 EY2 UH1 R ER0 UH0 UH0 AW2 TH UH2 Y
    ref: Say ( person ) Listen ( hourglass ) Move ( Dining_Table ) Find ( hourglass Dining_Table ) Grasp ( hourglass ) Move ( hourglass ) Place ( hourglass Dining_Table ) 
    nmt: Say ( person ) Listen ( Green_Tea ) Move ( Dining_Table ) Find ( Egg_Soup Dining_Table ) Grasp ( Egg_Soup ) Move ( Visitor_Room ) Move ( Dining_Room ) Place ( Orange_Juice Dining_Room )
2019-02-03 16:18:27.821244: I tensorflow/core/kernels/lookup_util.cc:376] Table trying to initialize from file /home/emlab/Desktop/syuuron/nmt/attention_PI_0.5PS_0.3PD_0.2_Noisy_model/Vocab.out is already initialized.
2019-02-03 16:18:27.821249: I tensorflow/core/kernels/lookup_util.cc:376] Table trying to initialize from file /home/emlab/Desktop/syuuron/nmt/attention_PI_0.5PS_0.3PD_0.2_Noisy_model/Vocab.in is already initialized.
2019-02-03 16:18:27.821249: I tensorflow/core/kernels/lookup_util.cc:376] Table trying to initialize from file /home/emlab/Desktop/syuuron/nmt/attention_PI_0.5PS_0.3PD_0.2_Noisy_model/Vocab.out is already initialized.
  loaded infer model parameters from /home/emlab/Desktop/syuuron/nmt/attention_PI_0.5PS_0.3PD_0.2_Noisy_model/translate.ckpt-3000, time 0.04s
# External evaluation, global step 3000
  decoding to output /home/emlab/Desktop/syuuron/nmt/attention_PI_0.5PS_0.3PD_0.2_Noisy_model/output_dev
  done, num sentences 2001, num translations per input 1, time 1s, Sun Feb  3 16:18:28 2019.
  bleu dev: 55.6
  saving hparams to /home/emlab/Desktop/syuuron/nmt/attention_PI_0.5PS_0.3PD_0.2_Noisy_model/hparams
# External evaluation, global step 3000
  decoding to output /home/emlab/Desktop/syuuron/nmt/attention_PI_0.5PS_0.3PD_0.2_Noisy_model/output_test
  done, num sentences 100, num translations per input 1, time 0s, Sun Feb  3 16:18:29 2019.
  bleu test: 13.7
  saving hparams to /home/emlab/Desktop/syuuron/nmt/attention_PI_0.5PS_0.3PD_0.2_Noisy_model/hparams
  step 3300 lr 1 step-time 0.13s wps 82.51K ppl 1.32 gN 2.89 bleu 55.59, Sun Feb  3 16:18:37 2019
--------------------------------------------------------------------------------------------
# Finished an epoch, step 3321. Perform external evaluation
2019-02-03 16:18:39.512976: I tensorflow/core/kernels/lookup_util.cc:376] Table trying to initialize from file /home/emlab/Desktop/syuuron/nmt/attention_PI_0.5PS_0.3PD_0.2_Noisy_model/Vocab.in is already initialized.
2019-02-03 16:18:39.512976: I tensorflow/core/kernels/lookup_util.cc:376] Table trying to initialize from file /home/emlab/Desktop/syuuron/nmt/attention_PI_0.5PS_0.3PD_0.2_Noisy_model/Vocab.out is already initialized.
2019-02-03 16:18:39.513085: I tensorflow/core/kernels/lookup_util.cc:376] Table trying to initialize from file /home/emlab/Desktop/syuuron/nmt/attention_PI_0.5PS_0.3PD_0.2_Noisy_model/Vocab.out is already initialized.
  loaded infer model parameters from /home/emlab/Desktop/syuuron/nmt/attention_PI_0.5PS_0.3PD_0.2_Noisy_model/translate.ckpt-3000, time 0.04s
  # 797
    src: G EH D OY1 Y UW1 AH1 N M UW1 AE0 V T IY1 UW1 B OW0 OW1 G OY1 EH1 T G K OW L N OY1 AA UH D JH UW1 AA2 B NG AO0 AY2 AH1 IH1 T IH T OY1 UW1 AY1 OW1
    ref: Move ( Bar ) Find ( canned_juice Bar  ) Grasp ( canned_juice )，Move ( Sofa )
    nmt: Move ( Sofa ) Find ( canned_juice Sofa ) Grasp ( canned_juice ) Move ( Dining_Sofa ) Place ( canned_juice Sofa )
2019-02-03 16:18:39.585894: I tensorflow/core/kernels/lookup_util.cc:376] Table trying to initialize from file /home/emlab/Desktop/syuuron/nmt/attention_PI_0.5PS_0.3PD_0.2_Noisy_model/Vocab.out is already initialized.
2019-02-03 16:18:39.585911: I tensorflow/core/kernels/lookup_util.cc:376] Table trying to initialize from file /home/emlab/Desktop/syuuron/nmt/attention_PI_0.5PS_0.3PD_0.2_Noisy_model/Vocab.out is already initialized.
2019-02-03 16:18:39.585894: I tensorflow/core/kernels/lookup_util.cc:376] Table trying to initialize from file /home/emlab/Desktop/syuuron/nmt/attention_PI_0.5PS_0.3PD_0.2_Noisy_model/Vocab.in is already initialized.
  loaded infer model parameters from /home/emlab/Desktop/syuuron/nmt/attention_PI_0.5PS_0.3PD_0.2_Noisy_model/translate.ckpt-3000, time 0.04s
# External evaluation, global step 3000
  decoding to output /home/emlab/Desktop/syuuron/nmt/attention_PI_0.5PS_0.3PD_0.2_Noisy_model/output_dev
  done, num sentences 2001, num translations per input 1, time 1s, Sun Feb  3 16:18:40 2019.
  bleu dev: 55.6
  saving hparams to /home/emlab/Desktop/syuuron/nmt/attention_PI_0.5PS_0.3PD_0.2_Noisy_model/hparams
# External evaluation, global step 3000
  decoding to output /home/emlab/Desktop/syuuron/nmt/attention_PI_0.5PS_0.3PD_0.2_Noisy_model/output_test
  done, num sentences 100, num translations per input 1, time 0s, Sun Feb  3 16:18:40 2019.
  bleu test: 13.7
  saving hparams to /home/emlab/Desktop/syuuron/nmt/attention_PI_0.5PS_0.3PD_0.2_Noisy_model/hparams
  step 3400 lr 1 step-time 0.12s wps 82.21K ppl 1.29 gN 2.63 bleu 55.59, Sun Feb  3 16:18:50 2019
--------------------------------------------------------------------------------------------
# Finished an epoch, step 3402. Perform external evaluation
2019-02-03 16:18:51.231185: I tensorflow/core/kernels/lookup_util.cc:376] Table trying to initialize from file /home/emlab/Desktop/syuuron/nmt/attention_PI_0.5PS_0.3PD_0.2_Noisy_model/Vocab.out is already initialized.
2019-02-03 16:18:51.231185: I tensorflow/core/kernels/lookup_util.cc:376] Table trying to initialize from file /home/emlab/Desktop/syuuron/nmt/attention_PI_0.5PS_0.3PD_0.2_Noisy_model/Vocab.out is already initialized.
2019-02-03 16:18:51.231185: I tensorflow/core/kernels/lookup_util.cc:376] Table trying to initialize from file /home/emlab/Desktop/syuuron/nmt/attention_PI_0.5PS_0.3PD_0.2_Noisy_model/Vocab.in is already initialized.
  loaded infer model parameters from /home/emlab/Desktop/syuuron/nmt/attention_PI_0.5PS_0.3PD_0.2_Noisy_model/translate.ckpt-3000, time 0.04s
  # 1645
    src: AY0 G ER OW1 T Z UW1 UH0 AO1 R IH0 EH1 EY2 SH AW0 AH0 AH0 N R AH0 AA0 EY L M AH2 ER IY0 UW ER0 ER0 UW1 V AO1 AO0 AO1 UW1 D AY1 N R UW2 NG G S SH AY1 OW1 UW1 EY0 AH0 AY0 AE0 T EY1 K P IH1 EH0 AH1 P
    ref: Move ( Reception_Table ) Move ( Dining_Sofa ) Find ( pink_cup Reception_Table ) Grasp ( pink_cup ) Move ( HERE )
    nmt: Move ( Reception_Table ) Move ( Dining_Sofa ) Find ( white_cup Reception_Table ) Grasp ( white_cup ) Move ( HERE )
2019-02-03 16:18:51.311185: I tensorflow/core/kernels/lookup_util.cc:376] Table trying to initialize from file /home/emlab/Desktop/syuuron/nmt/attention_PI_0.5PS_0.3PD_0.2_Noisy_model/Vocab.in is already initialized.
2019-02-03 16:18:51.311185: I tensorflow/core/kernels/lookup_util.cc:376] Table trying to initialize from file /home/emlab/Desktop/syuuron/nmt/attention_PI_0.5PS_0.3PD_0.2_Noisy_model/Vocab.out is already initialized.
2019-02-03 16:18:51.311196: I tensorflow/core/kernels/lookup_util.cc:376] Table trying to initialize from file /home/emlab/Desktop/syuuron/nmt/attention_PI_0.5PS_0.3PD_0.2_Noisy_model/Vocab.out is already initialized.
  loaded infer model parameters from /home/emlab/Desktop/syuuron/nmt/attention_PI_0.5PS_0.3PD_0.2_Noisy_model/translate.ckpt-3000, time 0.04s
# External evaluation, global step 3000
  decoding to output /home/emlab/Desktop/syuuron/nmt/attention_PI_0.5PS_0.3PD_0.2_Noisy_model/output_dev
  done, num sentences 2001, num translations per input 1, time 1s, Sun Feb  3 16:18:52 2019.
  bleu dev: 55.6
  saving hparams to /home/emlab/Desktop/syuuron/nmt/attention_PI_0.5PS_0.3PD_0.2_Noisy_model/hparams
# External evaluation, global step 3000
  decoding to output /home/emlab/Desktop/syuuron/nmt/attention_PI_0.5PS_0.3PD_0.2_Noisy_model/output_test
  done, num sentences 100, num translations per input 1, time 0s, Sun Feb  3 16:18:52 2019.
  bleu test: 13.7
  saving hparams to /home/emlab/Desktop/syuuron/nmt/attention_PI_0.5PS_0.3PD_0.2_Noisy_model/hparams
--------------------------------------------------------------------------------------------
# Finished an epoch, step 3483. Perform external evaluation
2019-02-03 16:19:02.979910: I tensorflow/core/kernels/lookup_util.cc:376] Table trying to initialize from file /home/emlab/Desktop/syuuron/nmt/attention_PI_0.5PS_0.3PD_0.2_Noisy_model/Vocab.out is already initialized.
2019-02-03 16:19:02.979910: I tensorflow/core/kernels/lookup_util.cc:376] Table trying to initialize from file /home/emlab/Desktop/syuuron/nmt/attention_PI_0.5PS_0.3PD_0.2_Noisy_model/Vocab.out is already initialized.
2019-02-03 16:19:02.979910: I tensorflow/core/kernels/lookup_util.cc:376] Table trying to initialize from file /home/emlab/Desktop/syuuron/nmt/attention_PI_0.5PS_0.3PD_0.2_Noisy_model/Vocab.in is already initialized.
  loaded infer model parameters from /home/emlab/Desktop/syuuron/nmt/attention_PI_0.5PS_0.3PD_0.2_Noisy_model/translate.ckpt-3000, time 0.04s
  # 1828
    src: Y NG IH2 UW1 UW1 B AE2 AH1 OY1 IY0 AA1 L R UH0 AY1 IH0 N EY2 TH UW0 D ER1 AA1 B OY P M AH0 JH EY IY1 ER1 N B AY1 P AA2 IY0 AW0 EY N EY P AW1 EY2 S EH IY2 DH OY IH0 OY K AY AY1 EY IH1 L HH L S F ER1 AY0
    ref: Move (  Bar  ) Find ( person Bar  ) Follow ( pesron )
    nmt: Move ( Bar ) Find ( person Bar ) Follow ( person )
2019-02-03 16:19:03.050081: I tensorflow/core/kernels/lookup_util.cc:376] Table trying to initialize from file /home/emlab/Desktop/syuuron/nmt/attention_PI_0.5PS_0.3PD_0.2_Noisy_model/Vocab.in is already initialized.
2019-02-03 16:19:03.050082: I tensorflow/core/kernels/lookup_util.cc:376] Table trying to initialize from file /home/emlab/Desktop/syuuron/nmt/attention_PI_0.5PS_0.3PD_0.2_Noisy_model/Vocab.out is already initialized.
2019-02-03 16:19:03.050092: I tensorflow/core/kernels/lookup_util.cc:376] Table trying to initialize from file /home/emlab/Desktop/syuuron/nmt/attention_PI_0.5PS_0.3PD_0.2_Noisy_model/Vocab.out is already initialized.
  loaded infer model parameters from /home/emlab/Desktop/syuuron/nmt/attention_PI_0.5PS_0.3PD_0.2_Noisy_model/translate.ckpt-3000, time 0.04s
# External evaluation, global step 3000
  decoding to output /home/emlab/Desktop/syuuron/nmt/attention_PI_0.5PS_0.3PD_0.2_Noisy_model/output_dev
  done, num sentences 2001, num translations per input 1, time 1s, Sun Feb  3 16:19:04 2019.
  bleu dev: 55.6
  saving hparams to /home/emlab/Desktop/syuuron/nmt/attention_PI_0.5PS_0.3PD_0.2_Noisy_model/hparams
# External evaluation, global step 3000
  decoding to output /home/emlab/Desktop/syuuron/nmt/attention_PI_0.5PS_0.3PD_0.2_Noisy_model/output_test
  done, num sentences 100, num translations per input 1, time 0s, Sun Feb  3 16:19:04 2019.
  bleu test: 13.7
  saving hparams to /home/emlab/Desktop/syuuron/nmt/attention_PI_0.5PS_0.3PD_0.2_Noisy_model/hparams
  step 3500 lr 1 step-time 0.13s wps 79.59K ppl 1.28 gN 2.84 bleu 55.59, Sun Feb  3 16:19:06 2019
--------------------------------------------------------------------------------------------
# Finished an epoch, step 3564. Perform external evaluation
2019-02-03 16:19:14.678064: I tensorflow/core/kernels/lookup_util.cc:376] Table trying to initialize from file /home/emlab/Desktop/syuuron/nmt/attention_PI_0.5PS_0.3PD_0.2_Noisy_model/Vocab.out is already initialized.
2019-02-03 16:19:14.678064: I tensorflow/core/kernels/lookup_util.cc:376] Table trying to initialize from file /home/emlab/Desktop/syuuron/nmt/attention_PI_0.5PS_0.3PD_0.2_Noisy_model/Vocab.out is already initialized.
2019-02-03 16:19:14.678064: I tensorflow/core/kernels/lookup_util.cc:376] Table trying to initialize from file /home/emlab/Desktop/syuuron/nmt/attention_PI_0.5PS_0.3PD_0.2_Noisy_model/Vocab.in is already initialized.
  loaded infer model parameters from /home/emlab/Desktop/syuuron/nmt/attention_PI_0.5PS_0.3PD_0.2_Noisy_model/translate.ckpt-3000, time 0.04s
  # 749
    src: AH1 OW UW UH OW1 UH IH0 OW2 T Y UW1 OW1 EH1 AA1 D SH R AY AO1 IH0 IH2 UW1 M F OW2 EY1 AY1 N UH1 AH0 AA P Z S AH0 IH2 AA0 AY1 N N G IH1 EH2 R OW2 L ER1 AY1 IY AW2 B IH0 IH R AA UW UH1 B UH EH1 L AY1 R P EH1 R ZH F UW OY1 OW0 UW0 B AY0 UW0 AO2 AA1 AA AO0 R
    ref: Move ( bed_room ) Find ( person bed_room ) Move ( Bar ) Grasp ( bell_pepper )
    nmt: Move ( bed_room ) Find ( person bed_room ) Move ( Bar ) Grasp ( bear_doll ) Move ( person )
2019-02-03 16:19:14.757743: I tensorflow/core/kernels/lookup_util.cc:376] Table trying to initialize from file /home/emlab/Desktop/syuuron/nmt/attention_PI_0.5PS_0.3PD_0.2_Noisy_model/Vocab.out is already initialized.
2019-02-03 16:19:14.757757: I tensorflow/core/kernels/lookup_util.cc:376] Table trying to initialize from file /home/emlab/Desktop/syuuron/nmt/attention_PI_0.5PS_0.3PD_0.2_Noisy_model/Vocab.out is already initialized.
2019-02-03 16:19:14.757748: I tensorflow/core/kernels/lookup_util.cc:376] Table trying to initialize from file /home/emlab/Desktop/syuuron/nmt/attention_PI_0.5PS_0.3PD_0.2_Noisy_model/Vocab.in is already initialized.
  loaded infer model parameters from /home/emlab/Desktop/syuuron/nmt/attention_PI_0.5PS_0.3PD_0.2_Noisy_model/translate.ckpt-3000, time 0.04s
# External evaluation, global step 3000
  decoding to output /home/emlab/Desktop/syuuron/nmt/attention_PI_0.5PS_0.3PD_0.2_Noisy_model/output_dev
  done, num sentences 2001, num translations per input 1, time 1s, Sun Feb  3 16:19:15 2019.
  bleu dev: 55.6
  saving hparams to /home/emlab/Desktop/syuuron/nmt/attention_PI_0.5PS_0.3PD_0.2_Noisy_model/hparams
# External evaluation, global step 3000
  decoding to output /home/emlab/Desktop/syuuron/nmt/attention_PI_0.5PS_0.3PD_0.2_Noisy_model/output_test
  done, num sentences 100, num translations per input 1, time 0s, Sun Feb  3 16:19:16 2019.
  bleu test: 13.7
  saving hparams to /home/emlab/Desktop/syuuron/nmt/attention_PI_0.5PS_0.3PD_0.2_Noisy_model/hparams
  step 3600 lr 1 step-time 0.12s wps 82.90K ppl 1.27 gN 3.15 bleu 55.59, Sun Feb  3 16:19:21 2019
--------------------------------------------------------------------------------------------
# Finished an epoch, step 3645. Perform external evaluation
2019-02-03 16:19:26.418672: I tensorflow/core/kernels/lookup_util.cc:376] Table trying to initialize from file /home/emlab/Desktop/syuuron/nmt/attention_PI_0.5PS_0.3PD_0.2_Noisy_model/Vocab.in is already initialized.
2019-02-03 16:19:26.418672: I tensorflow/core/kernels/lookup_util.cc:376] Table trying to initialize from file /home/emlab/Desktop/syuuron/nmt/attention_PI_0.5PS_0.3PD_0.2_Noisy_model/Vocab.out is already initialized.
2019-02-03 16:19:26.418672: I tensorflow/core/kernels/lookup_util.cc:376] Table trying to initialize from file /home/emlab/Desktop/syuuron/nmt/attention_PI_0.5PS_0.3PD_0.2_Noisy_model/Vocab.out is already initialized.
  loaded infer model parameters from /home/emlab/Desktop/syuuron/nmt/attention_PI_0.5PS_0.3PD_0.2_Noisy_model/translate.ckpt-3000, time 0.04s
  # 1476
    src: OW0 AA AE2 AA1 EH2 AO0 V AW2 S V AA1 L Y AO EY1 B AO0 AO2 EH1 UH0 AH0 AH0 G EH1 W AA AH T F B L ER0 P L EH1 EH2 OY1 S AH0 AY2 T NG IY2 DH K ER2 AW2 ER1 AA1 AA1 AA AO T L G OW2 SH Y IH1 D EH2 AA1 N OY1 ER AW1 AW2 AY IH2 F EY0 UH IH0 AY1 EY0 N UW NG S EY1 L AO0 AH AE2 AE1 OW2 K
    ref: Move ( Living_Table ) Find ( filled_plastic_bottle Living_Table  ) Grasp ( filled_plastic_bottle )  Move ( Dining_Table ) Place ( filled_plastic_bottle Living_Table )
    nmt: Move ( Living_Sofa ) Grasp ( bell_pepper ) Move ( Dining_Table ) Place ( bell_pepper Living_Sofa )
2019-02-03 16:19:26.496712: I tensorflow/core/kernels/lookup_util.cc:376] Table trying to initialize from file /home/emlab/Desktop/syuuron/nmt/attention_PI_0.5PS_0.3PD_0.2_Noisy_model/Vocab.in is already initialized.
2019-02-03 16:19:26.496713: I tensorflow/core/kernels/lookup_util.cc:376] Table trying to initialize from file /home/emlab/Desktop/syuuron/nmt/attention_PI_0.5PS_0.3PD_0.2_Noisy_model/Vocab.out is already initialized.
2019-02-03 16:19:26.496735: I tensorflow/core/kernels/lookup_util.cc:376] Table trying to initialize from file /home/emlab/Desktop/syuuron/nmt/attention_PI_0.5PS_0.3PD_0.2_Noisy_model/Vocab.out is already initialized.
  loaded infer model parameters from /home/emlab/Desktop/syuuron/nmt/attention_PI_0.5PS_0.3PD_0.2_Noisy_model/translate.ckpt-3000, time 0.04s
# External evaluation, global step 3000
  decoding to output /home/emlab/Desktop/syuuron/nmt/attention_PI_0.5PS_0.3PD_0.2_Noisy_model/output_dev
  done, num sentences 2001, num translations per input 1, time 1s, Sun Feb  3 16:19:27 2019.
  bleu dev: 55.6
  saving hparams to /home/emlab/Desktop/syuuron/nmt/attention_PI_0.5PS_0.3PD_0.2_Noisy_model/hparams
# External evaluation, global step 3000
  decoding to output /home/emlab/Desktop/syuuron/nmt/attention_PI_0.5PS_0.3PD_0.2_Noisy_model/output_test
  done, num sentences 100, num translations per input 1, time 0s, Sun Feb  3 16:19:27 2019.
  bleu test: 13.7
  saving hparams to /home/emlab/Desktop/syuuron/nmt/attention_PI_0.5PS_0.3PD_0.2_Noisy_model/hparams
  step 3700 lr 1 step-time 0.13s wps 82.60K ppl 1.25 gN 2.97 bleu 55.59, Sun Feb  3 16:19:35 2019
--------------------------------------------------------------------------------------------
# Finished an epoch, step 3726. Perform external evaluation
2019-02-03 16:19:38.152697: I tensorflow/core/kernels/lookup_util.cc:376] Table trying to initialize from file /home/emlab/Desktop/syuuron/nmt/attention_PI_0.5PS_0.3PD_0.2_Noisy_model/Vocab.out is already initialized.
2019-02-03 16:19:38.152697: I tensorflow/core/kernels/lookup_util.cc:376] Table trying to initialize from file /home/emlab/Desktop/syuuron/nmt/attention_PI_0.5PS_0.3PD_0.2_Noisy_model/Vocab.in is already initialized.
2019-02-03 16:19:38.152723: I tensorflow/core/kernels/lookup_util.cc:376] Table trying to initialize from file /home/emlab/Desktop/syuuron/nmt/attention_PI_0.5PS_0.3PD_0.2_Noisy_model/Vocab.out is already initialized.
  loaded infer model parameters from /home/emlab/Desktop/syuuron/nmt/attention_PI_0.5PS_0.3PD_0.2_Noisy_model/translate.ckpt-3000, time 0.04s
  # 1913
    src: S OW1 UH1 EY1 ZH UW1 IH0 F AY EH1 P SH OW AH0 OY2 N UW0 P EY1 AY2 OW HH AW1 ER0 AY2 ER IH0 T AW1 EH1 K Y W G IH2 OY2 IH2 EH1 AY0 S B AH T TH D IH1
    ref: Move ( Reception_Table ) Find ( Onion_Dressing Reception_Table ) Grasp ( Onion_Dressing )  Move ( Onion_Dressing )
    nmt: Move ( Reception_Table ) Find ( cigarette Reception_Table ) Grasp ( cigarette )
2019-02-03 16:19:38.222943: I tensorflow/core/kernels/lookup_util.cc:376] Table trying to initialize from file /home/emlab/Desktop/syuuron/nmt/attention_PI_0.5PS_0.3PD_0.2_Noisy_model/Vocab.in is already initialized.
2019-02-03 16:19:38.222943: I tensorflow/core/kernels/lookup_util.cc:376] Table trying to initialize from file /home/emlab/Desktop/syuuron/nmt/attention_PI_0.5PS_0.3PD_0.2_Noisy_model/Vocab.out is already initialized.
2019-02-03 16:19:38.222948: I tensorflow/core/kernels/lookup_util.cc:376] Table trying to initialize from file /home/emlab/Desktop/syuuron/nmt/attention_PI_0.5PS_0.3PD_0.2_Noisy_model/Vocab.out is already initialized.
  loaded infer model parameters from /home/emlab/Desktop/syuuron/nmt/attention_PI_0.5PS_0.3PD_0.2_Noisy_model/translate.ckpt-3000, time 0.04s
# External evaluation, global step 3000
  decoding to output /home/emlab/Desktop/syuuron/nmt/attention_PI_0.5PS_0.3PD_0.2_Noisy_model/output_dev
  done, num sentences 2001, num translations per input 1, time 1s, Sun Feb  3 16:19:39 2019.
  bleu dev: 55.6
  saving hparams to /home/emlab/Desktop/syuuron/nmt/attention_PI_0.5PS_0.3PD_0.2_Noisy_model/hparams
# External evaluation, global step 3000
  decoding to output /home/emlab/Desktop/syuuron/nmt/attention_PI_0.5PS_0.3PD_0.2_Noisy_model/output_test
  done, num sentences 100, num translations per input 1, time 0s, Sun Feb  3 16:19:39 2019.
  bleu test: 13.7
  saving hparams to /home/emlab/Desktop/syuuron/nmt/attention_PI_0.5PS_0.3PD_0.2_Noisy_model/hparams
  step 3800 lr 1 step-time 0.12s wps 83.15K ppl 1.27 gN 3.77 bleu 55.59, Sun Feb  3 16:19:49 2019
--------------------------------------------------------------------------------------------
# Finished an epoch, step 3807. Perform external evaluation
2019-02-03 16:19:49.816385: I tensorflow/core/kernels/lookup_util.cc:376] Table trying to initialize from file /home/emlab/Desktop/syuuron/nmt/attention_PI_0.5PS_0.3PD_0.2_Noisy_model/Vocab.out is already initialized.
2019-02-03 16:19:49.816385: I tensorflow/core/kernels/lookup_util.cc:376] Table trying to initialize from file /home/emlab/Desktop/syuuron/nmt/attention_PI_0.5PS_0.3PD_0.2_Noisy_model/Vocab.in is already initialized.
2019-02-03 16:19:49.816385: I tensorflow/core/kernels/lookup_util.cc:376] Table trying to initialize from file /home/emlab/Desktop/syuuron/nmt/attention_PI_0.5PS_0.3PD_0.2_Noisy_model/Vocab.out is already initialized.
  loaded infer model parameters from /home/emlab/Desktop/syuuron/nmt/attention_PI_0.5PS_0.3PD_0.2_Noisy_model/translate.ckpt-3000, time 0.04s
  # 597
    src: W W AH0 HH D B Y AH2 D UW1 ER1 OY0 R IH1 G EH AA2 F AO2 UH2 L AW1 AY P L AE1 EH1 S T OY2 EY2 TH K B AE2 T EY AH0 L R AW L ER1 AH1 M K EH2 EY1 IH2 F IH1 ER AW CH AY2 EY1 ER1 N ZH T IH0 D AE2 AA0 ER2 L M AA1 OY0 UW1 UW1 UW EH2 AH0 AA0 W T S UW1 S AE1 OW1 EY0 F AH0 IY1 T AW1 ER1 G UH0 OW1 T UW1 UH1 D OW2 AY1 IH0 EY0 NG R Z
    ref: Move ( Kitchen_Table ) Find ( filled_plastic_bottle Kitchen_Table ) Move ( Sofa ) Move ( Dining_Room )
    nmt: Move ( Kitchen_Table ) Find ( filled_plastic_bottle Kitchen_Table ) Move ( Sofa ) Move ( Sofa )
2019-02-03 16:19:49.898871: I tensorflow/core/kernels/lookup_util.cc:376] Table trying to initialize from file /home/emlab/Desktop/syuuron/nmt/attention_PI_0.5PS_0.3PD_0.2_Noisy_model/Vocab.out is already initialized.
2019-02-03 16:19:49.898871: I tensorflow/core/kernels/lookup_util.cc:376] Table trying to initialize from file /home/emlab/Desktop/syuuron/nmt/attention_PI_0.5PS_0.3PD_0.2_Noisy_model/Vocab.in is already initialized.
2019-02-03 16:19:49.898872: I tensorflow/core/kernels/lookup_util.cc:376] Table trying to initialize from file /home/emlab/Desktop/syuuron/nmt/attention_PI_0.5PS_0.3PD_0.2_Noisy_model/Vocab.out is already initialized.
  loaded infer model parameters from /home/emlab/Desktop/syuuron/nmt/attention_PI_0.5PS_0.3PD_0.2_Noisy_model/translate.ckpt-3000, time 0.04s
# External evaluation, global step 3000
  decoding to output /home/emlab/Desktop/syuuron/nmt/attention_PI_0.5PS_0.3PD_0.2_Noisy_model/output_dev
  done, num sentences 2001, num translations per input 1, time 1s, Sun Feb  3 16:19:50 2019.
  bleu dev: 55.6
  saving hparams to /home/emlab/Desktop/syuuron/nmt/attention_PI_0.5PS_0.3PD_0.2_Noisy_model/hparams
# External evaluation, global step 3000
  decoding to output /home/emlab/Desktop/syuuron/nmt/attention_PI_0.5PS_0.3PD_0.2_Noisy_model/output_test
  done, num sentences 100, num translations per input 1, time 0s, Sun Feb  3 16:19:51 2019.
  bleu test: 13.7
  saving hparams to /home/emlab/Desktop/syuuron/nmt/attention_PI_0.5PS_0.3PD_0.2_Noisy_model/hparams
--------------------------------------------------------------------------------------------
# Finished an epoch, step 3888. Perform external evaluation
2019-02-03 16:20:01.515603: I tensorflow/core/kernels/lookup_util.cc:376] Table trying to initialize from file /home/emlab/Desktop/syuuron/nmt/attention_PI_0.5PS_0.3PD_0.2_Noisy_model/Vocab.out is already initialized.
2019-02-03 16:20:01.515603: I tensorflow/core/kernels/lookup_util.cc:376] Table trying to initialize from file /home/emlab/Desktop/syuuron/nmt/attention_PI_0.5PS_0.3PD_0.2_Noisy_model/Vocab.out is already initialized.
2019-02-03 16:20:01.515603: I tensorflow/core/kernels/lookup_util.cc:376] Table trying to initialize from file /home/emlab/Desktop/syuuron/nmt/attention_PI_0.5PS_0.3PD_0.2_Noisy_model/Vocab.in is already initialized.
  loaded infer model parameters from /home/emlab/Desktop/syuuron/nmt/attention_PI_0.5PS_0.3PD_0.2_Noisy_model/translate.ckpt-3000, time 0.04s
  # 268
    src: Y DH EH0 UW2 G OW0 OW1 T AO2 OW OW1 AH0 EY1 K IH0 UW UW1 OW1 UW AA1 IH0 K L UW0 Y UW1 AE TH Z AW0 IY S T W ER IH AH0 UW2 N HH AA0 EH1 B P OW0 Y AO EY OW0 AE0 UH0 B K TH EH0 EY1
    ref: Move ( Sofa )  Grasp ( rubik's_cube ) Move ( Reception_Table ) Place ( rubik's_cube Sofa )
    nmt: Move ( Sofa ) Grasp ( rubik's_cube ) Move ( HERE )
2019-02-03 16:20:01.586234: I tensorflow/core/kernels/lookup_util.cc:376] Table trying to initialize from file /home/emlab/Desktop/syuuron/nmt/attention_PI_0.5PS_0.3PD_0.2_Noisy_model/Vocab.out is already initialized.
2019-02-03 16:20:01.586234: I tensorflow/core/kernels/lookup_util.cc:376] Table trying to initialize from file /home/emlab/Desktop/syuuron/nmt/attention_PI_0.5PS_0.3PD_0.2_Noisy_model/Vocab.in is already initialized.
2019-02-03 16:20:01.586253: I tensorflow/core/kernels/lookup_util.cc:376] Table trying to initialize from file /home/emlab/Desktop/syuuron/nmt/attention_PI_0.5PS_0.3PD_0.2_Noisy_model/Vocab.out is already initialized.
  loaded infer model parameters from /home/emlab/Desktop/syuuron/nmt/attention_PI_0.5PS_0.3PD_0.2_Noisy_model/translate.ckpt-3000, time 0.04s
# External evaluation, global step 3000
  decoding to output /home/emlab/Desktop/syuuron/nmt/attention_PI_0.5PS_0.3PD_0.2_Noisy_model/output_dev
  done, num sentences 2001, num translations per input 1, time 1s, Sun Feb  3 16:20:02 2019.
  bleu dev: 55.6
  saving hparams to /home/emlab/Desktop/syuuron/nmt/attention_PI_0.5PS_0.3PD_0.2_Noisy_model/hparams
# External evaluation, global step 3000
  decoding to output /home/emlab/Desktop/syuuron/nmt/attention_PI_0.5PS_0.3PD_0.2_Noisy_model/output_test
  done, num sentences 100, num translations per input 1, time 0s, Sun Feb  3 16:20:02 2019.
  bleu test: 13.7
  saving hparams to /home/emlab/Desktop/syuuron/nmt/attention_PI_0.5PS_0.3PD_0.2_Noisy_model/hparams
  step 3900 lr 1 step-time 0.13s wps 79.11K ppl 1.26 gN 3.43 bleu 55.59, Sun Feb  3 16:20:04 2019
--------------------------------------------------------------------------------------------
# Finished an epoch, step 3969. Perform external evaluation
2019-02-03 16:20:13.239831: I tensorflow/core/kernels/lookup_util.cc:376] Table trying to initialize from file /home/emlab/Desktop/syuuron/nmt/attention_PI_0.5PS_0.3PD_0.2_Noisy_model/Vocab.out is already initialized.
2019-02-03 16:20:13.239831: I tensorflow/core/kernels/lookup_util.cc:376] Table trying to initialize from file /home/emlab/Desktop/syuuron/nmt/attention_PI_0.5PS_0.3PD_0.2_Noisy_model/Vocab.in is already initialized.
2019-02-03 16:20:13.239831: I tensorflow/core/kernels/lookup_util.cc:376] Table trying to initialize from file /home/emlab/Desktop/syuuron/nmt/attention_PI_0.5PS_0.3PD_0.2_Noisy_model/Vocab.out is already initialized.
  loaded infer model parameters from /home/emlab/Desktop/syuuron/nmt/attention_PI_0.5PS_0.3PD_0.2_Noisy_model/translate.ckpt-3000, time 0.04s
  # 856
    src: OW TH TH G T UW1 K IH1 OY1 CH EY1 EH N IH UW1 AO2 AH2 V T UW1 IY1 TH UW1 ER1 AH2 AY1 F F AW2 AY1 EH0 L M AY0 L AE V V AE1 AH0 R B NG AO1 P AY0 AW2 AA1 R T M AH0 CH T
    ref: Move ( kitchen ) Move ( Sofa )  Move ( apartment )
    nmt: Move ( Kitchen_Room ) Move ( Sofa ) Move ( apartment )
2019-02-03 16:20:13.309508: I tensorflow/core/kernels/lookup_util.cc:376] Table trying to initialize from file /home/emlab/Desktop/syuuron/nmt/attention_PI_0.5PS_0.3PD_0.2_Noisy_model/Vocab.out is already initialized.
2019-02-03 16:20:13.309508: I tensorflow/core/kernels/lookup_util.cc:376] Table trying to initialize from file /home/emlab/Desktop/syuuron/nmt/attention_PI_0.5PS_0.3PD_0.2_Noisy_model/Vocab.out is already initialized.
2019-02-03 16:20:13.309508: I tensorflow/core/kernels/lookup_util.cc:376] Table trying to initialize from file /home/emlab/Desktop/syuuron/nmt/attention_PI_0.5PS_0.3PD_0.2_Noisy_model/Vocab.in is already initialized.
  loaded infer model parameters from /home/emlab/Desktop/syuuron/nmt/attention_PI_0.5PS_0.3PD_0.2_Noisy_model/translate.ckpt-3000, time 0.04s
# External evaluation, global step 3000
  decoding to output /home/emlab/Desktop/syuuron/nmt/attention_PI_0.5PS_0.3PD_0.2_Noisy_model/output_dev
  done, num sentences 2001, num translations per input 1, time 1s, Sun Feb  3 16:20:14 2019.
  bleu dev: 55.6
  saving hparams to /home/emlab/Desktop/syuuron/nmt/attention_PI_0.5PS_0.3PD_0.2_Noisy_model/hparams
# External evaluation, global step 3000
  decoding to output /home/emlab/Desktop/syuuron/nmt/attention_PI_0.5PS_0.3PD_0.2_Noisy_model/output_test
  done, num sentences 100, num translations per input 1, time 0s, Sun Feb  3 16:20:14 2019.
  bleu test: 13.7
  saving hparams to /home/emlab/Desktop/syuuron/nmt/attention_PI_0.5PS_0.3PD_0.2_Noisy_model/hparams
  step 4000 lr 1 step-time 0.12s wps 83.05K ppl 1.23 gN 2.85 bleu 55.59, Sun Feb  3 16:20:18 2019
# Save eval, global step 4000
2019-02-03 16:20:19.142208: I tensorflow/core/kernels/lookup_util.cc:376] Table trying to initialize from file /home/emlab/Desktop/syuuron/nmt/attention_PI_0.5PS_0.3PD_0.2_Noisy_model/Vocab.out is already initialized.
2019-02-03 16:20:19.142266: I tensorflow/core/kernels/lookup_util.cc:376] Table trying to initialize from file /home/emlab/Desktop/syuuron/nmt/attention_PI_0.5PS_0.3PD_0.2_Noisy_model/Vocab.out is already initialized.
2019-02-03 16:20:19.142289: I tensorflow/core/kernels/lookup_util.cc:376] Table trying to initialize from file /home/emlab/Desktop/syuuron/nmt/attention_PI_0.5PS_0.3PD_0.2_Noisy_model/Vocab.in is already initialized.
  loaded infer model parameters from /home/emlab/Desktop/syuuron/nmt/attention_PI_0.5PS_0.3PD_0.2_Noisy_model/translate.ckpt-4000, time 0.05s
  # 1650
    src: ER2 EY0 D AO1 OW1 T EY2 L S AH ER1 AA0 W AY1 AO2 HH P OW2 EY2 D EY OY1 AH Z AY1 EY1 P OW2 AH0 N AE1 K AY D AE1 EY0 ZH ER0 AA0 IH0 UW T AW1 N AY2 EH1 K T G TH S T EY1 K AY OY EY IH0
    ref: Move ( Side_Table ) Find ( Egg_Soup Side_Table  ) Grasp ( Egg_Soup )
    nmt: Move ( Side_Table ) Find ( cigarette Side_Table ) Grasp ( cigarette )
2019-02-03 16:20:19.214382: I tensorflow/core/kernels/lookup_util.cc:376] Table trying to initialize from file /home/emlab/Desktop/syuuron/nmt/attention_PI_0.5PS_0.3PD_0.2_Noisy_model/Vocab.out is already initialized.
2019-02-03 16:20:19.214382: I tensorflow/core/kernels/lookup_util.cc:376] Table trying to initialize from file /home/emlab/Desktop/syuuron/nmt/attention_PI_0.5PS_0.3PD_0.2_Noisy_model/Vocab.out is already initialized.
2019-02-03 16:20:19.214392: I tensorflow/core/kernels/lookup_util.cc:376] Table trying to initialize from file /home/emlab/Desktop/syuuron/nmt/attention_PI_0.5PS_0.3PD_0.2_Noisy_model/Vocab.in is already initialized.
  loaded eval model parameters from /home/emlab/Desktop/syuuron/nmt/attention_PI_0.5PS_0.3PD_0.2_Noisy_model/translate.ckpt-4000, time 0.04s
  eval dev: perplexity 1.48, time 1s, Sun Feb  3 16:20:20 2019.
  eval test: perplexity 4.68, time 0s, Sun Feb  3 16:20:20 2019.
--------------------------------------------------------------------------------------------
# Finished an epoch, step 4050. Perform external evaluation
2019-02-03 16:20:26.395690: I tensorflow/core/kernels/lookup_util.cc:376] Table trying to initialize from file /home/emlab/Desktop/syuuron/nmt/attention_PI_0.5PS_0.3PD_0.2_Noisy_model/Vocab.in is already initialized.
2019-02-03 16:20:26.395690: I tensorflow/core/kernels/lookup_util.cc:376] Table trying to initialize from file /home/emlab/Desktop/syuuron/nmt/attention_PI_0.5PS_0.3PD_0.2_Noisy_model/Vocab.out is already initialized.
2019-02-03 16:20:26.395690: I tensorflow/core/kernels/lookup_util.cc:376] Table trying to initialize from file /home/emlab/Desktop/syuuron/nmt/attention_PI_0.5PS_0.3PD_0.2_Noisy_model/Vocab.out is already initialized.
  loaded infer model parameters from /home/emlab/Desktop/syuuron/nmt/attention_PI_0.5PS_0.3PD_0.2_Noisy_model/translate.ckpt-4000, time 0.04s
  # 1781
    src: UW1 G Z OW1 EH1 T UH SH EH1 D R AE2 UW1 M N UH0 S AO2 AA1 AW2 CH F AY1 UW D AH0 AE2 UH2 AA2 IH0 ER1 S OY IH0 OY0 F OW2 OY2 R AY2 W IH1 B IY0 AH0 K AO Z IY0 AY1 AE AY AA2 UW2 K L IY1 N IH1 IH AW1 ER0 F ER0 AW IY2 R AW0 AH1 UW M D K ER1 F IH1 K UW1 NG AA2 N ER EY1 AH0 L
    ref: Move ( bed_room ) Find ( person bed_room ) Move ( Kitchen_Table ) Grasp ( Dish_Cleaner )  Move ( person )
    nmt: Move ( bed_room ) Find ( person bed_room ) Move ( Kitchen_Table ) Grasp ( Dish_Cleaner )
2019-02-03 16:20:26.474869: I tensorflow/core/kernels/lookup_util.cc:376] Table trying to initialize from file /home/emlab/Desktop/syuuron/nmt/attention_PI_0.5PS_0.3PD_0.2_Noisy_model/Vocab.out is already initialized.
2019-02-03 16:20:26.474869: I tensorflow/core/kernels/lookup_util.cc:376] Table trying to initialize from file /home/emlab/Desktop/syuuron/nmt/attention_PI_0.5PS_0.3PD_0.2_Noisy_model/Vocab.out is already initialized.
2019-02-03 16:20:26.474869: I tensorflow/core/kernels/lookup_util.cc:376] Table trying to initialize from file /home/emlab/Desktop/syuuron/nmt/attention_PI_0.5PS_0.3PD_0.2_Noisy_model/Vocab.in is already initialized.
  loaded infer model parameters from /home/emlab/Desktop/syuuron/nmt/attention_PI_0.5PS_0.3PD_0.2_Noisy_model/translate.ckpt-4000, time 0.04s
# External evaluation, global step 4000
  decoding to output /home/emlab/Desktop/syuuron/nmt/attention_PI_0.5PS_0.3PD_0.2_Noisy_model/output_dev
  done, num sentences 2001, num translations per input 1, time 1s, Sun Feb  3 16:20:27 2019.
  bleu dev: 58.0
  saving hparams to /home/emlab/Desktop/syuuron/nmt/attention_PI_0.5PS_0.3PD_0.2_Noisy_model/hparams
# External evaluation, global step 4000
  decoding to output /home/emlab/Desktop/syuuron/nmt/attention_PI_0.5PS_0.3PD_0.2_Noisy_model/output_test
  done, num sentences 100, num translations per input 1, time 0s, Sun Feb  3 16:20:28 2019.
  bleu test: 19.3
  saving hparams to /home/emlab/Desktop/syuuron/nmt/attention_PI_0.5PS_0.3PD_0.2_Noisy_model/hparams
  step 4100 lr 1 step-time 0.12s wps 82.85K ppl 1.23 gN 3.13 bleu 57.96, Sun Feb  3 16:20:34 2019
--------------------------------------------------------------------------------------------
# Finished an epoch, step 4131. Perform external evaluation
2019-02-03 16:20:38.597855: I tensorflow/core/kernels/lookup_util.cc:376] Table trying to initialize from file /home/emlab/Desktop/syuuron/nmt/attention_PI_0.5PS_0.3PD_0.2_Noisy_model/Vocab.out is already initialized.
2019-02-03 16:20:38.597855: I tensorflow/core/kernels/lookup_util.cc:376] Table trying to initialize from file /home/emlab/Desktop/syuuron/nmt/attention_PI_0.5PS_0.3PD_0.2_Noisy_model/Vocab.out is already initialized.
2019-02-03 16:20:38.597916: I tensorflow/core/kernels/lookup_util.cc:376] Table trying to initialize from file /home/emlab/Desktop/syuuron/nmt/attention_PI_0.5PS_0.3PD_0.2_Noisy_model/Vocab.in is already initialized.
  loaded infer model parameters from /home/emlab/Desktop/syuuron/nmt/attention_PI_0.5PS_0.3PD_0.2_Noisy_model/translate.ckpt-4000, time 0.04s
  # 277
    src: G AY0 OW1 IH2 UW1 SH AY1 EH0 B T ZH EY1 IH CH AH0 T L F OW OY1 N D AH0 P AA2 AY1 AW2 OY2 N N IH1 R B OY1 AY1 ER0 F AY1 M AA0 CH N AH0 T L AE2 ER0 EH0 UW2 IY0 AA1 L AE1 AE OW K AO0 ER2 AH0 UW2 EH2 IY2 Z OY2
    ref: Move ( Side_Table ) Find ( person Side_Table  ) Follow ( person )
    nmt: Move ( Side_Table ) Find ( person Side_Table ) Follow ( person )
2019-02-03 16:20:38.672665: I tensorflow/core/kernels/lookup_util.cc:376] Table trying to initialize from file /home/emlab/Desktop/syuuron/nmt/attention_PI_0.5PS_0.3PD_0.2_Noisy_model/Vocab.in is already initialized.
2019-02-03 16:20:38.672665: I tensorflow/core/kernels/lookup_util.cc:376] Table trying to initialize from file /home/emlab/Desktop/syuuron/nmt/attention_PI_0.5PS_0.3PD_0.2_Noisy_model/Vocab.out is already initialized.
2019-02-03 16:20:38.672666: I tensorflow/core/kernels/lookup_util.cc:376] Table trying to initialize from file /home/emlab/Desktop/syuuron/nmt/attention_PI_0.5PS_0.3PD_0.2_Noisy_model/Vocab.out is already initialized.
  loaded infer model parameters from /home/emlab/Desktop/syuuron/nmt/attention_PI_0.5PS_0.3PD_0.2_Noisy_model/translate.ckpt-4000, time 0.05s
# External evaluation, global step 4000
  decoding to output /home/emlab/Desktop/syuuron/nmt/attention_PI_0.5PS_0.3PD_0.2_Noisy_model/output_dev
  done, num sentences 2001, num translations per input 1, time 1s, Sun Feb  3 16:20:40 2019.
  bleu dev: 58.0
  saving hparams to /home/emlab/Desktop/syuuron/nmt/attention_PI_0.5PS_0.3PD_0.2_Noisy_model/hparams
# External evaluation, global step 4000
  decoding to output /home/emlab/Desktop/syuuron/nmt/attention_PI_0.5PS_0.3PD_0.2_Noisy_model/output_test
  done, num sentences 100, num translations per input 1, time 0s, Sun Feb  3 16:20:40 2019.
  bleu test: 19.3
  saving hparams to /home/emlab/Desktop/syuuron/nmt/attention_PI_0.5PS_0.3PD_0.2_Noisy_model/hparams
  step 4200 lr 1 step-time 0.12s wps 83.13K ppl 1.22 gN 2.92 bleu 57.96, Sun Feb  3 16:20:49 2019
--------------------------------------------------------------------------------------------
# Finished an epoch, step 4212. Perform external evaluation
2019-02-03 16:20:50.695212: I tensorflow/core/kernels/lookup_util.cc:376] Table trying to initialize from file /home/emlab/Desktop/syuuron/nmt/attention_PI_0.5PS_0.3PD_0.2_Noisy_model/Vocab.in is already initialized.
2019-02-03 16:20:50.695212: I tensorflow/core/kernels/lookup_util.cc:376] Table trying to initialize from file /home/emlab/Desktop/syuuron/nmt/attention_PI_0.5PS_0.3PD_0.2_Noisy_model/Vocab.out is already initialized.
2019-02-03 16:20:50.695237: I tensorflow/core/kernels/lookup_util.cc:376] Table trying to initialize from file /home/emlab/Desktop/syuuron/nmt/attention_PI_0.5PS_0.3PD_0.2_Noisy_model/Vocab.out is already initialized.
  loaded infer model parameters from /home/emlab/Desktop/syuuron/nmt/attention_PI_0.5PS_0.3PD_0.2_Noisy_model/translate.ckpt-4000, time 0.05s
  # 373
    src: P AA AO1 M P R AH0 UH Y AW1 AW0 EH1 P G AO1 SH AO0 EY1 N IH2 AE1 S OY1 K F UW0 OW R AE1 N OW V R W ER0 G ER2 NG AY0 EH0 T ER2 IY2 OY0 L OY0 D W AY1 UH2 AY1 G AH2 OW2 AH0 OW W OW1 V IY EH1 S ER2 AW2 AY2 M IH1 R AY0 ZH M IH1 IY2 AY1 B IH1 G SH F IH1 ER0 N T EY1 B CH AE2 AH0 HH
    ref: Say ( person ) Listen ( white_cup ) Move ( Kitchen_Table ) Find ( white_cup Kitchen_Table ) Grasp ( white_cup ) Move ( white_cup ) Place ( white_cup Kitchen_Table ) 
    nmt: Say ( person ) Listen ( dog_doll ) Move ( Kitchen_Table ) Find ( toy_duck Kitchen_Table ) Grasp ( toy_duck ) Move ( dog_doll ) Place ( dog_doll Kitchen_Table )
2019-02-03 16:20:50.789494: I tensorflow/core/kernels/lookup_util.cc:376] Table trying to initialize from file /home/emlab/Desktop/syuuron/nmt/attention_PI_0.5PS_0.3PD_0.2_Noisy_model/Vocab.in is already initialized.
2019-02-03 16:20:50.789494: I tensorflow/core/kernels/lookup_util.cc:376] Table trying to initialize from file /home/emlab/Desktop/syuuron/nmt/attention_PI_0.5PS_0.3PD_0.2_Noisy_model/Vocab.out is already initialized.
2019-02-03 16:20:50.789494: I tensorflow/core/kernels/lookup_util.cc:376] Table trying to initialize from file /home/emlab/Desktop/syuuron/nmt/attention_PI_0.5PS_0.3PD_0.2_Noisy_model/Vocab.out is already initialized.
  loaded infer model parameters from /home/emlab/Desktop/syuuron/nmt/attention_PI_0.5PS_0.3PD_0.2_Noisy_model/translate.ckpt-4000, time 0.04s
# External evaluation, global step 4000
  decoding to output /home/emlab/Desktop/syuuron/nmt/attention_PI_0.5PS_0.3PD_0.2_Noisy_model/output_dev
  done, num sentences 2001, num translations per input 1, time 1s, Sun Feb  3 16:20:52 2019.
  bleu dev: 58.0
  saving hparams to /home/emlab/Desktop/syuuron/nmt/attention_PI_0.5PS_0.3PD_0.2_Noisy_model/hparams
# External evaluation, global step 4000
  decoding to output /home/emlab/Desktop/syuuron/nmt/attention_PI_0.5PS_0.3PD_0.2_Noisy_model/output_test
  done, num sentences 100, num translations per input 1, time 0s, Sun Feb  3 16:20:52 2019.
  bleu test: 19.3
  saving hparams to /home/emlab/Desktop/syuuron/nmt/attention_PI_0.5PS_0.3PD_0.2_Noisy_model/hparams
--------------------------------------------------------------------------------------------
# Finished an epoch, step 4293. Perform external evaluation
2019-02-03 16:21:02.809587: I tensorflow/core/kernels/lookup_util.cc:376] Table trying to initialize from file /home/emlab/Desktop/syuuron/nmt/attention_PI_0.5PS_0.3PD_0.2_Noisy_model/Vocab.out is already initialized.
2019-02-03 16:21:02.809601: I tensorflow/core/kernels/lookup_util.cc:376] Table trying to initialize from file /home/emlab/Desktop/syuuron/nmt/attention_PI_0.5PS_0.3PD_0.2_Noisy_model/Vocab.out is already initialized.
2019-02-03 16:21:02.809587: I tensorflow/core/kernels/lookup_util.cc:376] Table trying to initialize from file /home/emlab/Desktop/syuuron/nmt/attention_PI_0.5PS_0.3PD_0.2_Noisy_model/Vocab.in is already initialized.
  loaded infer model parameters from /home/emlab/Desktop/syuuron/nmt/attention_PI_0.5PS_0.3PD_0.2_Noisy_model/translate.ckpt-4000, time 0.04s
  # 895
    src: OY ER1 L ER2 OW1 OW1 IH T M Y D AH1 UH0 IY2 P NG AE0 Y EY CH R UH2 M D R AO IY1 R F S AH1 Z P AH1 OW1 K T M ER0 TH EY Y UH1 EH2 ER0 HH IH1 TH V EY0 P IH1 N UW0 IY D AE AH1 S T L B AO OY0 OW2 AE2 OW1 K AY0 L UW2
    ref: Move (  Dining_Room  ) Find ( camera Dining_Room  ) Grasp ( camera ) Move ( Dustbin ) Place ( camera Dustbin ) 
    nmt: Move ( Dining_Room ) Find ( tumbler Dining_Room ) Grasp ( camera ) Move ( Dustbin ) Place ( tumbler Dustbin )
2019-02-03 16:21:02.891386: I tensorflow/core/kernels/lookup_util.cc:376] Table trying to initialize from file /home/emlab/Desktop/syuuron/nmt/attention_PI_0.5PS_0.3PD_0.2_Noisy_model/Vocab.in is already initialized.
2019-02-03 16:21:02.891390: I tensorflow/core/kernels/lookup_util.cc:376] Table trying to initialize from file /home/emlab/Desktop/syuuron/nmt/attention_PI_0.5PS_0.3PD_0.2_Noisy_model/Vocab.out is already initialized.
2019-02-03 16:21:02.891390: I tensorflow/core/kernels/lookup_util.cc:376] Table trying to initialize from file /home/emlab/Desktop/syuuron/nmt/attention_PI_0.5PS_0.3PD_0.2_Noisy_model/Vocab.out is already initialized.
  loaded infer model parameters from /home/emlab/Desktop/syuuron/nmt/attention_PI_0.5PS_0.3PD_0.2_Noisy_model/translate.ckpt-4000, time 0.04s
# External evaluation, global step 4000
  decoding to output /home/emlab/Desktop/syuuron/nmt/attention_PI_0.5PS_0.3PD_0.2_Noisy_model/output_dev
  done, num sentences 2001, num translations per input 1, time 1s, Sun Feb  3 16:21:04 2019.
  bleu dev: 58.0
  saving hparams to /home/emlab/Desktop/syuuron/nmt/attention_PI_0.5PS_0.3PD_0.2_Noisy_model/hparams
# External evaluation, global step 4000
  decoding to output /home/emlab/Desktop/syuuron/nmt/attention_PI_0.5PS_0.3PD_0.2_Noisy_model/output_test
  done, num sentences 100, num translations per input 1, time 0s, Sun Feb  3 16:21:04 2019.
  bleu test: 19.3
  saving hparams to /home/emlab/Desktop/syuuron/nmt/attention_PI_0.5PS_0.3PD_0.2_Noisy_model/hparams
  step 4300 lr 1 step-time 0.13s wps 79.22K ppl 1.20 gN 3.56 bleu 57.96, Sun Feb  3 16:21:06 2019
--------------------------------------------------------------------------------------------
# Finished an epoch, step 4374. Perform external evaluation
2019-02-03 16:21:14.942330: I tensorflow/core/kernels/lookup_util.cc:376] Table trying to initialize from file /home/emlab/Desktop/syuuron/nmt/attention_PI_0.5PS_0.3PD_0.2_Noisy_model/Vocab.out is already initialized.
2019-02-03 16:21:14.942330: I tensorflow/core/kernels/lookup_util.cc:376] Table trying to initialize from file /home/emlab/Desktop/syuuron/nmt/attention_PI_0.5PS_0.3PD_0.2_Noisy_model/Vocab.in is already initialized.
2019-02-03 16:21:14.942330: I tensorflow/core/kernels/lookup_util.cc:376] Table trying to initialize from file /home/emlab/Desktop/syuuron/nmt/attention_PI_0.5PS_0.3PD_0.2_Noisy_model/Vocab.out is already initialized.
  loaded infer model parameters from /home/emlab/Desktop/syuuron/nmt/attention_PI_0.5PS_0.3PD_0.2_Noisy_model/translate.ckpt-4000, time 0.04s
  # 624
    src: IH0 AA0 AH1 T IH AH0 EY1 M AO0 UW1 V IY1 AY2 L IH1 UW0 B V EY1 T AE1 IH0 S AE AY0 EH1 IH0 AA AY0 ZH AO0 OY N TH AO SH G B L TH AA1 ER0 UH2 V N V D OW1 OW UH0 EY K EH1 UW2 ER1 Z IH0 T F NG TH R AE2 OW2 JH M EY AH2 Z K AH0 OW1 JH AO1 N
    ref: Move ( Living_Room ) Move ( Reception_Table ) Move ( kitchen )
    nmt: Move ( Living_Table ) Find ( Bath_Cleaner Living_Table ) Grasp ( Bath_Cleaner ) Move ( kitchen )
2019-02-03 16:21:15.022018: I tensorflow/core/kernels/lookup_util.cc:376] Table trying to initialize from file /home/emlab/Desktop/syuuron/nmt/attention_PI_0.5PS_0.3PD_0.2_Noisy_model/Vocab.in is already initialized.
2019-02-03 16:21:15.022021: I tensorflow/core/kernels/lookup_util.cc:376] Table trying to initialize from file /home/emlab/Desktop/syuuron/nmt/attention_PI_0.5PS_0.3PD_0.2_Noisy_model/Vocab.out is already initialized.
2019-02-03 16:21:15.022022: I tensorflow/core/kernels/lookup_util.cc:376] Table trying to initialize from file /home/emlab/Desktop/syuuron/nmt/attention_PI_0.5PS_0.3PD_0.2_Noisy_model/Vocab.out is already initialized.
  loaded infer model parameters from /home/emlab/Desktop/syuuron/nmt/attention_PI_0.5PS_0.3PD_0.2_Noisy_model/translate.ckpt-4000, time 0.04s
# External evaluation, global step 4000
  decoding to output /home/emlab/Desktop/syuuron/nmt/attention_PI_0.5PS_0.3PD_0.2_Noisy_model/output_dev
  done, num sentences 2001, num translations per input 1, time 1s, Sun Feb  3 16:21:16 2019.
  bleu dev: 58.0
  saving hparams to /home/emlab/Desktop/syuuron/nmt/attention_PI_0.5PS_0.3PD_0.2_Noisy_model/hparams
# External evaluation, global step 4000
  decoding to output /home/emlab/Desktop/syuuron/nmt/attention_PI_0.5PS_0.3PD_0.2_Noisy_model/output_test
  done, num sentences 100, num translations per input 1, time 0s, Sun Feb  3 16:21:16 2019.
  bleu test: 19.3
  saving hparams to /home/emlab/Desktop/syuuron/nmt/attention_PI_0.5PS_0.3PD_0.2_Noisy_model/hparams
  step 4400 lr 1 step-time 0.12s wps 82.75K ppl 1.20 gN 3.25 bleu 57.96, Sun Feb  3 16:21:20 2019
--------------------------------------------------------------------------------------------
# Finished an epoch, step 4455. Perform external evaluation
2019-02-03 16:21:27.049443: I tensorflow/core/kernels/lookup_util.cc:376] Table trying to initialize from file /home/emlab/Desktop/syuuron/nmt/attention_PI_0.5PS_0.3PD_0.2_Noisy_model/Vocab.in is already initialized.
2019-02-03 16:21:27.049443: I tensorflow/core/kernels/lookup_util.cc:376] Table trying to initialize from file /home/emlab/Desktop/syuuron/nmt/attention_PI_0.5PS_0.3PD_0.2_Noisy_model/Vocab.out is already initialized.
2019-02-03 16:21:27.049443: I tensorflow/core/kernels/lookup_util.cc:376] Table trying to initialize from file /home/emlab/Desktop/syuuron/nmt/attention_PI_0.5PS_0.3PD_0.2_Noisy_model/Vocab.out is already initialized.
  loaded infer model parameters from /home/emlab/Desktop/syuuron/nmt/attention_PI_0.5PS_0.3PD_0.2_Noisy_model/translate.ckpt-4000, time 0.04s
  # 571
    src: AW2 UH2 JH EH1 L M AY1 B V AH2 UW1 AH1 D R N NG ER1 AH1 B AW2 AY2 G G R EH2 AE1 S P D OY IH1 K IY1 UW AY0 ER0 DH Y EH1 N K P AY AH1 OY2 M B AE1 K
    ref: Move ( Dining_Table ) Move ( Dish_Cleaner ) Move ( HERE )
    nmt: Move ( Dining_Table ) Move ( Dish_Cleaner ) Move ( HERE )
2019-02-03 16:21:27.121341: I tensorflow/core/kernels/lookup_util.cc:376] Table trying to initialize from file /home/emlab/Desktop/syuuron/nmt/attention_PI_0.5PS_0.3PD_0.2_Noisy_model/Vocab.out is already initialized.
2019-02-03 16:21:27.121341: I tensorflow/core/kernels/lookup_util.cc:376] Table trying to initialize from file /home/emlab/Desktop/syuuron/nmt/attention_PI_0.5PS_0.3PD_0.2_Noisy_model/Vocab.in is already initialized.
2019-02-03 16:21:27.121345: I tensorflow/core/kernels/lookup_util.cc:376] Table trying to initialize from file /home/emlab/Desktop/syuuron/nmt/attention_PI_0.5PS_0.3PD_0.2_Noisy_model/Vocab.out is already initialized.
  loaded infer model parameters from /home/emlab/Desktop/syuuron/nmt/attention_PI_0.5PS_0.3PD_0.2_Noisy_model/translate.ckpt-4000, time 0.05s
# External evaluation, global step 4000
  decoding to output /home/emlab/Desktop/syuuron/nmt/attention_PI_0.5PS_0.3PD_0.2_Noisy_model/output_dev
  done, num sentences 2001, num translations per input 1, time 1s, Sun Feb  3 16:21:28 2019.
  bleu dev: 58.0
  saving hparams to /home/emlab/Desktop/syuuron/nmt/attention_PI_0.5PS_0.3PD_0.2_Noisy_model/hparams
# External evaluation, global step 4000
  decoding to output /home/emlab/Desktop/syuuron/nmt/attention_PI_0.5PS_0.3PD_0.2_Noisy_model/output_test
  done, num sentences 100, num translations per input 1, time 0s, Sun Feb  3 16:21:28 2019.
  bleu test: 19.3
  saving hparams to /home/emlab/Desktop/syuuron/nmt/attention_PI_0.5PS_0.3PD_0.2_Noisy_model/hparams
  step 4500 lr 1 step-time 0.12s wps 83.23K ppl 1.20 gN 2.94 bleu 57.96, Sun Feb  3 16:21:34 2019
--------------------------------------------------------------------------------------------
# Finished an epoch, step 4536. Perform external evaluation
2019-02-03 16:21:39.180649: I tensorflow/core/kernels/lookup_util.cc:376] Table trying to initialize from file /home/emlab/Desktop/syuuron/nmt/attention_PI_0.5PS_0.3PD_0.2_Noisy_model/Vocab.out is already initialized.
2019-02-03 16:21:39.180649: I tensorflow/core/kernels/lookup_util.cc:376] Table trying to initialize from file /home/emlab/Desktop/syuuron/nmt/attention_PI_0.5PS_0.3PD_0.2_Noisy_model/Vocab.out is already initialized.
2019-02-03 16:21:39.180649: I tensorflow/core/kernels/lookup_util.cc:376] Table trying to initialize from file /home/emlab/Desktop/syuuron/nmt/attention_PI_0.5PS_0.3PD_0.2_Noisy_model/Vocab.in is already initialized.
  loaded infer model parameters from /home/emlab/Desktop/syuuron/nmt/attention_PI_0.5PS_0.3PD_0.2_Noisy_model/translate.ckpt-4000, time 0.04s
  # 979
    src: F L IY2 F NG N UW UW1 CH SH IY1 OY1 AO1 IY1 OY1 ZH IH AY OW1 TH UH2 EY2 UW1 R OW EY2 NG T AW2 EH IH0 AA1 AH0 EY2 P SH EH1 AH0 N D IH1 OY W UW B AH0 UH2 UW0 L T EY0 EY1 K N P AA0 UW1 AY0 JH UW0 B IY0 L AH0 UH0 P JH AE0 M OY JH L AO2 AA1 R UH2 M UW0 EH0 V IY1 ZH JH EH0 OY0 R L EY2 AA1 K AE1 IY0 EY2 EH0 AY2 UW M G ER1 ZH B UW1 S UW2 EH2 K UH1 T EY1 IY UW HH AY1 B L
    ref: Move ( Reception_Table  ) Find ( twin_bell_alarm_clock Reception_Table ) Grasp ( twin_bell_alarm_clock ) Move ( Side_Table )
    nmt: Move ( Reception_Table ) Grasp ( Blue_Potato ) Move ( HERE )
2019-02-03 16:21:39.263194: I tensorflow/core/kernels/lookup_util.cc:376] Table trying to initialize from file /home/emlab/Desktop/syuuron/nmt/attention_PI_0.5PS_0.3PD_0.2_Noisy_model/Vocab.out is already initialized.
2019-02-03 16:21:39.263195: I tensorflow/core/kernels/lookup_util.cc:376] Table trying to initialize from file /home/emlab/Desktop/syuuron/nmt/attention_PI_0.5PS_0.3PD_0.2_Noisy_model/Vocab.out is already initialized.
2019-02-03 16:21:39.263194: I tensorflow/core/kernels/lookup_util.cc:376] Table trying to initialize from file /home/emlab/Desktop/syuuron/nmt/attention_PI_0.5PS_0.3PD_0.2_Noisy_model/Vocab.in is already initialized.
  loaded infer model parameters from /home/emlab/Desktop/syuuron/nmt/attention_PI_0.5PS_0.3PD_0.2_Noisy_model/translate.ckpt-4000, time 0.05s
# External evaluation, global step 4000
  decoding to output /home/emlab/Desktop/syuuron/nmt/attention_PI_0.5PS_0.3PD_0.2_Noisy_model/output_dev
  done, num sentences 2001, num translations per input 1, time 1s, Sun Feb  3 16:21:40 2019.
  bleu dev: 58.0
  saving hparams to /home/emlab/Desktop/syuuron/nmt/attention_PI_0.5PS_0.3PD_0.2_Noisy_model/hparams
# External evaluation, global step 4000
  decoding to output /home/emlab/Desktop/syuuron/nmt/attention_PI_0.5PS_0.3PD_0.2_Noisy_model/output_test
  done, num sentences 100, num translations per input 1, time 0s, Sun Feb  3 16:21:41 2019.
  bleu test: 19.3
  saving hparams to /home/emlab/Desktop/syuuron/nmt/attention_PI_0.5PS_0.3PD_0.2_Noisy_model/hparams
  step 4600 lr 1 step-time 0.13s wps 82.78K ppl 1.18 gN 3.37 bleu 57.96, Sun Feb  3 16:21:49 2019
--------------------------------------------------------------------------------------------
# Finished an epoch, step 4617. Perform external evaluation
2019-02-03 16:21:51.298792: I tensorflow/core/kernels/lookup_util.cc:376] Table trying to initialize from file /home/emlab/Desktop/syuuron/nmt/attention_PI_0.5PS_0.3PD_0.2_Noisy_model/Vocab.out is already initialized.
2019-02-03 16:21:51.298792: I tensorflow/core/kernels/lookup_util.cc:376] Table trying to initialize from file /home/emlab/Desktop/syuuron/nmt/attention_PI_0.5PS_0.3PD_0.2_Noisy_model/Vocab.in is already initialized.
2019-02-03 16:21:51.298792: I tensorflow/core/kernels/lookup_util.cc:376] Table trying to initialize from file /home/emlab/Desktop/syuuron/nmt/attention_PI_0.5PS_0.3PD_0.2_Noisy_model/Vocab.out is already initialized.
  loaded infer model parameters from /home/emlab/Desktop/syuuron/nmt/attention_PI_0.5PS_0.3PD_0.2_Noisy_model/translate.ckpt-4000, time 0.05s
  # 656
    src: UW1 AO1 EY2 AE2 EY1 UH0 EH2 OW0 AO2 D G UW1 EH R AH UH1 AA1 P SH K AY K B OY1 N OW1 L UW0 AH0 ZH AH0 N AA1 IH IY1 JH Z EH1 B Z T F R IY2 ER1 AH1 IH ER1 OW F M EH2 EY Z T OW1 ER0 AA1 UW1
    ref: Move ( Corridor ) Move ( Reception_Table ) Move ( Visitor_Room )
    nmt: Move ( Corridor ) Move ( Bar ) Move ( apartment )
2019-02-03 16:21:51.373061: I tensorflow/core/kernels/lookup_util.cc:376] Table trying to initialize from file /home/emlab/Desktop/syuuron/nmt/attention_PI_0.5PS_0.3PD_0.2_Noisy_model/Vocab.out is already initialized.
2019-02-03 16:21:51.373061: I tensorflow/core/kernels/lookup_util.cc:376] Table trying to initialize from file /home/emlab/Desktop/syuuron/nmt/attention_PI_0.5PS_0.3PD_0.2_Noisy_model/Vocab.out is already initialized.
2019-02-03 16:21:51.373061: I tensorflow/core/kernels/lookup_util.cc:376] Table trying to initialize from file /home/emlab/Desktop/syuuron/nmt/attention_PI_0.5PS_0.3PD_0.2_Noisy_model/Vocab.in is already initialized.
  loaded infer model parameters from /home/emlab/Desktop/syuuron/nmt/attention_PI_0.5PS_0.3PD_0.2_Noisy_model/translate.ckpt-4000, time 0.05s
# External evaluation, global step 4000
  decoding to output /home/emlab/Desktop/syuuron/nmt/attention_PI_0.5PS_0.3PD_0.2_Noisy_model/output_dev
  done, num sentences 2001, num translations per input 1, time 1s, Sun Feb  3 16:21:52 2019.
  bleu dev: 58.0
  saving hparams to /home/emlab/Desktop/syuuron/nmt/attention_PI_0.5PS_0.3PD_0.2_Noisy_model/hparams
# External evaluation, global step 4000
  decoding to output /home/emlab/Desktop/syuuron/nmt/attention_PI_0.5PS_0.3PD_0.2_Noisy_model/output_test
  done, num sentences 100, num translations per input 1, time 0s, Sun Feb  3 16:21:53 2019.
  bleu test: 19.3
  saving hparams to /home/emlab/Desktop/syuuron/nmt/attention_PI_0.5PS_0.3PD_0.2_Noisy_model/hparams
--------------------------------------------------------------------------------------------
# Finished an epoch, step 4698. Perform external evaluation
2019-02-03 16:22:03.387960: I tensorflow/core/kernels/lookup_util.cc:376] Table trying to initialize from file /home/emlab/Desktop/syuuron/nmt/attention_PI_0.5PS_0.3PD_0.2_Noisy_model/Vocab.out is already initialized.
2019-02-03 16:22:03.387960: I tensorflow/core/kernels/lookup_util.cc:376] Table trying to initialize from file /home/emlab/Desktop/syuuron/nmt/attention_PI_0.5PS_0.3PD_0.2_Noisy_model/Vocab.out is already initialized.
2019-02-03 16:22:03.387960: I tensorflow/core/kernels/lookup_util.cc:376] Table trying to initialize from file /home/emlab/Desktop/syuuron/nmt/attention_PI_0.5PS_0.3PD_0.2_Noisy_model/Vocab.in is already initialized.
  loaded infer model parameters from /home/emlab/Desktop/syuuron/nmt/attention_PI_0.5PS_0.3PD_0.2_Noisy_model/translate.ckpt-4000, time 0.04s
  # 1646
    src: M V OW1 T AW2 NG UH1 UW1 AO AW2 S Z AW P OW1 ER F AH0 IH0 N OW0 EH1 AY2 K AE2 UW2 AO0 CH AO1 OW2 G ER AH T EH1 AW2 NG T AA0 EH1 AO0 TH T NG N OY1 AO0 IH0 IH0 EY P T SH AH0 W Z P UW AH1 EH1 T AE2 OW1
    ref: Move ( Sofa ) Find ( nursing_bottle Sofa ) Grasp ( nursing_bottle )
    nmt: Move ( Sofa ) Find ( Onion_Dressing Sofa ) Grasp ( Onion_Dressing )
2019-02-03 16:22:03.462582: I tensorflow/core/kernels/lookup_util.cc:376] Table trying to initialize from file /home/emlab/Desktop/syuuron/nmt/attention_PI_0.5PS_0.3PD_0.2_Noisy_model/Vocab.out is already initialized.
2019-02-03 16:22:03.462582: I tensorflow/core/kernels/lookup_util.cc:376] Table trying to initialize from file /home/emlab/Desktop/syuuron/nmt/attention_PI_0.5PS_0.3PD_0.2_Noisy_model/Vocab.out is already initialized.
2019-02-03 16:22:03.462591: I tensorflow/core/kernels/lookup_util.cc:376] Table trying to initialize from file /home/emlab/Desktop/syuuron/nmt/attention_PI_0.5PS_0.3PD_0.2_Noisy_model/Vocab.in is already initialized.
  loaded infer model parameters from /home/emlab/Desktop/syuuron/nmt/attention_PI_0.5PS_0.3PD_0.2_Noisy_model/translate.ckpt-4000, time 0.05s
# External evaluation, global step 4000
  decoding to output /home/emlab/Desktop/syuuron/nmt/attention_PI_0.5PS_0.3PD_0.2_Noisy_model/output_dev
  done, num sentences 2001, num translations per input 1, time 1s, Sun Feb  3 16:22:04 2019.
  bleu dev: 58.0
  saving hparams to /home/emlab/Desktop/syuuron/nmt/attention_PI_0.5PS_0.3PD_0.2_Noisy_model/hparams
# External evaluation, global step 4000
  decoding to output /home/emlab/Desktop/syuuron/nmt/attention_PI_0.5PS_0.3PD_0.2_Noisy_model/output_test
  done, num sentences 100, num translations per input 1, time 0s, Sun Feb  3 16:22:05 2019.
  bleu test: 19.3
  saving hparams to /home/emlab/Desktop/syuuron/nmt/attention_PI_0.5PS_0.3PD_0.2_Noisy_model/hparams
  step 4700 lr 1 step-time 0.13s wps 79.36K ppl 1.18 gN 2.84 bleu 57.96, Sun Feb  3 16:22:06 2019
--------------------------------------------------------------------------------------------
# Finished an epoch, step 4779. Perform external evaluation
2019-02-03 16:22:15.551645: I tensorflow/core/kernels/lookup_util.cc:376] Table trying to initialize from file /home/emlab/Desktop/syuuron/nmt/attention_PI_0.5PS_0.3PD_0.2_Noisy_model/Vocab.out is already initialized.
2019-02-03 16:22:15.551645: I tensorflow/core/kernels/lookup_util.cc:376] Table trying to initialize from file /home/emlab/Desktop/syuuron/nmt/attention_PI_0.5PS_0.3PD_0.2_Noisy_model/Vocab.in is already initialized.
2019-02-03 16:22:15.551645: I tensorflow/core/kernels/lookup_util.cc:376] Table trying to initialize from file /home/emlab/Desktop/syuuron/nmt/attention_PI_0.5PS_0.3PD_0.2_Noisy_model/Vocab.out is already initialized.
  loaded infer model parameters from /home/emlab/Desktop/syuuron/nmt/attention_PI_0.5PS_0.3PD_0.2_Noisy_model/translate.ckpt-4000, time 0.04s
  # 1946
    src: OW1 EH2 T B TH IH0 AY1 AY IH1 CH L UW2 W EY AY0 N UW EY0 P NG HH R OY UW1 N EY0 AW2 T N UW2 ER EY2 EY1 ER2 N D ZH P JH S OY0 IY2 N OW2 W N HH AO2 IH1 R AY1 W EH0 IH T K AH2 P S T Z OW2 EH1 JH UW1 AA2 IY0 R F AA2 B AH1 ER2 S CH D T EY1 K AH0 OW UW L
    ref: Move ( Kitchen_Room ) Find ( person ) Move ( Side_Table ) Grasp ( Cup_Star )
    nmt: Move ( Dining_Room ) Find ( person Dining_Room ) Move ( Side_Table ) Grasp ( Chip_Star )
2019-02-03 16:22:15.633597: I tensorflow/core/kernels/lookup_util.cc:376] Table trying to initialize from file /home/emlab/Desktop/syuuron/nmt/attention_PI_0.5PS_0.3PD_0.2_Noisy_model/Vocab.in is already initialized.
2019-02-03 16:22:15.633597: I tensorflow/core/kernels/lookup_util.cc:376] Table trying to initialize from file /home/emlab/Desktop/syuuron/nmt/attention_PI_0.5PS_0.3PD_0.2_Noisy_model/Vocab.out is already initialized.
2019-02-03 16:22:15.633597: I tensorflow/core/kernels/lookup_util.cc:376] Table trying to initialize from file /home/emlab/Desktop/syuuron/nmt/attention_PI_0.5PS_0.3PD_0.2_Noisy_model/Vocab.out is already initialized.
  loaded infer model parameters from /home/emlab/Desktop/syuuron/nmt/attention_PI_0.5PS_0.3PD_0.2_Noisy_model/translate.ckpt-4000, time 0.04s
# External evaluation, global step 4000
  decoding to output /home/emlab/Desktop/syuuron/nmt/attention_PI_0.5PS_0.3PD_0.2_Noisy_model/output_dev
  done, num sentences 2001, num translations per input 1, time 1s, Sun Feb  3 16:22:17 2019.
  bleu dev: 58.0
  saving hparams to /home/emlab/Desktop/syuuron/nmt/attention_PI_0.5PS_0.3PD_0.2_Noisy_model/hparams
# External evaluation, global step 4000
  decoding to output /home/emlab/Desktop/syuuron/nmt/attention_PI_0.5PS_0.3PD_0.2_Noisy_model/output_test
  done, num sentences 100, num translations per input 1, time 0s, Sun Feb  3 16:22:17 2019.
  bleu test: 19.3
  saving hparams to /home/emlab/Desktop/syuuron/nmt/attention_PI_0.5PS_0.3PD_0.2_Noisy_model/hparams
  step 4800 lr 1 step-time 0.12s wps 83.40K ppl 1.18 gN 3.26 bleu 57.96, Sun Feb  3 16:22:20 2019
--------------------------------------------------------------------------------------------
# Finished an epoch, step 4860. Perform external evaluation
2019-02-03 16:22:27.722817: I tensorflow/core/kernels/lookup_util.cc:376] Table trying to initialize from file /home/emlab/Desktop/syuuron/nmt/attention_PI_0.5PS_0.3PD_0.2_Noisy_model/Vocab.out is already initialized.
2019-02-03 16:22:27.722817: I tensorflow/core/kernels/lookup_util.cc:376] Table trying to initialize from file /home/emlab/Desktop/syuuron/nmt/attention_PI_0.5PS_0.3PD_0.2_Noisy_model/Vocab.out is already initialized.
2019-02-03 16:22:27.722851: I tensorflow/core/kernels/lookup_util.cc:376] Table trying to initialize from file /home/emlab/Desktop/syuuron/nmt/attention_PI_0.5PS_0.3PD_0.2_Noisy_model/Vocab.in is already initialized.
  loaded infer model parameters from /home/emlab/Desktop/syuuron/nmt/attention_PI_0.5PS_0.3PD_0.2_Noisy_model/translate.ckpt-4000, time 0.04s
  # 1309
    src: OY0 L UH AW IY G JH EH1 AW2 T CH CH EH2 IH2 AH1 ER1 AW2 AA DH UW1 Z AO2 OW2 OW2 F R W EH AH1 EH2 M OY M AY1 IH0 AW DH NG S IH1 AY1 AW AH0 OY1 G OW1 OW1 T L UH1 OY UH0 AA1 B AW2 ER IH OW1 T Z UW1 K CH AH0 L AY0 N R M
    ref: Move ( Dining_Sofa ) Find ( Cup_Noodle Dining_Sofa  ) Grasp ( Cup_Noodle )  Move ( lobby ) Move ( Kitchen_Room )
    nmt: Move ( Dining_Sofa ) Find ( Chip_Star Dining_Sofa ) Grasp ( Chip_Star ) Move ( Kitchen_Room ) Move ( kitchen )
2019-02-03 16:22:27.803943: I tensorflow/core/kernels/lookup_util.cc:376] Table trying to initialize from file /home/emlab/Desktop/syuuron/nmt/attention_PI_0.5PS_0.3PD_0.2_Noisy_model/Vocab.in is already initialized.
2019-02-03 16:22:27.803953: I tensorflow/core/kernels/lookup_util.cc:376] Table trying to initialize from file /home/emlab/Desktop/syuuron/nmt/attention_PI_0.5PS_0.3PD_0.2_Noisy_model/Vocab.out is already initialized.
2019-02-03 16:22:27.803972: I tensorflow/core/kernels/lookup_util.cc:376] Table trying to initialize from file /home/emlab/Desktop/syuuron/nmt/attention_PI_0.5PS_0.3PD_0.2_Noisy_model/Vocab.out is already initialized.
  loaded infer model parameters from /home/emlab/Desktop/syuuron/nmt/attention_PI_0.5PS_0.3PD_0.2_Noisy_model/translate.ckpt-4000, time 0.05s
# External evaluation, global step 4000
  decoding to output /home/emlab/Desktop/syuuron/nmt/attention_PI_0.5PS_0.3PD_0.2_Noisy_model/output_dev
  done, num sentences 2001, num translations per input 1, time 1s, Sun Feb  3 16:22:29 2019.
  bleu dev: 58.0
  saving hparams to /home/emlab/Desktop/syuuron/nmt/attention_PI_0.5PS_0.3PD_0.2_Noisy_model/hparams
# External evaluation, global step 4000
  decoding to output /home/emlab/Desktop/syuuron/nmt/attention_PI_0.5PS_0.3PD_0.2_Noisy_model/output_test
  done, num sentences 100, num translations per input 1, time 0s, Sun Feb  3 16:22:29 2019.
  bleu test: 19.3
  saving hparams to /home/emlab/Desktop/syuuron/nmt/attention_PI_0.5PS_0.3PD_0.2_Noisy_model/hparams
  step 4900 lr 1 step-time 0.13s wps 82.16K ppl 1.16 gN 2.58 bleu 57.96, Sun Feb  3 16:22:34 2019
--------------------------------------------------------------------------------------------
# Finished an epoch, step 4941. Perform external evaluation
2019-02-03 16:22:39.884892: I tensorflow/core/kernels/lookup_util.cc:376] Table trying to initialize from file /home/emlab/Desktop/syuuron/nmt/attention_PI_0.5PS_0.3PD_0.2_Noisy_model/Vocab.out is already initialized.
2019-02-03 16:22:39.884892: I tensorflow/core/kernels/lookup_util.cc:376] Table trying to initialize from file /home/emlab/Desktop/syuuron/nmt/attention_PI_0.5PS_0.3PD_0.2_Noisy_model/Vocab.out is already initialized.
2019-02-03 16:22:39.884892: I tensorflow/core/kernels/lookup_util.cc:376] Table trying to initialize from file /home/emlab/Desktop/syuuron/nmt/attention_PI_0.5PS_0.3PD_0.2_Noisy_model/Vocab.in is already initialized.
  loaded infer model parameters from /home/emlab/Desktop/syuuron/nmt/attention_PI_0.5PS_0.3PD_0.2_Noisy_model/translate.ckpt-4000, time 0.04s
  # 144
    src: TH OW1 OW1 AW0 T AO0 HH EY1 EH2 UW1 D UW AW1 AY1 N B IH0 NG UW0 W IH2 UH1 ZH R IY L M UW1 K AH2 AE0 IY1 R IH1 IH0 AY1 ER1 F IH0 G K AO2 N ZH DH S M UW2 IH0 EH1 N P EH1 JH AH0 N EY1 AH2 B CH AH0 L L DH ER EH1 IH0 AY1 EY AO2 N IY1 Y AY B V DH F AH0 UH2 AH0 EH B IY2 P AY2 R SH EH NG AE0 T M EH AO AH0 AH N
    ref: Move ( Dining_Table ) Move ( Reception_Table ) Move ( apartment )
    nmt: Move ( Dining_Room ) Move ( Dining_Table ) Move ( apartment )
2019-02-03 16:22:39.965435: I tensorflow/core/kernels/lookup_util.cc:376] Table trying to initialize from file /home/emlab/Desktop/syuuron/nmt/attention_PI_0.5PS_0.3PD_0.2_Noisy_model/Vocab.out is already initialized.
2019-02-03 16:22:39.965435: I tensorflow/core/kernels/lookup_util.cc:376] Table trying to initialize from file /home/emlab/Desktop/syuuron/nmt/attention_PI_0.5PS_0.3PD_0.2_Noisy_model/Vocab.in is already initialized.
2019-02-03 16:22:39.965438: I tensorflow/core/kernels/lookup_util.cc:376] Table trying to initialize from file /home/emlab/Desktop/syuuron/nmt/attention_PI_0.5PS_0.3PD_0.2_Noisy_model/Vocab.out is already initialized.
  loaded infer model parameters from /home/emlab/Desktop/syuuron/nmt/attention_PI_0.5PS_0.3PD_0.2_Noisy_model/translate.ckpt-4000, time 0.05s
# External evaluation, global step 4000
  decoding to output /home/emlab/Desktop/syuuron/nmt/attention_PI_0.5PS_0.3PD_0.2_Noisy_model/output_dev
  done, num sentences 2001, num translations per input 1, time 1s, Sun Feb  3 16:22:41 2019.
  bleu dev: 58.0
  saving hparams to /home/emlab/Desktop/syuuron/nmt/attention_PI_0.5PS_0.3PD_0.2_Noisy_model/hparams
# External evaluation, global step 4000
  decoding to output /home/emlab/Desktop/syuuron/nmt/attention_PI_0.5PS_0.3PD_0.2_Noisy_model/output_test
  done, num sentences 100, num translations per input 1, time 0s, Sun Feb  3 16:22:41 2019.
  bleu test: 19.3
  saving hparams to /home/emlab/Desktop/syuuron/nmt/attention_PI_0.5PS_0.3PD_0.2_Noisy_model/hparams
  step 5000 lr 1 step-time 0.13s wps 82.75K ppl 1.16 gN 2.96 bleu 57.96, Sun Feb  3 16:22:49 2019
# Save eval, global step 5000
2019-02-03 16:22:49.690503: I tensorflow/core/kernels/lookup_util.cc:376] Table trying to initialize from file /home/emlab/Desktop/syuuron/nmt/attention_PI_0.5PS_0.3PD_0.2_Noisy_model/Vocab.out is already initialized.
2019-02-03 16:22:49.690565: I tensorflow/core/kernels/lookup_util.cc:376] Table trying to initialize from file /home/emlab/Desktop/syuuron/nmt/attention_PI_0.5PS_0.3PD_0.2_Noisy_model/Vocab.out is already initialized.
2019-02-03 16:22:49.690598: I tensorflow/core/kernels/lookup_util.cc:376] Table trying to initialize from file /home/emlab/Desktop/syuuron/nmt/attention_PI_0.5PS_0.3PD_0.2_Noisy_model/Vocab.in is already initialized.
  loaded infer model parameters from /home/emlab/Desktop/syuuron/nmt/attention_PI_0.5PS_0.3PD_0.2_Noisy_model/translate.ckpt-5000, time 0.05s
  # 795
    src: G OW1 IY0 T AO0 UH2 F UW2 CH N UW1 EH1 K ER UH0 S F AY1 T AW UH2 IH0 CH AH0 AY1 AE1 AH2 AA0 G D AA2 P AY0 EH1 AE1 N N TH IH1 UH0 W SH B L ER1 EH1 T UW2 G T AY1 L D D AW0 IH EH2 P ER2 AA T IH0 K UH1 AO T IH2 AA1 OW NG ZH M AY1 IH2 AA AA0 SH B OY IH1 AA EH AA0 AH M AW0 DH OW1 EH1 IH0 EH0 AH0
    ref: Move ( kitchen ) Find ( person ) Move ( Sofa ) Grasp ( filled_plastic_bottle )
    nmt: Move ( Kitchen_Room ) Find ( person ) Move ( Living_Table ) Grasp ( filled_plastic_bottle )
2019-02-03 16:22:49.781570: I tensorflow/core/kernels/lookup_util.cc:376] Table trying to initialize from file /home/emlab/Desktop/syuuron/nmt/attention_PI_0.5PS_0.3PD_0.2_Noisy_model/Vocab.in is already initialized.
2019-02-03 16:22:49.781586: I tensorflow/core/kernels/lookup_util.cc:376] Table trying to initialize from file /home/emlab/Desktop/syuuron/nmt/attention_PI_0.5PS_0.3PD_0.2_Noisy_model/Vocab.out is already initialized.
2019-02-03 16:22:49.781570: I tensorflow/core/kernels/lookup_util.cc:376] Table trying to initialize from file /home/emlab/Desktop/syuuron/nmt/attention_PI_0.5PS_0.3PD_0.2_Noisy_model/Vocab.out is already initialized.
  loaded eval model parameters from /home/emlab/Desktop/syuuron/nmt/attention_PI_0.5PS_0.3PD_0.2_Noisy_model/translate.ckpt-5000, time 0.04s
  eval dev: perplexity 1.51, time 1s, Sun Feb  3 16:22:50 2019.
  eval test: perplexity 5.00, time 0s, Sun Feb  3 16:22:50 2019.
2019-02-03 16:22:51.206958: I tensorflow/core/kernels/lookup_util.cc:376] Table trying to initialize from file /home/emlab/Desktop/syuuron/nmt/attention_PI_0.5PS_0.3PD_0.2_Noisy_model/Vocab.in is already initialized.
2019-02-03 16:22:51.206971: I tensorflow/core/kernels/lookup_util.cc:376] Table trying to initialize from file /home/emlab/Desktop/syuuron/nmt/attention_PI_0.5PS_0.3PD_0.2_Noisy_model/Vocab.out is already initialized.
2019-02-03 16:22:51.206992: I tensorflow/core/kernels/lookup_util.cc:376] Table trying to initialize from file /home/emlab/Desktop/syuuron/nmt/attention_PI_0.5PS_0.3PD_0.2_Noisy_model/Vocab.out is already initialized.
  loaded infer model parameters from /home/emlab/Desktop/syuuron/nmt/attention_PI_0.5PS_0.3PD_0.2_Noisy_model/translate.ckpt-5000, time 0.05s
  # 1620
    src: G OW0 OW0 T UW1 L ER1 EH EY1 EH0 AY1 K UH IH2 IH1 G V UW2 IH0 NG DH R M DH AY1 D EH1 ER P S AH0 EY F AA EH1 UH EH OY1 AY1 AE IY2 B R OY2 V B Y D EY2 K ER AO2 EH1 R IY1 OW2 S P F IY0 AA1 R ER OY1 AH1 D N NG T EY2 EY1 B AE1
    ref: Move ( Living_Room ) Find ( person Living_Room ) Move ( Dining_Table ) Grasp ( Korean_Soup )
    nmt: Move ( Living_Room ) Find ( person Living_Room ) Move ( Dining_Table ) Grasp ( bear_doll )
2019-02-03 16:22:51.287752: I tensorflow/core/kernels/lookup_util.cc:376] Table trying to initialize from file /home/emlab/Desktop/syuuron/nmt/attention_PI_0.5PS_0.3PD_0.2_Noisy_model/Vocab.in is already initialized.
2019-02-03 16:22:51.287752: I tensorflow/core/kernels/lookup_util.cc:376] Table trying to initialize from file /home/emlab/Desktop/syuuron/nmt/attention_PI_0.5PS_0.3PD_0.2_Noisy_model/Vocab.out is already initialized.
2019-02-03 16:22:51.287752: I tensorflow/core/kernels/lookup_util.cc:376] Table trying to initialize from file /home/emlab/Desktop/syuuron/nmt/attention_PI_0.5PS_0.3PD_0.2_Noisy_model/Vocab.out is already initialized.
  loaded infer model parameters from /home/emlab/Desktop/syuuron/nmt/attention_PI_0.5PS_0.3PD_0.2_Noisy_model/translate.ckpt-5000, time 0.05s
# External evaluation, global step 5000
  decoding to output /home/emlab/Desktop/syuuron/nmt/attention_PI_0.5PS_0.3PD_0.2_Noisy_model/output_dev
  done, num sentences 2001, num translations per input 1, time 1s, Sun Feb  3 16:22:52 2019.
  bleu dev: 59.6
  saving hparams to /home/emlab/Desktop/syuuron/nmt/attention_PI_0.5PS_0.3PD_0.2_Noisy_model/hparams
# External evaluation, global step 5000
  decoding to output /home/emlab/Desktop/syuuron/nmt/attention_PI_0.5PS_0.3PD_0.2_Noisy_model/output_test
  done, num sentences 100, num translations per input 1, time 0s, Sun Feb  3 16:22:53 2019.
  bleu test: 18.0
  saving hparams to /home/emlab/Desktop/syuuron/nmt/attention_PI_0.5PS_0.3PD_0.2_Noisy_model/hparams
--------------------------------------------------------------------------------------------
# Finished an epoch, step 5022. Perform external evaluation
2019-02-03 16:22:55.621481: I tensorflow/core/kernels/lookup_util.cc:376] Table trying to initialize from file /home/emlab/Desktop/syuuron/nmt/attention_PI_0.5PS_0.3PD_0.2_Noisy_model/Vocab.out is already initialized.
2019-02-03 16:22:55.621481: I tensorflow/core/kernels/lookup_util.cc:376] Table trying to initialize from file /home/emlab/Desktop/syuuron/nmt/attention_PI_0.5PS_0.3PD_0.2_Noisy_model/Vocab.in is already initialized.
2019-02-03 16:22:55.621481: I tensorflow/core/kernels/lookup_util.cc:376] Table trying to initialize from file /home/emlab/Desktop/syuuron/nmt/attention_PI_0.5PS_0.3PD_0.2_Noisy_model/Vocab.out is already initialized.
  loaded infer model parameters from /home/emlab/Desktop/syuuron/nmt/attention_PI_0.5PS_0.3PD_0.2_Noisy_model/translate.ckpt-5000, time 0.05s
  # 862
    src: W UH1 D AH0 IY0 N B W UW1 T UW1 V AY1 DH CH AE1 OY2 EH0 IH0 NG UW0 Y EY1 G OY1 B AH0 UH2 EH0 EH1 TH AE1 AE1 UH P AY0 AE0 AW S P K AO2 R AH0 EY0 EH2 EY2 N AA2 D IH1 AH1 M IH0 JH B AE1
    ref: Move ( Dining_Table ) Grasp ( Korean_Soup ) Move ( HERE )
    nmt: Move ( Living_Table ) Grasp ( Korean_Soup ) Move ( HERE )
2019-02-03 16:22:55.694062: I tensorflow/core/kernels/lookup_util.cc:376] Table trying to initialize from file /home/emlab/Desktop/syuuron/nmt/attention_PI_0.5PS_0.3PD_0.2_Noisy_model/Vocab.in is already initialized.
2019-02-03 16:22:55.694062: I tensorflow/core/kernels/lookup_util.cc:376] Table trying to initialize from file /home/emlab/Desktop/syuuron/nmt/attention_PI_0.5PS_0.3PD_0.2_Noisy_model/Vocab.out is already initialized.
2019-02-03 16:22:55.694062: I tensorflow/core/kernels/lookup_util.cc:376] Table trying to initialize from file /home/emlab/Desktop/syuuron/nmt/attention_PI_0.5PS_0.3PD_0.2_Noisy_model/Vocab.out is already initialized.
  loaded infer model parameters from /home/emlab/Desktop/syuuron/nmt/attention_PI_0.5PS_0.3PD_0.2_Noisy_model/translate.ckpt-5000, time 0.05s
# External evaluation, global step 5000
  decoding to output /home/emlab/Desktop/syuuron/nmt/attention_PI_0.5PS_0.3PD_0.2_Noisy_model/output_dev
  done, num sentences 2001, num translations per input 1, time 1s, Sun Feb  3 16:22:57 2019.
  bleu dev: 59.6
  saving hparams to /home/emlab/Desktop/syuuron/nmt/attention_PI_0.5PS_0.3PD_0.2_Noisy_model/hparams
# External evaluation, global step 5000
  decoding to output /home/emlab/Desktop/syuuron/nmt/attention_PI_0.5PS_0.3PD_0.2_Noisy_model/output_test
  done, num sentences 100, num translations per input 1, time 0s, Sun Feb  3 16:22:57 2019.
  bleu test: 18.0
  saving hparams to /home/emlab/Desktop/syuuron/nmt/attention_PI_0.5PS_0.3PD_0.2_Noisy_model/hparams
  step 5100 lr 1 step-time 0.12s wps 82.13K ppl 1.15 gN 2.74 bleu 59.55, Sun Feb  3 16:23:07 2019
--------------------------------------------------------------------------------------------
# Finished an epoch, step 5103. Perform external evaluation
2019-02-03 16:23:07.653765: I tensorflow/core/kernels/lookup_util.cc:376] Table trying to initialize from file /home/emlab/Desktop/syuuron/nmt/attention_PI_0.5PS_0.3PD_0.2_Noisy_model/Vocab.out is already initialized.
2019-02-03 16:23:07.653765: I tensorflow/core/kernels/lookup_util.cc:376] Table trying to initialize from file /home/emlab/Desktop/syuuron/nmt/attention_PI_0.5PS_0.3PD_0.2_Noisy_model/Vocab.out is already initialized.
2019-02-03 16:23:07.653765: I tensorflow/core/kernels/lookup_util.cc:376] Table trying to initialize from file /home/emlab/Desktop/syuuron/nmt/attention_PI_0.5PS_0.3PD_0.2_Noisy_model/Vocab.in is already initialized.
  loaded infer model parameters from /home/emlab/Desktop/syuuron/nmt/attention_PI_0.5PS_0.3PD_0.2_Noisy_model/translate.ckpt-5000, time 0.05s
  # 827
    src: OY ER EY AH2 IH ER1 W EH1 AY Y EY1 AY2 EH1 T L NG ZH UW1 P P OY L M T EY1 T L F AH1 OW1 OY0 AA1 AY1 OW2 IY EY1 OY OY2 AY T UH1 UW1 L AE1 UW0 AH0 AA1 B ER EY0 UH2 IH1 F V AW0 T OY1 UW1 D AY1 N IH0 OY0 EH1 NG IH0 Y HH IH2 OW1 EH2 B F N AH0
    ref: Move ( Sofa ) Grasp ( Long_Potato ) Move ( lobby ) Move ( Dining_Sofa )
    nmt: Move ( Side_Table ) Find ( bell_pepper Side_Table ) Grasp ( bell_pepper ) Move ( Dining_Sofa )
2019-02-03 16:23:07.733131: I tensorflow/core/kernels/lookup_util.cc:376] Table trying to initialize from file /home/emlab/Desktop/syuuron/nmt/attention_PI_0.5PS_0.3PD_0.2_Noisy_model/Vocab.out is already initialized.
2019-02-03 16:23:07.733132: I tensorflow/core/kernels/lookup_util.cc:376] Table trying to initialize from file /home/emlab/Desktop/syuuron/nmt/attention_PI_0.5PS_0.3PD_0.2_Noisy_model/Vocab.in is already initialized.
2019-02-03 16:23:07.733132: I tensorflow/core/kernels/lookup_util.cc:376] Table trying to initialize from file /home/emlab/Desktop/syuuron/nmt/attention_PI_0.5PS_0.3PD_0.2_Noisy_model/Vocab.out is already initialized.
  loaded infer model parameters from /home/emlab/Desktop/syuuron/nmt/attention_PI_0.5PS_0.3PD_0.2_Noisy_model/translate.ckpt-5000, time 0.05s
# External evaluation, global step 5000
  decoding to output /home/emlab/Desktop/syuuron/nmt/attention_PI_0.5PS_0.3PD_0.2_Noisy_model/output_dev
  done, num sentences 2001, num translations per input 1, time 1s, Sun Feb  3 16:23:09 2019.
  bleu dev: 59.6
  saving hparams to /home/emlab/Desktop/syuuron/nmt/attention_PI_0.5PS_0.3PD_0.2_Noisy_model/hparams
# External evaluation, global step 5000
  decoding to output /home/emlab/Desktop/syuuron/nmt/attention_PI_0.5PS_0.3PD_0.2_Noisy_model/output_test
  done, num sentences 100, num translations per input 1, time 0s, Sun Feb  3 16:23:09 2019.
  bleu test: 18.0
  saving hparams to /home/emlab/Desktop/syuuron/nmt/attention_PI_0.5PS_0.3PD_0.2_Noisy_model/hparams
--------------------------------------------------------------------------------------------
# Finished an epoch, step 5184. Perform external evaluation
2019-02-03 16:23:19.716571: I tensorflow/core/kernels/lookup_util.cc:376] Table trying to initialize from file /home/emlab/Desktop/syuuron/nmt/attention_PI_0.5PS_0.3PD_0.2_Noisy_model/Vocab.out is already initialized.
2019-02-03 16:23:19.716571: I tensorflow/core/kernels/lookup_util.cc:376] Table trying to initialize from file /home/emlab/Desktop/syuuron/nmt/attention_PI_0.5PS_0.3PD_0.2_Noisy_model/Vocab.in is already initialized.
2019-02-03 16:23:19.716614: I tensorflow/core/kernels/lookup_util.cc:376] Table trying to initialize from file /home/emlab/Desktop/syuuron/nmt/attention_PI_0.5PS_0.3PD_0.2_Noisy_model/Vocab.out is already initialized.
  loaded infer model parameters from /home/emlab/Desktop/syuuron/nmt/attention_PI_0.5PS_0.3PD_0.2_Noisy_model/translate.ckpt-5000, time 0.05s
  # 858
    src: G OW1 V W T OW0 EY AY0 UW1 AY0 AY2 UH2 UH1 AW1 AY EY1 DH V AH0 S OW0 M M EH JH UW1 UW1 EY1 AH1 T AH2 AH0 IH2 IH1 AY1 EH2 V AH0 AO IH0 AW EH1 NG AH2 B UH2 EH1 EH2 OW2 D OW0 N IY IY1 AH0 L L AY2 S UW P V AY DH ER0 UW1 OW D AH0 P AY R IY2 M AH0 G OW NG ZH N T
    ref: Move ( kitchen ) Move ( Living_Table )  Move ( apartment )
    nmt: Move ( Sofa ) Move ( Living_Table ) Move ( apartment )
2019-02-03 16:23:19.795083: I tensorflow/core/kernels/lookup_util.cc:376] Table trying to initialize from file /home/emlab/Desktop/syuuron/nmt/attention_PI_0.5PS_0.3PD_0.2_Noisy_model/Vocab.in is already initialized.
2019-02-03 16:23:19.795083: I tensorflow/core/kernels/lookup_util.cc:376] Table trying to initialize from file /home/emlab/Desktop/syuuron/nmt/attention_PI_0.5PS_0.3PD_0.2_Noisy_model/Vocab.out is already initialized.
2019-02-03 16:23:19.795083: I tensorflow/core/kernels/lookup_util.cc:376] Table trying to initialize from file /home/emlab/Desktop/syuuron/nmt/attention_PI_0.5PS_0.3PD_0.2_Noisy_model/Vocab.out is already initialized.
  loaded infer model parameters from /home/emlab/Desktop/syuuron/nmt/attention_PI_0.5PS_0.3PD_0.2_Noisy_model/translate.ckpt-5000, time 0.05s
# External evaluation, global step 5000
  decoding to output /home/emlab/Desktop/syuuron/nmt/attention_PI_0.5PS_0.3PD_0.2_Noisy_model/output_dev
  done, num sentences 2001, num translations per input 1, time 1s, Sun Feb  3 16:23:21 2019.
  bleu dev: 59.6
  saving hparams to /home/emlab/Desktop/syuuron/nmt/attention_PI_0.5PS_0.3PD_0.2_Noisy_model/hparams
# External evaluation, global step 5000
  decoding to output /home/emlab/Desktop/syuuron/nmt/attention_PI_0.5PS_0.3PD_0.2_Noisy_model/output_test
  done, num sentences 100, num translations per input 1, time 0s, Sun Feb  3 16:23:21 2019.
  bleu test: 18.0
  saving hparams to /home/emlab/Desktop/syuuron/nmt/attention_PI_0.5PS_0.3PD_0.2_Noisy_model/hparams
  step 5200 lr 1 step-time 0.13s wps 79.60K ppl 1.15 gN 2.76 bleu 59.55, Sun Feb  3 16:23:23 2019
--------------------------------------------------------------------------------------------
# Finished an epoch, step 5265. Perform external evaluation
2019-02-03 16:23:31.773555: I tensorflow/core/kernels/lookup_util.cc:376] Table trying to initialize from file /home/emlab/Desktop/syuuron/nmt/attention_PI_0.5PS_0.3PD_0.2_Noisy_model/Vocab.out is already initialized.
2019-02-03 16:23:31.773555: I tensorflow/core/kernels/lookup_util.cc:376] Table trying to initialize from file /home/emlab/Desktop/syuuron/nmt/attention_PI_0.5PS_0.3PD_0.2_Noisy_model/Vocab.out is already initialized.
2019-02-03 16:23:31.773555: I tensorflow/core/kernels/lookup_util.cc:376] Table trying to initialize from file /home/emlab/Desktop/syuuron/nmt/attention_PI_0.5PS_0.3PD_0.2_Noisy_model/Vocab.in is already initialized.
  loaded infer model parameters from /home/emlab/Desktop/syuuron/nmt/attention_PI_0.5PS_0.3PD_0.2_Noisy_model/translate.ckpt-5000, time 0.05s
  # 1264
    src: IY F CH OW0 Y G G OW1 EY2 UH0 AW2 S OW1 UH2 T EY1 AW UW1 ER2 K HH ER R JH IY1 AO2 K IH1 DH R AO ER0 EY1 IH1 AA1 T AO2 K AA L Y D AY1 AY1 N Z IH0 UW0 IY0 T AW0 AA R ER0 EY1 AE1 UW0 AH0
    ref: Move ( Sofa  ) Find ( Red_Tea Sofa ) Grasp ( Red_Tea ) Move ( Dining_Table )
    nmt: Move ( Sofa ) Find ( Green_Tea Sofa ) Grasp ( Green_Tea ) Move ( Dining_Table )
2019-02-03 16:23:31.854551: I tensorflow/core/kernels/lookup_util.cc:376] Table trying to initialize from file /home/emlab/Desktop/syuuron/nmt/attention_PI_0.5PS_0.3PD_0.2_Noisy_model/Vocab.out is already initialized.
2019-02-03 16:23:31.854552: I tensorflow/core/kernels/lookup_util.cc:376] Table trying to initialize from file /home/emlab/Desktop/syuuron/nmt/attention_PI_0.5PS_0.3PD_0.2_Noisy_model/Vocab.out is already initialized.
2019-02-03 16:23:31.854552: I tensorflow/core/kernels/lookup_util.cc:376] Table trying to initialize from file /home/emlab/Desktop/syuuron/nmt/attention_PI_0.5PS_0.3PD_0.2_Noisy_model/Vocab.in is already initialized.
  loaded infer model parameters from /home/emlab/Desktop/syuuron/nmt/attention_PI_0.5PS_0.3PD_0.2_Noisy_model/translate.ckpt-5000, time 0.05s
# External evaluation, global step 5000
  decoding to output /home/emlab/Desktop/syuuron/nmt/attention_PI_0.5PS_0.3PD_0.2_Noisy_model/output_dev
  done, num sentences 2001, num translations per input 1, time 1s, Sun Feb  3 16:23:33 2019.
  bleu dev: 59.6
  saving hparams to /home/emlab/Desktop/syuuron/nmt/attention_PI_0.5PS_0.3PD_0.2_Noisy_model/hparams
# External evaluation, global step 5000
  decoding to output /home/emlab/Desktop/syuuron/nmt/attention_PI_0.5PS_0.3PD_0.2_Noisy_model/output_test
  done, num sentences 100, num translations per input 1, time 0s, Sun Feb  3 16:23:33 2019.
  bleu test: 18.0
  saving hparams to /home/emlab/Desktop/syuuron/nmt/attention_PI_0.5PS_0.3PD_0.2_Noisy_model/hparams
  step 5300 lr 1 step-time 0.12s wps 82.84K ppl 1.15 gN 2.97 bleu 59.55, Sun Feb  3 16:23:38 2019
--------------------------------------------------------------------------------------------
# Finished an epoch, step 5346. Perform external evaluation
2019-02-03 16:23:43.790588: I tensorflow/core/kernels/lookup_util.cc:376] Table trying to initialize from file /home/emlab/Desktop/syuuron/nmt/attention_PI_0.5PS_0.3PD_0.2_Noisy_model/Vocab.in is already initialized.
2019-02-03 16:23:43.790588: I tensorflow/core/kernels/lookup_util.cc:376] Table trying to initialize from file /home/emlab/Desktop/syuuron/nmt/attention_PI_0.5PS_0.3PD_0.2_Noisy_model/Vocab.out is already initialized.
2019-02-03 16:23:43.790587: I tensorflow/core/kernels/lookup_util.cc:376] Table trying to initialize from file /home/emlab/Desktop/syuuron/nmt/attention_PI_0.5PS_0.3PD_0.2_Noisy_model/Vocab.out is already initialized.
  loaded infer model parameters from /home/emlab/Desktop/syuuron/nmt/attention_PI_0.5PS_0.3PD_0.2_Noisy_model/translate.ckpt-5000, time 0.05s
  # 45
    src: G T Y NG SH EH1 EY0 K AO1 IH1 OW2 CH AH TH IY0 SH R UW1 OY1 M G AO2 EY0 R N AE1 HH D UH0 UH IY2 W S AE2 OY2 ZH W UH0 AA OW1 W IH1 IH1 IH2 AO ER2 AH0 ER HH AO0 AA1 R OY2 K EH2 L AO0 AA1 K TH OW UW1 R OW1 IH1 T T IY1 R T D AH1 IH2 T AA1 HH B AE N HH T TH AY1 L EY1
    ref: Move (  Kitchen_Room  ) Find ( twin_bell_alarm_clock Kitchen_Room  ) Grasp ( twin_bell_alarm_clock ) Move ( Dustbin ) Place ( twin_bell_alarm_clock Dustbin ) 
    nmt: Move ( Kitchen_Room ) Grasp ( twin_bell_alarm_clock ) Move ( Dining_Table ) Place ( twin_bell_alarm_clock Dining_Table )
2019-02-03 16:23:43.878259: I tensorflow/core/kernels/lookup_util.cc:376] Table trying to initialize from file /home/emlab/Desktop/syuuron/nmt/attention_PI_0.5PS_0.3PD_0.2_Noisy_model/Vocab.out is already initialized.
2019-02-03 16:23:43.878259: I tensorflow/core/kernels/lookup_util.cc:376] Table trying to initialize from file /home/emlab/Desktop/syuuron/nmt/attention_PI_0.5PS_0.3PD_0.2_Noisy_model/Vocab.in is already initialized.
2019-02-03 16:23:43.878268: I tensorflow/core/kernels/lookup_util.cc:376] Table trying to initialize from file /home/emlab/Desktop/syuuron/nmt/attention_PI_0.5PS_0.3PD_0.2_Noisy_model/Vocab.out is already initialized.
  loaded infer model parameters from /home/emlab/Desktop/syuuron/nmt/attention_PI_0.5PS_0.3PD_0.2_Noisy_model/translate.ckpt-5000, time 0.05s
# External evaluation, global step 5000
  decoding to output /home/emlab/Desktop/syuuron/nmt/attention_PI_0.5PS_0.3PD_0.2_Noisy_model/output_dev
  done, num sentences 2001, num translations per input 1, time 1s, Sun Feb  3 16:23:45 2019.
  bleu dev: 59.6
  saving hparams to /home/emlab/Desktop/syuuron/nmt/attention_PI_0.5PS_0.3PD_0.2_Noisy_model/hparams
# External evaluation, global step 5000
  decoding to output /home/emlab/Desktop/syuuron/nmt/attention_PI_0.5PS_0.3PD_0.2_Noisy_model/output_test
  done, num sentences 100, num translations per input 1, time 0s, Sun Feb  3 16:23:45 2019.
  bleu test: 18.0
  saving hparams to /home/emlab/Desktop/syuuron/nmt/attention_PI_0.5PS_0.3PD_0.2_Noisy_model/hparams
  step 5400 lr 1 step-time 0.12s wps 82.73K ppl 1.17 gN 3.33 bleu 59.55, Sun Feb  3 16:23:52 2019
--------------------------------------------------------------------------------------------
# Finished an epoch, step 5427. Perform external evaluation
2019-02-03 16:23:55.821308: I tensorflow/core/kernels/lookup_util.cc:376] Table trying to initialize from file /home/emlab/Desktop/syuuron/nmt/attention_PI_0.5PS_0.3PD_0.2_Noisy_model/Vocab.out is already initialized.
2019-02-03 16:23:55.821308: I tensorflow/core/kernels/lookup_util.cc:376] Table trying to initialize from file /home/emlab/Desktop/syuuron/nmt/attention_PI_0.5PS_0.3PD_0.2_Noisy_model/Vocab.out is already initialized.
2019-02-03 16:23:55.821353: I tensorflow/core/kernels/lookup_util.cc:376] Table trying to initialize from file /home/emlab/Desktop/syuuron/nmt/attention_PI_0.5PS_0.3PD_0.2_Noisy_model/Vocab.in is already initialized.
  loaded infer model parameters from /home/emlab/Desktop/syuuron/nmt/attention_PI_0.5PS_0.3PD_0.2_Noisy_model/translate.ckpt-5000, time 0.05s
  # 1413
    src: OW1 AY1 G T AW AO1 AA W IH1 IH AH0 AE1 T EY1 IY2 T F IH1 AE1 L AH0 D EY2 N UW EH1 TH AA CH AH0 HH IH0 AE1 ZH P EY1 UH0 UH1 L AH1 IH1 AA0 IH0 UW0 AA1 AE AY1 N OW1 OW AH AE V IH0 EH2 EY OY0 JH ER2 AY0 EY1 IH1 OW2 K EY1
    ref: Move (  kitchen  ) Find ( filled_ketchup kitchen ) Grasp ( filled_ketchup ) Move ( Living_Table )
    nmt: Move ( kitchen ) Grasp ( apple ) Move ( Living_Sofa ) Place ( apple Living_Sofa )
2019-02-03 16:23:55.902627: I tensorflow/core/kernels/lookup_util.cc:376] Table trying to initialize from file /home/emlab/Desktop/syuuron/nmt/attention_PI_0.5PS_0.3PD_0.2_Noisy_model/Vocab.in is already initialized.
2019-02-03 16:23:55.902627: I tensorflow/core/kernels/lookup_util.cc:376] Table trying to initialize from file /home/emlab/Desktop/syuuron/nmt/attention_PI_0.5PS_0.3PD_0.2_Noisy_model/Vocab.out is already initialized.
2019-02-03 16:23:55.902629: I tensorflow/core/kernels/lookup_util.cc:376] Table trying to initialize from file /home/emlab/Desktop/syuuron/nmt/attention_PI_0.5PS_0.3PD_0.2_Noisy_model/Vocab.out is already initialized.
  loaded infer model parameters from /home/emlab/Desktop/syuuron/nmt/attention_PI_0.5PS_0.3PD_0.2_Noisy_model/translate.ckpt-5000, time 0.05s
# External evaluation, global step 5000
  decoding to output /home/emlab/Desktop/syuuron/nmt/attention_PI_0.5PS_0.3PD_0.2_Noisy_model/output_dev
  done, num sentences 2001, num translations per input 1, time 1s, Sun Feb  3 16:23:57 2019.
  bleu dev: 59.6
  saving hparams to /home/emlab/Desktop/syuuron/nmt/attention_PI_0.5PS_0.3PD_0.2_Noisy_model/hparams
# External evaluation, global step 5000
  decoding to output /home/emlab/Desktop/syuuron/nmt/attention_PI_0.5PS_0.3PD_0.2_Noisy_model/output_test
  done, num sentences 100, num translations per input 1, time 0s, Sun Feb  3 16:23:57 2019.
  bleu test: 18.0
  saving hparams to /home/emlab/Desktop/syuuron/nmt/attention_PI_0.5PS_0.3PD_0.2_Noisy_model/hparams
  step 5500 lr 1 step-time 0.12s wps 83.12K ppl 1.16 gN 3.02 bleu 59.55, Sun Feb  3 16:24:06 2019
--------------------------------------------------------------------------------------------
# Finished an epoch, step 5508. Perform external evaluation
2019-02-03 16:24:07.817868: I tensorflow/core/kernels/lookup_util.cc:376] Table trying to initialize from file /home/emlab/Desktop/syuuron/nmt/attention_PI_0.5PS_0.3PD_0.2_Noisy_model/Vocab.out is already initialized.
2019-02-03 16:24:07.817868: I tensorflow/core/kernels/lookup_util.cc:376] Table trying to initialize from file /home/emlab/Desktop/syuuron/nmt/attention_PI_0.5PS_0.3PD_0.2_Noisy_model/Vocab.in is already initialized.
2019-02-03 16:24:07.817868: I tensorflow/core/kernels/lookup_util.cc:376] Table trying to initialize from file /home/emlab/Desktop/syuuron/nmt/attention_PI_0.5PS_0.3PD_0.2_Noisy_model/Vocab.out is already initialized.
  loaded infer model parameters from /home/emlab/Desktop/syuuron/nmt/attention_PI_0.5PS_0.3PD_0.2_Noisy_model/translate.ckpt-5000, time 0.05s
  # 335
    src: W EH1 L AY0 NG AO2 OW1 T UW1 K IH1 CH AE AH0 IY2 OW2 AH0 T B N EY1 AH1 R AY AH IH2 IH0 L Y F AO1 D EY1 AO F AO0 UW0 OY0 EY2 AE1 EY1 IH1 AA2 UH1 IH1 IY UW2 AH1 CH AH0 EH1 P AY1 OY0 AH0 AH IY0 AY0 AA OW0 UW1 TH IH M UH AE0 EY B AE1 EH K
    ref: Move ( Kitchen_Table ) Grasp ( filled_ketchup ) Move ( HERE )
    nmt: Move ( Kitchen_Table ) Grasp ( filled_ketchup ) Move ( HERE )
2019-02-03 16:24:07.898851: I tensorflow/core/kernels/lookup_util.cc:376] Table trying to initialize from file /home/emlab/Desktop/syuuron/nmt/attention_PI_0.5PS_0.3PD_0.2_Noisy_model/Vocab.in is already initialized.
2019-02-03 16:24:07.898852: I tensorflow/core/kernels/lookup_util.cc:376] Table trying to initialize from file /home/emlab/Desktop/syuuron/nmt/attention_PI_0.5PS_0.3PD_0.2_Noisy_model/Vocab.out is already initialized.
2019-02-03 16:24:07.898860: I tensorflow/core/kernels/lookup_util.cc:376] Table trying to initialize from file /home/emlab/Desktop/syuuron/nmt/attention_PI_0.5PS_0.3PD_0.2_Noisy_model/Vocab.out is already initialized.
  loaded infer model parameters from /home/emlab/Desktop/syuuron/nmt/attention_PI_0.5PS_0.3PD_0.2_Noisy_model/translate.ckpt-5000, time 0.05s
# External evaluation, global step 5000
  decoding to output /home/emlab/Desktop/syuuron/nmt/attention_PI_0.5PS_0.3PD_0.2_Noisy_model/output_dev
  done, num sentences 2001, num translations per input 1, time 1s, Sun Feb  3 16:24:09 2019.
  bleu dev: 59.6
  saving hparams to /home/emlab/Desktop/syuuron/nmt/attention_PI_0.5PS_0.3PD_0.2_Noisy_model/hparams
# External evaluation, global step 5000
  decoding to output /home/emlab/Desktop/syuuron/nmt/attention_PI_0.5PS_0.3PD_0.2_Noisy_model/output_test
  done, num sentences 100, num translations per input 1, time 0s, Sun Feb  3 16:24:09 2019.
  bleu test: 18.0
  saving hparams to /home/emlab/Desktop/syuuron/nmt/attention_PI_0.5PS_0.3PD_0.2_Noisy_model/hparams
--------------------------------------------------------------------------------------------
# Finished an epoch, step 5589. Perform external evaluation
2019-02-03 16:24:19.814326: I tensorflow/core/kernels/lookup_util.cc:376] Table trying to initialize from file /home/emlab/Desktop/syuuron/nmt/attention_PI_0.5PS_0.3PD_0.2_Noisy_model/Vocab.in is already initialized.
2019-02-03 16:24:19.814326: I tensorflow/core/kernels/lookup_util.cc:376] Table trying to initialize from file /home/emlab/Desktop/syuuron/nmt/attention_PI_0.5PS_0.3PD_0.2_Noisy_model/Vocab.out is already initialized.
2019-02-03 16:24:19.814355: I tensorflow/core/kernels/lookup_util.cc:376] Table trying to initialize from file /home/emlab/Desktop/syuuron/nmt/attention_PI_0.5PS_0.3PD_0.2_Noisy_model/Vocab.out is already initialized.
  loaded infer model parameters from /home/emlab/Desktop/syuuron/nmt/attention_PI_0.5PS_0.3PD_0.2_Noisy_model/translate.ckpt-5000, time 0.05s
  # 895
    src: OY ER1 L ER2 OW1 OW1 IH T M Y D AH1 UH0 IY2 P NG AE0 Y EY CH R UH2 M D R AO IY1 R F S AH1 Z P AH1 OW1 K T M ER0 TH EY Y UH1 EH2 ER0 HH IH1 TH V EY0 P IH1 N UW0 IY D AE AH1 S T L B AO OY0 OW2 AE2 OW1 K AY0 L UW2
    ref: Move (  Dining_Room  ) Find ( camera Dining_Room  ) Grasp ( camera ) Move ( Dustbin ) Place ( camera Dustbin ) 
    nmt: Move ( bed_room ) Grasp ( tumbler ) Move ( Dustbin ) Place ( tumbler Dustbin )
2019-02-03 16:24:19.898195: I tensorflow/core/kernels/lookup_util.cc:376] Table trying to initialize from file /home/emlab/Desktop/syuuron/nmt/attention_PI_0.5PS_0.3PD_0.2_Noisy_model/Vocab.in is already initialized.
2019-02-03 16:24:19.898196: I tensorflow/core/kernels/lookup_util.cc:376] Table trying to initialize from file /home/emlab/Desktop/syuuron/nmt/attention_PI_0.5PS_0.3PD_0.2_Noisy_model/Vocab.out is already initialized.
2019-02-03 16:24:19.898205: I tensorflow/core/kernels/lookup_util.cc:376] Table trying to initialize from file /home/emlab/Desktop/syuuron/nmt/attention_PI_0.5PS_0.3PD_0.2_Noisy_model/Vocab.out is already initialized.
  loaded infer model parameters from /home/emlab/Desktop/syuuron/nmt/attention_PI_0.5PS_0.3PD_0.2_Noisy_model/translate.ckpt-5000, time 0.05s
# External evaluation, global step 5000
  decoding to output /home/emlab/Desktop/syuuron/nmt/attention_PI_0.5PS_0.3PD_0.2_Noisy_model/output_dev
  done, num sentences 2001, num translations per input 1, time 1s, Sun Feb  3 16:24:21 2019.
  bleu dev: 59.6
  saving hparams to /home/emlab/Desktop/syuuron/nmt/attention_PI_0.5PS_0.3PD_0.2_Noisy_model/hparams
# External evaluation, global step 5000
  decoding to output /home/emlab/Desktop/syuuron/nmt/attention_PI_0.5PS_0.3PD_0.2_Noisy_model/output_test
  done, num sentences 100, num translations per input 1, time 0s, Sun Feb  3 16:24:21 2019.
  bleu test: 18.0
  saving hparams to /home/emlab/Desktop/syuuron/nmt/attention_PI_0.5PS_0.3PD_0.2_Noisy_model/hparams
  step 5600 lr 1 step-time 0.13s wps 79.36K ppl 1.17 gN 3.26 bleu 59.55, Sun Feb  3 16:24:23 2019
--------------------------------------------------------------------------------------------
# Finished an epoch, step 5670. Perform external evaluation
2019-02-03 16:24:31.787376: I tensorflow/core/kernels/lookup_util.cc:376] Table trying to initialize from file /home/emlab/Desktop/syuuron/nmt/attention_PI_0.5PS_0.3PD_0.2_Noisy_model/Vocab.in is already initialized.
2019-02-03 16:24:31.787376: I tensorflow/core/kernels/lookup_util.cc:376] Table trying to initialize from file /home/emlab/Desktop/syuuron/nmt/attention_PI_0.5PS_0.3PD_0.2_Noisy_model/Vocab.out is already initialized.
2019-02-03 16:24:31.787376: I tensorflow/core/kernels/lookup_util.cc:376] Table trying to initialize from file /home/emlab/Desktop/syuuron/nmt/attention_PI_0.5PS_0.3PD_0.2_Noisy_model/Vocab.out is already initialized.
  loaded infer model parameters from /home/emlab/Desktop/syuuron/nmt/attention_PI_0.5PS_0.3PD_0.2_Noisy_model/translate.ckpt-5000, time 0.05s
  # 1981
    src: G T ER2 OY L IH1 TH V AE IH0 R NG F F AA1 W IY0 D AE1 AH0 Y D UW IY0 OY P ER1 OW0 AH0 AA OY2 AY1 SH EH0 OW0 F AY1 N Z UW0 AH0 UW0 EY2 IY IY0 AA0 F OW0 Z AH1 AY1 UH IH0 P ER0 UH2 AH0 N
    ref: Move ( Living_Sofa ) Find ( person Living_Sofa  ) Follow ( person )
    nmt: Move ( Living_Sofa ) Find ( person Living_Sofa ) Follow ( person )
2019-02-03 16:24:31.863389: I tensorflow/core/kernels/lookup_util.cc:376] Table trying to initialize from file /home/emlab/Desktop/syuuron/nmt/attention_PI_0.5PS_0.3PD_0.2_Noisy_model/Vocab.in is already initialized.
2019-02-03 16:24:31.863389: I tensorflow/core/kernels/lookup_util.cc:376] Table trying to initialize from file /home/emlab/Desktop/syuuron/nmt/attention_PI_0.5PS_0.3PD_0.2_Noisy_model/Vocab.out is already initialized.
2019-02-03 16:24:31.863389: I tensorflow/core/kernels/lookup_util.cc:376] Table trying to initialize from file /home/emlab/Desktop/syuuron/nmt/attention_PI_0.5PS_0.3PD_0.2_Noisy_model/Vocab.out is already initialized.
  loaded infer model parameters from /home/emlab/Desktop/syuuron/nmt/attention_PI_0.5PS_0.3PD_0.2_Noisy_model/translate.ckpt-5000, time 0.05s
# External evaluation, global step 5000
  decoding to output /home/emlab/Desktop/syuuron/nmt/attention_PI_0.5PS_0.3PD_0.2_Noisy_model/output_dev
  done, num sentences 2001, num translations per input 1, time 1s, Sun Feb  3 16:24:33 2019.
  bleu dev: 59.6
  saving hparams to /home/emlab/Desktop/syuuron/nmt/attention_PI_0.5PS_0.3PD_0.2_Noisy_model/hparams
# External evaluation, global step 5000
  decoding to output /home/emlab/Desktop/syuuron/nmt/attention_PI_0.5PS_0.3PD_0.2_Noisy_model/output_test
  done, num sentences 100, num translations per input 1, time 0s, Sun Feb  3 16:24:33 2019.
  bleu test: 18.0
  saving hparams to /home/emlab/Desktop/syuuron/nmt/attention_PI_0.5PS_0.3PD_0.2_Noisy_model/hparams
  step 5700 lr 1 step-time 0.12s wps 83.24K ppl 1.14 gN 3.12 bleu 59.55, Sun Feb  3 16:24:37 2019
--------------------------------------------------------------------------------------------
# Finished an epoch, step 5751. Perform external evaluation
2019-02-03 16:24:43.770031: I tensorflow/core/kernels/lookup_util.cc:376] Table trying to initialize from file /home/emlab/Desktop/syuuron/nmt/attention_PI_0.5PS_0.3PD_0.2_Noisy_model/Vocab.out is already initialized.
2019-02-03 16:24:43.770055: I tensorflow/core/kernels/lookup_util.cc:376] Table trying to initialize from file /home/emlab/Desktop/syuuron/nmt/attention_PI_0.5PS_0.3PD_0.2_Noisy_model/Vocab.in is already initialized.
2019-02-03 16:24:43.770031: I tensorflow/core/kernels/lookup_util.cc:376] Table trying to initialize from file /home/emlab/Desktop/syuuron/nmt/attention_PI_0.5PS_0.3PD_0.2_Noisy_model/Vocab.out is already initialized.
  loaded infer model parameters from /home/emlab/Desktop/syuuron/nmt/attention_PI_0.5PS_0.3PD_0.2_Noisy_model/translate.ckpt-5000, time 0.05s
  # 1612
    src: CH IH2 N L AW2 V T IY0 L EY2 V NG OW1 F HH AH1 AH0 G D OW2 EH1 EH V IH1 AA1 EH1 T L S K ER0 UH1 UH EH1 IY0 EH AH0 EH D IH HH AH1 UW AO0 OW2 K M B AE1 K
    ref: Move ( Living_Sofa ) Grasp ( cigarette ) Move ( Living_Sofa ) Grasp ( cigarette ) Move ( HERE )
    nmt: Move ( Living_Sofa ) Grasp ( cigarette ) Move ( HERE )
2019-02-03 16:24:43.842369: I tensorflow/core/kernels/lookup_util.cc:376] Table trying to initialize from file /home/emlab/Desktop/syuuron/nmt/attention_PI_0.5PS_0.3PD_0.2_Noisy_model/Vocab.in is already initialized.
2019-02-03 16:24:43.842394: I tensorflow/core/kernels/lookup_util.cc:376] Table trying to initialize from file /home/emlab/Desktop/syuuron/nmt/attention_PI_0.5PS_0.3PD_0.2_Noisy_model/Vocab.out is already initialized.
2019-02-03 16:24:43.842395: I tensorflow/core/kernels/lookup_util.cc:376] Table trying to initialize from file /home/emlab/Desktop/syuuron/nmt/attention_PI_0.5PS_0.3PD_0.2_Noisy_model/Vocab.out is already initialized.
  loaded infer model parameters from /home/emlab/Desktop/syuuron/nmt/attention_PI_0.5PS_0.3PD_0.2_Noisy_model/translate.ckpt-5000, time 0.05s
# External evaluation, global step 5000
  decoding to output /home/emlab/Desktop/syuuron/nmt/attention_PI_0.5PS_0.3PD_0.2_Noisy_model/output_dev
  done, num sentences 2001, num translations per input 1, time 1s, Sun Feb  3 16:24:45 2019.
  bleu dev: 59.6
  saving hparams to /home/emlab/Desktop/syuuron/nmt/attention_PI_0.5PS_0.3PD_0.2_Noisy_model/hparams
# External evaluation, global step 5000
  decoding to output /home/emlab/Desktop/syuuron/nmt/attention_PI_0.5PS_0.3PD_0.2_Noisy_model/output_test
  done, num sentences 100, num translations per input 1, time 0s, Sun Feb  3 16:24:45 2019.
  bleu test: 18.0
  saving hparams to /home/emlab/Desktop/syuuron/nmt/attention_PI_0.5PS_0.3PD_0.2_Noisy_model/hparams
  step 5800 lr 1 step-time 0.12s wps 83.10K ppl 1.14 gN 2.86 bleu 59.55, Sun Feb  3 16:24:51 2019
--------------------------------------------------------------------------------------------
# Finished an epoch, step 5832. Perform external evaluation
2019-02-03 16:24:55.713281: I tensorflow/core/kernels/lookup_util.cc:376] Table trying to initialize from file /home/emlab/Desktop/syuuron/nmt/attention_PI_0.5PS_0.3PD_0.2_Noisy_model/Vocab.out is already initialized.
2019-02-03 16:24:55.713281: I tensorflow/core/kernels/lookup_util.cc:376] Table trying to initialize from file /home/emlab/Desktop/syuuron/nmt/attention_PI_0.5PS_0.3PD_0.2_Noisy_model/Vocab.in is already initialized.
2019-02-03 16:24:55.713281: I tensorflow/core/kernels/lookup_util.cc:376] Table trying to initialize from file /home/emlab/Desktop/syuuron/nmt/attention_PI_0.5PS_0.3PD_0.2_Noisy_model/Vocab.out is already initialized.
  loaded infer model parameters from /home/emlab/Desktop/syuuron/nmt/attention_PI_0.5PS_0.3PD_0.2_Noisy_model/translate.ckpt-5000, time 0.05s
  # 1405
    src: T AH1 K UW1 ZH K AW IH1 OY OY AH0 N ER1 T N UH0 EY1 B AA AH0 L T EY1 K K ER2 R UH1 EH1 AE1 N M EH0 IY0 AY0 AY2 P L V IH0 AE1 EY ER1 S T IH0 AO2 AA1 T ER0 EY2 AH0 P W UH1 EY1 AA IH1 T AA1 IH SH OY0 V N OW1 AA2 EH1 OW2 AE1 EH1 AO0 B AH2 AO EY1
    ref: Move ( Kitchen_Table )  Grasp ( empty_plastic_bottle ) Move ( Sofa ) Place ( empty_plastic_bottle Kitchen_Table )
    nmt: Move ( Kitchen_Table ) Grasp ( toy_car ) Move ( Sofa ) Place ( toy_car Kitchen_Table )
2019-02-03 16:24:55.793937: I tensorflow/core/kernels/lookup_util.cc:376] Table trying to initialize from file /home/emlab/Desktop/syuuron/nmt/attention_PI_0.5PS_0.3PD_0.2_Noisy_model/Vocab.out is already initialized.
2019-02-03 16:24:55.793937: I tensorflow/core/kernels/lookup_util.cc:376] Table trying to initialize from file /home/emlab/Desktop/syuuron/nmt/attention_PI_0.5PS_0.3PD_0.2_Noisy_model/Vocab.out is already initialized.
2019-02-03 16:24:55.793944: I tensorflow/core/kernels/lookup_util.cc:376] Table trying to initialize from file /home/emlab/Desktop/syuuron/nmt/attention_PI_0.5PS_0.3PD_0.2_Noisy_model/Vocab.in is already initialized.
  loaded infer model parameters from /home/emlab/Desktop/syuuron/nmt/attention_PI_0.5PS_0.3PD_0.2_Noisy_model/translate.ckpt-5000, time 0.05s
# External evaluation, global step 5000
  decoding to output /home/emlab/Desktop/syuuron/nmt/attention_PI_0.5PS_0.3PD_0.2_Noisy_model/output_dev
  done, num sentences 2001, num translations per input 1, time 1s, Sun Feb  3 16:24:57 2019.
  bleu dev: 59.6
  saving hparams to /home/emlab/Desktop/syuuron/nmt/attention_PI_0.5PS_0.3PD_0.2_Noisy_model/hparams
# External evaluation, global step 5000
  decoding to output /home/emlab/Desktop/syuuron/nmt/attention_PI_0.5PS_0.3PD_0.2_Noisy_model/output_test
  done, num sentences 100, num translations per input 1, time 0s, Sun Feb  3 16:24:57 2019.
  bleu test: 18.0
  saving hparams to /home/emlab/Desktop/syuuron/nmt/attention_PI_0.5PS_0.3PD_0.2_Noisy_model/hparams
  step 5900 lr 1 step-time 0.13s wps 82.79K ppl 1.14 gN 2.70 bleu 59.55, Sun Feb  3 16:25:06 2019
--------------------------------------------------------------------------------------------
# Finished an epoch, step 5913. Perform external evaluation
2019-02-03 16:25:07.752781: I tensorflow/core/kernels/lookup_util.cc:376] Table trying to initialize from file /home/emlab/Desktop/syuuron/nmt/attention_PI_0.5PS_0.3PD_0.2_Noisy_model/Vocab.out is already initialized.
2019-02-03 16:25:07.752781: I tensorflow/core/kernels/lookup_util.cc:376] Table trying to initialize from file /home/emlab/Desktop/syuuron/nmt/attention_PI_0.5PS_0.3PD_0.2_Noisy_model/Vocab.out is already initialized.
2019-02-03 16:25:07.752781: I tensorflow/core/kernels/lookup_util.cc:376] Table trying to initialize from file /home/emlab/Desktop/syuuron/nmt/attention_PI_0.5PS_0.3PD_0.2_Noisy_model/Vocab.in is already initialized.
  loaded infer model parameters from /home/emlab/Desktop/syuuron/nmt/attention_PI_0.5PS_0.3PD_0.2_Noisy_model/translate.ckpt-5000, time 0.05s
  # 1411
    src: N UW1 Z AA1 EH2 AO2 B EY2 IY0 IY1 EY1 IH AO NG UW1 V ER OW2 AA2 T UW1 T AO1 EY1 D IH AH2 AY0 AY1 AE0 AY1 B N IH0 NG OW0 T EH0 EY2 EY1 AH0 ER AW L UH0 L AO R K N TH L AE2 DH AY AA1 OW Y IH2 UW IY2 F AH0 N T
    ref: Move ( lobby ) Move ( Dining_Table ) Move ( apartment )
    nmt: Move ( lobby ) Move ( Dining_Table ) Move ( apartment )
2019-02-03 16:25:07.827766: I tensorflow/core/kernels/lookup_util.cc:376] Table trying to initialize from file /home/emlab/Desktop/syuuron/nmt/attention_PI_0.5PS_0.3PD_0.2_Noisy_model/Vocab.out is already initialized.
2019-02-03 16:25:07.827766: I tensorflow/core/kernels/lookup_util.cc:376] Table trying to initialize from file /home/emlab/Desktop/syuuron/nmt/attention_PI_0.5PS_0.3PD_0.2_Noisy_model/Vocab.out is already initialized.
2019-02-03 16:25:07.827785: I tensorflow/core/kernels/lookup_util.cc:376] Table trying to initialize from file /home/emlab/Desktop/syuuron/nmt/attention_PI_0.5PS_0.3PD_0.2_Noisy_model/Vocab.in is already initialized.
  loaded infer model parameters from /home/emlab/Desktop/syuuron/nmt/attention_PI_0.5PS_0.3PD_0.2_Noisy_model/translate.ckpt-5000, time 0.05s
# External evaluation, global step 5000
  decoding to output /home/emlab/Desktop/syuuron/nmt/attention_PI_0.5PS_0.3PD_0.2_Noisy_model/output_dev
  done, num sentences 2001, num translations per input 1, time 1s, Sun Feb  3 16:25:09 2019.
  bleu dev: 59.6
  saving hparams to /home/emlab/Desktop/syuuron/nmt/attention_PI_0.5PS_0.3PD_0.2_Noisy_model/hparams
# External evaluation, global step 5000
  decoding to output /home/emlab/Desktop/syuuron/nmt/attention_PI_0.5PS_0.3PD_0.2_Noisy_model/output_test
  done, num sentences 100, num translations per input 1, time 0s, Sun Feb  3 16:25:09 2019.
  bleu test: 18.0
  saving hparams to /home/emlab/Desktop/syuuron/nmt/attention_PI_0.5PS_0.3PD_0.2_Noisy_model/hparams
--------------------------------------------------------------------------------------------
# Finished an epoch, step 5994. Perform external evaluation
2019-02-03 16:25:19.761975: I tensorflow/core/kernels/lookup_util.cc:376] Table trying to initialize from file /home/emlab/Desktop/syuuron/nmt/attention_PI_0.5PS_0.3PD_0.2_Noisy_model/Vocab.out is already initialized.
2019-02-03 16:25:19.761975: I tensorflow/core/kernels/lookup_util.cc:376] Table trying to initialize from file /home/emlab/Desktop/syuuron/nmt/attention_PI_0.5PS_0.3PD_0.2_Noisy_model/Vocab.in is already initialized.
2019-02-03 16:25:19.761975: I tensorflow/core/kernels/lookup_util.cc:376] Table trying to initialize from file /home/emlab/Desktop/syuuron/nmt/attention_PI_0.5PS_0.3PD_0.2_Noisy_model/Vocab.out is already initialized.
  loaded infer model parameters from /home/emlab/Desktop/syuuron/nmt/attention_PI_0.5PS_0.3PD_0.2_Noisy_model/translate.ckpt-5000, time 0.05s
  # 1794
    src: M AH1 AY0 UW1 M IH0 AA T UW1 UW0 TH D AY EH DH OW AE1 EH1 AY2 B UW2 NG OW0 OW0 ZH AA1 SH L N K S T D AW OW1 ER0 AA2 T B AY1 UW0 OY K AE AW2 AO2 EY1 L IH1 AE2 TH AA1 T EH1 K L N R ER0 Z G AO0 UH0 B T
    ref: Move ( Side_Table ) Find ( Cloth_Cleaner Side_Table ) Grasp ( Cloth_Cleaner )
    nmt: Move ( Dining_Table ) Find ( bell_pepper Dining_Table ) Grasp ( bell_pepper )
2019-02-03 16:25:19.837884: I tensorflow/core/kernels/lookup_util.cc:376] Table trying to initialize from file /home/emlab/Desktop/syuuron/nmt/attention_PI_0.5PS_0.3PD_0.2_Noisy_model/Vocab.out is already initialized.
2019-02-03 16:25:19.837884: I tensorflow/core/kernels/lookup_util.cc:376] Table trying to initialize from file /home/emlab/Desktop/syuuron/nmt/attention_PI_0.5PS_0.3PD_0.2_Noisy_model/Vocab.in is already initialized.
2019-02-03 16:25:19.837884: I tensorflow/core/kernels/lookup_util.cc:376] Table trying to initialize from file /home/emlab/Desktop/syuuron/nmt/attention_PI_0.5PS_0.3PD_0.2_Noisy_model/Vocab.out is already initialized.
  loaded infer model parameters from /home/emlab/Desktop/syuuron/nmt/attention_PI_0.5PS_0.3PD_0.2_Noisy_model/translate.ckpt-5000, time 0.05s
# External evaluation, global step 5000
  decoding to output /home/emlab/Desktop/syuuron/nmt/attention_PI_0.5PS_0.3PD_0.2_Noisy_model/output_dev
  done, num sentences 2001, num translations per input 1, time 1s, Sun Feb  3 16:25:21 2019.
  bleu dev: 59.6
  saving hparams to /home/emlab/Desktop/syuuron/nmt/attention_PI_0.5PS_0.3PD_0.2_Noisy_model/hparams
# External evaluation, global step 5000
  decoding to output /home/emlab/Desktop/syuuron/nmt/attention_PI_0.5PS_0.3PD_0.2_Noisy_model/output_test
  done, num sentences 100, num translations per input 1, time 0s, Sun Feb  3 16:25:21 2019.
  bleu test: 18.0
  saving hparams to /home/emlab/Desktop/syuuron/nmt/attention_PI_0.5PS_0.3PD_0.2_Noisy_model/hparams
  step 6000 lr 1 step-time 0.13s wps 79.15K ppl 1.13 gN 2.67 bleu 59.55, Sun Feb  3 16:25:22 2019
# Save eval, global step 6000
2019-02-03 16:25:22.895334: I tensorflow/core/kernels/lookup_util.cc:376] Table trying to initialize from file /home/emlab/Desktop/syuuron/nmt/attention_PI_0.5PS_0.3PD_0.2_Noisy_model/Vocab.out is already initialized.
2019-02-03 16:25:22.895342: I tensorflow/core/kernels/lookup_util.cc:376] Table trying to initialize from file /home/emlab/Desktop/syuuron/nmt/attention_PI_0.5PS_0.3PD_0.2_Noisy_model/Vocab.in is already initialized.
2019-02-03 16:25:22.895454: I tensorflow/core/kernels/lookup_util.cc:376] Table trying to initialize from file /home/emlab/Desktop/syuuron/nmt/attention_PI_0.5PS_0.3PD_0.2_Noisy_model/Vocab.out is already initialized.
  loaded infer model parameters from /home/emlab/Desktop/syuuron/nmt/attention_PI_0.5PS_0.3PD_0.2_Noisy_model/translate.ckpt-6000, time 0.05s
  # 481
    src: AW2 UH0 G TH OW1 ZH AO2 UW1 R JH IH0 S AE0 EH1 P SH AO1 AO2 N AY1 UW S G T SH V S AW2 SH B AH0 UH0 L DH AW S EH1 OY1 N EH1 D Y IH0 AW0 TH TH T EH2 AH2 TH SH B UW2 S SH OY2 T UW2 OY1 AA0 S OW2 AO2 AO2 IY2 EY1 DH AE2 SH AO1 T
    ref: Move ( Reception_Table ) Find ( soysauce Reception_Table ) Grasp ( soysauce )  Move ( soysauce )
    nmt: Move ( Reception_Table ) Find ( soysauce Reception_Table ) Grasp ( soysauce ) Move ( soysauce )
2019-02-03 16:25:22.974125: I tensorflow/core/kernels/lookup_util.cc:376] Table trying to initialize from file /home/emlab/Desktop/syuuron/nmt/attention_PI_0.5PS_0.3PD_0.2_Noisy_model/Vocab.out is already initialized.
2019-02-03 16:25:22.974150: I tensorflow/core/kernels/lookup_util.cc:376] Table trying to initialize from file /home/emlab/Desktop/syuuron/nmt/attention_PI_0.5PS_0.3PD_0.2_Noisy_model/Vocab.in is already initialized.
2019-02-03 16:25:22.974158: I tensorflow/core/kernels/lookup_util.cc:376] Table trying to initialize from file /home/emlab/Desktop/syuuron/nmt/attention_PI_0.5PS_0.3PD_0.2_Noisy_model/Vocab.out is already initialized.
  loaded eval model parameters from /home/emlab/Desktop/syuuron/nmt/attention_PI_0.5PS_0.3PD_0.2_Noisy_model/translate.ckpt-6000, time 0.05s
  eval dev: perplexity 1.53, time 1s, Sun Feb  3 16:25:24 2019.
  eval test: perplexity 5.20, time 0s, Sun Feb  3 16:25:24 2019.
--------------------------------------------------------------------------------------------
# Finished an epoch, step 6075. Perform external evaluation
2019-02-03 16:25:33.209368: I tensorflow/core/kernels/lookup_util.cc:376] Table trying to initialize from file /home/emlab/Desktop/syuuron/nmt/attention_PI_0.5PS_0.3PD_0.2_Noisy_model/Vocab.out is already initialized.
2019-02-03 16:25:33.209368: I tensorflow/core/kernels/lookup_util.cc:376] Table trying to initialize from file /home/emlab/Desktop/syuuron/nmt/attention_PI_0.5PS_0.3PD_0.2_Noisy_model/Vocab.out is already initialized.
2019-02-03 16:25:33.209368: I tensorflow/core/kernels/lookup_util.cc:376] Table trying to initialize from file /home/emlab/Desktop/syuuron/nmt/attention_PI_0.5PS_0.3PD_0.2_Noisy_model/Vocab.in is already initialized.
  loaded infer model parameters from /home/emlab/Desktop/syuuron/nmt/attention_PI_0.5PS_0.3PD_0.2_Noisy_model/translate.ckpt-6000, time 0.05s
  # 1658
    src: G OW1 AE1 TH ER1 UH K IY0 UH1 EH1 R ZH V AH0 EH D AW1 G P AO0 ER0 IY2 AA2 N Y UH IY G UW2 V AO2 T EH IH1 SH EH1 V AE0 T EY K EY1 AW1 P AA0 EH0 AH0 K OW0 EH1 N L IY ER0 ER2 IY1 IY IH1 V AA1 L AE0 UW1 AH0 OY1 CH IH1 K SH AH0 AO AH1 N AE0 UW IH0 V T
    ref: Move ( Corridor ) Move ( Living_Table ) Move ( apartment )
    nmt: Move ( Corridor ) Move ( Living_Table ) Move ( apartment )
2019-02-03 16:25:33.290466: I tensorflow/core/kernels/lookup_util.cc:376] Table trying to initialize from file /home/emlab/Desktop/syuuron/nmt/attention_PI_0.5PS_0.3PD_0.2_Noisy_model/Vocab.out is already initialized.
2019-02-03 16:25:33.290466: I tensorflow/core/kernels/lookup_util.cc:376] Table trying to initialize from file /home/emlab/Desktop/syuuron/nmt/attention_PI_0.5PS_0.3PD_0.2_Noisy_model/Vocab.in is already initialized.
2019-02-03 16:25:33.290476: I tensorflow/core/kernels/lookup_util.cc:376] Table trying to initialize from file /home/emlab/Desktop/syuuron/nmt/attention_PI_0.5PS_0.3PD_0.2_Noisy_model/Vocab.out is already initialized.
  loaded infer model parameters from /home/emlab/Desktop/syuuron/nmt/attention_PI_0.5PS_0.3PD_0.2_Noisy_model/translate.ckpt-6000, time 0.05s
# External evaluation, global step 6000
  decoding to output /home/emlab/Desktop/syuuron/nmt/attention_PI_0.5PS_0.3PD_0.2_Noisy_model/output_dev
  done, num sentences 2001, num translations per input 1, time 1s, Sun Feb  3 16:25:35 2019.
  bleu dev: 60.1
  saving hparams to /home/emlab/Desktop/syuuron/nmt/attention_PI_0.5PS_0.3PD_0.2_Noisy_model/hparams
# External evaluation, global step 6000
  decoding to output /home/emlab/Desktop/syuuron/nmt/attention_PI_0.5PS_0.3PD_0.2_Noisy_model/output_test
  done, num sentences 100, num translations per input 1, time 0s, Sun Feb  3 16:25:35 2019.
  bleu test: 21.0
  saving hparams to /home/emlab/Desktop/syuuron/nmt/attention_PI_0.5PS_0.3PD_0.2_Noisy_model/hparams
  step 6100 lr 1 step-time 0.12s wps 83.34K ppl 1.12 gN 2.64 bleu 60.14, Sun Feb  3 16:25:39 2019
--------------------------------------------------------------------------------------------
# Finished an epoch, step 6156. Perform external evaluation
2019-02-03 16:25:45.813940: I tensorflow/core/kernels/lookup_util.cc:376] Table trying to initialize from file /home/emlab/Desktop/syuuron/nmt/attention_PI_0.5PS_0.3PD_0.2_Noisy_model/Vocab.in is already initialized.
2019-02-03 16:25:45.813940: I tensorflow/core/kernels/lookup_util.cc:376] Table trying to initialize from file /home/emlab/Desktop/syuuron/nmt/attention_PI_0.5PS_0.3PD_0.2_Noisy_model/Vocab.out is already initialized.
2019-02-03 16:25:45.813940: I tensorflow/core/kernels/lookup_util.cc:376] Table trying to initialize from file /home/emlab/Desktop/syuuron/nmt/attention_PI_0.5PS_0.3PD_0.2_Noisy_model/Vocab.out is already initialized.
  loaded infer model parameters from /home/emlab/Desktop/syuuron/nmt/attention_PI_0.5PS_0.3PD_0.2_Noisy_model/translate.ckpt-6000, time 0.05s
  # 1789
    src: G OW1 T AE1 AA2 AY2 OW1 AW2 B EY2 B EY2 P ER1 W T R AE1 B OY2 EY2 T IY1 D AA1 AO0 V NG L G IH0 F R DH EH0 AH1 ER1 SH AE0 AY2 AH0 IH0 IH V P UW1 EH0 M IH AH1 K Y EY1
    ref: Move (  Bar  ) Find ( rabbit_doll Bar  ) Grasp ( rabbit_doll ) Move ( Living_Room )
    nmt: Move ( bed_room ) Find ( rabbit_doll bed_room ) Grasp ( rabbit_doll ) Move ( Living_Room )
2019-02-03 16:25:45.891645: I tensorflow/core/kernels/lookup_util.cc:376] Table trying to initialize from file /home/emlab/Desktop/syuuron/nmt/attention_PI_0.5PS_0.3PD_0.2_Noisy_model/Vocab.out is already initialized.
2019-02-03 16:25:45.891653: I tensorflow/core/kernels/lookup_util.cc:376] Table trying to initialize from file /home/emlab/Desktop/syuuron/nmt/attention_PI_0.5PS_0.3PD_0.2_Noisy_model/Vocab.out is already initialized.
2019-02-03 16:25:45.891656: I tensorflow/core/kernels/lookup_util.cc:376] Table trying to initialize from file /home/emlab/Desktop/syuuron/nmt/attention_PI_0.5PS_0.3PD_0.2_Noisy_model/Vocab.in is already initialized.
  loaded infer model parameters from /home/emlab/Desktop/syuuron/nmt/attention_PI_0.5PS_0.3PD_0.2_Noisy_model/translate.ckpt-6000, time 0.05s
# External evaluation, global step 6000
  decoding to output /home/emlab/Desktop/syuuron/nmt/attention_PI_0.5PS_0.3PD_0.2_Noisy_model/output_dev
  done, num sentences 2001, num translations per input 1, time 1s, Sun Feb  3 16:25:47 2019.
  bleu dev: 60.1
  saving hparams to /home/emlab/Desktop/syuuron/nmt/attention_PI_0.5PS_0.3PD_0.2_Noisy_model/hparams
# External evaluation, global step 6000
  decoding to output /home/emlab/Desktop/syuuron/nmt/attention_PI_0.5PS_0.3PD_0.2_Noisy_model/output_test
  done, num sentences 100, num translations per input 1, time 0s, Sun Feb  3 16:25:48 2019.
  bleu test: 21.0
  saving hparams to /home/emlab/Desktop/syuuron/nmt/attention_PI_0.5PS_0.3PD_0.2_Noisy_model/hparams
  step 6200 lr 1 step-time 0.12s wps 82.88K ppl 1.13 gN 2.80 bleu 60.14, Sun Feb  3 16:25:53 2019
--------------------------------------------------------------------------------------------
# Finished an epoch, step 6237. Perform external evaluation
2019-02-03 16:25:58.362265: I tensorflow/core/kernels/lookup_util.cc:376] Table trying to initialize from file /home/emlab/Desktop/syuuron/nmt/attention_PI_0.5PS_0.3PD_0.2_Noisy_model/Vocab.out is already initialized.
2019-02-03 16:25:58.362265: I tensorflow/core/kernels/lookup_util.cc:376] Table trying to initialize from file /home/emlab/Desktop/syuuron/nmt/attention_PI_0.5PS_0.3PD_0.2_Noisy_model/Vocab.in is already initialized.
2019-02-03 16:25:58.362265: I tensorflow/core/kernels/lookup_util.cc:376] Table trying to initialize from file /home/emlab/Desktop/syuuron/nmt/attention_PI_0.5PS_0.3PD_0.2_Noisy_model/Vocab.out is already initialized.
  loaded infer model parameters from /home/emlab/Desktop/syuuron/nmt/attention_PI_0.5PS_0.3PD_0.2_Noisy_model/translate.ckpt-6000, time 0.05s
  # 1547
    src: SH IH1 L ER1 UH K Y UW1 AH2 M ZH UW1 V UW2 AY1 UW1 AO1 AO2 IY1 ER F AA OW2 AY1 UW1 K EH1 S AA0 OW OW0 G B IH0 K OY2 OW2 Z Y UW2 IH1 AW0 AO0 DH AA2 N K AH1 B AE1
    ref: Move ( Bar ) Grasp ( rubik's_cube ) Move ( HERE )
    nmt: Move ( Sofa ) Grasp ( sauce ) Move ( HERE )
2019-02-03 16:25:58.437376: I tensorflow/core/kernels/lookup_util.cc:376] Table trying to initialize from file /home/emlab/Desktop/syuuron/nmt/attention_PI_0.5PS_0.3PD_0.2_Noisy_model/Vocab.in is already initialized.
2019-02-03 16:25:58.437376: I tensorflow/core/kernels/lookup_util.cc:376] Table trying to initialize from file /home/emlab/Desktop/syuuron/nmt/attention_PI_0.5PS_0.3PD_0.2_Noisy_model/Vocab.out is already initialized.
2019-02-03 16:25:58.437376: I tensorflow/core/kernels/lookup_util.cc:376] Table trying to initialize from file /home/emlab/Desktop/syuuron/nmt/attention_PI_0.5PS_0.3PD_0.2_Noisy_model/Vocab.out is already initialized.
  loaded infer model parameters from /home/emlab/Desktop/syuuron/nmt/attention_PI_0.5PS_0.3PD_0.2_Noisy_model/translate.ckpt-6000, time 0.05s
# External evaluation, global step 6000
  decoding to output /home/emlab/Desktop/syuuron/nmt/attention_PI_0.5PS_0.3PD_0.2_Noisy_model/output_dev
  done, num sentences 2001, num translations per input 1, time 1s, Sun Feb  3 16:26:00 2019.
  bleu dev: 60.1
  saving hparams to /home/emlab/Desktop/syuuron/nmt/attention_PI_0.5PS_0.3PD_0.2_Noisy_model/hparams
# External evaluation, global step 6000
  decoding to output /home/emlab/Desktop/syuuron/nmt/attention_PI_0.5PS_0.3PD_0.2_Noisy_model/output_test
  done, num sentences 100, num translations per input 1, time 0s, Sun Feb  3 16:26:00 2019.
  bleu test: 21.0
  saving hparams to /home/emlab/Desktop/syuuron/nmt/attention_PI_0.5PS_0.3PD_0.2_Noisy_model/hparams
  step 6300 lr 1 step-time 0.12s wps 83.22K ppl 1.13 gN 2.87 bleu 60.14, Sun Feb  3 16:26:08 2019
--------------------------------------------------------------------------------------------
# Finished an epoch, step 6318. Perform external evaluation
2019-02-03 16:26:10.928322: I tensorflow/core/kernels/lookup_util.cc:376] Table trying to initialize from file /home/emlab/Desktop/syuuron/nmt/attention_PI_0.5PS_0.3PD_0.2_Noisy_model/Vocab.out is already initialized.
2019-02-03 16:26:10.928322: I tensorflow/core/kernels/lookup_util.cc:376] Table trying to initialize from file /home/emlab/Desktop/syuuron/nmt/attention_PI_0.5PS_0.3PD_0.2_Noisy_model/Vocab.out is already initialized.
2019-02-03 16:26:10.928322: I tensorflow/core/kernels/lookup_util.cc:376] Table trying to initialize from file /home/emlab/Desktop/syuuron/nmt/attention_PI_0.5PS_0.3PD_0.2_Noisy_model/Vocab.in is already initialized.
  loaded infer model parameters from /home/emlab/Desktop/syuuron/nmt/attention_PI_0.5PS_0.3PD_0.2_Noisy_model/translate.ckpt-6000, time 0.05s
  # 243
    src: EH2 AO K UH1 IH UW Y UH1 AO0 B R AE V N AE1 OW D TH SH IY1 ZH L ZH AE AW2 K EY1 T ER1 AE2 L AO2 AW2 AE F R AE1 AY1 K IH0 EY0 NG AH0 S OW1 AO0 IH1 AO1 AH0 OY0 AA0 T L OY2 V T IH1 AY OY1 AH0 EY1 IH1 B UH UW1 D AY1 AH1 N N NG T IY2 B AH0 AY L
    ref: Move ( Dining_Sofa ) Place ( Bath_Cleaner Dining_Sofa ) Move ( Living_Table ) Move ( Living_Table ) 
    nmt: Move ( Dining_Sofa ) Find ( Dish_Cleaner Dining_Sofa ) Grasp ( filled_plastic_bottle ) Move ( Dining_Table )
2019-02-03 16:26:11.012938: I tensorflow/core/kernels/lookup_util.cc:376] Table trying to initialize from file /home/emlab/Desktop/syuuron/nmt/attention_PI_0.5PS_0.3PD_0.2_Noisy_model/Vocab.out is already initialized.
2019-02-03 16:26:11.012939: I tensorflow/core/kernels/lookup_util.cc:376] Table trying to initialize from file /home/emlab/Desktop/syuuron/nmt/attention_PI_0.5PS_0.3PD_0.2_Noisy_model/Vocab.in is already initialized.
2019-02-03 16:26:11.012962: I tensorflow/core/kernels/lookup_util.cc:376] Table trying to initialize from file /home/emlab/Desktop/syuuron/nmt/attention_PI_0.5PS_0.3PD_0.2_Noisy_model/Vocab.out is already initialized.
  loaded infer model parameters from /home/emlab/Desktop/syuuron/nmt/attention_PI_0.5PS_0.3PD_0.2_Noisy_model/translate.ckpt-6000, time 0.05s
# External evaluation, global step 6000
  decoding to output /home/emlab/Desktop/syuuron/nmt/attention_PI_0.5PS_0.3PD_0.2_Noisy_model/output_dev
  done, num sentences 2001, num translations per input 1, time 1s, Sun Feb  3 16:26:12 2019.
  bleu dev: 60.1
  saving hparams to /home/emlab/Desktop/syuuron/nmt/attention_PI_0.5PS_0.3PD_0.2_Noisy_model/hparams
# External evaluation, global step 6000
  decoding to output /home/emlab/Desktop/syuuron/nmt/attention_PI_0.5PS_0.3PD_0.2_Noisy_model/output_test
  done, num sentences 100, num translations per input 1, time 0s, Sun Feb  3 16:26:13 2019.
  bleu test: 21.0
  saving hparams to /home/emlab/Desktop/syuuron/nmt/attention_PI_0.5PS_0.3PD_0.2_Noisy_model/hparams
--------------------------------------------------------------------------------------------
# Finished an epoch, step 6399. Perform external evaluation
2019-02-03 16:26:23.465738: I tensorflow/core/kernels/lookup_util.cc:376] Table trying to initialize from file /home/emlab/Desktop/syuuron/nmt/attention_PI_0.5PS_0.3PD_0.2_Noisy_model/Vocab.out is already initialized.
2019-02-03 16:26:23.465738: I tensorflow/core/kernels/lookup_util.cc:376] Table trying to initialize from file /home/emlab/Desktop/syuuron/nmt/attention_PI_0.5PS_0.3PD_0.2_Noisy_model/Vocab.out is already initialized.
2019-02-03 16:26:23.465799: I tensorflow/core/kernels/lookup_util.cc:376] Table trying to initialize from file /home/emlab/Desktop/syuuron/nmt/attention_PI_0.5PS_0.3PD_0.2_Noisy_model/Vocab.in is already initialized.
  loaded infer model parameters from /home/emlab/Desktop/syuuron/nmt/attention_PI_0.5PS_0.3PD_0.2_Noisy_model/translate.ckpt-6000, time 0.05s
  # 860
    src: IY0 T AW2 IY0 AH0 G K ER1 CH F EH2 ER0 N UW1 UW1 AW0 IH2 UH0 S AE2 OW0 ER2 AH1 IH1 B AW0 IY2 EH1 AY AH0 AH1 F F AA1 R AA1 NG OW UH2 OW K CH L UH1 K P UH1 IH1 T W AY1 N L IH1 V AW T AE2 G P L AA2 IY L AO IY1 OW0 IY2 Z
    ref: Move ( Kitchen_Room ) Find ( twin_bell_alarm_clock Kitchen_Room ) Grasp ( twin_bell_alarm_clock ) Move ( Living_Table ) Place ( twin_bell_alarm_clock Living_Table )
    nmt: Move ( Kitchen_Room ) Find ( filled_ketchup Kitchen_Room ) Grasp ( filled_ketchup ) Move ( Living_Table ) Place ( filled_ketchup Living_Table )
2019-02-03 16:26:23.552674: I tensorflow/core/kernels/lookup_util.cc:376] Table trying to initialize from file /home/emlab/Desktop/syuuron/nmt/attention_PI_0.5PS_0.3PD_0.2_Noisy_model/Vocab.out is already initialized.
2019-02-03 16:26:23.552674: I tensorflow/core/kernels/lookup_util.cc:376] Table trying to initialize from file /home/emlab/Desktop/syuuron/nmt/attention_PI_0.5PS_0.3PD_0.2_Noisy_model/Vocab.in is already initialized.
2019-02-03 16:26:23.552674: I tensorflow/core/kernels/lookup_util.cc:376] Table trying to initialize from file /home/emlab/Desktop/syuuron/nmt/attention_PI_0.5PS_0.3PD_0.2_Noisy_model/Vocab.out is already initialized.
  loaded infer model parameters from /home/emlab/Desktop/syuuron/nmt/attention_PI_0.5PS_0.3PD_0.2_Noisy_model/translate.ckpt-6000, time 0.05s
# External evaluation, global step 6000
  decoding to output /home/emlab/Desktop/syuuron/nmt/attention_PI_0.5PS_0.3PD_0.2_Noisy_model/output_dev
  done, num sentences 2001, num translations per input 1, time 1s, Sun Feb  3 16:26:25 2019.
  bleu dev: 60.1
  saving hparams to /home/emlab/Desktop/syuuron/nmt/attention_PI_0.5PS_0.3PD_0.2_Noisy_model/hparams
# External evaluation, global step 6000
  decoding to output /home/emlab/Desktop/syuuron/nmt/attention_PI_0.5PS_0.3PD_0.2_Noisy_model/output_test
  done, num sentences 100, num translations per input 1, time 0s, Sun Feb  3 16:26:25 2019.
  bleu test: 21.0
  saving hparams to /home/emlab/Desktop/syuuron/nmt/attention_PI_0.5PS_0.3PD_0.2_Noisy_model/hparams
  step 6400 lr 1 step-time 0.13s wps 79.39K ppl 1.12 gN 2.80 bleu 60.14, Sun Feb  3 16:26:26 2019
--------------------------------------------------------------------------------------------
# Finished an epoch, step 6480. Perform external evaluation
2019-02-03 16:26:35.915805: I tensorflow/core/kernels/lookup_util.cc:376] Table trying to initialize from file /home/emlab/Desktop/syuuron/nmt/attention_PI_0.5PS_0.3PD_0.2_Noisy_model/Vocab.out is already initialized.
2019-02-03 16:26:35.915828: I tensorflow/core/kernels/lookup_util.cc:376] Table trying to initialize from file /home/emlab/Desktop/syuuron/nmt/attention_PI_0.5PS_0.3PD_0.2_Noisy_model/Vocab.in is already initialized.
2019-02-03 16:26:35.915805: I tensorflow/core/kernels/lookup_util.cc:376] Table trying to initialize from file /home/emlab/Desktop/syuuron/nmt/attention_PI_0.5PS_0.3PD_0.2_Noisy_model/Vocab.out is already initialized.
  loaded infer model parameters from /home/emlab/Desktop/syuuron/nmt/attention_PI_0.5PS_0.3PD_0.2_Noisy_model/translate.ckpt-6000, time 0.05s
  # 443
    src: EY1 G AE1 IH1 OW1 S EY1 ER T UW1 ER2 AY1 IY0 JH OY IH1 AH0 N UW1 CH M M AY1 T JH CH UW1 M R EH0 S UH0 TH ER2 OY P AH0 F N T AO2 N B L DH EH0 AY0 AA G UW2 IH1 EH2 Z G IH0 T DH UH AH0 AH2 AA1 AH1 R M EY2 DH AO0 AH0 N
    ref: Move ( kitchen ) Move ( Reception_Table )  Move ( apartment )
    nmt: Move ( Kitchen_Room ) Move ( Kitchen_Table ) Move ( apartment )
2019-02-03 16:26:35.996167: I tensorflow/core/kernels/lookup_util.cc:376] Table trying to initialize from file /home/emlab/Desktop/syuuron/nmt/attention_PI_0.5PS_0.3PD_0.2_Noisy_model/Vocab.out is already initialized.
2019-02-03 16:26:35.996167: I tensorflow/core/kernels/lookup_util.cc:376] Table trying to initialize from file /home/emlab/Desktop/syuuron/nmt/attention_PI_0.5PS_0.3PD_0.2_Noisy_model/Vocab.in is already initialized.
2019-02-03 16:26:35.996167: I tensorflow/core/kernels/lookup_util.cc:376] Table trying to initialize from file /home/emlab/Desktop/syuuron/nmt/attention_PI_0.5PS_0.3PD_0.2_Noisy_model/Vocab.out is already initialized.
  loaded infer model parameters from /home/emlab/Desktop/syuuron/nmt/attention_PI_0.5PS_0.3PD_0.2_Noisy_model/translate.ckpt-6000, time 0.05s
# External evaluation, global step 6000
  decoding to output /home/emlab/Desktop/syuuron/nmt/attention_PI_0.5PS_0.3PD_0.2_Noisy_model/output_dev
  done, num sentences 2001, num translations per input 1, time 1s, Sun Feb  3 16:26:37 2019.
  bleu dev: 60.1
  saving hparams to /home/emlab/Desktop/syuuron/nmt/attention_PI_0.5PS_0.3PD_0.2_Noisy_model/hparams
# External evaluation, global step 6000
  decoding to output /home/emlab/Desktop/syuuron/nmt/attention_PI_0.5PS_0.3PD_0.2_Noisy_model/output_test
  done, num sentences 100, num translations per input 1, time 0s, Sun Feb  3 16:26:38 2019.
  bleu test: 21.0
  saving hparams to /home/emlab/Desktop/syuuron/nmt/attention_PI_0.5PS_0.3PD_0.2_Noisy_model/hparams
  step 6500 lr 1 step-time 0.12s wps 83.20K ppl 1.13 gN 3.63 bleu 60.14, Sun Feb  3 16:26:41 2019
--------------------------------------------------------------------------------------------
# Finished an epoch, step 6561. Perform external evaluation
2019-02-03 16:26:48.394870: I tensorflow/core/kernels/lookup_util.cc:376] Table trying to initialize from file /home/emlab/Desktop/syuuron/nmt/attention_PI_0.5PS_0.3PD_0.2_Noisy_model/Vocab.out is already initialized.
2019-02-03 16:26:48.394870: I tensorflow/core/kernels/lookup_util.cc:376] Table trying to initialize from file /home/emlab/Desktop/syuuron/nmt/attention_PI_0.5PS_0.3PD_0.2_Noisy_model/Vocab.in is already initialized.
2019-02-03 16:26:48.394870: I tensorflow/core/kernels/lookup_util.cc:376] Table trying to initialize from file /home/emlab/Desktop/syuuron/nmt/attention_PI_0.5PS_0.3PD_0.2_Noisy_model/Vocab.out is already initialized.
  loaded infer model parameters from /home/emlab/Desktop/syuuron/nmt/attention_PI_0.5PS_0.3PD_0.2_Noisy_model/translate.ckpt-6000, time 0.05s
  # 880
    src: T UW1 EH0 R L IH0 P OY0 SH OY0 AH0 T OY1 EY1 B AH0 W OY2 L T OW0 K V AE1 AH0 AE1 EY0 OW1 UW1 UH ER2 P AE1 AE2 AW1 P AA1 T N EH2 ZH D NG N AH1 EY2 AY2 IH0 AW1 ER1 S OW1 OW0 F K K AA2 AH0 OW2 K AY2 OW2 TH G AA1 EH
    ref: Move ( Reception_Table )  Grasp ( apple ) Move ( Dining_Sofa ) Place ( apple Reception_Table )
    nmt: Move ( Reception_Table ) Grasp ( apple ) Move ( Dining_Sofa ) Place ( apple Reception_Table )
2019-02-03 16:26:48.476832: I tensorflow/core/kernels/lookup_util.cc:376] Table trying to initialize from file /home/emlab/Desktop/syuuron/nmt/attention_PI_0.5PS_0.3PD_0.2_Noisy_model/Vocab.in is already initialized.
2019-02-03 16:26:48.476833: I tensorflow/core/kernels/lookup_util.cc:376] Table trying to initialize from file /home/emlab/Desktop/syuuron/nmt/attention_PI_0.5PS_0.3PD_0.2_Noisy_model/Vocab.out is already initialized.
2019-02-03 16:26:48.476833: I tensorflow/core/kernels/lookup_util.cc:376] Table trying to initialize from file /home/emlab/Desktop/syuuron/nmt/attention_PI_0.5PS_0.3PD_0.2_Noisy_model/Vocab.out is already initialized.
  loaded infer model parameters from /home/emlab/Desktop/syuuron/nmt/attention_PI_0.5PS_0.3PD_0.2_Noisy_model/translate.ckpt-6000, time 0.05s
# External evaluation, global step 6000
  decoding to output /home/emlab/Desktop/syuuron/nmt/attention_PI_0.5PS_0.3PD_0.2_Noisy_model/output_dev
  done, num sentences 2001, num translations per input 1, time 1s, Sun Feb  3 16:26:50 2019.
  bleu dev: 60.1
  saving hparams to /home/emlab/Desktop/syuuron/nmt/attention_PI_0.5PS_0.3PD_0.2_Noisy_model/hparams
# External evaluation, global step 6000
  decoding to output /home/emlab/Desktop/syuuron/nmt/attention_PI_0.5PS_0.3PD_0.2_Noisy_model/output_test
  done, num sentences 100, num translations per input 1, time 0s, Sun Feb  3 16:26:50 2019.
  bleu test: 21.0
  saving hparams to /home/emlab/Desktop/syuuron/nmt/attention_PI_0.5PS_0.3PD_0.2_Noisy_model/hparams
  step 6600 lr 1 step-time 0.12s wps 83.19K ppl 1.14 gN 3.05 bleu 60.14, Sun Feb  3 16:26:55 2019
--------------------------------------------------------------------------------------------
# Finished an epoch, step 6642. Perform external evaluation
2019-02-03 16:27:00.944647: I tensorflow/core/kernels/lookup_util.cc:376] Table trying to initialize from file /home/emlab/Desktop/syuuron/nmt/attention_PI_0.5PS_0.3PD_0.2_Noisy_model/Vocab.out is already initialized.
2019-02-03 16:27:00.944647: I tensorflow/core/kernels/lookup_util.cc:376] Table trying to initialize from file /home/emlab/Desktop/syuuron/nmt/attention_PI_0.5PS_0.3PD_0.2_Noisy_model/Vocab.in is already initialized.
2019-02-03 16:27:00.944657: I tensorflow/core/kernels/lookup_util.cc:376] Table trying to initialize from file /home/emlab/Desktop/syuuron/nmt/attention_PI_0.5PS_0.3PD_0.2_Noisy_model/Vocab.out is already initialized.
  loaded infer model parameters from /home/emlab/Desktop/syuuron/nmt/attention_PI_0.5PS_0.3PD_0.2_Noisy_model/translate.ckpt-6000, time 0.05s
  # 184
    src: R OY1 AH2 ER2 EH1 UW L EH1 T ER2 D AO1 IH AH0 NG IY0 UH0 D AW F V AW2 AO1 R AA AH1 M HH AW1 AO2 R EH0 AY1 P N T EY1 EH DH AE2 G AH NG OW1 T UW1 K IH1 TH CH IY0 V IY0 D AH0 UH1 OW0 AA1 OW0 AO EH R AH1 M M Y UW1 UH1 EY V D K AO0 CH AA1 AH0 L N S T UW2 D HH B AH0 L
    ref: Move ( Reception_Table ) Grasp ( dog_doll ) Move ( Kitchen_Room ) Move ( Kitchen_Table )
    nmt: Move ( Reception_Table ) Grasp ( Long_Potato ) Move ( Kitchen_Room ) Move ( Kitchen_Table )
2019-02-03 16:27:01.033031: I tensorflow/core/kernels/lookup_util.cc:376] Table trying to initialize from file /home/emlab/Desktop/syuuron/nmt/attention_PI_0.5PS_0.3PD_0.2_Noisy_model/Vocab.out is already initialized.
2019-02-03 16:27:01.033031: I tensorflow/core/kernels/lookup_util.cc:376] Table trying to initialize from file /home/emlab/Desktop/syuuron/nmt/attention_PI_0.5PS_0.3PD_0.2_Noisy_model/Vocab.in is already initialized.
2019-02-03 16:27:01.033031: I tensorflow/core/kernels/lookup_util.cc:376] Table trying to initialize from file /home/emlab/Desktop/syuuron/nmt/attention_PI_0.5PS_0.3PD_0.2_Noisy_model/Vocab.out is already initialized.
  loaded infer model parameters from /home/emlab/Desktop/syuuron/nmt/attention_PI_0.5PS_0.3PD_0.2_Noisy_model/translate.ckpt-6000, time 0.05s
# External evaluation, global step 6000
  decoding to output /home/emlab/Desktop/syuuron/nmt/attention_PI_0.5PS_0.3PD_0.2_Noisy_model/output_dev
  done, num sentences 2001, num translations per input 1, time 1s, Sun Feb  3 16:27:02 2019.
  bleu dev: 60.1
  saving hparams to /home/emlab/Desktop/syuuron/nmt/attention_PI_0.5PS_0.3PD_0.2_Noisy_model/hparams
# External evaluation, global step 6000
  decoding to output /home/emlab/Desktop/syuuron/nmt/attention_PI_0.5PS_0.3PD_0.2_Noisy_model/output_test
  done, num sentences 100, num translations per input 1, time 0s, Sun Feb  3 16:27:03 2019.
  bleu test: 21.0
  saving hparams to /home/emlab/Desktop/syuuron/nmt/attention_PI_0.5PS_0.3PD_0.2_Noisy_model/hparams
  step 6700 lr 1 step-time 0.13s wps 82.57K ppl 1.13 gN 2.83 bleu 60.14, Sun Feb  3 16:27:10 2019
--------------------------------------------------------------------------------------------
# Finished an epoch, step 6723. Perform external evaluation
2019-02-03 16:27:13.530682: I tensorflow/core/kernels/lookup_util.cc:376] Table trying to initialize from file /home/emlab/Desktop/syuuron/nmt/attention_PI_0.5PS_0.3PD_0.2_Noisy_model/Vocab.out is already initialized.
2019-02-03 16:27:13.530682: I tensorflow/core/kernels/lookup_util.cc:376] Table trying to initialize from file /home/emlab/Desktop/syuuron/nmt/attention_PI_0.5PS_0.3PD_0.2_Noisy_model/Vocab.out is already initialized.
2019-02-03 16:27:13.530714: I tensorflow/core/kernels/lookup_util.cc:376] Table trying to initialize from file /home/emlab/Desktop/syuuron/nmt/attention_PI_0.5PS_0.3PD_0.2_Noisy_model/Vocab.in is already initialized.
  loaded infer model parameters from /home/emlab/Desktop/syuuron/nmt/attention_PI_0.5PS_0.3PD_0.2_Noisy_model/translate.ckpt-6000, time 0.05s
  # 1938
    src: W G F T TH D AW2 TH AY1 SH N ER0 IH0 IY AW0 Y NG S OW1 F AH0 G IH1 S IH2 AA1 AH2 EH1 D EH F AA2 EY1 AW2 T TH N L SH V AH EH2 AW0 AW0 SH AH0 AH0 IY0 L AA1 OY1 AA2 AW2 T EY1 EH1 OW ER0 AA0 T W T HH ER Z
    ref: Move ( Dining_Sofa ) Grasp ( Red_Potato ) Move ( apartment )
    nmt: Move ( Dining_Sofa ) Find ( Red_Potato Dining_Sofa ) Grasp ( Red_Potato ) Move ( apartment )
2019-02-03 16:27:13.614444: I tensorflow/core/kernels/lookup_util.cc:376] Table trying to initialize from file /home/emlab/Desktop/syuuron/nmt/attention_PI_0.5PS_0.3PD_0.2_Noisy_model/Vocab.out is already initialized.
2019-02-03 16:27:13.614452: I tensorflow/core/kernels/lookup_util.cc:376] Table trying to initialize from file /home/emlab/Desktop/syuuron/nmt/attention_PI_0.5PS_0.3PD_0.2_Noisy_model/Vocab.in is already initialized.
2019-02-03 16:27:13.614455: I tensorflow/core/kernels/lookup_util.cc:376] Table trying to initialize from file /home/emlab/Desktop/syuuron/nmt/attention_PI_0.5PS_0.3PD_0.2_Noisy_model/Vocab.out is already initialized.
  loaded infer model parameters from /home/emlab/Desktop/syuuron/nmt/attention_PI_0.5PS_0.3PD_0.2_Noisy_model/translate.ckpt-6000, time 0.05s
# External evaluation, global step 6000
  decoding to output /home/emlab/Desktop/syuuron/nmt/attention_PI_0.5PS_0.3PD_0.2_Noisy_model/output_dev
  done, num sentences 2001, num translations per input 1, time 1s, Sun Feb  3 16:27:15 2019.
  bleu dev: 60.1
  saving hparams to /home/emlab/Desktop/syuuron/nmt/attention_PI_0.5PS_0.3PD_0.2_Noisy_model/hparams
# External evaluation, global step 6000
  decoding to output /home/emlab/Desktop/syuuron/nmt/attention_PI_0.5PS_0.3PD_0.2_Noisy_model/output_test
  done, num sentences 100, num translations per input 1, time 0s, Sun Feb  3 16:27:15 2019.
  bleu test: 21.0
  saving hparams to /home/emlab/Desktop/syuuron/nmt/attention_PI_0.5PS_0.3PD_0.2_Noisy_model/hparams
  step 6800 lr 1 step-time 0.12s wps 82.87K ppl 1.13 gN 3.04 bleu 60.14, Sun Feb  3 16:27:25 2019
--------------------------------------------------------------------------------------------
# Finished an epoch, step 6804. Perform external evaluation
2019-02-03 16:27:26.065270: I tensorflow/core/kernels/lookup_util.cc:376] Table trying to initialize from file /home/emlab/Desktop/syuuron/nmt/attention_PI_0.5PS_0.3PD_0.2_Noisy_model/Vocab.out is already initialized.
2019-02-03 16:27:26.065270: I tensorflow/core/kernels/lookup_util.cc:376] Table trying to initialize from file /home/emlab/Desktop/syuuron/nmt/attention_PI_0.5PS_0.3PD_0.2_Noisy_model/Vocab.out is already initialized.
2019-02-03 16:27:26.065270: I tensorflow/core/kernels/lookup_util.cc:376] Table trying to initialize from file /home/emlab/Desktop/syuuron/nmt/attention_PI_0.5PS_0.3PD_0.2_Noisy_model/Vocab.in is already initialized.
  loaded infer model parameters from /home/emlab/Desktop/syuuron/nmt/attention_PI_0.5PS_0.3PD_0.2_Noisy_model/translate.ckpt-6000, time 0.05s
  # 1007
    src: W AW2 TH V AY2 M UW1 V T R AO0 DH OW1 OY1 G AA AE0 B AA AW M OW K AA1 AW2 AH EH1 JH K CH IY AE0 AH0 P DH N K L AH1 M AE0 B AE1 UH OY K
    ref: Move ( Sofa ) Move ( empty_ketchup ) Move ( HERE )
    nmt: Move ( Sofa ) Grasp ( filled_ketchup ) Move ( HERE )
2019-02-03 16:27:26.139868: I tensorflow/core/kernels/lookup_util.cc:376] Table trying to initialize from file /home/emlab/Desktop/syuuron/nmt/attention_PI_0.5PS_0.3PD_0.2_Noisy_model/Vocab.out is already initialized.
2019-02-03 16:27:26.139883: I tensorflow/core/kernels/lookup_util.cc:376] Table trying to initialize from file /home/emlab/Desktop/syuuron/nmt/attention_PI_0.5PS_0.3PD_0.2_Noisy_model/Vocab.out is already initialized.
2019-02-03 16:27:26.139868: I tensorflow/core/kernels/lookup_util.cc:376] Table trying to initialize from file /home/emlab/Desktop/syuuron/nmt/attention_PI_0.5PS_0.3PD_0.2_Noisy_model/Vocab.in is already initialized.
  loaded infer model parameters from /home/emlab/Desktop/syuuron/nmt/attention_PI_0.5PS_0.3PD_0.2_Noisy_model/translate.ckpt-6000, time 0.05s
# External evaluation, global step 6000
  decoding to output /home/emlab/Desktop/syuuron/nmt/attention_PI_0.5PS_0.3PD_0.2_Noisy_model/output_dev
  done, num sentences 2001, num translations per input 1, time 1s, Sun Feb  3 16:27:28 2019.
  bleu dev: 60.1
  saving hparams to /home/emlab/Desktop/syuuron/nmt/attention_PI_0.5PS_0.3PD_0.2_Noisy_model/hparams
# External evaluation, global step 6000
  decoding to output /home/emlab/Desktop/syuuron/nmt/attention_PI_0.5PS_0.3PD_0.2_Noisy_model/output_test
  done, num sentences 100, num translations per input 1, time 0s, Sun Feb  3 16:27:28 2019.
  bleu test: 21.0
  saving hparams to /home/emlab/Desktop/syuuron/nmt/attention_PI_0.5PS_0.3PD_0.2_Noisy_model/hparams
--------------------------------------------------------------------------------------------
# Finished an epoch, step 6885. Perform external evaluation
2019-02-03 16:27:38.586234: I tensorflow/core/kernels/lookup_util.cc:376] Table trying to initialize from file /home/emlab/Desktop/syuuron/nmt/attention_PI_0.5PS_0.3PD_0.2_Noisy_model/Vocab.in is already initialized.
2019-02-03 16:27:38.586234: I tensorflow/core/kernels/lookup_util.cc:376] Table trying to initialize from file /home/emlab/Desktop/syuuron/nmt/attention_PI_0.5PS_0.3PD_0.2_Noisy_model/Vocab.out is already initialized.
2019-02-03 16:27:38.586234: I tensorflow/core/kernels/lookup_util.cc:376] Table trying to initialize from file /home/emlab/Desktop/syuuron/nmt/attention_PI_0.5PS_0.3PD_0.2_Noisy_model/Vocab.out is already initialized.
  loaded infer model parameters from /home/emlab/Desktop/syuuron/nmt/attention_PI_0.5PS_0.3PD_0.2_Noisy_model/translate.ckpt-6000, time 0.05s
  # 555
    src: Y ZH AH0 OY1 IH1 AY1 UW ER0 IH0 OW0 F ZH Y IH1 EH0 JH AY1 IY AE1 Z P AH2 AH0 N IH0 Z ER2 T ER0 HH AO1 F W V IH W AH1 IH0 M OW1 N AE L AW0 NG T P AE0 TH F D B M ER T G V OW CH AA2 D NG UW1 EY2 OW0 N AA1 F AH2 EY L ER2 CH OY1 EH0 AO2 OY AA S AY1 OW1 F K G IY1 UW0 G B EH1 M
    ref: Move ( Sofa ) Find ( Japanese_Tea Sofa ) Move ( Dining_Sofa ) Move ( bed_room )
    nmt: Move ( Dining_Sofa ) Find ( Japanese_Tea Dining_Sofa ) Grasp ( apple ) Move ( bed_room ) ( Dining_Sofa )
2019-02-03 16:27:38.675249: I tensorflow/core/kernels/lookup_util.cc:376] Table trying to initialize from file /home/emlab/Desktop/syuuron/nmt/attention_PI_0.5PS_0.3PD_0.2_Noisy_model/Vocab.out is already initialized.
2019-02-03 16:27:38.675271: I tensorflow/core/kernels/lookup_util.cc:376] Table trying to initialize from file /home/emlab/Desktop/syuuron/nmt/attention_PI_0.5PS_0.3PD_0.2_Noisy_model/Vocab.out is already initialized.
2019-02-03 16:27:38.675261: I tensorflow/core/kernels/lookup_util.cc:376] Table trying to initialize from file /home/emlab/Desktop/syuuron/nmt/attention_PI_0.5PS_0.3PD_0.2_Noisy_model/Vocab.in is already initialized.
  loaded infer model parameters from /home/emlab/Desktop/syuuron/nmt/attention_PI_0.5PS_0.3PD_0.2_Noisy_model/translate.ckpt-6000, time 0.05s
# External evaluation, global step 6000
  decoding to output /home/emlab/Desktop/syuuron/nmt/attention_PI_0.5PS_0.3PD_0.2_Noisy_model/output_dev
  done, num sentences 2001, num translations per input 1, time 1s, Sun Feb  3 16:27:40 2019.
  bleu dev: 60.1
  saving hparams to /home/emlab/Desktop/syuuron/nmt/attention_PI_0.5PS_0.3PD_0.2_Noisy_model/hparams
# External evaluation, global step 6000
  decoding to output /home/emlab/Desktop/syuuron/nmt/attention_PI_0.5PS_0.3PD_0.2_Noisy_model/output_test
  done, num sentences 100, num translations per input 1, time 0s, Sun Feb  3 16:27:40 2019.
  bleu test: 21.0
  saving hparams to /home/emlab/Desktop/syuuron/nmt/attention_PI_0.5PS_0.3PD_0.2_Noisy_model/hparams
  step 6900 lr 1 step-time 0.13s wps 79.72K ppl 1.13 gN 3.10 bleu 60.14, Sun Feb  3 16:27:43 2019
--------------------------------------------------------------------------------------------
# Finished an epoch, step 6966. Perform external evaluation
2019-02-03 16:27:51.119483: I tensorflow/core/kernels/lookup_util.cc:376] Table trying to initialize from file /home/emlab/Desktop/syuuron/nmt/attention_PI_0.5PS_0.3PD_0.2_Noisy_model/Vocab.out is already initialized.
2019-02-03 16:27:51.119484: I tensorflow/core/kernels/lookup_util.cc:376] Table trying to initialize from file /home/emlab/Desktop/syuuron/nmt/attention_PI_0.5PS_0.3PD_0.2_Noisy_model/Vocab.out is already initialized.
2019-02-03 16:27:51.119484: I tensorflow/core/kernels/lookup_util.cc:376] Table trying to initialize from file /home/emlab/Desktop/syuuron/nmt/attention_PI_0.5PS_0.3PD_0.2_Noisy_model/Vocab.in is already initialized.
  loaded infer model parameters from /home/emlab/Desktop/syuuron/nmt/attention_PI_0.5PS_0.3PD_0.2_Noisy_model/translate.ckpt-6000, time 0.05s
  # 1095
    src: M UW1 UW1 D AA1 OW AO EH0 V AY K AY1 IY1 AH2 N W IY EY2 B DH UW1 UW2 NG UH2 L F D AH0 P UH0 M SH CH N IH1 ER AO2 B AW1 EH EH1 F AA1 AE1 OW1 SH Y OW0 AH0 AH1 P AW2 ER1 S UW AH0 N
    ref: Move (  Dining_Table  ) Find ( person Dining_Table  ) Follow ( pesron )
    nmt: Move ( Kitchen_Table ) Find ( person Kitchen_Table ) Follow ( pesron )
2019-02-03 16:27:51.195415: I tensorflow/core/kernels/lookup_util.cc:376] Table trying to initialize from file /home/emlab/Desktop/syuuron/nmt/attention_PI_0.5PS_0.3PD_0.2_Noisy_model/Vocab.in is already initialized.
2019-02-03 16:27:51.195415: I tensorflow/core/kernels/lookup_util.cc:376] Table trying to initialize from file /home/emlab/Desktop/syuuron/nmt/attention_PI_0.5PS_0.3PD_0.2_Noisy_model/Vocab.out is already initialized.
2019-02-03 16:27:51.195415: I tensorflow/core/kernels/lookup_util.cc:376] Table trying to initialize from file /home/emlab/Desktop/syuuron/nmt/attention_PI_0.5PS_0.3PD_0.2_Noisy_model/Vocab.out is already initialized.
  loaded infer model parameters from /home/emlab/Desktop/syuuron/nmt/attention_PI_0.5PS_0.3PD_0.2_Noisy_model/translate.ckpt-6000, time 0.05s
# External evaluation, global step 6000
  decoding to output /home/emlab/Desktop/syuuron/nmt/attention_PI_0.5PS_0.3PD_0.2_Noisy_model/output_dev
  done, num sentences 2001, num translations per input 1, time 1s, Sun Feb  3 16:27:53 2019.
  bleu dev: 60.1
  saving hparams to /home/emlab/Desktop/syuuron/nmt/attention_PI_0.5PS_0.3PD_0.2_Noisy_model/hparams
# External evaluation, global step 6000
  decoding to output /home/emlab/Desktop/syuuron/nmt/attention_PI_0.5PS_0.3PD_0.2_Noisy_model/output_test
  done, num sentences 100, num translations per input 1, time 0s, Sun Feb  3 16:27:53 2019.
  bleu test: 21.0
  saving hparams to /home/emlab/Desktop/syuuron/nmt/attention_PI_0.5PS_0.3PD_0.2_Noisy_model/hparams
  step 7000 lr 1 step-time 0.13s wps 82.74K ppl 1.12 gN 2.88 bleu 60.14, Sun Feb  3 16:27:58 2019
# Save eval, global step 7000
2019-02-03 16:27:58.286396: I tensorflow/core/kernels/lookup_util.cc:376] Table trying to initialize from file /home/emlab/Desktop/syuuron/nmt/attention_PI_0.5PS_0.3PD_0.2_Noisy_model/Vocab.out is already initialized.
2019-02-03 16:27:58.286396: I tensorflow/core/kernels/lookup_util.cc:376] Table trying to initialize from file /home/emlab/Desktop/syuuron/nmt/attention_PI_0.5PS_0.3PD_0.2_Noisy_model/Vocab.out is already initialized.
2019-02-03 16:27:58.286427: I tensorflow/core/kernels/lookup_util.cc:376] Table trying to initialize from file /home/emlab/Desktop/syuuron/nmt/attention_PI_0.5PS_0.3PD_0.2_Noisy_model/Vocab.in is already initialized.
  loaded infer model parameters from /home/emlab/Desktop/syuuron/nmt/attention_PI_0.5PS_0.3PD_0.2_Noisy_model/translate.ckpt-7000, time 0.05s
  # 1886
    src: OY JH G UH0 ER2 AO1 T AE0 AA0 IH1 EH1 Z IH0 IY OW0 R AH AA2 IH1 S UW1 AE1 AA TH K ER JH S EY2 UH1 OW1 AO OY F UW IY0 OW2 AW OY AH UW2 R ER1 IY1 AA UH2 IY1 OY R AE1 OW1 AH0 S AY2 P ZH EY1 IH1
    ref: Move ( Visitor_Room ) Find ( Green_Tea Visitor_Room ) Grasp ( Green_Tea )
    nmt: Move ( Living_Room ) Find ( Seafood_Noodle Living_Room ) Grasp ( Seafood_Noodle )
2019-02-03 16:27:58.361521: I tensorflow/core/kernels/lookup_util.cc:376] Table trying to initialize from file /home/emlab/Desktop/syuuron/nmt/attention_PI_0.5PS_0.3PD_0.2_Noisy_model/Vocab.out is already initialized.
2019-02-03 16:27:58.361521: I tensorflow/core/kernels/lookup_util.cc:376] Table trying to initialize from file /home/emlab/Desktop/syuuron/nmt/attention_PI_0.5PS_0.3PD_0.2_Noisy_model/Vocab.in is already initialized.
2019-02-03 16:27:58.361530: I tensorflow/core/kernels/lookup_util.cc:376] Table trying to initialize from file /home/emlab/Desktop/syuuron/nmt/attention_PI_0.5PS_0.3PD_0.2_Noisy_model/Vocab.out is already initialized.
  loaded eval model parameters from /home/emlab/Desktop/syuuron/nmt/attention_PI_0.5PS_0.3PD_0.2_Noisy_model/translate.ckpt-7000, time 0.05s
  eval dev: perplexity 1.59, time 1s, Sun Feb  3 16:27:59 2019.
  eval test: perplexity 6.45, time 0s, Sun Feb  3 16:27:59 2019.
--------------------------------------------------------------------------------------------
# Finished an epoch, step 7047. Perform external evaluation
2019-02-03 16:28:05.170746: I tensorflow/core/kernels/lookup_util.cc:376] Table trying to initialize from file /home/emlab/Desktop/syuuron/nmt/attention_PI_0.5PS_0.3PD_0.2_Noisy_model/Vocab.in is already initialized.
2019-02-03 16:28:05.170746: I tensorflow/core/kernels/lookup_util.cc:376] Table trying to initialize from file /home/emlab/Desktop/syuuron/nmt/attention_PI_0.5PS_0.3PD_0.2_Noisy_model/Vocab.out is already initialized.
2019-02-03 16:28:05.170746: I tensorflow/core/kernels/lookup_util.cc:376] Table trying to initialize from file /home/emlab/Desktop/syuuron/nmt/attention_PI_0.5PS_0.3PD_0.2_Noisy_model/Vocab.out is already initialized.
  loaded infer model parameters from /home/emlab/Desktop/syuuron/nmt/attention_PI_0.5PS_0.3PD_0.2_Noisy_model/translate.ckpt-7000, time 0.05s
  # 1066
    src: OY EY OW0 T EH UW1 V IH1 P Z IH0 AE0 ER0 JH OW1 R UH0 EY M N EH1 IH2 UW2 K UH1 S T F IY2 AY1 Y AA1 N D AO B AH0 EH EY0 AW2 AE N AY2 ER2 N IH1 B Z EY L AY0 OW T AO2 EH1 UH0 G AA0 AW2 EY1 UW1 N EH0 Z AH0 F OY AO IH EY1 AA1 AH1 AW M IH1 D AY2 NG AA2 EH0 P JH CH UH AY1 T ZH AY1 UH0 N UW1 OY2 ER0 OY NG T EY1 HH IY1 AO2 B AH0 L
    ref: Move ( Visitor_Room ) Find ( person ) Move ( Dining_Table ) Grasp ( Egg_Soup )
    nmt: Move ( Visitor_Room ) Find ( person ) Move ( Dining_Table ) Grasp ( Seafood_Noodle )
2019-02-03 16:28:05.259278: I tensorflow/core/kernels/lookup_util.cc:376] Table trying to initialize from file /home/emlab/Desktop/syuuron/nmt/attention_PI_0.5PS_0.3PD_0.2_Noisy_model/Vocab.out is already initialized.
2019-02-03 16:28:05.259278: I tensorflow/core/kernels/lookup_util.cc:376] Table trying to initialize from file /home/emlab/Desktop/syuuron/nmt/attention_PI_0.5PS_0.3PD_0.2_Noisy_model/Vocab.out is already initialized.
2019-02-03 16:28:05.259280: I tensorflow/core/kernels/lookup_util.cc:376] Table trying to initialize from file /home/emlab/Desktop/syuuron/nmt/attention_PI_0.5PS_0.3PD_0.2_Noisy_model/Vocab.in is already initialized.
  loaded infer model parameters from /home/emlab/Desktop/syuuron/nmt/attention_PI_0.5PS_0.3PD_0.2_Noisy_model/translate.ckpt-7000, time 0.05s
# External evaluation, global step 7000
  decoding to output /home/emlab/Desktop/syuuron/nmt/attention_PI_0.5PS_0.3PD_0.2_Noisy_model/output_dev
  done, num sentences 2001, num translations per input 1, time 0s, Sun Feb  3 16:28:06 2019.
  bleu dev: 59.5
  saving hparams to /home/emlab/Desktop/syuuron/nmt/attention_PI_0.5PS_0.3PD_0.2_Noisy_model/hparams
# External evaluation, global step 7000
  decoding to output /home/emlab/Desktop/syuuron/nmt/attention_PI_0.5PS_0.3PD_0.2_Noisy_model/output_test
  done, num sentences 100, num translations per input 1, time 0s, Sun Feb  3 16:28:06 2019.
  bleu test: 12.7
  saving hparams to /home/emlab/Desktop/syuuron/nmt/attention_PI_0.5PS_0.3PD_0.2_Noisy_model/hparams
  step 7100 lr 1 step-time 0.13s wps 82.66K ppl 1.13 gN 3.48 bleu 60.14, Sun Feb  3 16:28:13 2019
--------------------------------------------------------------------------------------------
# Finished an epoch, step 7128. Perform external evaluation
2019-02-03 16:28:16.873200: I tensorflow/core/kernels/lookup_util.cc:376] Table trying to initialize from file /home/emlab/Desktop/syuuron/nmt/attention_PI_0.5PS_0.3PD_0.2_Noisy_model/Vocab.out is already initialized.
2019-02-03 16:28:16.873200: I tensorflow/core/kernels/lookup_util.cc:376] Table trying to initialize from file /home/emlab/Desktop/syuuron/nmt/attention_PI_0.5PS_0.3PD_0.2_Noisy_model/Vocab.in is already initialized.
2019-02-03 16:28:16.873200: I tensorflow/core/kernels/lookup_util.cc:376] Table trying to initialize from file /home/emlab/Desktop/syuuron/nmt/attention_PI_0.5PS_0.3PD_0.2_Noisy_model/Vocab.out is already initialized.
  loaded infer model parameters from /home/emlab/Desktop/syuuron/nmt/attention_PI_0.5PS_0.3PD_0.2_Noisy_model/translate.ckpt-7000, time 0.05s
  # 561
    src: AH0 G UH1 AA2 UW0 UW1 OW2 IY R UH1 P IY1 AE AW0 OY2 N IH0 NG AO2 EY1 IH NG JH UH1 IH AH0 B AH0 AY2 OY AE1 OW L AH2 AA2 UH1 AE2 OW0 AY0 EH1 IY P JH SH HH Z AY2 AE1 ZH OY2 N N ER1 ER2 AH0 D OY2 TH JH ER2 TH EH1 EH1 AE1 EH G AW1 K V AW0 UH1 AA OY T F IH0 R AH1 AH0 D NG M AY1 IH2 NG UW1 UW2 M OW2 K AW2 OW2 AA2 UW2 EY1
    ref: Move (  Dining_Table  ) Find ( canned_juice Dining_Table  ) Grasp ( canned_juice ) Move ( Dining_Room )
    nmt: Move ( Dining_Table ) Find ( apple ) Grasp ( apple ) Move ( Dining_Room )
2019-02-03 16:28:16.959219: I tensorflow/core/kernels/lookup_util.cc:376] Table trying to initialize from file /home/emlab/Desktop/syuuron/nmt/attention_PI_0.5PS_0.3PD_0.2_Noisy_model/Vocab.in is already initialized.
2019-02-03 16:28:16.959219: I tensorflow/core/kernels/lookup_util.cc:376] Table trying to initialize from file /home/emlab/Desktop/syuuron/nmt/attention_PI_0.5PS_0.3PD_0.2_Noisy_model/Vocab.out is already initialized.
2019-02-03 16:28:16.959219: I tensorflow/core/kernels/lookup_util.cc:376] Table trying to initialize from file /home/emlab/Desktop/syuuron/nmt/attention_PI_0.5PS_0.3PD_0.2_Noisy_model/Vocab.out is already initialized.
  loaded infer model parameters from /home/emlab/Desktop/syuuron/nmt/attention_PI_0.5PS_0.3PD_0.2_Noisy_model/translate.ckpt-7000, time 0.05s
# External evaluation, global step 7000
  decoding to output /home/emlab/Desktop/syuuron/nmt/attention_PI_0.5PS_0.3PD_0.2_Noisy_model/output_dev
  done, num sentences 2001, num translations per input 1, time 0s, Sun Feb  3 16:28:17 2019.
  bleu dev: 59.5
  saving hparams to /home/emlab/Desktop/syuuron/nmt/attention_PI_0.5PS_0.3PD_0.2_Noisy_model/hparams
# External evaluation, global step 7000
  decoding to output /home/emlab/Desktop/syuuron/nmt/attention_PI_0.5PS_0.3PD_0.2_Noisy_model/output_test
  done, num sentences 100, num translations per input 1, time 0s, Sun Feb  3 16:28:18 2019.
  bleu test: 12.7
  saving hparams to /home/emlab/Desktop/syuuron/nmt/attention_PI_0.5PS_0.3PD_0.2_Noisy_model/hparams
  step 7200 lr 1 step-time 0.13s wps 82.40K ppl 1.12 gN 2.78 bleu 60.14, Sun Feb  3 16:28:27 2019
--------------------------------------------------------------------------------------------
# Finished an epoch, step 7209. Perform external evaluation
2019-02-03 16:28:28.574120: I tensorflow/core/kernels/lookup_util.cc:376] Table trying to initialize from file /home/emlab/Desktop/syuuron/nmt/attention_PI_0.5PS_0.3PD_0.2_Noisy_model/Vocab.out is already initialized.
2019-02-03 16:28:28.574120: I tensorflow/core/kernels/lookup_util.cc:376] Table trying to initialize from file /home/emlab/Desktop/syuuron/nmt/attention_PI_0.5PS_0.3PD_0.2_Noisy_model/Vocab.out is already initialized.
2019-02-03 16:28:28.574120: I tensorflow/core/kernels/lookup_util.cc:376] Table trying to initialize from file /home/emlab/Desktop/syuuron/nmt/attention_PI_0.5PS_0.3PD_0.2_Noisy_model/Vocab.in is already initialized.
  loaded infer model parameters from /home/emlab/Desktop/syuuron/nmt/attention_PI_0.5PS_0.3PD_0.2_Noisy_model/translate.ckpt-7000, time 0.05s
  # 1666
    src: NG OW1 IH2 IH2 G OW0 SH S OW1 AA0 T AW1 IH1 AW2 T IY AH0 L CH F OY2 OW2 AE N UW AY1 N AE1 D AW2 AY2 AO OY0 AH0 UW V N AY1 R Z N IH AA AY1 ER2 EH2 AA1 OY UH1 AH0 OW ER1 S AH0 N
    ref: Move ( Living_Table ) Find ( person Living_Table ) Follow ( person )
    nmt: Move ( Kitchen_Table ) Find ( person Kitchen_Table ) Follow ( person )
2019-02-03 16:28:28.652784: I tensorflow/core/kernels/lookup_util.cc:376] Table trying to initialize from file /home/emlab/Desktop/syuuron/nmt/attention_PI_0.5PS_0.3PD_0.2_Noisy_model/Vocab.out is already initialized.
2019-02-03 16:28:28.652784: I tensorflow/core/kernels/lookup_util.cc:376] Table trying to initialize from file /home/emlab/Desktop/syuuron/nmt/attention_PI_0.5PS_0.3PD_0.2_Noisy_model/Vocab.out is already initialized.
2019-02-03 16:28:28.652786: I tensorflow/core/kernels/lookup_util.cc:376] Table trying to initialize from file /home/emlab/Desktop/syuuron/nmt/attention_PI_0.5PS_0.3PD_0.2_Noisy_model/Vocab.in is already initialized.
  loaded infer model parameters from /home/emlab/Desktop/syuuron/nmt/attention_PI_0.5PS_0.3PD_0.2_Noisy_model/translate.ckpt-7000, time 0.05s
# External evaluation, global step 7000
  decoding to output /home/emlab/Desktop/syuuron/nmt/attention_PI_0.5PS_0.3PD_0.2_Noisy_model/output_dev
  done, num sentences 2001, num translations per input 1, time 0s, Sun Feb  3 16:28:29 2019.
  bleu dev: 59.5
  saving hparams to /home/emlab/Desktop/syuuron/nmt/attention_PI_0.5PS_0.3PD_0.2_Noisy_model/hparams
# External evaluation, global step 7000
  decoding to output /home/emlab/Desktop/syuuron/nmt/attention_PI_0.5PS_0.3PD_0.2_Noisy_model/output_test
  done, num sentences 100, num translations per input 1, time 0s, Sun Feb  3 16:28:29 2019.
  bleu test: 12.7
  saving hparams to /home/emlab/Desktop/syuuron/nmt/attention_PI_0.5PS_0.3PD_0.2_Noisy_model/hparams
--------------------------------------------------------------------------------------------
# Finished an epoch, step 7290. Perform external evaluation
2019-02-03 16:28:40.181694: I tensorflow/core/kernels/lookup_util.cc:376] Table trying to initialize from file /home/emlab/Desktop/syuuron/nmt/attention_PI_0.5PS_0.3PD_0.2_Noisy_model/Vocab.out is already initialized.
2019-02-03 16:28:40.181694: I tensorflow/core/kernels/lookup_util.cc:376] Table trying to initialize from file /home/emlab/Desktop/syuuron/nmt/attention_PI_0.5PS_0.3PD_0.2_Noisy_model/Vocab.in is already initialized.
2019-02-03 16:28:40.181694: I tensorflow/core/kernels/lookup_util.cc:376] Table trying to initialize from file /home/emlab/Desktop/syuuron/nmt/attention_PI_0.5PS_0.3PD_0.2_Noisy_model/Vocab.out is already initialized.
  loaded infer model parameters from /home/emlab/Desktop/syuuron/nmt/attention_PI_0.5PS_0.3PD_0.2_Noisy_model/translate.ckpt-7000, time 0.05s
  # 183
    src: AY0 DH V IH1 V OW1 OW1 IH0 NG K S AO2 AO1 F IY1 AY1 N OW1 T AE2 JH EY AH0 AY P S EH DH F IY1 AA2 K UW N AY1 EY1 UH0 R B DH AE2 N Z EY1 L OW0 OY0 AH0 ER1 AE0 S UW1 AO2 AH0 OW1 N
    ref: Move (  Living_Sofa  ) Find ( person Living_Sofa  ) Follow ( pesron )
    nmt: Move ( Living_Sofa ) Find ( person Living_Sofa ) Follow ( person )
2019-02-03 16:28:40.260113: I tensorflow/core/kernels/lookup_util.cc:376] Table trying to initialize from file /home/emlab/Desktop/syuuron/nmt/attention_PI_0.5PS_0.3PD_0.2_Noisy_model/Vocab.in is already initialized.
2019-02-03 16:28:40.260128: I tensorflow/core/kernels/lookup_util.cc:376] Table trying to initialize from file /home/emlab/Desktop/syuuron/nmt/attention_PI_0.5PS_0.3PD_0.2_Noisy_model/Vocab.out is already initialized.
2019-02-03 16:28:40.260113: I tensorflow/core/kernels/lookup_util.cc:376] Table trying to initialize from file /home/emlab/Desktop/syuuron/nmt/attention_PI_0.5PS_0.3PD_0.2_Noisy_model/Vocab.out is already initialized.
  loaded infer model parameters from /home/emlab/Desktop/syuuron/nmt/attention_PI_0.5PS_0.3PD_0.2_Noisy_model/translate.ckpt-7000, time 0.05s
# External evaluation, global step 7000
  decoding to output /home/emlab/Desktop/syuuron/nmt/attention_PI_0.5PS_0.3PD_0.2_Noisy_model/output_dev
  done, num sentences 2001, num translations per input 1, time 0s, Sun Feb  3 16:28:41 2019.
  bleu dev: 59.5
  saving hparams to /home/emlab/Desktop/syuuron/nmt/attention_PI_0.5PS_0.3PD_0.2_Noisy_model/hparams
# External evaluation, global step 7000
  decoding to output /home/emlab/Desktop/syuuron/nmt/attention_PI_0.5PS_0.3PD_0.2_Noisy_model/output_test
  done, num sentences 100, num translations per input 1, time 0s, Sun Feb  3 16:28:41 2019.
  bleu test: 12.7
  saving hparams to /home/emlab/Desktop/syuuron/nmt/attention_PI_0.5PS_0.3PD_0.2_Noisy_model/hparams
  step 7300 lr 1 step-time 0.13s wps 79.47K ppl 1.14 gN 3.55 bleu 60.14, Sun Feb  3 16:28:43 2019
--------------------------------------------------------------------------------------------
# Finished an epoch, step 7371. Perform external evaluation
2019-02-03 16:28:51.929043: I tensorflow/core/kernels/lookup_util.cc:376] Table trying to initialize from file /home/emlab/Desktop/syuuron/nmt/attention_PI_0.5PS_0.3PD_0.2_Noisy_model/Vocab.out is already initialized.
2019-02-03 16:28:51.929043: I tensorflow/core/kernels/lookup_util.cc:376] Table trying to initialize from file /home/emlab/Desktop/syuuron/nmt/attention_PI_0.5PS_0.3PD_0.2_Noisy_model/Vocab.out is already initialized.
2019-02-03 16:28:51.929043: I tensorflow/core/kernels/lookup_util.cc:376] Table trying to initialize from file /home/emlab/Desktop/syuuron/nmt/attention_PI_0.5PS_0.3PD_0.2_Noisy_model/Vocab.in is already initialized.
  loaded infer model parameters from /home/emlab/Desktop/syuuron/nmt/attention_PI_0.5PS_0.3PD_0.2_Noisy_model/translate.ckpt-7000, time 0.05s
  # 124
    src: EH1 AA1 AA0 AO OY1 ER1 IH1 P UW2 EY2 AE0 T T OY1 G ER2 L IY2 OW0 AH1 EH1 IY0 K IH2 F R AW2 AO0 AH1 M OW0 JH OW2 ER1 IH1 N T EH0 F IH0 T W AE0 OY1 OY0 OW1 B AH0 L AE1 DH AA1 AH2 UW1 OY1 AO1 AE R OY AH0 OY0 AO0 M UW1 V UW1 N IH0 OW1 AH0
    ref: Move ( Dining_Table ) Grasp ( toy_duck ) Move ( Corridor ) Move ( Dining_Sofa )
    nmt: Move ( Kitchen_Table ) Grasp ( toy_car ) Move ( Corridor ) Move ( Dining_Sofa )
2019-02-03 16:28:52.011423: I tensorflow/core/kernels/lookup_util.cc:376] Table trying to initialize from file /home/emlab/Desktop/syuuron/nmt/attention_PI_0.5PS_0.3PD_0.2_Noisy_model/Vocab.in is already initialized.
2019-02-03 16:28:52.011424: I tensorflow/core/kernels/lookup_util.cc:376] Table trying to initialize from file /home/emlab/Desktop/syuuron/nmt/attention_PI_0.5PS_0.3PD_0.2_Noisy_model/Vocab.out is already initialized.
2019-02-03 16:28:52.011423: I tensorflow/core/kernels/lookup_util.cc:376] Table trying to initialize from file /home/emlab/Desktop/syuuron/nmt/attention_PI_0.5PS_0.3PD_0.2_Noisy_model/Vocab.out is already initialized.
  loaded infer model parameters from /home/emlab/Desktop/syuuron/nmt/attention_PI_0.5PS_0.3PD_0.2_Noisy_model/translate.ckpt-7000, time 0.05s
# External evaluation, global step 7000
  decoding to output /home/emlab/Desktop/syuuron/nmt/attention_PI_0.5PS_0.3PD_0.2_Noisy_model/output_dev
  done, num sentences 2001, num translations per input 1, time 0s, Sun Feb  3 16:28:52 2019.
  bleu dev: 59.5
  saving hparams to /home/emlab/Desktop/syuuron/nmt/attention_PI_0.5PS_0.3PD_0.2_Noisy_model/hparams
# External evaluation, global step 7000
  decoding to output /home/emlab/Desktop/syuuron/nmt/attention_PI_0.5PS_0.3PD_0.2_Noisy_model/output_test
  done, num sentences 100, num translations per input 1, time 0s, Sun Feb  3 16:28:53 2019.
  bleu test: 12.7
  saving hparams to /home/emlab/Desktop/syuuron/nmt/attention_PI_0.5PS_0.3PD_0.2_Noisy_model/hparams
  step 7400 lr 1 step-time 0.12s wps 82.93K ppl 1.13 gN 3.00 bleu 60.14, Sun Feb  3 16:28:57 2019
--------------------------------------------------------------------------------------------
# Finished an epoch, step 7452. Perform external evaluation
2019-02-03 16:29:03.572909: I tensorflow/core/kernels/lookup_util.cc:376] Table trying to initialize from file /home/emlab/Desktop/syuuron/nmt/attention_PI_0.5PS_0.3PD_0.2_Noisy_model/Vocab.out is already initialized.
2019-02-03 16:29:03.572909: I tensorflow/core/kernels/lookup_util.cc:376] Table trying to initialize from file /home/emlab/Desktop/syuuron/nmt/attention_PI_0.5PS_0.3PD_0.2_Noisy_model/Vocab.out is already initialized.
2019-02-03 16:29:03.572909: I tensorflow/core/kernels/lookup_util.cc:376] Table trying to initialize from file /home/emlab/Desktop/syuuron/nmt/attention_PI_0.5PS_0.3PD_0.2_Noisy_model/Vocab.in is already initialized.
  loaded infer model parameters from /home/emlab/Desktop/syuuron/nmt/attention_PI_0.5PS_0.3PD_0.2_Noisy_model/translate.ckpt-7000, time 0.05s
  # 354
    src: OW1 EY0 S T IH1 AA1 AW0 UH0 UH2 UH AW EH UH IY0 B EH1 OW2 T EY1 AY1 AO2 IH2 D EH2 UH2 AE1 UW AO2 D G IY0 UW2 AO1 AE1 AE1 IY2 G SH AY1 M IY0 IH0 AA1 OY AE2 L UW OY0 G OY0 AE AY2 R AE1 S P UW1
    ref: Move ( lobby ) Find ( dog_doll lobby ) Grasp ( dog_doll )
    nmt: Move ( lobby ) Move ( Dining_Sofa ) Move ( dog_doll )
2019-02-03 16:29:03.650885: I tensorflow/core/kernels/lookup_util.cc:376] Table trying to initialize from file /home/emlab/Desktop/syuuron/nmt/attention_PI_0.5PS_0.3PD_0.2_Noisy_model/Vocab.out is already initialized.
2019-02-03 16:29:03.650886: I tensorflow/core/kernels/lookup_util.cc:376] Table trying to initialize from file /home/emlab/Desktop/syuuron/nmt/attention_PI_0.5PS_0.3PD_0.2_Noisy_model/Vocab.in is already initialized.
2019-02-03 16:29:03.650886: I tensorflow/core/kernels/lookup_util.cc:376] Table trying to initialize from file /home/emlab/Desktop/syuuron/nmt/attention_PI_0.5PS_0.3PD_0.2_Noisy_model/Vocab.out is already initialized.
  loaded infer model parameters from /home/emlab/Desktop/syuuron/nmt/attention_PI_0.5PS_0.3PD_0.2_Noisy_model/translate.ckpt-7000, time 0.05s
# External evaluation, global step 7000
  decoding to output /home/emlab/Desktop/syuuron/nmt/attention_PI_0.5PS_0.3PD_0.2_Noisy_model/output_dev
  done, num sentences 2001, num translations per input 1, time 0s, Sun Feb  3 16:29:04 2019.
  bleu dev: 59.5
  saving hparams to /home/emlab/Desktop/syuuron/nmt/attention_PI_0.5PS_0.3PD_0.2_Noisy_model/hparams
# External evaluation, global step 7000
  decoding to output /home/emlab/Desktop/syuuron/nmt/attention_PI_0.5PS_0.3PD_0.2_Noisy_model/output_test
  done, num sentences 100, num translations per input 1, time 0s, Sun Feb  3 16:29:05 2019.
  bleu test: 12.7
  saving hparams to /home/emlab/Desktop/syuuron/nmt/attention_PI_0.5PS_0.3PD_0.2_Noisy_model/hparams
  step 7500 lr 1 step-time 0.13s wps 82.95K ppl 1.12 gN 2.79 bleu 60.14, Sun Feb  3 16:29:11 2019
--------------------------------------------------------------------------------------------
# Finished an epoch, step 7533. Perform external evaluation
2019-02-03 16:29:15.240757: I tensorflow/core/kernels/lookup_util.cc:376] Table trying to initialize from file /home/emlab/Desktop/syuuron/nmt/attention_PI_0.5PS_0.3PD_0.2_Noisy_model/Vocab.out is already initialized.
2019-02-03 16:29:15.240757: I tensorflow/core/kernels/lookup_util.cc:376] Table trying to initialize from file /home/emlab/Desktop/syuuron/nmt/attention_PI_0.5PS_0.3PD_0.2_Noisy_model/Vocab.in is already initialized.
2019-02-03 16:29:15.240829: I tensorflow/core/kernels/lookup_util.cc:376] Table trying to initialize from file /home/emlab/Desktop/syuuron/nmt/attention_PI_0.5PS_0.3PD_0.2_Noisy_model/Vocab.out is already initialized.
  loaded infer model parameters from /home/emlab/Desktop/syuuron/nmt/attention_PI_0.5PS_0.3PD_0.2_Noisy_model/translate.ckpt-7000, time 0.05s
  # 937
    src: N M UW1 AO UH2 V UW1 D AY2 EY EH1 EY1 AO2 Z K B AH0 ER2 EH2 G EY0 AA T L UW2 AO1 AY0 T IH0 M AW1 OW2 AE0 AA0 AY AA0 Z OW0 F S IH1 IH0 N R ER IH0 EH1 P IY0 AH0 OW0 N AH1 T Z B AH1 OY0 IY AW K EY1
    ref: Move ( Dining_Table ) Find ( Long_Potato Dining_Table  ) Grasp ( Long_Potato )  Move ( Reception_Table ) Place ( Long_Potato Dining_Table )
    nmt: Move ( Side_Table ) Find ( Lemon_Tea Reception_Table ) Grasp ( Lemon_Tea ) Move ( Reception_Table ) Place ( Lemon_Tea Side_Table )
2019-02-03 16:29:15.325462: I tensorflow/core/kernels/lookup_util.cc:376] Table trying to initialize from file /home/emlab/Desktop/syuuron/nmt/attention_PI_0.5PS_0.3PD_0.2_Noisy_model/Vocab.in is already initialized.
2019-02-03 16:29:15.325462: I tensorflow/core/kernels/lookup_util.cc:376] Table trying to initialize from file /home/emlab/Desktop/syuuron/nmt/attention_PI_0.5PS_0.3PD_0.2_Noisy_model/Vocab.out is already initialized.
2019-02-03 16:29:15.325465: I tensorflow/core/kernels/lookup_util.cc:376] Table trying to initialize from file /home/emlab/Desktop/syuuron/nmt/attention_PI_0.5PS_0.3PD_0.2_Noisy_model/Vocab.out is already initialized.
  loaded infer model parameters from /home/emlab/Desktop/syuuron/nmt/attention_PI_0.5PS_0.3PD_0.2_Noisy_model/translate.ckpt-7000, time 0.05s
# External evaluation, global step 7000
  decoding to output /home/emlab/Desktop/syuuron/nmt/attention_PI_0.5PS_0.3PD_0.2_Noisy_model/output_dev
  done, num sentences 2001, num translations per input 1, time 0s, Sun Feb  3 16:29:16 2019.
  bleu dev: 59.5
  saving hparams to /home/emlab/Desktop/syuuron/nmt/attention_PI_0.5PS_0.3PD_0.2_Noisy_model/hparams
# External evaluation, global step 7000
  decoding to output /home/emlab/Desktop/syuuron/nmt/attention_PI_0.5PS_0.3PD_0.2_Noisy_model/output_test
  done, num sentences 100, num translations per input 1, time 0s, Sun Feb  3 16:29:16 2019.
  bleu test: 12.7
  saving hparams to /home/emlab/Desktop/syuuron/nmt/attention_PI_0.5PS_0.3PD_0.2_Noisy_model/hparams
  step 7600 lr 1 step-time 0.12s wps 83.18K ppl 1.11 gN 2.82 bleu 60.14, Sun Feb  3 16:29:25 2019
--------------------------------------------------------------------------------------------
# Finished an epoch, step 7614. Perform external evaluation
2019-02-03 16:29:26.881811: I tensorflow/core/kernels/lookup_util.cc:376] Table trying to initialize from file /home/emlab/Desktop/syuuron/nmt/attention_PI_0.5PS_0.3PD_0.2_Noisy_model/Vocab.out is already initialized.
2019-02-03 16:29:26.881811: I tensorflow/core/kernels/lookup_util.cc:376] Table trying to initialize from file /home/emlab/Desktop/syuuron/nmt/attention_PI_0.5PS_0.3PD_0.2_Noisy_model/Vocab.out is already initialized.
2019-02-03 16:29:26.881811: I tensorflow/core/kernels/lookup_util.cc:376] Table trying to initialize from file /home/emlab/Desktop/syuuron/nmt/attention_PI_0.5PS_0.3PD_0.2_Noisy_model/Vocab.in is already initialized.
  loaded infer model parameters from /home/emlab/Desktop/syuuron/nmt/attention_PI_0.5PS_0.3PD_0.2_Noisy_model/translate.ckpt-7000, time 0.05s
  # 64
    src: IH AA2 AA JH G IY1 UH1 OW1 OY2 V Y AH1 UW1 AO UW1 F K AH1 IH1 CH AA Z OY0 N UH0 B IH1 Y UW0 EY2 AA0 AW1 L G OW1 IY0 T UW1 L IH1 F N AO EY0 V IH0 NG UW1 M ER1 AH2 D AH0 UH2 AY0 EY1 EY Z EY2 D ER0 IH0 T UH2 AH0 EH R T IH0 OY1 T NG AH0 UH2 N SH
    ref: Move ( Kitchen_Table ) Move ( Kitchen_Table ) Move ( apartment )
    nmt: Move ( Kitchen_Table ) Move ( Living_Table ) Move ( apartment )
2019-02-03 16:29:26.967541: I tensorflow/core/kernels/lookup_util.cc:376] Table trying to initialize from file /home/emlab/Desktop/syuuron/nmt/attention_PI_0.5PS_0.3PD_0.2_Noisy_model/Vocab.out is already initialized.
2019-02-03 16:29:26.967541: I tensorflow/core/kernels/lookup_util.cc:376] Table trying to initialize from file /home/emlab/Desktop/syuuron/nmt/attention_PI_0.5PS_0.3PD_0.2_Noisy_model/Vocab.out is already initialized.
2019-02-03 16:29:26.967541: I tensorflow/core/kernels/lookup_util.cc:376] Table trying to initialize from file /home/emlab/Desktop/syuuron/nmt/attention_PI_0.5PS_0.3PD_0.2_Noisy_model/Vocab.in is already initialized.
  loaded infer model parameters from /home/emlab/Desktop/syuuron/nmt/attention_PI_0.5PS_0.3PD_0.2_Noisy_model/translate.ckpt-7000, time 0.05s
# External evaluation, global step 7000
  decoding to output /home/emlab/Desktop/syuuron/nmt/attention_PI_0.5PS_0.3PD_0.2_Noisy_model/output_dev
  done, num sentences 2001, num translations per input 1, time 0s, Sun Feb  3 16:29:27 2019.
  bleu dev: 59.5
  saving hparams to /home/emlab/Desktop/syuuron/nmt/attention_PI_0.5PS_0.3PD_0.2_Noisy_model/hparams
# External evaluation, global step 7000
  decoding to output /home/emlab/Desktop/syuuron/nmt/attention_PI_0.5PS_0.3PD_0.2_Noisy_model/output_test
  done, num sentences 100, num translations per input 1, time 0s, Sun Feb  3 16:29:28 2019.
  bleu test: 12.7
  saving hparams to /home/emlab/Desktop/syuuron/nmt/attention_PI_0.5PS_0.3PD_0.2_Noisy_model/hparams
--------------------------------------------------------------------------------------------
# Finished an epoch, step 7695. Perform external evaluation
2019-02-03 16:29:38.571125: I tensorflow/core/kernels/lookup_util.cc:376] Table trying to initialize from file /home/emlab/Desktop/syuuron/nmt/attention_PI_0.5PS_0.3PD_0.2_Noisy_model/Vocab.out is already initialized.
2019-02-03 16:29:38.571125: I tensorflow/core/kernels/lookup_util.cc:376] Table trying to initialize from file /home/emlab/Desktop/syuuron/nmt/attention_PI_0.5PS_0.3PD_0.2_Noisy_model/Vocab.out is already initialized.
2019-02-03 16:29:38.571125: I tensorflow/core/kernels/lookup_util.cc:376] Table trying to initialize from file /home/emlab/Desktop/syuuron/nmt/attention_PI_0.5PS_0.3PD_0.2_Noisy_model/Vocab.in is already initialized.
  loaded infer model parameters from /home/emlab/Desktop/syuuron/nmt/attention_PI_0.5PS_0.3PD_0.2_Noisy_model/translate.ckpt-7000, time 0.05s
  # 242
    src: AA G AY0 T UH0 D AY1 N IH0 OW UW1 NG OY IH0 N OW0 T EH2 K EH2 IY1 B EY AH0 ER1 L M ER1 HH F UW2 T UH1 K IH1 AH0 N ER1 T EY1 B D HH T R AH1 EY1 K R AO1 T D AA1 R L ER0
    ref: Move ( Dining_Table ) Move ( Kitchen_Table ) Find ( rabbit_doll Dining_Table ) Grasp ( rabbit_doll ) Move ( HERE )
    nmt: Move ( Dining_Table ) Move ( Kitchen_Table ) Find ( rabbit_doll Dining_Table ) Grasp ( rabbit_doll ) Move ( HERE )
2019-02-03 16:29:38.656159: I tensorflow/core/kernels/lookup_util.cc:376] Table trying to initialize from file /home/emlab/Desktop/syuuron/nmt/attention_PI_0.5PS_0.3PD_0.2_Noisy_model/Vocab.out is already initialized.
2019-02-03 16:29:38.656159: I tensorflow/core/kernels/lookup_util.cc:376] Table trying to initialize from file /home/emlab/Desktop/syuuron/nmt/attention_PI_0.5PS_0.3PD_0.2_Noisy_model/Vocab.in is already initialized.
2019-02-03 16:29:38.656169: I tensorflow/core/kernels/lookup_util.cc:376] Table trying to initialize from file /home/emlab/Desktop/syuuron/nmt/attention_PI_0.5PS_0.3PD_0.2_Noisy_model/Vocab.out is already initialized.
  loaded infer model parameters from /home/emlab/Desktop/syuuron/nmt/attention_PI_0.5PS_0.3PD_0.2_Noisy_model/translate.ckpt-7000, time 0.05s
# External evaluation, global step 7000
  decoding to output /home/emlab/Desktop/syuuron/nmt/attention_PI_0.5PS_0.3PD_0.2_Noisy_model/output_dev
  done, num sentences 2001, num translations per input 1, time 0s, Sun Feb  3 16:29:39 2019.
  bleu dev: 59.5
  saving hparams to /home/emlab/Desktop/syuuron/nmt/attention_PI_0.5PS_0.3PD_0.2_Noisy_model/hparams
# External evaluation, global step 7000
  decoding to output /home/emlab/Desktop/syuuron/nmt/attention_PI_0.5PS_0.3PD_0.2_Noisy_model/output_test
  done, num sentences 100, num translations per input 1, time 0s, Sun Feb  3 16:29:39 2019.
  bleu test: 12.7
  saving hparams to /home/emlab/Desktop/syuuron/nmt/attention_PI_0.5PS_0.3PD_0.2_Noisy_model/hparams
  step 7700 lr 1 step-time 0.13s wps 78.77K ppl 1.11 gN 3.23 bleu 60.14, Sun Feb  3 16:29:41 2019
--------------------------------------------------------------------------------------------
# Finished an epoch, step 7776. Perform external evaluation
2019-02-03 16:29:50.210621: I tensorflow/core/kernels/lookup_util.cc:376] Table trying to initialize from file /home/emlab/Desktop/syuuron/nmt/attention_PI_0.5PS_0.3PD_0.2_Noisy_model/Vocab.in is already initialized.
2019-02-03 16:29:50.210645: I tensorflow/core/kernels/lookup_util.cc:376] Table trying to initialize from file /home/emlab/Desktop/syuuron/nmt/attention_PI_0.5PS_0.3PD_0.2_Noisy_model/Vocab.out is already initialized.
2019-02-03 16:29:50.210646: I tensorflow/core/kernels/lookup_util.cc:376] Table trying to initialize from file /home/emlab/Desktop/syuuron/nmt/attention_PI_0.5PS_0.3PD_0.2_Noisy_model/Vocab.out is already initialized.
  loaded infer model parameters from /home/emlab/Desktop/syuuron/nmt/attention_PI_0.5PS_0.3PD_0.2_Noisy_model/translate.ckpt-7000, time 0.05s
  # 215
    src: S G EY0 OW1 UW2 CH T CH K R OW2 OW1 EY D K ER0 AH1 M AO2 B AY1 N P ER2 OY OW2 ER1 AW S N EY N AH0 IH1 R B R ZH OW0 IH1 NG DH UH T AH1 M B L AW1 ER0 F OY2 AE1 M IY1 S AY2 M K IH1 AY2 UW2 W ER OW1 V NG AA2 EY1 B ER AH0 AO0 L
    ref: Move ( Corridor ) Find ( person Corridor ) Move ( Kitchen_Table ) Grasp ( tumbler )
    nmt: Move ( Corridor ) Find ( person Corridor ) Move ( Living_Table ) Grasp ( tumbler )
2019-02-03 16:29:50.295010: I tensorflow/core/kernels/lookup_util.cc:376] Table trying to initialize from file /home/emlab/Desktop/syuuron/nmt/attention_PI_0.5PS_0.3PD_0.2_Noisy_model/Vocab.out is already initialized.
2019-02-03 16:29:50.295010: I tensorflow/core/kernels/lookup_util.cc:376] Table trying to initialize from file /home/emlab/Desktop/syuuron/nmt/attention_PI_0.5PS_0.3PD_0.2_Noisy_model/Vocab.in is already initialized.
2019-02-03 16:29:50.295015: I tensorflow/core/kernels/lookup_util.cc:376] Table trying to initialize from file /home/emlab/Desktop/syuuron/nmt/attention_PI_0.5PS_0.3PD_0.2_Noisy_model/Vocab.out is already initialized.
  loaded infer model parameters from /home/emlab/Desktop/syuuron/nmt/attention_PI_0.5PS_0.3PD_0.2_Noisy_model/translate.ckpt-7000, time 0.05s
# External evaluation, global step 7000
  decoding to output /home/emlab/Desktop/syuuron/nmt/attention_PI_0.5PS_0.3PD_0.2_Noisy_model/output_dev
  done, num sentences 2001, num translations per input 1, time 0s, Sun Feb  3 16:29:51 2019.
  bleu dev: 59.5
  saving hparams to /home/emlab/Desktop/syuuron/nmt/attention_PI_0.5PS_0.3PD_0.2_Noisy_model/hparams
# External evaluation, global step 7000
  decoding to output /home/emlab/Desktop/syuuron/nmt/attention_PI_0.5PS_0.3PD_0.2_Noisy_model/output_test
  done, num sentences 100, num translations per input 1, time 0s, Sun Feb  3 16:29:51 2019.
  bleu test: 12.7
  saving hparams to /home/emlab/Desktop/syuuron/nmt/attention_PI_0.5PS_0.3PD_0.2_Noisy_model/hparams
  step 7800 lr 1 step-time 0.12s wps 83.13K ppl 1.12 gN 3.01 bleu 60.14, Sun Feb  3 16:29:54 2019
--------------------------------------------------------------------------------------------
# Finished an epoch, step 7857. Perform external evaluation
2019-02-03 16:30:01.848113: I tensorflow/core/kernels/lookup_util.cc:376] Table trying to initialize from file /home/emlab/Desktop/syuuron/nmt/attention_PI_0.5PS_0.3PD_0.2_Noisy_model/Vocab.in is already initialized.
2019-02-03 16:30:01.848113: I tensorflow/core/kernels/lookup_util.cc:376] Table trying to initialize from file /home/emlab/Desktop/syuuron/nmt/attention_PI_0.5PS_0.3PD_0.2_Noisy_model/Vocab.out is already initialized.
2019-02-03 16:30:01.848113: I tensorflow/core/kernels/lookup_util.cc:376] Table trying to initialize from file /home/emlab/Desktop/syuuron/nmt/attention_PI_0.5PS_0.3PD_0.2_Noisy_model/Vocab.out is already initialized.
  loaded infer model parameters from /home/emlab/Desktop/syuuron/nmt/attention_PI_0.5PS_0.3PD_0.2_Noisy_model/translate.ckpt-7000, time 0.05s
  # 659
    src: W AW0 L UH2 HH G IH OY T Y AE1 Y D JH UW1 IY0 F ER R HH AE0 AH0 CH T S AY0 OW1 AO1 AH0 AE2 UW CH R L UH AH1 G OW1 AW T AA1 EY2 UW2 UW1 AY2 K IY0 JH R AH0 D W ER0 UW EY1 IH1 T AH0 UH2 D IY AY1 N IH0 EY0 AH R OW R D IY1 UH UW1 EY2 OW M
    ref: Move ( Kitchen_Table ) Find ( canned_juice Kitchen_Table  ) Grasp ( canned_juice )  Move ( Corridor ) Move ( Dining_Room )
    nmt: Move ( Kitchen_Table ) Find ( salt Kitchen_Table ) Grasp ( salt ) Move ( Corridor ) Move ( Dining_Room )
2019-02-03 16:30:01.935609: I tensorflow/core/kernels/lookup_util.cc:376] Table trying to initialize from file /home/emlab/Desktop/syuuron/nmt/attention_PI_0.5PS_0.3PD_0.2_Noisy_model/Vocab.out is already initialized.
2019-02-03 16:30:01.935609: I tensorflow/core/kernels/lookup_util.cc:376] Table trying to initialize from file /home/emlab/Desktop/syuuron/nmt/attention_PI_0.5PS_0.3PD_0.2_Noisy_model/Vocab.out is already initialized.
2019-02-03 16:30:01.935609: I tensorflow/core/kernels/lookup_util.cc:376] Table trying to initialize from file /home/emlab/Desktop/syuuron/nmt/attention_PI_0.5PS_0.3PD_0.2_Noisy_model/Vocab.in is already initialized.
  loaded infer model parameters from /home/emlab/Desktop/syuuron/nmt/attention_PI_0.5PS_0.3PD_0.2_Noisy_model/translate.ckpt-7000, time 0.05s
# External evaluation, global step 7000
  decoding to output /home/emlab/Desktop/syuuron/nmt/attention_PI_0.5PS_0.3PD_0.2_Noisy_model/output_dev
  done, num sentences 2001, num translations per input 1, time 0s, Sun Feb  3 16:30:02 2019.
  bleu dev: 59.5
  saving hparams to /home/emlab/Desktop/syuuron/nmt/attention_PI_0.5PS_0.3PD_0.2_Noisy_model/hparams
# External evaluation, global step 7000
  decoding to output /home/emlab/Desktop/syuuron/nmt/attention_PI_0.5PS_0.3PD_0.2_Noisy_model/output_test
  done, num sentences 100, num translations per input 1, time 0s, Sun Feb  3 16:30:03 2019.
  bleu test: 12.7
  saving hparams to /home/emlab/Desktop/syuuron/nmt/attention_PI_0.5PS_0.3PD_0.2_Noisy_model/hparams
  step 7900 lr 1 step-time 0.13s wps 82.49K ppl 1.11 gN 3.03 bleu 60.14, Sun Feb  3 16:30:09 2019
--------------------------------------------------------------------------------------------
# Finished an epoch, step 7938. Perform external evaluation
2019-02-03 16:30:13.488658: I tensorflow/core/kernels/lookup_util.cc:376] Table trying to initialize from file /home/emlab/Desktop/syuuron/nmt/attention_PI_0.5PS_0.3PD_0.2_Noisy_model/Vocab.out is already initialized.
2019-02-03 16:30:13.488658: I tensorflow/core/kernels/lookup_util.cc:376] Table trying to initialize from file /home/emlab/Desktop/syuuron/nmt/attention_PI_0.5PS_0.3PD_0.2_Noisy_model/Vocab.in is already initialized.
2019-02-03 16:30:13.488658: I tensorflow/core/kernels/lookup_util.cc:376] Table trying to initialize from file /home/emlab/Desktop/syuuron/nmt/attention_PI_0.5PS_0.3PD_0.2_Noisy_model/Vocab.out is already initialized.
  loaded infer model parameters from /home/emlab/Desktop/syuuron/nmt/attention_PI_0.5PS_0.3PD_0.2_Noisy_model/translate.ckpt-7000, time 0.05s
  # 936
    src: CH OW1 AW0 UH1 UW1 Y OY R D G AH2 R EY EH L AH0 IH1 V ZH IH0 NG OW1 EH F AH0 T K B L IY1
    ref: Move ( Bar ) Move ( Living_Sofa ) Find ( Bleach Bar ) Grasp ( Bleach ) Move ( HERE )
    nmt: Move ( Living_Sofa ) Find ( Bleach Living_Sofa ) Grasp ( Bleach ) Move ( HERE )
2019-02-03 16:30:13.565022: I tensorflow/core/kernels/lookup_util.cc:376] Table trying to initialize from file /home/emlab/Desktop/syuuron/nmt/attention_PI_0.5PS_0.3PD_0.2_Noisy_model/Vocab.out is already initialized.
2019-02-03 16:30:13.565022: I tensorflow/core/kernels/lookup_util.cc:376] Table trying to initialize from file /home/emlab/Desktop/syuuron/nmt/attention_PI_0.5PS_0.3PD_0.2_Noisy_model/Vocab.in is already initialized.
2019-02-03 16:30:13.565025: I tensorflow/core/kernels/lookup_util.cc:376] Table trying to initialize from file /home/emlab/Desktop/syuuron/nmt/attention_PI_0.5PS_0.3PD_0.2_Noisy_model/Vocab.out is already initialized.
  loaded infer model parameters from /home/emlab/Desktop/syuuron/nmt/attention_PI_0.5PS_0.3PD_0.2_Noisy_model/translate.ckpt-7000, time 0.05s
# External evaluation, global step 7000
  decoding to output /home/emlab/Desktop/syuuron/nmt/attention_PI_0.5PS_0.3PD_0.2_Noisy_model/output_dev
  done, num sentences 2001, num translations per input 1, time 0s, Sun Feb  3 16:30:14 2019.
  bleu dev: 59.5
  saving hparams to /home/emlab/Desktop/syuuron/nmt/attention_PI_0.5PS_0.3PD_0.2_Noisy_model/hparams
# External evaluation, global step 7000
  decoding to output /home/emlab/Desktop/syuuron/nmt/attention_PI_0.5PS_0.3PD_0.2_Noisy_model/output_test
  done, num sentences 100, num translations per input 1, time 0s, Sun Feb  3 16:30:14 2019.
  bleu test: 12.7
  saving hparams to /home/emlab/Desktop/syuuron/nmt/attention_PI_0.5PS_0.3PD_0.2_Noisy_model/hparams
  step 8000 lr 1 step-time 0.12s wps 83.25K ppl 1.12 gN 3.06 bleu 60.14, Sun Feb  3 16:30:22 2019
# Save eval, global step 8000
2019-02-03 16:30:23.153497: I tensorflow/core/kernels/lookup_util.cc:376] Table trying to initialize from file /home/emlab/Desktop/syuuron/nmt/attention_PI_0.5PS_0.3PD_0.2_Noisy_model/Vocab.out is already initialized.
2019-02-03 16:30:23.153504: I tensorflow/core/kernels/lookup_util.cc:376] Table trying to initialize from file /home/emlab/Desktop/syuuron/nmt/attention_PI_0.5PS_0.3PD_0.2_Noisy_model/Vocab.in is already initialized.
2019-02-03 16:30:23.153526: I tensorflow/core/kernels/lookup_util.cc:376] Table trying to initialize from file /home/emlab/Desktop/syuuron/nmt/attention_PI_0.5PS_0.3PD_0.2_Noisy_model/Vocab.out is already initialized.
  loaded infer model parameters from /home/emlab/Desktop/syuuron/nmt/attention_PI_0.5PS_0.3PD_0.2_Noisy_model/translate.ckpt-8000, time 0.05s
  # 992
    src: AY2 UW1 AH1 AA1 G IH2 OW1 CH UW1 P S W AY UW P DH AY1 EH1 T EY1 AH0 S AE2 L L V AO2 M AY1 AA1 IY Z IH UH AA OY ZH N N IH1 EY0 R B OW0 OW0 CH F N AE2 IY0 F SH UH1 ER0 AH0 L AE0 UW2 AH1 NG S AH0 AE2
    ref: Move ( Side_Table ) Find ( person Side_Table  ) Follow ( person )
    nmt: Move ( Side_Table ) Find ( person Side_Table ) Follow ( person )
2019-02-03 16:30:23.232244: I tensorflow/core/kernels/lookup_util.cc:376] Table trying to initialize from file /home/emlab/Desktop/syuuron/nmt/attention_PI_0.5PS_0.3PD_0.2_Noisy_model/Vocab.in is already initialized.
2019-02-03 16:30:23.232270: I tensorflow/core/kernels/lookup_util.cc:376] Table trying to initialize from file /home/emlab/Desktop/syuuron/nmt/attention_PI_0.5PS_0.3PD_0.2_Noisy_model/Vocab.out is already initialized.
2019-02-03 16:30:23.232244: I tensorflow/core/kernels/lookup_util.cc:376] Table trying to initialize from file /home/emlab/Desktop/syuuron/nmt/attention_PI_0.5PS_0.3PD_0.2_Noisy_model/Vocab.out is already initialized.
  loaded eval model parameters from /home/emlab/Desktop/syuuron/nmt/attention_PI_0.5PS_0.3PD_0.2_Noisy_model/translate.ckpt-8000, time 0.05s
  eval dev: perplexity 1.57, time 1s, Sun Feb  3 16:30:24 2019.
  eval test: perplexity 6.26, time 0s, Sun Feb  3 16:30:24 2019.
--------------------------------------------------------------------------------------------
# Finished an epoch, step 8019. Perform external evaluation
2019-02-03 16:30:26.640146: I tensorflow/core/kernels/lookup_util.cc:376] Table trying to initialize from file /home/emlab/Desktop/syuuron/nmt/attention_PI_0.5PS_0.3PD_0.2_Noisy_model/Vocab.in is already initialized.
2019-02-03 16:30:26.640146: I tensorflow/core/kernels/lookup_util.cc:376] Table trying to initialize from file /home/emlab/Desktop/syuuron/nmt/attention_PI_0.5PS_0.3PD_0.2_Noisy_model/Vocab.out is already initialized.
2019-02-03 16:30:26.640146: I tensorflow/core/kernels/lookup_util.cc:376] Table trying to initialize from file /home/emlab/Desktop/syuuron/nmt/attention_PI_0.5PS_0.3PD_0.2_Noisy_model/Vocab.out is already initialized.
  loaded infer model parameters from /home/emlab/Desktop/syuuron/nmt/attention_PI_0.5PS_0.3PD_0.2_Noisy_model/translate.ckpt-8000, time 0.05s
  # 1040
    src: EH1 W AH IH AY D UW1 EH1 T AW2 AA0 AE AY1 EY1 EY1 IY S L G IH R AY1 IY2 S P AW0 D V IH1 OY1 AY1 UH2 AA0 AA N D AH1 ZH EY0 AA2 D T AH1 M P UH UW
    ref: Move ( Side_Table ) Grasp ( toy_duck ) Move ( HERE )
    nmt: Move ( Side_Table ) Find ( toy_duck Side_Table ) Grasp ( salt ) Move ( HERE )
2019-02-03 16:30:26.722009: I tensorflow/core/kernels/lookup_util.cc:376] Table trying to initialize from file /home/emlab/Desktop/syuuron/nmt/attention_PI_0.5PS_0.3PD_0.2_Noisy_model/Vocab.out is already initialized.
2019-02-03 16:30:26.722009: I tensorflow/core/kernels/lookup_util.cc:376] Table trying to initialize from file /home/emlab/Desktop/syuuron/nmt/attention_PI_0.5PS_0.3PD_0.2_Noisy_model/Vocab.in is already initialized.
2019-02-03 16:30:26.722009: I tensorflow/core/kernels/lookup_util.cc:376] Table trying to initialize from file /home/emlab/Desktop/syuuron/nmt/attention_PI_0.5PS_0.3PD_0.2_Noisy_model/Vocab.out is already initialized.
  loaded infer model parameters from /home/emlab/Desktop/syuuron/nmt/attention_PI_0.5PS_0.3PD_0.2_Noisy_model/translate.ckpt-8000, time 0.05s
# External evaluation, global step 8000
  decoding to output /home/emlab/Desktop/syuuron/nmt/attention_PI_0.5PS_0.3PD_0.2_Noisy_model/output_dev
  done, num sentences 2001, num translations per input 1, time 1s, Sun Feb  3 16:30:28 2019.
  bleu dev: 60.4
  saving hparams to /home/emlab/Desktop/syuuron/nmt/attention_PI_0.5PS_0.3PD_0.2_Noisy_model/hparams
# External evaluation, global step 8000
  decoding to output /home/emlab/Desktop/syuuron/nmt/attention_PI_0.5PS_0.3PD_0.2_Noisy_model/output_test
  done, num sentences 100, num translations per input 1, time 0s, Sun Feb  3 16:30:28 2019.
  bleu test: 16.4
  saving hparams to /home/emlab/Desktop/syuuron/nmt/attention_PI_0.5PS_0.3PD_0.2_Noisy_model/hparams
  step 8100 lr 1 step-time 0.12s wps 81.64K ppl 1.12 gN 3.28 bleu 60.42, Sun Feb  3 16:30:38 2019
--------------------------------------------------------------------------------------------
# Finished an epoch, step 8100. Perform external evaluation
2019-02-03 16:30:38.833925: I tensorflow/core/kernels/lookup_util.cc:376] Table trying to initialize from file /home/emlab/Desktop/syuuron/nmt/attention_PI_0.5PS_0.3PD_0.2_Noisy_model/Vocab.in is already initialized.
2019-02-03 16:30:38.833925: I tensorflow/core/kernels/lookup_util.cc:376] Table trying to initialize from file /home/emlab/Desktop/syuuron/nmt/attention_PI_0.5PS_0.3PD_0.2_Noisy_model/Vocab.out is already initialized.
2019-02-03 16:30:38.833925: I tensorflow/core/kernels/lookup_util.cc:376] Table trying to initialize from file /home/emlab/Desktop/syuuron/nmt/attention_PI_0.5PS_0.3PD_0.2_Noisy_model/Vocab.out is already initialized.
  loaded infer model parameters from /home/emlab/Desktop/syuuron/nmt/attention_PI_0.5PS_0.3PD_0.2_Noisy_model/translate.ckpt-8000, time 0.05s
  # 378
    src: G AE ER2 IH1 AA AE1 OW0 AH1 EH V L AY1 P EY1 IH0 NG IH2 B AW0 S OW1 F AH0 F OY0 AY1 N D AY P UH1 W B UH2 IH2 AH0 N EH0 IH1 R V AY1 NG AW2 EH IH0 F AA1 L IH AO0 AW2 OW0 ZH P R AA1 ER1 N
    ref: Move ( Living_Sofa ) Find ( person Living_Sofa ) Follow ( person )
    nmt: Move ( Living_Sofa ) Find ( person Living_Sofa ) Follow ( person )
2019-02-03 16:30:38.914488: I tensorflow/core/kernels/lookup_util.cc:376] Table trying to initialize from file /home/emlab/Desktop/syuuron/nmt/attention_PI_0.5PS_0.3PD_0.2_Noisy_model/Vocab.out is already initialized.
2019-02-03 16:30:38.914488: I tensorflow/core/kernels/lookup_util.cc:376] Table trying to initialize from file /home/emlab/Desktop/syuuron/nmt/attention_PI_0.5PS_0.3PD_0.2_Noisy_model/Vocab.in is already initialized.
2019-02-03 16:30:38.914488: I tensorflow/core/kernels/lookup_util.cc:376] Table trying to initialize from file /home/emlab/Desktop/syuuron/nmt/attention_PI_0.5PS_0.3PD_0.2_Noisy_model/Vocab.out is already initialized.
  loaded infer model parameters from /home/emlab/Desktop/syuuron/nmt/attention_PI_0.5PS_0.3PD_0.2_Noisy_model/translate.ckpt-8000, time 0.05s
# External evaluation, global step 8000
  decoding to output /home/emlab/Desktop/syuuron/nmt/attention_PI_0.5PS_0.3PD_0.2_Noisy_model/output_dev
  done, num sentences 2001, num translations per input 1, time 1s, Sun Feb  3 16:30:40 2019.
  bleu dev: 60.4
  saving hparams to /home/emlab/Desktop/syuuron/nmt/attention_PI_0.5PS_0.3PD_0.2_Noisy_model/hparams
# External evaluation, global step 8000
  decoding to output /home/emlab/Desktop/syuuron/nmt/attention_PI_0.5PS_0.3PD_0.2_Noisy_model/output_test
  done, num sentences 100, num translations per input 1, time 0s, Sun Feb  3 16:30:40 2019.
  bleu test: 16.4
  saving hparams to /home/emlab/Desktop/syuuron/nmt/attention_PI_0.5PS_0.3PD_0.2_Noisy_model/hparams
--------------------------------------------------------------------------------------------
# Finished an epoch, step 8181. Perform external evaluation
2019-02-03 16:30:50.925365: I tensorflow/core/kernels/lookup_util.cc:376] Table trying to initialize from file /home/emlab/Desktop/syuuron/nmt/attention_PI_0.5PS_0.3PD_0.2_Noisy_model/Vocab.in is already initialized.
2019-02-03 16:30:50.925369: I tensorflow/core/kernels/lookup_util.cc:376] Table trying to initialize from file /home/emlab/Desktop/syuuron/nmt/attention_PI_0.5PS_0.3PD_0.2_Noisy_model/Vocab.out is already initialized.
2019-02-03 16:30:50.925425: I tensorflow/core/kernels/lookup_util.cc:376] Table trying to initialize from file /home/emlab/Desktop/syuuron/nmt/attention_PI_0.5PS_0.3PD_0.2_Noisy_model/Vocab.out is already initialized.
  loaded infer model parameters from /home/emlab/Desktop/syuuron/nmt/attention_PI_0.5PS_0.3PD_0.2_Noisy_model/translate.ckpt-8000, time 0.05s
  # 298
    src: AY1 IY ER1 OW1 UH UW1 V OY1 IH1 EH2 AW1 IH0 S T ER0 AE1 AE2 UW1 EH0 UW0 OW AE0 UH2 P AE1 AH1 OW1 UH T UW1 K AW2 AW1 UW EY N UW2 SH AH0 IY2 AY0 NG EY1 B AW1 K IH1 L AH0 N AA1 EH1 UW2 HH IY2 DH G AY0 IH G EY0 EY0 AO Z B AH1 AH0 M AA0 AA0 Y IH1 N AA1 UW N R OW0 IH EY0 AE1 EH1 M
    ref: Move ( Visitor_Room ) Move ( Kitchen_Table ) Move ( Kitchen_Room )
    nmt: Move ( Visitor_Room ) Move ( Kitchen_Table ) Move ( apartment )
2019-02-03 16:30:51.009305: I tensorflow/core/kernels/lookup_util.cc:376] Table trying to initialize from file /home/emlab/Desktop/syuuron/nmt/attention_PI_0.5PS_0.3PD_0.2_Noisy_model/Vocab.out is already initialized.
2019-02-03 16:30:51.009305: I tensorflow/core/kernels/lookup_util.cc:376] Table trying to initialize from file /home/emlab/Desktop/syuuron/nmt/attention_PI_0.5PS_0.3PD_0.2_Noisy_model/Vocab.out is already initialized.
2019-02-03 16:30:51.009305: I tensorflow/core/kernels/lookup_util.cc:376] Table trying to initialize from file /home/emlab/Desktop/syuuron/nmt/attention_PI_0.5PS_0.3PD_0.2_Noisy_model/Vocab.in is already initialized.
  loaded infer model parameters from /home/emlab/Desktop/syuuron/nmt/attention_PI_0.5PS_0.3PD_0.2_Noisy_model/translate.ckpt-8000, time 0.05s
# External evaluation, global step 8000
  decoding to output /home/emlab/Desktop/syuuron/nmt/attention_PI_0.5PS_0.3PD_0.2_Noisy_model/output_dev
  done, num sentences 2001, num translations per input 1, time 1s, Sun Feb  3 16:30:52 2019.
  bleu dev: 60.4
  saving hparams to /home/emlab/Desktop/syuuron/nmt/attention_PI_0.5PS_0.3PD_0.2_Noisy_model/hparams
# External evaluation, global step 8000
  decoding to output /home/emlab/Desktop/syuuron/nmt/attention_PI_0.5PS_0.3PD_0.2_Noisy_model/output_test
  done, num sentences 100, num translations per input 1, time 0s, Sun Feb  3 16:30:52 2019.
  bleu test: 16.4
  saving hparams to /home/emlab/Desktop/syuuron/nmt/attention_PI_0.5PS_0.3PD_0.2_Noisy_model/hparams
  step 8200 lr 1 step-time 0.13s wps 80.26K ppl 1.13 gN 3.70 bleu 60.42, Sun Feb  3 16:30:55 2019
--------------------------------------------------------------------------------------------
# Finished an epoch, step 8262. Perform external evaluation
2019-02-03 16:31:03.111016: I tensorflow/core/kernels/lookup_util.cc:376] Table trying to initialize from file /home/emlab/Desktop/syuuron/nmt/attention_PI_0.5PS_0.3PD_0.2_Noisy_model/Vocab.out is already initialized.
2019-02-03 16:31:03.111016: I tensorflow/core/kernels/lookup_util.cc:376] Table trying to initialize from file /home/emlab/Desktop/syuuron/nmt/attention_PI_0.5PS_0.3PD_0.2_Noisy_model/Vocab.in is already initialized.
2019-02-03 16:31:03.111016: I tensorflow/core/kernels/lookup_util.cc:376] Table trying to initialize from file /home/emlab/Desktop/syuuron/nmt/attention_PI_0.5PS_0.3PD_0.2_Noisy_model/Vocab.out is already initialized.
  loaded infer model parameters from /home/emlab/Desktop/syuuron/nmt/attention_PI_0.5PS_0.3PD_0.2_Noisy_model/translate.ckpt-8000, time 0.05s
  # 778
    src: OW1 R AW UW1 L AA1 B Y IY0 N EH1 K M F R AO1 N AY1 AO EH1 V AA2 AA1 AO0 AW AE2 AE2 G AA1 AW ER0 AO0 D OW2 AH2 N AW UH2 AO EY1 T OY1 AE1 AA0 D IY DH S EY1 P ER0 EH1 AH W ER2 P AE0 T
    ref: Move ( lobby ) Find ( cigarette lobby ) Grasp ( cigarette )
    nmt: Move ( lobby ) Find ( ground_pepper lobby ) Grasp ( ground_pepper )
2019-02-03 16:31:03.190308: I tensorflow/core/kernels/lookup_util.cc:376] Table trying to initialize from file /home/emlab/Desktop/syuuron/nmt/attention_PI_0.5PS_0.3PD_0.2_Noisy_model/Vocab.out is already initialized.
2019-02-03 16:31:03.190309: I tensorflow/core/kernels/lookup_util.cc:376] Table trying to initialize from file /home/emlab/Desktop/syuuron/nmt/attention_PI_0.5PS_0.3PD_0.2_Noisy_model/Vocab.in is already initialized.
2019-02-03 16:31:03.190310: I tensorflow/core/kernels/lookup_util.cc:376] Table trying to initialize from file /home/emlab/Desktop/syuuron/nmt/attention_PI_0.5PS_0.3PD_0.2_Noisy_model/Vocab.out is already initialized.
  loaded infer model parameters from /home/emlab/Desktop/syuuron/nmt/attention_PI_0.5PS_0.3PD_0.2_Noisy_model/translate.ckpt-8000, time 0.05s
# External evaluation, global step 8000
  decoding to output /home/emlab/Desktop/syuuron/nmt/attention_PI_0.5PS_0.3PD_0.2_Noisy_model/output_dev
  done, num sentences 2001, num translations per input 1, time 1s, Sun Feb  3 16:31:04 2019.
  bleu dev: 60.4
  saving hparams to /home/emlab/Desktop/syuuron/nmt/attention_PI_0.5PS_0.3PD_0.2_Noisy_model/hparams
# External evaluation, global step 8000
  decoding to output /home/emlab/Desktop/syuuron/nmt/attention_PI_0.5PS_0.3PD_0.2_Noisy_model/output_test
  done, num sentences 100, num translations per input 1, time 0s, Sun Feb  3 16:31:05 2019.
  bleu test: 16.4
  saving hparams to /home/emlab/Desktop/syuuron/nmt/attention_PI_0.5PS_0.3PD_0.2_Noisy_model/hparams
  step 8300 lr 1 step-time 0.13s wps 82.29K ppl 1.12 gN 3.06 bleu 60.42, Sun Feb  3 16:31:10 2019
--------------------------------------------------------------------------------------------
# Finished an epoch, step 8343. Perform external evaluation
2019-02-03 16:31:15.288059: I tensorflow/core/kernels/lookup_util.cc:376] Table trying to initialize from file /home/emlab/Desktop/syuuron/nmt/attention_PI_0.5PS_0.3PD_0.2_Noisy_model/Vocab.in is already initialized.
2019-02-03 16:31:15.288059: I tensorflow/core/kernels/lookup_util.cc:376] Table trying to initialize from file /home/emlab/Desktop/syuuron/nmt/attention_PI_0.5PS_0.3PD_0.2_Noisy_model/Vocab.out is already initialized.
2019-02-03 16:31:15.288059: I tensorflow/core/kernels/lookup_util.cc:376] Table trying to initialize from file /home/emlab/Desktop/syuuron/nmt/attention_PI_0.5PS_0.3PD_0.2_Noisy_model/Vocab.out is already initialized.
  loaded infer model parameters from /home/emlab/Desktop/syuuron/nmt/attention_PI_0.5PS_0.3PD_0.2_Noisy_model/translate.ckpt-8000, time 0.05s
  # 1366
    src: G IH0 G IH0 AW1 OY2 OW1 OW2 T AH2 AA1 HH W UH ER1 UW1 UH2 K F IY0 EH2 AE2 IY L AA2 S AA2 K IH1 OY2 IH0 EY NG OW1 R AO0 F AY1 AY0 N AH B OY1 F AO2 ER1 OW1 AH0 G N N SH IH1 EH1 AE2 ER0 R AW0 AY0 AO1 AO2 EH AY1 B EH2 R OW AY K R OW0 AH1 G AO1 UH2 NG ZH T R B AE AH0 AH0 ER1 AE1
    ref: Move ( Living_Room ) Find ( person Living_Room ) Move ( Living_Table ) Grasp ( camera )
    nmt: Move ( lobby ) Find ( person lobby ) Move ( Living_Sofa ) Grasp ( rabbit_doll )
2019-02-03 16:31:15.375386: I tensorflow/core/kernels/lookup_util.cc:376] Table trying to initialize from file /home/emlab/Desktop/syuuron/nmt/attention_PI_0.5PS_0.3PD_0.2_Noisy_model/Vocab.out is already initialized.
2019-02-03 16:31:15.375386: I tensorflow/core/kernels/lookup_util.cc:376] Table trying to initialize from file /home/emlab/Desktop/syuuron/nmt/attention_PI_0.5PS_0.3PD_0.2_Noisy_model/Vocab.out is already initialized.
2019-02-03 16:31:15.375386: I tensorflow/core/kernels/lookup_util.cc:376] Table trying to initialize from file /home/emlab/Desktop/syuuron/nmt/attention_PI_0.5PS_0.3PD_0.2_Noisy_model/Vocab.in is already initialized.
  loaded infer model parameters from /home/emlab/Desktop/syuuron/nmt/attention_PI_0.5PS_0.3PD_0.2_Noisy_model/translate.ckpt-8000, time 0.05s
# External evaluation, global step 8000
  decoding to output /home/emlab/Desktop/syuuron/nmt/attention_PI_0.5PS_0.3PD_0.2_Noisy_model/output_dev
  done, num sentences 2001, num translations per input 1, time 1s, Sun Feb  3 16:31:16 2019.
  bleu dev: 60.4
  saving hparams to /home/emlab/Desktop/syuuron/nmt/attention_PI_0.5PS_0.3PD_0.2_Noisy_model/hparams
# External evaluation, global step 8000
  decoding to output /home/emlab/Desktop/syuuron/nmt/attention_PI_0.5PS_0.3PD_0.2_Noisy_model/output_test
  done, num sentences 100, num translations per input 1, time 0s, Sun Feb  3 16:31:17 2019.
  bleu test: 16.4
  saving hparams to /home/emlab/Desktop/syuuron/nmt/attention_PI_0.5PS_0.3PD_0.2_Noisy_model/hparams
  step 8400 lr 1 step-time 0.12s wps 82.83K ppl 1.12 gN 2.86 bleu 60.42, Sun Feb  3 16:31:24 2019
--------------------------------------------------------------------------------------------
# Finished an epoch, step 8424. Perform external evaluation
2019-02-03 16:31:27.430309: I tensorflow/core/kernels/lookup_util.cc:376] Table trying to initialize from file /home/emlab/Desktop/syuuron/nmt/attention_PI_0.5PS_0.3PD_0.2_Noisy_model/Vocab.out is already initialized.
2019-02-03 16:31:27.430309: I tensorflow/core/kernels/lookup_util.cc:376] Table trying to initialize from file /home/emlab/Desktop/syuuron/nmt/attention_PI_0.5PS_0.3PD_0.2_Noisy_model/Vocab.in is already initialized.
2019-02-03 16:31:27.430309: I tensorflow/core/kernels/lookup_util.cc:376] Table trying to initialize from file /home/emlab/Desktop/syuuron/nmt/attention_PI_0.5PS_0.3PD_0.2_Noisy_model/Vocab.out is already initialized.
  loaded infer model parameters from /home/emlab/Desktop/syuuron/nmt/attention_PI_0.5PS_0.3PD_0.2_Noisy_model/translate.ckpt-8000, time 0.05s
  # 1407
    src: W R R F IH1 OY1 IY0 AY0 SH OW1 L OW L AY0 K OY1 JH UH0 IH1 UW1 AH0 AA0 N OW0 AE2 AW0 AE0 T EY1 AH0 T OY2 AW EY UH ZH AW1 AO AE2 NG IH R AE0 TH AO1 TH B EH2 K JH AA0 UW1 SH F B R AO0 NG F AA2 EY2 T T UW1 B AA1
    ref: Move (  Kitchen_Table ) Find ( Strawberry_Juice Kitchen_Table  ) Grasp ( Strawberry_Juice )  Move ( Bar )
    nmt: Move ( Kitchen_Table ) Find ( Strawberry_Juice Kitchen_Table ) Grasp ( Strawberry_Juice ) Move ( Bar )
2019-02-03 16:31:27.520035: I tensorflow/core/kernels/lookup_util.cc:376] Table trying to initialize from file /home/emlab/Desktop/syuuron/nmt/attention_PI_0.5PS_0.3PD_0.2_Noisy_model/Vocab.out is already initialized.
2019-02-03 16:31:27.520050: I tensorflow/core/kernels/lookup_util.cc:376] Table trying to initialize from file /home/emlab/Desktop/syuuron/nmt/attention_PI_0.5PS_0.3PD_0.2_Noisy_model/Vocab.in is already initialized.
2019-02-03 16:31:27.520043: I tensorflow/core/kernels/lookup_util.cc:376] Table trying to initialize from file /home/emlab/Desktop/syuuron/nmt/attention_PI_0.5PS_0.3PD_0.2_Noisy_model/Vocab.out is already initialized.
  loaded infer model parameters from /home/emlab/Desktop/syuuron/nmt/attention_PI_0.5PS_0.3PD_0.2_Noisy_model/translate.ckpt-8000, time 0.05s
# External evaluation, global step 8000
  decoding to output /home/emlab/Desktop/syuuron/nmt/attention_PI_0.5PS_0.3PD_0.2_Noisy_model/output_dev
  done, num sentences 2001, num translations per input 1, time 1s, Sun Feb  3 16:31:28 2019.
  bleu dev: 60.4
  saving hparams to /home/emlab/Desktop/syuuron/nmt/attention_PI_0.5PS_0.3PD_0.2_Noisy_model/hparams
# External evaluation, global step 8000
  decoding to output /home/emlab/Desktop/syuuron/nmt/attention_PI_0.5PS_0.3PD_0.2_Noisy_model/output_test
  done, num sentences 100, num translations per input 1, time 0s, Sun Feb  3 16:31:29 2019.
  bleu test: 16.4
  saving hparams to /home/emlab/Desktop/syuuron/nmt/attention_PI_0.5PS_0.3PD_0.2_Noisy_model/hparams
  step 8500 lr 1 step-time 0.13s wps 82.63K ppl 1.11 gN 2.90 bleu 60.42, Sun Feb  3 16:31:39 2019
--------------------------------------------------------------------------------------------
# Finished an epoch, step 8505. Perform external evaluation
2019-02-03 16:31:39.589642: I tensorflow/core/kernels/lookup_util.cc:376] Table trying to initialize from file /home/emlab/Desktop/syuuron/nmt/attention_PI_0.5PS_0.3PD_0.2_Noisy_model/Vocab.in is already initialized.
2019-02-03 16:31:39.589662: I tensorflow/core/kernels/lookup_util.cc:376] Table trying to initialize from file /home/emlab/Desktop/syuuron/nmt/attention_PI_0.5PS_0.3PD_0.2_Noisy_model/Vocab.out is already initialized.
2019-02-03 16:31:39.589662: I tensorflow/core/kernels/lookup_util.cc:376] Table trying to initialize from file /home/emlab/Desktop/syuuron/nmt/attention_PI_0.5PS_0.3PD_0.2_Noisy_model/Vocab.out is already initialized.
  loaded infer model parameters from /home/emlab/Desktop/syuuron/nmt/attention_PI_0.5PS_0.3PD_0.2_Noisy_model/translate.ckpt-8000, time 0.05s
  # 1597
    src: G IH1 T ER0 UW1 D AY1 S N TH AY UW1 R UW1 UW1 UW1 AW1 EY1 IH1 M AA1 T AH1 AH1 UW2 OW1 K AE P IH2 AH0 OY2 ER T AA1 AE OW0 R F P UH1 T ER EY1 Z UH2 AA0 T T AA1 Y NG N N N IH2 IH UH0 F AO AY1 AE N IH0 NG NG Z AO1 UW1 T G ER1 EY2 EY1 IY1 AA0 B L P L B OW0 EH0
    ref: Move ( Dining_Room ) Find ( Cup_Star Dining_Room ) Grasp ( Cup_Star ) Move ( Dining_Table ) Place ( Cup_Star Dining_Table )
    nmt: Move ( Dining_Room ) Grasp ( Cup_Star ) Move ( Dining_Table ) Place ( Cup_Star Dining_Table )
2019-02-03 16:31:39.675850: I tensorflow/core/kernels/lookup_util.cc:376] Table trying to initialize from file /home/emlab/Desktop/syuuron/nmt/attention_PI_0.5PS_0.3PD_0.2_Noisy_model/Vocab.out is already initialized.
2019-02-03 16:31:39.675850: I tensorflow/core/kernels/lookup_util.cc:376] Table trying to initialize from file /home/emlab/Desktop/syuuron/nmt/attention_PI_0.5PS_0.3PD_0.2_Noisy_model/Vocab.out is already initialized.
2019-02-03 16:31:39.675850: I tensorflow/core/kernels/lookup_util.cc:376] Table trying to initialize from file /home/emlab/Desktop/syuuron/nmt/attention_PI_0.5PS_0.3PD_0.2_Noisy_model/Vocab.in is already initialized.
  loaded infer model parameters from /home/emlab/Desktop/syuuron/nmt/attention_PI_0.5PS_0.3PD_0.2_Noisy_model/translate.ckpt-8000, time 0.05s
# External evaluation, global step 8000
  decoding to output /home/emlab/Desktop/syuuron/nmt/attention_PI_0.5PS_0.3PD_0.2_Noisy_model/output_dev
  done, num sentences 2001, num translations per input 1, time 1s, Sun Feb  3 16:31:41 2019.
  bleu dev: 60.4
  saving hparams to /home/emlab/Desktop/syuuron/nmt/attention_PI_0.5PS_0.3PD_0.2_Noisy_model/hparams
# External evaluation, global step 8000
  decoding to output /home/emlab/Desktop/syuuron/nmt/attention_PI_0.5PS_0.3PD_0.2_Noisy_model/output_test
  done, num sentences 100, num translations per input 1, time 0s, Sun Feb  3 16:31:41 2019.
  bleu test: 16.4
  saving hparams to /home/emlab/Desktop/syuuron/nmt/attention_PI_0.5PS_0.3PD_0.2_Noisy_model/hparams
--------------------------------------------------------------------------------------------
# Finished an epoch, step 8586. Perform external evaluation
2019-02-03 16:31:51.700873: I tensorflow/core/kernels/lookup_util.cc:376] Table trying to initialize from file /home/emlab/Desktop/syuuron/nmt/attention_PI_0.5PS_0.3PD_0.2_Noisy_model/Vocab.in is already initialized.
2019-02-03 16:31:51.700873: I tensorflow/core/kernels/lookup_util.cc:376] Table trying to initialize from file /home/emlab/Desktop/syuuron/nmt/attention_PI_0.5PS_0.3PD_0.2_Noisy_model/Vocab.out is already initialized.
2019-02-03 16:31:51.700873: I tensorflow/core/kernels/lookup_util.cc:376] Table trying to initialize from file /home/emlab/Desktop/syuuron/nmt/attention_PI_0.5PS_0.3PD_0.2_Noisy_model/Vocab.out is already initialized.
  loaded infer model parameters from /home/emlab/Desktop/syuuron/nmt/attention_PI_0.5PS_0.3PD_0.2_Noisy_model/translate.ckpt-8000, time 0.05s
  # 293
    src: OW1 M EY0 AO S IY2 AA1 AY1 T G OY1 DH AW0 AH0 T K B JH EH1 AH AY AW2 AH0 N AH1 IY1 D IH0 NG K P UH0 TH AO0 AO2 UH0 AH0 K IH1 T IH2 AA1 N OY1 UH0 AE0 EH UH0 V IH0 IY2 T W AH0 ER L AH0 K
    ref: Move ( Side_Table )  Grasp ( Japanese_Dressing ) Move ( Living_Table ) Place ( Japanese_Dressing Side_Table )
    nmt: Move ( Side_Table ) Grasp ( Onion_Dressing ) Move ( Living_Table ) Place ( Onion_Dressing Side_Table )
2019-02-03 16:31:51.784401: I tensorflow/core/kernels/lookup_util.cc:376] Table trying to initialize from file /home/emlab/Desktop/syuuron/nmt/attention_PI_0.5PS_0.3PD_0.2_Noisy_model/Vocab.out is already initialized.
2019-02-03 16:31:51.784401: I tensorflow/core/kernels/lookup_util.cc:376] Table trying to initialize from file /home/emlab/Desktop/syuuron/nmt/attention_PI_0.5PS_0.3PD_0.2_Noisy_model/Vocab.in is already initialized.
2019-02-03 16:31:51.784404: I tensorflow/core/kernels/lookup_util.cc:376] Table trying to initialize from file /home/emlab/Desktop/syuuron/nmt/attention_PI_0.5PS_0.3PD_0.2_Noisy_model/Vocab.out is already initialized.
  loaded infer model parameters from /home/emlab/Desktop/syuuron/nmt/attention_PI_0.5PS_0.3PD_0.2_Noisy_model/translate.ckpt-8000, time 0.05s
# External evaluation, global step 8000
  decoding to output /home/emlab/Desktop/syuuron/nmt/attention_PI_0.5PS_0.3PD_0.2_Noisy_model/output_dev
  done, num sentences 2001, num translations per input 1, time 1s, Sun Feb  3 16:31:53 2019.
  bleu dev: 60.4
  saving hparams to /home/emlab/Desktop/syuuron/nmt/attention_PI_0.5PS_0.3PD_0.2_Noisy_model/hparams
# External evaluation, global step 8000
  decoding to output /home/emlab/Desktop/syuuron/nmt/attention_PI_0.5PS_0.3PD_0.2_Noisy_model/output_test
  done, num sentences 100, num translations per input 1, time 0s, Sun Feb  3 16:31:53 2019.
  bleu test: 16.4
  saving hparams to /home/emlab/Desktop/syuuron/nmt/attention_PI_0.5PS_0.3PD_0.2_Noisy_model/hparams
  step 8600 lr 1 step-time 0.13s wps 79.05K ppl 1.11 gN 2.88 bleu 60.42, Sun Feb  3 16:31:55 2019
--------------------------------------------------------------------------------------------
# Finished an epoch, step 8667. Perform external evaluation
2019-02-03 16:32:03.894712: I tensorflow/core/kernels/lookup_util.cc:376] Table trying to initialize from file /home/emlab/Desktop/syuuron/nmt/attention_PI_0.5PS_0.3PD_0.2_Noisy_model/Vocab.in is already initialized.
2019-02-03 16:32:03.894713: I tensorflow/core/kernels/lookup_util.cc:376] Table trying to initialize from file /home/emlab/Desktop/syuuron/nmt/attention_PI_0.5PS_0.3PD_0.2_Noisy_model/Vocab.out is already initialized.
2019-02-03 16:32:03.894713: I tensorflow/core/kernels/lookup_util.cc:376] Table trying to initialize from file /home/emlab/Desktop/syuuron/nmt/attention_PI_0.5PS_0.3PD_0.2_Noisy_model/Vocab.out is already initialized.
  loaded infer model parameters from /home/emlab/Desktop/syuuron/nmt/attention_PI_0.5PS_0.3PD_0.2_Noisy_model/translate.ckpt-8000, time 0.05s
  # 1316
    src: L AE1 AO0 UW1 B AY0 AW0 R EY AY IH1 TH CH NG T S K OW1 OW2 AW0 AY HH F ZH AH1 L M N AO2 Z IH G UW0 OY2 AY M OW1 UW D NG T S EY1 AH2 UH1 G UW OW1 B AO0 T UW1 F IH1 CH M IH EY ER2 V T AA0 AH1 Y UW1 S P F OW1 F IY2
    ref: Move ( Living_Table ) Find ( toy_car Living_Table  ) Grasp ( toy_car ) Move ( kitchen ) ( Sofa )
    nmt: Move ( Bar ) Find ( sauce Bar ) Grasp ( sauce ) Move ( bed_room ) ( Sofa )
2019-02-03 16:32:03.987010: I tensorflow/core/kernels/lookup_util.cc:376] Table trying to initialize from file /home/emlab/Desktop/syuuron/nmt/attention_PI_0.5PS_0.3PD_0.2_Noisy_model/Vocab.out is already initialized.
2019-02-03 16:32:03.987011: I tensorflow/core/kernels/lookup_util.cc:376] Table trying to initialize from file /home/emlab/Desktop/syuuron/nmt/attention_PI_0.5PS_0.3PD_0.2_Noisy_model/Vocab.in is already initialized.
2019-02-03 16:32:03.987015: I tensorflow/core/kernels/lookup_util.cc:376] Table trying to initialize from file /home/emlab/Desktop/syuuron/nmt/attention_PI_0.5PS_0.3PD_0.2_Noisy_model/Vocab.out is already initialized.
  loaded infer model parameters from /home/emlab/Desktop/syuuron/nmt/attention_PI_0.5PS_0.3PD_0.2_Noisy_model/translate.ckpt-8000, time 0.05s
# External evaluation, global step 8000
  decoding to output /home/emlab/Desktop/syuuron/nmt/attention_PI_0.5PS_0.3PD_0.2_Noisy_model/output_dev
  done, num sentences 2001, num translations per input 1, time 1s, Sun Feb  3 16:32:05 2019.
  bleu dev: 60.4
  saving hparams to /home/emlab/Desktop/syuuron/nmt/attention_PI_0.5PS_0.3PD_0.2_Noisy_model/hparams
# External evaluation, global step 8000
  decoding to output /home/emlab/Desktop/syuuron/nmt/attention_PI_0.5PS_0.3PD_0.2_Noisy_model/output_test
  done, num sentences 100, num translations per input 1, time 0s, Sun Feb  3 16:32:05 2019.
  bleu test: 16.4
  saving hparams to /home/emlab/Desktop/syuuron/nmt/attention_PI_0.5PS_0.3PD_0.2_Noisy_model/hparams
  step 8700 lr 1 step-time 0.13s wps 82.39K ppl 1.10 gN 2.69 bleu 60.42, Sun Feb  3 16:32:10 2019
--------------------------------------------------------------------------------------------
# Finished an epoch, step 8748. Perform external evaluation
2019-02-03 16:32:16.060929: I tensorflow/core/kernels/lookup_util.cc:376] Table trying to initialize from file /home/emlab/Desktop/syuuron/nmt/attention_PI_0.5PS_0.3PD_0.2_Noisy_model/Vocab.out is already initialized.
2019-02-03 16:32:16.060929: I tensorflow/core/kernels/lookup_util.cc:376] Table trying to initialize from file /home/emlab/Desktop/syuuron/nmt/attention_PI_0.5PS_0.3PD_0.2_Noisy_model/Vocab.out is already initialized.
2019-02-03 16:32:16.060929: I tensorflow/core/kernels/lookup_util.cc:376] Table trying to initialize from file /home/emlab/Desktop/syuuron/nmt/attention_PI_0.5PS_0.3PD_0.2_Noisy_model/Vocab.in is already initialized.
  loaded infer model parameters from /home/emlab/Desktop/syuuron/nmt/attention_PI_0.5PS_0.3PD_0.2_Noisy_model/translate.ckpt-8000, time 0.05s
  # 636
    src: G OW1 T NG L EH2 AE2 AW1 T AW0 CH Z ER2 T ER1 UW CH Y IY1 AH0 L M AO1 V TH AY1 AW OW2 N D AH0 ER1 ER1 AY1 AA1 IH0 OW2 ER OW2 R B AY1 ER0 OW2 UH0 V S ER OW0 AY2 EH AH0 P ER1 S D N
    ref: Move ( Side_Table ) Find ( person Side_Table ) Follow ( person )
    nmt: Move ( Living_Table ) Find ( person Living_Table ) Follow ( person )
2019-02-03 16:32:16.139531: I tensorflow/core/kernels/lookup_util.cc:376] Table trying to initialize from file /home/emlab/Desktop/syuuron/nmt/attention_PI_0.5PS_0.3PD_0.2_Noisy_model/Vocab.in is already initialized.
2019-02-03 16:32:16.139531: I tensorflow/core/kernels/lookup_util.cc:376] Table trying to initialize from file /home/emlab/Desktop/syuuron/nmt/attention_PI_0.5PS_0.3PD_0.2_Noisy_model/Vocab.out is already initialized.
2019-02-03 16:32:16.139535: I tensorflow/core/kernels/lookup_util.cc:376] Table trying to initialize from file /home/emlab/Desktop/syuuron/nmt/attention_PI_0.5PS_0.3PD_0.2_Noisy_model/Vocab.out is already initialized.
  loaded infer model parameters from /home/emlab/Desktop/syuuron/nmt/attention_PI_0.5PS_0.3PD_0.2_Noisy_model/translate.ckpt-8000, time 0.05s
# External evaluation, global step 8000
  decoding to output /home/emlab/Desktop/syuuron/nmt/attention_PI_0.5PS_0.3PD_0.2_Noisy_model/output_dev
  done, num sentences 2001, num translations per input 1, time 1s, Sun Feb  3 16:32:17 2019.
  bleu dev: 60.4
  saving hparams to /home/emlab/Desktop/syuuron/nmt/attention_PI_0.5PS_0.3PD_0.2_Noisy_model/hparams
# External evaluation, global step 8000
  decoding to output /home/emlab/Desktop/syuuron/nmt/attention_PI_0.5PS_0.3PD_0.2_Noisy_model/output_test
  done, num sentences 100, num translations per input 1, time 0s, Sun Feb  3 16:32:17 2019.
  bleu test: 16.4
  saving hparams to /home/emlab/Desktop/syuuron/nmt/attention_PI_0.5PS_0.3PD_0.2_Noisy_model/hparams
  step 8800 lr 1 step-time 0.13s wps 82.71K ppl 1.10 gN 2.62 bleu 60.42, Sun Feb  3 16:32:24 2019
--------------------------------------------------------------------------------------------
# Finished an epoch, step 8829. Perform external evaluation
2019-02-03 16:32:28.164684: I tensorflow/core/kernels/lookup_util.cc:376] Table trying to initialize from file /home/emlab/Desktop/syuuron/nmt/attention_PI_0.5PS_0.3PD_0.2_Noisy_model/Vocab.in is already initialized.
2019-02-03 16:32:28.164684: I tensorflow/core/kernels/lookup_util.cc:376] Table trying to initialize from file /home/emlab/Desktop/syuuron/nmt/attention_PI_0.5PS_0.3PD_0.2_Noisy_model/Vocab.out is already initialized.
2019-02-03 16:32:28.164684: I tensorflow/core/kernels/lookup_util.cc:376] Table trying to initialize from file /home/emlab/Desktop/syuuron/nmt/attention_PI_0.5PS_0.3PD_0.2_Noisy_model/Vocab.out is already initialized.
  loaded infer model parameters from /home/emlab/Desktop/syuuron/nmt/attention_PI_0.5PS_0.3PD_0.2_Noisy_model/translate.ckpt-8000, time 0.05s
  # 1819
    src: UW2 W D AA2 EH1 SH L M AO2 M W ER V T ER0 B S ER0 IY0 AA1 R G NG AW0 OW2 IH T K EH1 P OW UH T T AW1 AE1 OY2 T K UH0 UW2 D EY2 B AA1 AH0 OY OW T L AW AH0 IY1 UW2 OW1 N D K AH1 HH B M EH EY B IH1 UW1
    ref: Move ( Bar ) Grasp ( empty_plastic_bottle ) Move ( Bar ) Grasp ( empty_plastic_bottle ) Move ( HERE )
    nmt: Move ( Bar ) Grasp ( Stick_Potato ) Move ( HERE )
2019-02-03 16:32:28.247921: I tensorflow/core/kernels/lookup_util.cc:376] Table trying to initialize from file /home/emlab/Desktop/syuuron/nmt/attention_PI_0.5PS_0.3PD_0.2_Noisy_model/Vocab.out is already initialized.
2019-02-03 16:32:28.247921: I tensorflow/core/kernels/lookup_util.cc:376] Table trying to initialize from file /home/emlab/Desktop/syuuron/nmt/attention_PI_0.5PS_0.3PD_0.2_Noisy_model/Vocab.in is already initialized.
2019-02-03 16:32:28.247927: I tensorflow/core/kernels/lookup_util.cc:376] Table trying to initialize from file /home/emlab/Desktop/syuuron/nmt/attention_PI_0.5PS_0.3PD_0.2_Noisy_model/Vocab.out is already initialized.
  loaded infer model parameters from /home/emlab/Desktop/syuuron/nmt/attention_PI_0.5PS_0.3PD_0.2_Noisy_model/translate.ckpt-8000, time 0.05s
# External evaluation, global step 8000
  decoding to output /home/emlab/Desktop/syuuron/nmt/attention_PI_0.5PS_0.3PD_0.2_Noisy_model/output_dev
  done, num sentences 2001, num translations per input 1, time 1s, Sun Feb  3 16:32:29 2019.
  bleu dev: 60.4
  saving hparams to /home/emlab/Desktop/syuuron/nmt/attention_PI_0.5PS_0.3PD_0.2_Noisy_model/hparams
# External evaluation, global step 8000
  decoding to output /home/emlab/Desktop/syuuron/nmt/attention_PI_0.5PS_0.3PD_0.2_Noisy_model/output_test
  done, num sentences 100, num translations per input 1, time 0s, Sun Feb  3 16:32:30 2019.
  bleu test: 16.4
  saving hparams to /home/emlab/Desktop/syuuron/nmt/attention_PI_0.5PS_0.3PD_0.2_Noisy_model/hparams
  step 8900 lr 1 step-time 0.13s wps 82.62K ppl 1.11 gN 3.12 bleu 60.42, Sun Feb  3 16:32:39 2019
--------------------------------------------------------------------------------------------
# Finished an epoch, step 8910. Perform external evaluation
2019-02-03 16:32:40.317843: I tensorflow/core/kernels/lookup_util.cc:376] Table trying to initialize from file /home/emlab/Desktop/syuuron/nmt/attention_PI_0.5PS_0.3PD_0.2_Noisy_model/Vocab.in is already initialized.
2019-02-03 16:32:40.317843: I tensorflow/core/kernels/lookup_util.cc:376] Table trying to initialize from file /home/emlab/Desktop/syuuron/nmt/attention_PI_0.5PS_0.3PD_0.2_Noisy_model/Vocab.out is already initialized.
2019-02-03 16:32:40.317843: I tensorflow/core/kernels/lookup_util.cc:376] Table trying to initialize from file /home/emlab/Desktop/syuuron/nmt/attention_PI_0.5PS_0.3PD_0.2_Noisy_model/Vocab.out is already initialized.
  loaded infer model parameters from /home/emlab/Desktop/syuuron/nmt/attention_PI_0.5PS_0.3PD_0.2_Noisy_model/translate.ckpt-8000, time 0.05s
  # 249
    src: AH2 G IY2 OW1 IH0 UW1 B D N UW0 IH0 HH NG R M N NG S AO0 Z T F AE2 AY1 N M D EH2 B IH UH EH1 M IH1 P AY1 K OY EH2 IH1 TH P R AH1 AO1 AY2 OW0 EY1 P L AY K AH0 Z IH1 T
    ref: Move (  Dining_Room  ) Find ( empty_ketchup Dining_Room  ) Grasp ( empty_ketchup ) 
    nmt: Move ( Dining_Room ) Find ( person Dining_Room ) Move ( Sofa ) Grasp ( twin_bell_alarm_clock ) Move ( person )
2019-02-03 16:32:40.403926: I tensorflow/core/kernels/lookup_util.cc:376] Table trying to initialize from file /home/emlab/Desktop/syuuron/nmt/attention_PI_0.5PS_0.3PD_0.2_Noisy_model/Vocab.out is already initialized.
2019-02-03 16:32:40.403926: I tensorflow/core/kernels/lookup_util.cc:376] Table trying to initialize from file /home/emlab/Desktop/syuuron/nmt/attention_PI_0.5PS_0.3PD_0.2_Noisy_model/Vocab.out is already initialized.
2019-02-03 16:32:40.403926: I tensorflow/core/kernels/lookup_util.cc:376] Table trying to initialize from file /home/emlab/Desktop/syuuron/nmt/attention_PI_0.5PS_0.3PD_0.2_Noisy_model/Vocab.in is already initialized.
  loaded infer model parameters from /home/emlab/Desktop/syuuron/nmt/attention_PI_0.5PS_0.3PD_0.2_Noisy_model/translate.ckpt-8000, time 0.05s
# External evaluation, global step 8000
  decoding to output /home/emlab/Desktop/syuuron/nmt/attention_PI_0.5PS_0.3PD_0.2_Noisy_model/output_dev
  done, num sentences 2001, num translations per input 1, time 1s, Sun Feb  3 16:32:41 2019.
  bleu dev: 60.4
  saving hparams to /home/emlab/Desktop/syuuron/nmt/attention_PI_0.5PS_0.3PD_0.2_Noisy_model/hparams
# External evaluation, global step 8000
  decoding to output /home/emlab/Desktop/syuuron/nmt/attention_PI_0.5PS_0.3PD_0.2_Noisy_model/output_test
  done, num sentences 100, num translations per input 1, time 0s, Sun Feb  3 16:32:42 2019.
  bleu test: 16.4
  saving hparams to /home/emlab/Desktop/syuuron/nmt/attention_PI_0.5PS_0.3PD_0.2_Noisy_model/hparams
--------------------------------------------------------------------------------------------
# Finished an epoch, step 8991. Perform external evaluation
2019-02-03 16:32:52.374480: I tensorflow/core/kernels/lookup_util.cc:376] Table trying to initialize from file /home/emlab/Desktop/syuuron/nmt/attention_PI_0.5PS_0.3PD_0.2_Noisy_model/Vocab.out is already initialized.
2019-02-03 16:32:52.374495: I tensorflow/core/kernels/lookup_util.cc:376] Table trying to initialize from file /home/emlab/Desktop/syuuron/nmt/attention_PI_0.5PS_0.3PD_0.2_Noisy_model/Vocab.out is already initialized.
2019-02-03 16:32:52.374480: I tensorflow/core/kernels/lookup_util.cc:376] Table trying to initialize from file /home/emlab/Desktop/syuuron/nmt/attention_PI_0.5PS_0.3PD_0.2_Noisy_model/Vocab.in is already initialized.
  loaded infer model parameters from /home/emlab/Desktop/syuuron/nmt/attention_PI_0.5PS_0.3PD_0.2_Noisy_model/translate.ckpt-8000, time 0.05s
  # 1452
    src: HH W AA0 AW UH1 D OW AW0 UH0 AH0 UW1 M EH2 AH0 IY0 OY IY2 OY0 OW T OW1 OW1 AE1 R AH0 W T K NG AA1 P OW IY0 AA0 OW T UH R AA2 EY2 R IH1 P OY L AO0 S AH2 IH0 IY1 S OW1 IY1 F AH0
    ref: Move ( Bar ) Find ( Cup_Star Bar  ) Grasp ( Cup_Star )，Move ( Living_Sofa )
    nmt: Move ( HERE ) Find ( Cup_Star Living_Table ) Grasp ( Cup_Star Move ( Living_Sofa ) Place ( Stick_Potato Living_Sofa )
2019-02-03 16:32:52.459894: I tensorflow/core/kernels/lookup_util.cc:376] Table trying to initialize from file /home/emlab/Desktop/syuuron/nmt/attention_PI_0.5PS_0.3PD_0.2_Noisy_model/Vocab.out is already initialized.
2019-02-03 16:32:52.459894: I tensorflow/core/kernels/lookup_util.cc:376] Table trying to initialize from file /home/emlab/Desktop/syuuron/nmt/attention_PI_0.5PS_0.3PD_0.2_Noisy_model/Vocab.in is already initialized.
2019-02-03 16:32:52.459894: I tensorflow/core/kernels/lookup_util.cc:376] Table trying to initialize from file /home/emlab/Desktop/syuuron/nmt/attention_PI_0.5PS_0.3PD_0.2_Noisy_model/Vocab.out is already initialized.
  loaded infer model parameters from /home/emlab/Desktop/syuuron/nmt/attention_PI_0.5PS_0.3PD_0.2_Noisy_model/translate.ckpt-8000, time 0.05s
# External evaluation, global step 8000
  decoding to output /home/emlab/Desktop/syuuron/nmt/attention_PI_0.5PS_0.3PD_0.2_Noisy_model/output_dev
  done, num sentences 2001, num translations per input 1, time 1s, Sun Feb  3 16:32:53 2019.
  bleu dev: 60.4
  saving hparams to /home/emlab/Desktop/syuuron/nmt/attention_PI_0.5PS_0.3PD_0.2_Noisy_model/hparams
# External evaluation, global step 8000
  decoding to output /home/emlab/Desktop/syuuron/nmt/attention_PI_0.5PS_0.3PD_0.2_Noisy_model/output_test
  done, num sentences 100, num translations per input 1, time 0s, Sun Feb  3 16:32:54 2019.
  bleu test: 16.4
  saving hparams to /home/emlab/Desktop/syuuron/nmt/attention_PI_0.5PS_0.3PD_0.2_Noisy_model/hparams
  step 9000 lr 1 step-time 0.13s wps 79.56K ppl 1.11 gN 2.99 bleu 60.42, Sun Feb  3 16:32:55 2019
# Save eval, global step 9000
2019-02-03 16:32:55.997639: I tensorflow/core/kernels/lookup_util.cc:376] Table trying to initialize from file /home/emlab/Desktop/syuuron/nmt/attention_PI_0.5PS_0.3PD_0.2_Noisy_model/Vocab.in is already initialized.
2019-02-03 16:32:55.997679: I tensorflow/core/kernels/lookup_util.cc:376] Table trying to initialize from file /home/emlab/Desktop/syuuron/nmt/attention_PI_0.5PS_0.3PD_0.2_Noisy_model/Vocab.out is already initialized.
2019-02-03 16:32:55.997670: I tensorflow/core/kernels/lookup_util.cc:376] Table trying to initialize from file /home/emlab/Desktop/syuuron/nmt/attention_PI_0.5PS_0.3PD_0.2_Noisy_model/Vocab.out is already initialized.
  loaded infer model parameters from /home/emlab/Desktop/syuuron/nmt/attention_PI_0.5PS_0.3PD_0.2_Noisy_model/translate.ckpt-9000, time 0.05s
  # 1258
    src: G AW T JH AH AO IH1 IH0 NG F OW1 CH F ER AW1 W AH0 AH0 N NG AH IY1 D F V AY1 UH OW AA2 EY0 D AH0 IY1 P IY1 ER1 AW S IH2 AH0 AO1 AY1 S AY1 R EY0 P F AE1 B F AW1 EH AY1 AA0 F R T P B AW1 R
    ref: Move (  Living_Sofa  ) Find ( rabbit_doll Living_Sofa  ) Grasp ( rabbit_doll ) Find ( PERSON Living_Sofa ) Plcae ( rabbit_doll PERSON )
    nmt: Move ( Living_Sofa ) Find ( person Living_Sofa ) Follow ( person )
2019-02-03 16:32:56.076666: I tensorflow/core/kernels/lookup_util.cc:376] Table trying to initialize from file /home/emlab/Desktop/syuuron/nmt/attention_PI_0.5PS_0.3PD_0.2_Noisy_model/Vocab.in is already initialized.
2019-02-03 16:32:56.076668: I tensorflow/core/kernels/lookup_util.cc:376] Table trying to initialize from file /home/emlab/Desktop/syuuron/nmt/attention_PI_0.5PS_0.3PD_0.2_Noisy_model/Vocab.out is already initialized.
2019-02-03 16:32:56.076672: I tensorflow/core/kernels/lookup_util.cc:376] Table trying to initialize from file /home/emlab/Desktop/syuuron/nmt/attention_PI_0.5PS_0.3PD_0.2_Noisy_model/Vocab.out is already initialized.
  loaded eval model parameters from /home/emlab/Desktop/syuuron/nmt/attention_PI_0.5PS_0.3PD_0.2_Noisy_model/translate.ckpt-9000, time 0.05s
  eval dev: perplexity 1.62, time 1s, Sun Feb  3 16:32:57 2019.
  eval test: perplexity 6.88, time 0s, Sun Feb  3 16:32:57 2019.
--------------------------------------------------------------------------------------------
# Finished an epoch, step 9072. Perform external evaluation
2019-02-03 16:33:06.022745: I tensorflow/core/kernels/lookup_util.cc:376] Table trying to initialize from file /home/emlab/Desktop/syuuron/nmt/attention_PI_0.5PS_0.3PD_0.2_Noisy_model/Vocab.out is already initialized.
2019-02-03 16:33:06.022745: I tensorflow/core/kernels/lookup_util.cc:376] Table trying to initialize from file /home/emlab/Desktop/syuuron/nmt/attention_PI_0.5PS_0.3PD_0.2_Noisy_model/Vocab.out is already initialized.
2019-02-03 16:33:06.022745: I tensorflow/core/kernels/lookup_util.cc:376] Table trying to initialize from file /home/emlab/Desktop/syuuron/nmt/attention_PI_0.5PS_0.3PD_0.2_Noisy_model/Vocab.in is already initialized.
  loaded infer model parameters from /home/emlab/Desktop/syuuron/nmt/attention_PI_0.5PS_0.3PD_0.2_Noisy_model/translate.ckpt-9000, time 0.05s
  # 694
    src: AH2 OY2 G AA2 ER0 OW0 T IY0 R UW1 OY0 IH0 AA1 EH1 D IY EY1 UW AO1 AH0 Y AY AE2 AA1 DH EY1 B AA L AH0 IH0 AA F F AY1 M EY0 Z L EH0 OW EH1 P D AA2 AA1 ER1 AO1 IH AW0 S AO EH2 N N EY1 AH R AY0 EY1 ER2 AY1 AE F AY1 SH TH IY0 F AE2 AA1 UH1 TH G OW0 IH1 AH0 P S AH0 AE
    ref: Move ( Reception_Table ) Find ( person Reception_Table  ) Follow ( person )
    nmt: Move ( Reception_Table ) Find ( person Reception_Table ) Follow ( person )
2019-02-03 16:33:06.115437: I tensorflow/core/kernels/lookup_util.cc:376] Table trying to initialize from file /home/emlab/Desktop/syuuron/nmt/attention_PI_0.5PS_0.3PD_0.2_Noisy_model/Vocab.out is already initialized.
2019-02-03 16:33:06.115437: I tensorflow/core/kernels/lookup_util.cc:376] Table trying to initialize from file /home/emlab/Desktop/syuuron/nmt/attention_PI_0.5PS_0.3PD_0.2_Noisy_model/Vocab.out is already initialized.
2019-02-03 16:33:06.115439: I tensorflow/core/kernels/lookup_util.cc:376] Table trying to initialize from file /home/emlab/Desktop/syuuron/nmt/attention_PI_0.5PS_0.3PD_0.2_Noisy_model/Vocab.in is already initialized.
  loaded infer model parameters from /home/emlab/Desktop/syuuron/nmt/attention_PI_0.5PS_0.3PD_0.2_Noisy_model/translate.ckpt-9000, time 0.05s
# External evaluation, global step 9000
  decoding to output /home/emlab/Desktop/syuuron/nmt/attention_PI_0.5PS_0.3PD_0.2_Noisy_model/output_dev
  done, num sentences 2001, num translations per input 1, time 0s, Sun Feb  3 16:33:07 2019.
  bleu dev: 60.0
  saving hparams to /home/emlab/Desktop/syuuron/nmt/attention_PI_0.5PS_0.3PD_0.2_Noisy_model/hparams
# External evaluation, global step 9000
  decoding to output /home/emlab/Desktop/syuuron/nmt/attention_PI_0.5PS_0.3PD_0.2_Noisy_model/output_test
  done, num sentences 100, num translations per input 1, time 0s, Sun Feb  3 16:33:07 2019.
  bleu test: 20.0
  saving hparams to /home/emlab/Desktop/syuuron/nmt/attention_PI_0.5PS_0.3PD_0.2_Noisy_model/hparams
  step 9100 lr 1 step-time 0.12s wps 82.46K ppl 1.10 gN 2.99 bleu 60.42, Sun Feb  3 16:33:11 2019
--------------------------------------------------------------------------------------------
# Finished an epoch, step 9153. Perform external evaluation
2019-02-03 16:33:17.695484: I tensorflow/core/kernels/lookup_util.cc:376] Table trying to initialize from file /home/emlab/Desktop/syuuron/nmt/attention_PI_0.5PS_0.3PD_0.2_Noisy_model/Vocab.out is already initialized.
2019-02-03 16:33:17.695484: I tensorflow/core/kernels/lookup_util.cc:376] Table trying to initialize from file /home/emlab/Desktop/syuuron/nmt/attention_PI_0.5PS_0.3PD_0.2_Noisy_model/Vocab.in is already initialized.
2019-02-03 16:33:17.695545: I tensorflow/core/kernels/lookup_util.cc:376] Table trying to initialize from file /home/emlab/Desktop/syuuron/nmt/attention_PI_0.5PS_0.3PD_0.2_Noisy_model/Vocab.out is already initialized.
  loaded infer model parameters from /home/emlab/Desktop/syuuron/nmt/attention_PI_0.5PS_0.3PD_0.2_Noisy_model/translate.ckpt-9000, time 0.05s
  # 1354
    src: EH1 EH1 OY1 ER0 UW1 W OW1 AE F EH1 IY2 Z IH2 OY2 IH0 N T EH1 Z D UH1 G ER0 EY EY1 OW1 K AW UH W T
    ref: Move ( Sofa ) Find ( sugar Sofa ) Grasp ( sugar )  Move ( sugar )
    nmt: Move ( Sofa ) Find ( cigarette Sofa ) Grasp ( cigarette ) Move ( cigarette )
2019-02-03 16:33:17.774931: I tensorflow/core/kernels/lookup_util.cc:376] Table trying to initialize from file /home/emlab/Desktop/syuuron/nmt/attention_PI_0.5PS_0.3PD_0.2_Noisy_model/Vocab.out is already initialized.
2019-02-03 16:33:17.774933: I tensorflow/core/kernels/lookup_util.cc:376] Table trying to initialize from file /home/emlab/Desktop/syuuron/nmt/attention_PI_0.5PS_0.3PD_0.2_Noisy_model/Vocab.in is already initialized.
2019-02-03 16:33:17.774933: I tensorflow/core/kernels/lookup_util.cc:376] Table trying to initialize from file /home/emlab/Desktop/syuuron/nmt/attention_PI_0.5PS_0.3PD_0.2_Noisy_model/Vocab.out is already initialized.
  loaded infer model parameters from /home/emlab/Desktop/syuuron/nmt/attention_PI_0.5PS_0.3PD_0.2_Noisy_model/translate.ckpt-9000, time 0.05s
# External evaluation, global step 9000
  decoding to output /home/emlab/Desktop/syuuron/nmt/attention_PI_0.5PS_0.3PD_0.2_Noisy_model/output_dev
  done, num sentences 2001, num translations per input 1, time 0s, Sun Feb  3 16:33:18 2019.
  bleu dev: 60.0
  saving hparams to /home/emlab/Desktop/syuuron/nmt/attention_PI_0.5PS_0.3PD_0.2_Noisy_model/hparams
# External evaluation, global step 9000
  decoding to output /home/emlab/Desktop/syuuron/nmt/attention_PI_0.5PS_0.3PD_0.2_Noisy_model/output_test
  done, num sentences 100, num translations per input 1, time 0s, Sun Feb  3 16:33:19 2019.
  bleu test: 20.0
  saving hparams to /home/emlab/Desktop/syuuron/nmt/attention_PI_0.5PS_0.3PD_0.2_Noisy_model/hparams
  step 9200 lr 1 step-time 0.13s wps 82.92K ppl 1.10 gN 3.93 bleu 60.42, Sun Feb  3 16:33:25 2019
--------------------------------------------------------------------------------------------
# Finished an epoch, step 9234. Perform external evaluation
2019-02-03 16:33:29.442062: I tensorflow/core/kernels/lookup_util.cc:376] Table trying to initialize from file /home/emlab/Desktop/syuuron/nmt/attention_PI_0.5PS_0.3PD_0.2_Noisy_model/Vocab.out is already initialized.
2019-02-03 16:33:29.442062: I tensorflow/core/kernels/lookup_util.cc:376] Table trying to initialize from file /home/emlab/Desktop/syuuron/nmt/attention_PI_0.5PS_0.3PD_0.2_Noisy_model/Vocab.in is already initialized.
2019-02-03 16:33:29.442117: I tensorflow/core/kernels/lookup_util.cc:376] Table trying to initialize from file /home/emlab/Desktop/syuuron/nmt/attention_PI_0.5PS_0.3PD_0.2_Noisy_model/Vocab.out is already initialized.
  loaded infer model parameters from /home/emlab/Desktop/syuuron/nmt/attention_PI_0.5PS_0.3PD_0.2_Noisy_model/translate.ckpt-9000, time 0.05s
  # 1605
    src: G OW1 IY2 P EH T UW1 R V S EH1 OW OW2 AW0 B AW UW2 EY1 AO1 AY1 B AE M IH D L N OW1 K S OY0 T T UW0 EH2 W AW2 B IH0 EH0 EH1 K HH IY EH OW T OY1 AO0 OW OW0 OW S AO0 AO2 ER1 AO2 S D T EY1 T
    ref: Move ( Reception_Table ) Find ( soysauce Reception_Table  ) Grasp ( soysauce )
    nmt: Move ( Reception_Table ) Find ( soysauce Reception_Table ) Grasp ( soysauce )
2019-02-03 16:33:29.524234: I tensorflow/core/kernels/lookup_util.cc:376] Table trying to initialize from file /home/emlab/Desktop/syuuron/nmt/attention_PI_0.5PS_0.3PD_0.2_Noisy_model/Vocab.in is already initialized.
2019-02-03 16:33:29.524234: I tensorflow/core/kernels/lookup_util.cc:376] Table trying to initialize from file /home/emlab/Desktop/syuuron/nmt/attention_PI_0.5PS_0.3PD_0.2_Noisy_model/Vocab.out is already initialized.
2019-02-03 16:33:29.524245: I tensorflow/core/kernels/lookup_util.cc:376] Table trying to initialize from file /home/emlab/Desktop/syuuron/nmt/attention_PI_0.5PS_0.3PD_0.2_Noisy_model/Vocab.out is already initialized.
  loaded infer model parameters from /home/emlab/Desktop/syuuron/nmt/attention_PI_0.5PS_0.3PD_0.2_Noisy_model/translate.ckpt-9000, time 0.05s
# External evaluation, global step 9000
  decoding to output /home/emlab/Desktop/syuuron/nmt/attention_PI_0.5PS_0.3PD_0.2_Noisy_model/output_dev
  done, num sentences 2001, num translations per input 1, time 1s, Sun Feb  3 16:33:30 2019.
  bleu dev: 60.0
  saving hparams to /home/emlab/Desktop/syuuron/nmt/attention_PI_0.5PS_0.3PD_0.2_Noisy_model/hparams
# External evaluation, global step 9000
  decoding to output /home/emlab/Desktop/syuuron/nmt/attention_PI_0.5PS_0.3PD_0.2_Noisy_model/output_test
  done, num sentences 100, num translations per input 1, time 0s, Sun Feb  3 16:33:30 2019.
  bleu test: 20.0
  saving hparams to /home/emlab/Desktop/syuuron/nmt/attention_PI_0.5PS_0.3PD_0.2_Noisy_model/hparams
  step 9300 lr 1 step-time 0.13s wps 82.71K ppl 1.11 gN 3.11 bleu 60.42, Sun Feb  3 16:33:39 2019
--------------------------------------------------------------------------------------------
# Finished an epoch, step 9315. Perform external evaluation
2019-02-03 16:33:41.129349: I tensorflow/core/kernels/lookup_util.cc:376] Table trying to initialize from file /home/emlab/Desktop/syuuron/nmt/attention_PI_0.5PS_0.3PD_0.2_Noisy_model/Vocab.in is already initialized.
2019-02-03 16:33:41.129349: I tensorflow/core/kernels/lookup_util.cc:376] Table trying to initialize from file /home/emlab/Desktop/syuuron/nmt/attention_PI_0.5PS_0.3PD_0.2_Noisy_model/Vocab.out is already initialized.
2019-02-03 16:33:41.129349: I tensorflow/core/kernels/lookup_util.cc:376] Table trying to initialize from file /home/emlab/Desktop/syuuron/nmt/attention_PI_0.5PS_0.3PD_0.2_Noisy_model/Vocab.out is already initialized.
  loaded infer model parameters from /home/emlab/Desktop/syuuron/nmt/attention_PI_0.5PS_0.3PD_0.2_Noisy_model/translate.ckpt-9000, time 0.05s
  # 329
    src: AE0 AA1 OY1 AA1 JH UW1 OW0 CH AY IH1 R AE AO D P ZH F AA2 AH2 AH0 M UW1 AH0 HH D Y UW1 V IH0 ER0 IH2 UH1 T B UW1 R AA1 IH0 K NG UH2 S OW1 AW2 F AH0 AO2 EY1 OW2 K R B JH AH0 T D UW0 OW1 OY2 NG UW2 UH2
    ref: Move ( Living_Sofa ) Move ( Dining_Sofa ) Find ( rabbit_doll Living_Sofa ) Grasp ( rabbit_doll ) Move ( HERE )
    nmt: Move ( Sofa ) Move ( Living_Sofa ) Find ( rabbit_doll Sofa ) Grasp ( rabbit_doll ) Move ( HERE )
2019-02-03 16:33:41.218050: I tensorflow/core/kernels/lookup_util.cc:376] Table trying to initialize from file /home/emlab/Desktop/syuuron/nmt/attention_PI_0.5PS_0.3PD_0.2_Noisy_model/Vocab.out is already initialized.
2019-02-03 16:33:41.218050: I tensorflow/core/kernels/lookup_util.cc:376] Table trying to initialize from file /home/emlab/Desktop/syuuron/nmt/attention_PI_0.5PS_0.3PD_0.2_Noisy_model/Vocab.out is already initialized.
2019-02-03 16:33:41.218060: I tensorflow/core/kernels/lookup_util.cc:376] Table trying to initialize from file /home/emlab/Desktop/syuuron/nmt/attention_PI_0.5PS_0.3PD_0.2_Noisy_model/Vocab.in is already initialized.
  loaded infer model parameters from /home/emlab/Desktop/syuuron/nmt/attention_PI_0.5PS_0.3PD_0.2_Noisy_model/translate.ckpt-9000, time 0.05s
# External evaluation, global step 9000
  decoding to output /home/emlab/Desktop/syuuron/nmt/attention_PI_0.5PS_0.3PD_0.2_Noisy_model/output_dev
  done, num sentences 2001, num translations per input 1, time 1s, Sun Feb  3 16:33:42 2019.
  bleu dev: 60.0
  saving hparams to /home/emlab/Desktop/syuuron/nmt/attention_PI_0.5PS_0.3PD_0.2_Noisy_model/hparams
# External evaluation, global step 9000
  decoding to output /home/emlab/Desktop/syuuron/nmt/attention_PI_0.5PS_0.3PD_0.2_Noisy_model/output_test
  done, num sentences 100, num translations per input 1, time 0s, Sun Feb  3 16:33:42 2019.
  bleu test: 20.0
  saving hparams to /home/emlab/Desktop/syuuron/nmt/attention_PI_0.5PS_0.3PD_0.2_Noisy_model/hparams
--------------------------------------------------------------------------------------------
# Finished an epoch, step 9396. Perform external evaluation
2019-02-03 16:33:52.907239: I tensorflow/core/kernels/lookup_util.cc:376] Table trying to initialize from file /home/emlab/Desktop/syuuron/nmt/attention_PI_0.5PS_0.3PD_0.2_Noisy_model/Vocab.out is already initialized.
2019-02-03 16:33:52.907240: I tensorflow/core/kernels/lookup_util.cc:376] Table trying to initialize from file /home/emlab/Desktop/syuuron/nmt/attention_PI_0.5PS_0.3PD_0.2_Noisy_model/Vocab.out is already initialized.
2019-02-03 16:33:52.907240: I tensorflow/core/kernels/lookup_util.cc:376] Table trying to initialize from file /home/emlab/Desktop/syuuron/nmt/attention_PI_0.5PS_0.3PD_0.2_Noisy_model/Vocab.in is already initialized.
  loaded infer model parameters from /home/emlab/Desktop/syuuron/nmt/attention_PI_0.5PS_0.3PD_0.2_Noisy_model/translate.ckpt-9000, time 0.05s
  # 1125
    src: M EY UW1 T AE1 AA1 AO1 OW1 AE1 F OW IY1 AH1 UW2 N AA2 IH1 T IH0 T EH1 IH1 T D UH AH1 NG IY1 K EH0 G T AH0 T
    ref: Move ( Sofa ) Find ( toy_duck Sofa ) Grasp ( toy_duck )
    nmt: Move ( Sofa ) Find ( toy_duck Sofa ) Grasp ( toy_duck )
2019-02-03 16:33:52.987037: I tensorflow/core/kernels/lookup_util.cc:376] Table trying to initialize from file /home/emlab/Desktop/syuuron/nmt/attention_PI_0.5PS_0.3PD_0.2_Noisy_model/Vocab.in is already initialized.
2019-02-03 16:33:52.987037: I tensorflow/core/kernels/lookup_util.cc:376] Table trying to initialize from file /home/emlab/Desktop/syuuron/nmt/attention_PI_0.5PS_0.3PD_0.2_Noisy_model/Vocab.out is already initialized.
2019-02-03 16:33:52.987039: I tensorflow/core/kernels/lookup_util.cc:376] Table trying to initialize from file /home/emlab/Desktop/syuuron/nmt/attention_PI_0.5PS_0.3PD_0.2_Noisy_model/Vocab.out is already initialized.
  loaded infer model parameters from /home/emlab/Desktop/syuuron/nmt/attention_PI_0.5PS_0.3PD_0.2_Noisy_model/translate.ckpt-9000, time 0.05s
# External evaluation, global step 9000
  decoding to output /home/emlab/Desktop/syuuron/nmt/attention_PI_0.5PS_0.3PD_0.2_Noisy_model/output_dev
  done, num sentences 2001, num translations per input 1, time 0s, Sun Feb  3 16:33:53 2019.
  bleu dev: 60.0
  saving hparams to /home/emlab/Desktop/syuuron/nmt/attention_PI_0.5PS_0.3PD_0.2_Noisy_model/hparams
# External evaluation, global step 9000
  decoding to output /home/emlab/Desktop/syuuron/nmt/attention_PI_0.5PS_0.3PD_0.2_Noisy_model/output_test
  done, num sentences 100, num translations per input 1, time 0s, Sun Feb  3 16:33:54 2019.
  bleu test: 20.0
  saving hparams to /home/emlab/Desktop/syuuron/nmt/attention_PI_0.5PS_0.3PD_0.2_Noisy_model/hparams
  step 9400 lr 1 step-time 0.13s wps 78.87K ppl 1.13 gN 3.72 bleu 60.42, Sun Feb  3 16:33:55 2019
--------------------------------------------------------------------------------------------
# Finished an epoch, step 9477. Perform external evaluation
2019-02-03 16:34:04.598790: I tensorflow/core/kernels/lookup_util.cc:376] Table trying to initialize from file /home/emlab/Desktop/syuuron/nmt/attention_PI_0.5PS_0.3PD_0.2_Noisy_model/Vocab.out is already initialized.
2019-02-03 16:34:04.598811: I tensorflow/core/kernels/lookup_util.cc:376] Table trying to initialize from file /home/emlab/Desktop/syuuron/nmt/attention_PI_0.5PS_0.3PD_0.2_Noisy_model/Vocab.in is already initialized.
2019-02-03 16:34:04.598872: I tensorflow/core/kernels/lookup_util.cc:376] Table trying to initialize from file /home/emlab/Desktop/syuuron/nmt/attention_PI_0.5PS_0.3PD_0.2_Noisy_model/Vocab.out is already initialized.
  loaded infer model parameters from /home/emlab/Desktop/syuuron/nmt/attention_PI_0.5PS_0.3PD_0.2_Noisy_model/translate.ckpt-9000, time 0.05s
  # 777
    src: UH1 D Y EY0 UW AW2 TH CH EY1 AY EY ER2 DH AO2 EY UW1 OY0 K AA V T HH AO2 D OY AE N K IH0 AA2 IH0 AW0 NG OY ER0 AH0 K N V B AE1 L G AE1 S AH2 P S T S AO2 S AH0 D AW0 N R D AH2 EY EY2 EY1 IY TH K AW0 UW2 IY B IY2 AO2 D IY2 AE1 K
    ref: Move ( Dining_Table ) Grasp ( soysauce ) Move ( HERE )
    nmt: Move ( Dining_Table ) Grasp ( soysauce ) Move ( HERE )
2019-02-03 16:34:04.683530: I tensorflow/core/kernels/lookup_util.cc:376] Table trying to initialize from file /home/emlab/Desktop/syuuron/nmt/attention_PI_0.5PS_0.3PD_0.2_Noisy_model/Vocab.in is already initialized.
2019-02-03 16:34:04.683532: I tensorflow/core/kernels/lookup_util.cc:376] Table trying to initialize from file /home/emlab/Desktop/syuuron/nmt/attention_PI_0.5PS_0.3PD_0.2_Noisy_model/Vocab.out is already initialized.
2019-02-03 16:34:04.683533: I tensorflow/core/kernels/lookup_util.cc:376] Table trying to initialize from file /home/emlab/Desktop/syuuron/nmt/attention_PI_0.5PS_0.3PD_0.2_Noisy_model/Vocab.out is already initialized.
  loaded infer model parameters from /home/emlab/Desktop/syuuron/nmt/attention_PI_0.5PS_0.3PD_0.2_Noisy_model/translate.ckpt-9000, time 0.05s
# External evaluation, global step 9000
  decoding to output /home/emlab/Desktop/syuuron/nmt/attention_PI_0.5PS_0.3PD_0.2_Noisy_model/output_dev
  done, num sentences 2001, num translations per input 1, time 1s, Sun Feb  3 16:34:05 2019.
  bleu dev: 60.0
  saving hparams to /home/emlab/Desktop/syuuron/nmt/attention_PI_0.5PS_0.3PD_0.2_Noisy_model/hparams
# External evaluation, global step 9000
  decoding to output /home/emlab/Desktop/syuuron/nmt/attention_PI_0.5PS_0.3PD_0.2_Noisy_model/output_test
  done, num sentences 100, num translations per input 1, time 0s, Sun Feb  3 16:34:06 2019.
  bleu test: 20.0
  saving hparams to /home/emlab/Desktop/syuuron/nmt/attention_PI_0.5PS_0.3PD_0.2_Noisy_model/hparams
  step 9500 lr 1 step-time 0.12s wps 83.16K ppl 1.11 gN 2.89 bleu 60.42, Sun Feb  3 16:34:09 2019
--------------------------------------------------------------------------------------------
# Finished an epoch, step 9558. Perform external evaluation
2019-02-03 16:34:16.267612: I tensorflow/core/kernels/lookup_util.cc:376] Table trying to initialize from file /home/emlab/Desktop/syuuron/nmt/attention_PI_0.5PS_0.3PD_0.2_Noisy_model/Vocab.out is already initialized.
2019-02-03 16:34:16.267612: I tensorflow/core/kernels/lookup_util.cc:376] Table trying to initialize from file /home/emlab/Desktop/syuuron/nmt/attention_PI_0.5PS_0.3PD_0.2_Noisy_model/Vocab.in is already initialized.
2019-02-03 16:34:16.267612: I tensorflow/core/kernels/lookup_util.cc:376] Table trying to initialize from file /home/emlab/Desktop/syuuron/nmt/attention_PI_0.5PS_0.3PD_0.2_Noisy_model/Vocab.out is already initialized.
  loaded infer model parameters from /home/emlab/Desktop/syuuron/nmt/attention_PI_0.5PS_0.3PD_0.2_Noisy_model/translate.ckpt-9000, time 0.05s
  # 604
    src: G OW1 ER2 T IY0 IY2 AA0 ER0 B UW0 EH1 EY D EH2 AW0 R EY M N EH1 K AA S AE AO2 EH S F AW2 AW UH D EY1 AW2 EH2 AE0 UW0 IH1 Z D Y AY1 IY2 T AH1 AA1 P F AE1 AY2 Z IH1 AY OW T
    ref: Move ( bed_room ) Find ( white_cup bed_room ) Grasp ( white_cup )
    nmt: Move ( bed_room ) Find ( toy_duck bed_room ) Grasp ( toy_duck )
2019-02-03 16:34:16.349010: I tensorflow/core/kernels/lookup_util.cc:376] Table trying to initialize from file /home/emlab/Desktop/syuuron/nmt/attention_PI_0.5PS_0.3PD_0.2_Noisy_model/Vocab.in is already initialized.
2019-02-03 16:34:16.349010: I tensorflow/core/kernels/lookup_util.cc:376] Table trying to initialize from file /home/emlab/Desktop/syuuron/nmt/attention_PI_0.5PS_0.3PD_0.2_Noisy_model/Vocab.out is already initialized.
2019-02-03 16:34:16.349017: I tensorflow/core/kernels/lookup_util.cc:376] Table trying to initialize from file /home/emlab/Desktop/syuuron/nmt/attention_PI_0.5PS_0.3PD_0.2_Noisy_model/Vocab.out is already initialized.
  loaded infer model parameters from /home/emlab/Desktop/syuuron/nmt/attention_PI_0.5PS_0.3PD_0.2_Noisy_model/translate.ckpt-9000, time 0.05s
# External evaluation, global step 9000
  decoding to output /home/emlab/Desktop/syuuron/nmt/attention_PI_0.5PS_0.3PD_0.2_Noisy_model/output_dev
  done, num sentences 2001, num translations per input 1, time 0s, Sun Feb  3 16:34:17 2019.
  bleu dev: 60.0
  saving hparams to /home/emlab/Desktop/syuuron/nmt/attention_PI_0.5PS_0.3PD_0.2_Noisy_model/hparams
# External evaluation, global step 9000
  decoding to output /home/emlab/Desktop/syuuron/nmt/attention_PI_0.5PS_0.3PD_0.2_Noisy_model/output_test
  done, num sentences 100, num translations per input 1, time 0s, Sun Feb  3 16:34:17 2019.
  bleu test: 20.0
  saving hparams to /home/emlab/Desktop/syuuron/nmt/attention_PI_0.5PS_0.3PD_0.2_Noisy_model/hparams
  step 9600 lr 1 step-time 0.13s wps 82.74K ppl 1.11 gN 3.03 bleu 60.42, Sun Feb  3 16:34:23 2019
--------------------------------------------------------------------------------------------
# Finished an epoch, step 9639. Perform external evaluation
2019-02-03 16:34:27.947927: I tensorflow/core/kernels/lookup_util.cc:376] Table trying to initialize from file /home/emlab/Desktop/syuuron/nmt/attention_PI_0.5PS_0.3PD_0.2_Noisy_model/Vocab.out is already initialized.
2019-02-03 16:34:27.947927: I tensorflow/core/kernels/lookup_util.cc:376] Table trying to initialize from file /home/emlab/Desktop/syuuron/nmt/attention_PI_0.5PS_0.3PD_0.2_Noisy_model/Vocab.in is already initialized.
2019-02-03 16:34:27.947927: I tensorflow/core/kernels/lookup_util.cc:376] Table trying to initialize from file /home/emlab/Desktop/syuuron/nmt/attention_PI_0.5PS_0.3PD_0.2_Noisy_model/Vocab.out is already initialized.
  loaded infer model parameters from /home/emlab/Desktop/syuuron/nmt/attention_PI_0.5PS_0.3PD_0.2_Noisy_model/translate.ckpt-9000, time 0.05s
  # 1017
    src: AE1 EY1 F AY AH0 AW2 S V T UW1 F D AY1 JH N UH2 UH AW0 R OW NG ER UH1 S IY1 OW1 AE0 G UH0 W R AE1 S B P AH2 IH1 OW2 AA1 K AE2 ER2 AY2 AY2 UW0 UH0 S V AH1 EH P AA1 TH OY AO0 IY2 DH AH0 AA1 R T M AH0 UH1 ZH IY0 AA0 T IY2 P IH0 IY1
    ref: Move ( Dining_Sofa ) Find ( pink_cup Dining_Sofa  ) Grasp ( pink_cup ) Move ( apartment )
    nmt: Move ( Dining_Sofa ) Find ( pink_cup Dining_Sofa ) Grasp ( pink_cup ) Move ( apartment )
2019-02-03 16:34:28.034730: I tensorflow/core/kernels/lookup_util.cc:376] Table trying to initialize from file /home/emlab/Desktop/syuuron/nmt/attention_PI_0.5PS_0.3PD_0.2_Noisy_model/Vocab.in is already initialized.
2019-02-03 16:34:28.034730: I tensorflow/core/kernels/lookup_util.cc:376] Table trying to initialize from file /home/emlab/Desktop/syuuron/nmt/attention_PI_0.5PS_0.3PD_0.2_Noisy_model/Vocab.out is already initialized.
2019-02-03 16:34:28.034730: I tensorflow/core/kernels/lookup_util.cc:376] Table trying to initialize from file /home/emlab/Desktop/syuuron/nmt/attention_PI_0.5PS_0.3PD_0.2_Noisy_model/Vocab.out is already initialized.
  loaded infer model parameters from /home/emlab/Desktop/syuuron/nmt/attention_PI_0.5PS_0.3PD_0.2_Noisy_model/translate.ckpt-9000, time 0.05s
# External evaluation, global step 9000
  decoding to output /home/emlab/Desktop/syuuron/nmt/attention_PI_0.5PS_0.3PD_0.2_Noisy_model/output_dev
  done, num sentences 2001, num translations per input 1, time 0s, Sun Feb  3 16:34:29 2019.
  bleu dev: 60.0
  saving hparams to /home/emlab/Desktop/syuuron/nmt/attention_PI_0.5PS_0.3PD_0.2_Noisy_model/hparams
# External evaluation, global step 9000
  decoding to output /home/emlab/Desktop/syuuron/nmt/attention_PI_0.5PS_0.3PD_0.2_Noisy_model/output_test
  done, num sentences 100, num translations per input 1, time 0s, Sun Feb  3 16:34:29 2019.
  bleu test: 20.0
  saving hparams to /home/emlab/Desktop/syuuron/nmt/attention_PI_0.5PS_0.3PD_0.2_Noisy_model/hparams
  step 9700 lr 1 step-time 0.12s wps 82.72K ppl 1.11 gN 3.14 bleu 60.42, Sun Feb  3 16:34:37 2019
--------------------------------------------------------------------------------------------
# Finished an epoch, step 9720. Perform external evaluation
2019-02-03 16:34:39.660941: I tensorflow/core/kernels/lookup_util.cc:376] Table trying to initialize from file /home/emlab/Desktop/syuuron/nmt/attention_PI_0.5PS_0.3PD_0.2_Noisy_model/Vocab.out is already initialized.
2019-02-03 16:34:39.660941: I tensorflow/core/kernels/lookup_util.cc:376] Table trying to initialize from file /home/emlab/Desktop/syuuron/nmt/attention_PI_0.5PS_0.3PD_0.2_Noisy_model/Vocab.out is already initialized.
2019-02-03 16:34:39.660941: I tensorflow/core/kernels/lookup_util.cc:376] Table trying to initialize from file /home/emlab/Desktop/syuuron/nmt/attention_PI_0.5PS_0.3PD_0.2_Noisy_model/Vocab.in is already initialized.
  loaded infer model parameters from /home/emlab/Desktop/syuuron/nmt/attention_PI_0.5PS_0.3PD_0.2_Noisy_model/translate.ckpt-9000, time 0.05s
  # 964
    src: AW1 UW2 IH0 AH2 D UW0 IY IH2 CH F M UW1 AO1 T IH2 IY UW1 K IH1 CH P AY1 AH0 UW1 N T AA1 CH AY ZH UH0 AE2 L AO0 AE2 UH0 IH UH1 R OY2 HH P EH1 Y AH0 HH M UH1 UW IY2 ER1 N P T ER1 HH IY0 AA AA AE0 L AE2 P UW1 AE1 JH EH2 AY AE2 P IY2 OW2 CH G T K AA2 K B EY2 OY AA1 T JH W L IH1 AW1 D B OW2 AY EH1 M
    ref: Move ( Kitchen_Table ) Grasp ( empty_plastic_bottle ) Move ( HERE )
    nmt: Move ( Kitchen_Table ) Grasp ( empty_plastic_bottle ) Move ( HERE )
2019-02-03 16:34:39.752341: I tensorflow/core/kernels/lookup_util.cc:376] Table trying to initialize from file /home/emlab/Desktop/syuuron/nmt/attention_PI_0.5PS_0.3PD_0.2_Noisy_model/Vocab.out is already initialized.
2019-02-03 16:34:39.752341: I tensorflow/core/kernels/lookup_util.cc:376] Table trying to initialize from file /home/emlab/Desktop/syuuron/nmt/attention_PI_0.5PS_0.3PD_0.2_Noisy_model/Vocab.in is already initialized.
2019-02-03 16:34:39.752351: I tensorflow/core/kernels/lookup_util.cc:376] Table trying to initialize from file /home/emlab/Desktop/syuuron/nmt/attention_PI_0.5PS_0.3PD_0.2_Noisy_model/Vocab.out is already initialized.
  loaded infer model parameters from /home/emlab/Desktop/syuuron/nmt/attention_PI_0.5PS_0.3PD_0.2_Noisy_model/translate.ckpt-9000, time 0.05s
# External evaluation, global step 9000
  decoding to output /home/emlab/Desktop/syuuron/nmt/attention_PI_0.5PS_0.3PD_0.2_Noisy_model/output_dev
  done, num sentences 2001, num translations per input 1, time 0s, Sun Feb  3 16:34:40 2019.
  bleu dev: 60.0
  saving hparams to /home/emlab/Desktop/syuuron/nmt/attention_PI_0.5PS_0.3PD_0.2_Noisy_model/hparams
# External evaluation, global step 9000
  decoding to output /home/emlab/Desktop/syuuron/nmt/attention_PI_0.5PS_0.3PD_0.2_Noisy_model/output_test
  done, num sentences 100, num translations per input 1, time 0s, Sun Feb  3 16:34:41 2019.
  bleu test: 20.0
  saving hparams to /home/emlab/Desktop/syuuron/nmt/attention_PI_0.5PS_0.3PD_0.2_Noisy_model/hparams
  step 9800 lr 1 step-time 0.12s wps 81.48K ppl 1.10 gN 2.86 bleu 60.42, Sun Feb  3 16:34:51 2019
--------------------------------------------------------------------------------------------
# Finished an epoch, step 9801. Perform external evaluation
2019-02-03 16:34:51.376195: I tensorflow/core/kernels/lookup_util.cc:376] Table trying to initialize from file /home/emlab/Desktop/syuuron/nmt/attention_PI_0.5PS_0.3PD_0.2_Noisy_model/Vocab.out is already initialized.
2019-02-03 16:34:51.376195: I tensorflow/core/kernels/lookup_util.cc:376] Table trying to initialize from file /home/emlab/Desktop/syuuron/nmt/attention_PI_0.5PS_0.3PD_0.2_Noisy_model/Vocab.out is already initialized.
2019-02-03 16:34:51.376234: I tensorflow/core/kernels/lookup_util.cc:376] Table trying to initialize from file /home/emlab/Desktop/syuuron/nmt/attention_PI_0.5PS_0.3PD_0.2_Noisy_model/Vocab.in is already initialized.
  loaded infer model parameters from /home/emlab/Desktop/syuuron/nmt/attention_PI_0.5PS_0.3PD_0.2_Noisy_model/translate.ckpt-9000, time 0.05s
  # 930
    src: AO0 AE0 UH0 IH0 EH1 ER2 AE1 AW0 P N UW1 G EH ER R OY1 AH1 M UH1 AO L IH AH AO1 F T R AA2 EH0 AE0 SH ER M UW1 UW AA1 OY EH2 AA2 R G OW2 OW1 UW1 K IH1 EY0 AH0 EH AH0 UW N UW1 IH0 UW0 G UH0 AO0 V AA1 ER0 D AW2 D AO AH0 AY1 N EH0 T AH2 IH2 B AW0 AH0 L
    ref: Move ( Bar ) Find ( tumbler Bar  ) Grasp ( tumbler ) Move ( kitchen ) ( Dining_Table )
    nmt: Move ( Bar ) Find ( tumbler Bar ) Grasp ( tumbler ) Move ( kitchen ) Move ( Dining_Table )
2019-02-03 16:34:51.468267: I tensorflow/core/kernels/lookup_util.cc:376] Table trying to initialize from file /home/emlab/Desktop/syuuron/nmt/attention_PI_0.5PS_0.3PD_0.2_Noisy_model/Vocab.out is already initialized.
2019-02-03 16:34:51.468267: I tensorflow/core/kernels/lookup_util.cc:376] Table trying to initialize from file /home/emlab/Desktop/syuuron/nmt/attention_PI_0.5PS_0.3PD_0.2_Noisy_model/Vocab.out is already initialized.
2019-02-03 16:34:51.468267: I tensorflow/core/kernels/lookup_util.cc:376] Table trying to initialize from file /home/emlab/Desktop/syuuron/nmt/attention_PI_0.5PS_0.3PD_0.2_Noisy_model/Vocab.in is already initialized.
  loaded infer model parameters from /home/emlab/Desktop/syuuron/nmt/attention_PI_0.5PS_0.3PD_0.2_Noisy_model/translate.ckpt-9000, time 0.05s
# External evaluation, global step 9000
  decoding to output /home/emlab/Desktop/syuuron/nmt/attention_PI_0.5PS_0.3PD_0.2_Noisy_model/output_dev
  done, num sentences 2001, num translations per input 1, time 0s, Sun Feb  3 16:34:52 2019.
  bleu dev: 60.0
  saving hparams to /home/emlab/Desktop/syuuron/nmt/attention_PI_0.5PS_0.3PD_0.2_Noisy_model/hparams
# External evaluation, global step 9000
  decoding to output /home/emlab/Desktop/syuuron/nmt/attention_PI_0.5PS_0.3PD_0.2_Noisy_model/output_test
  done, num sentences 100, num translations per input 1, time 0s, Sun Feb  3 16:34:52 2019.
  bleu test: 20.0
  saving hparams to /home/emlab/Desktop/syuuron/nmt/attention_PI_0.5PS_0.3PD_0.2_Noisy_model/hparams
--------------------------------------------------------------------------------------------
# Finished an epoch, step 9882. Perform external evaluation
2019-02-03 16:35:03.040473: I tensorflow/core/kernels/lookup_util.cc:376] Table trying to initialize from file /home/emlab/Desktop/syuuron/nmt/attention_PI_0.5PS_0.3PD_0.2_Noisy_model/Vocab.out is already initialized.
2019-02-03 16:35:03.040473: I tensorflow/core/kernels/lookup_util.cc:376] Table trying to initialize from file /home/emlab/Desktop/syuuron/nmt/attention_PI_0.5PS_0.3PD_0.2_Noisy_model/Vocab.in is already initialized.
2019-02-03 16:35:03.040473: I tensorflow/core/kernels/lookup_util.cc:376] Table trying to initialize from file /home/emlab/Desktop/syuuron/nmt/attention_PI_0.5PS_0.3PD_0.2_Noisy_model/Vocab.out is already initialized.
  loaded infer model parameters from /home/emlab/Desktop/syuuron/nmt/attention_PI_0.5PS_0.3PD_0.2_Noisy_model/translate.ckpt-9000, time 0.05s
  # 294
    src: AE2 AE1 IH0 UH0 EY0 EY1 OY1 D N JH EY EY2 Y UW1 B AH1 IH1 NG AH2 S EY0 V AO1 L IY1 F R AH ER2 AY0 EY AH2 OW1 OY0 OW2 M S AH1 AO2 AO1 AW AO1 UW2 OY0 OY1 AH0 G T UW1 AY1 AY IH0 EH1 NG F R EH2 ZH R AA OW AO AE2 AE0 OY0 M F EY UH AY2 AA0 M NG EH1 R UW1 JH UH2 AE AA1 B IH1 AH1 CH W OW0 ER1 EH N T EY1 OW2 AE1 AH0 AE0 SH AA UW0 ER2 L
    ref: Move ( Sofa ) Find ( salt Sofa  ) Grasp ( salt ) Move ( Dining_Room ) ( Kitchen_Table )
    nmt: Move ( Sofa ) Find ( salt Sofa ) Grasp ( salt ) Move ( Dining_Room ) ( Reception_Table )
2019-02-03 16:35:03.136757: I tensorflow/core/kernels/lookup_util.cc:376] Table trying to initialize from file /home/emlab/Desktop/syuuron/nmt/attention_PI_0.5PS_0.3PD_0.2_Noisy_model/Vocab.out is already initialized.
2019-02-03 16:35:03.136757: I tensorflow/core/kernels/lookup_util.cc:376] Table trying to initialize from file /home/emlab/Desktop/syuuron/nmt/attention_PI_0.5PS_0.3PD_0.2_Noisy_model/Vocab.in is already initialized.
2019-02-03 16:35:03.136762: I tensorflow/core/kernels/lookup_util.cc:376] Table trying to initialize from file /home/emlab/Desktop/syuuron/nmt/attention_PI_0.5PS_0.3PD_0.2_Noisy_model/Vocab.out is already initialized.
  loaded infer model parameters from /home/emlab/Desktop/syuuron/nmt/attention_PI_0.5PS_0.3PD_0.2_Noisy_model/translate.ckpt-9000, time 0.05s
# External evaluation, global step 9000
  decoding to output /home/emlab/Desktop/syuuron/nmt/attention_PI_0.5PS_0.3PD_0.2_Noisy_model/output_dev
  done, num sentences 2001, num translations per input 1, time 0s, Sun Feb  3 16:35:04 2019.
  bleu dev: 60.0
  saving hparams to /home/emlab/Desktop/syuuron/nmt/attention_PI_0.5PS_0.3PD_0.2_Noisy_model/hparams
# External evaluation, global step 9000
  decoding to output /home/emlab/Desktop/syuuron/nmt/attention_PI_0.5PS_0.3PD_0.2_Noisy_model/output_test
  done, num sentences 100, num translations per input 1, time 0s, Sun Feb  3 16:35:04 2019.
  bleu test: 20.0
  saving hparams to /home/emlab/Desktop/syuuron/nmt/attention_PI_0.5PS_0.3PD_0.2_Noisy_model/hparams
  step 9900 lr 1 step-time 0.13s wps 80.41K ppl 1.11 gN 3.05 bleu 60.42, Sun Feb  3 16:35:07 2019
--------------------------------------------------------------------------------------------
# Finished an epoch, step 9963. Perform external evaluation
2019-02-03 16:35:14.692916: I tensorflow/core/kernels/lookup_util.cc:376] Table trying to initialize from file /home/emlab/Desktop/syuuron/nmt/attention_PI_0.5PS_0.3PD_0.2_Noisy_model/Vocab.in is already initialized.
2019-02-03 16:35:14.692916: I tensorflow/core/kernels/lookup_util.cc:376] Table trying to initialize from file /home/emlab/Desktop/syuuron/nmt/attention_PI_0.5PS_0.3PD_0.2_Noisy_model/Vocab.out is already initialized.
2019-02-03 16:35:14.692916: I tensorflow/core/kernels/lookup_util.cc:376] Table trying to initialize from file /home/emlab/Desktop/syuuron/nmt/attention_PI_0.5PS_0.3PD_0.2_Noisy_model/Vocab.out is already initialized.
  loaded infer model parameters from /home/emlab/Desktop/syuuron/nmt/attention_PI_0.5PS_0.3PD_0.2_Noisy_model/translate.ckpt-9000, time 0.05s
  # 931
    src: W SH Y UW0 AY0 UH0 AE2 TH G F T UW1 D NG IY AW2 IH0 OY2 NG P OY2 AE1 Z OW1 F OW2 AO2 T IY1 G K OW0 P M OW2 EY1 Y K OW0 AH2 M IH IY0 AY0 T ZH IY0 ZH EH1 CH AH0 IH0 AW2 P EH AW0 M AW1 ER ZH AA0 NG ER P IY0 SH N EY2 UW0 N AH1 M OY1 B IY
    ref: Move ( Dining_Sofa ) Find ( empty_ketchup Dining_Sofa Grasp ( empty_ketchup ) Move ( HERE )
    nmt: Move ( Dining_Sofa ) Find ( empty_ketchup Dining_Sofa ) Grasp ( empty_ketchup ) Move ( HERE )
2019-02-03 16:35:14.782571: I tensorflow/core/kernels/lookup_util.cc:376] Table trying to initialize from file /home/emlab/Desktop/syuuron/nmt/attention_PI_0.5PS_0.3PD_0.2_Noisy_model/Vocab.out is already initialized.
2019-02-03 16:35:14.782571: I tensorflow/core/kernels/lookup_util.cc:376] Table trying to initialize from file /home/emlab/Desktop/syuuron/nmt/attention_PI_0.5PS_0.3PD_0.2_Noisy_model/Vocab.out is already initialized.
2019-02-03 16:35:14.782571: I tensorflow/core/kernels/lookup_util.cc:376] Table trying to initialize from file /home/emlab/Desktop/syuuron/nmt/attention_PI_0.5PS_0.3PD_0.2_Noisy_model/Vocab.in is already initialized.
  loaded infer model parameters from /home/emlab/Desktop/syuuron/nmt/attention_PI_0.5PS_0.3PD_0.2_Noisy_model/translate.ckpt-9000, time 0.05s
# External evaluation, global step 9000
  decoding to output /home/emlab/Desktop/syuuron/nmt/attention_PI_0.5PS_0.3PD_0.2_Noisy_model/output_dev
  done, num sentences 2001, num translations per input 1, time 0s, Sun Feb  3 16:35:15 2019.
  bleu dev: 60.0
  saving hparams to /home/emlab/Desktop/syuuron/nmt/attention_PI_0.5PS_0.3PD_0.2_Noisy_model/hparams
# External evaluation, global step 9000
  decoding to output /home/emlab/Desktop/syuuron/nmt/attention_PI_0.5PS_0.3PD_0.2_Noisy_model/output_test
  done, num sentences 100, num translations per input 1, time 0s, Sun Feb  3 16:35:16 2019.
  bleu test: 20.0
  saving hparams to /home/emlab/Desktop/syuuron/nmt/attention_PI_0.5PS_0.3PD_0.2_Noisy_model/hparams
  step 10000 lr 1 step-time 0.12s wps 83.25K ppl 1.10 gN 2.85 bleu 60.42, Sun Feb  3 16:35:21 2019
# Save eval, global step 10000
2019-02-03 16:35:21.313273: I tensorflow/core/kernels/lookup_util.cc:376] Table trying to initialize from file /home/emlab/Desktop/syuuron/nmt/attention_PI_0.5PS_0.3PD_0.2_Noisy_model/Vocab.out is already initialized.
2019-02-03 16:35:21.313304: I tensorflow/core/kernels/lookup_util.cc:376] Table trying to initialize from file /home/emlab/Desktop/syuuron/nmt/attention_PI_0.5PS_0.3PD_0.2_Noisy_model/Vocab.in is already initialized.
2019-02-03 16:35:21.313327: I tensorflow/core/kernels/lookup_util.cc:376] Table trying to initialize from file /home/emlab/Desktop/syuuron/nmt/attention_PI_0.5PS_0.3PD_0.2_Noisy_model/Vocab.out is already initialized.
  loaded infer model parameters from /home/emlab/Desktop/syuuron/nmt/attention_PI_0.5PS_0.3PD_0.2_Noisy_model/translate.ckpt-10000, time 0.06s
  # 1144
    src: G AH1 AW SH AW1 NG AA0 EY2 UH0 L AW2 B Z AW0 UH2 ER0 AY0 AE0 W OY IH2 EY AY1 P AE ER1 S AH0 EY2 N UH0 B SH AA2 EH0 OY1 IH1 NG R CH UH1 K UH1 AO AO2 AH1 S T AA1 OW1 AW1 IH F OW1 AE R AH1 M AO0 D P L EH0 CH OY1 AE0 IH0 ZH S S OW1 F AH0
    ref: Move ( lobby ) Find ( person lobby ) Move ( Dining_Sofa ) Grasp ( Cup_Star )
    nmt: Move ( lobby ) Find ( person lobby ) Move ( Dining_Sofa ) Grasp ( Cup_Star ) Move ( person )
2019-02-03 16:35:21.401092: I tensorflow/core/kernels/lookup_util.cc:376] Table trying to initialize from file /home/emlab/Desktop/syuuron/nmt/attention_PI_0.5PS_0.3PD_0.2_Noisy_model/Vocab.out is already initialized.
2019-02-03 16:35:21.401092: I tensorflow/core/kernels/lookup_util.cc:376] Table trying to initialize from file /home/emlab/Desktop/syuuron/nmt/attention_PI_0.5PS_0.3PD_0.2_Noisy_model/Vocab.out is already initialized.
2019-02-03 16:35:21.401092: I tensorflow/core/kernels/lookup_util.cc:376] Table trying to initialize from file /home/emlab/Desktop/syuuron/nmt/attention_PI_0.5PS_0.3PD_0.2_Noisy_model/Vocab.in is already initialized.
  loaded eval model parameters from /home/emlab/Desktop/syuuron/nmt/attention_PI_0.5PS_0.3PD_0.2_Noisy_model/translate.ckpt-10000, time 0.05s
  eval dev: perplexity 1.61, time 1s, Sun Feb  3 16:35:22 2019.
  eval test: perplexity 6.47, time 0s, Sun Feb  3 16:35:22 2019.
2019-02-03 16:35:22.864763: I tensorflow/core/kernels/lookup_util.cc:376] Table trying to initialize from file /home/emlab/Desktop/syuuron/nmt/attention_PI_0.5PS_0.3PD_0.2_Noisy_model/Vocab.out is already initialized.
2019-02-03 16:35:22.864778: I tensorflow/core/kernels/lookup_util.cc:376] Table trying to initialize from file /home/emlab/Desktop/syuuron/nmt/attention_PI_0.5PS_0.3PD_0.2_Noisy_model/Vocab.in is already initialized.
2019-02-03 16:35:22.864763: I tensorflow/core/kernels/lookup_util.cc:376] Table trying to initialize from file /home/emlab/Desktop/syuuron/nmt/attention_PI_0.5PS_0.3PD_0.2_Noisy_model/Vocab.out is already initialized.
  loaded infer model parameters from /home/emlab/Desktop/syuuron/nmt/attention_PI_0.5PS_0.3PD_0.2_Noisy_model/translate.ckpt-10000, time 0.06s
  # 1169
    src: G R T UW1 K ZH AW IY2 R ER0 T EY1 ER1 K S HH UW2 UW0 AW2 R EY1 B G AA1 T AH0 L N EY1 S OY IH1 T N R N EH1 OW0 AE P SH AE1 T EY1 AY2 AW1 AH0 EH AO1 EH1 ER0 AO EY1
    ref: Move (  Corridor  ) Find ( spray_bottle Corridor ) Grasp ( spray_bottle ) Move ( Reception_Table )
    nmt: Move ( Corridor ) Find ( spray_bottle Corridor ) Grasp ( spray_bottle ) Move ( Reception_Table )
2019-02-03 16:35:22.950959: I tensorflow/core/kernels/lookup_util.cc:376] Table trying to initialize from file /home/emlab/Desktop/syuuron/nmt/attention_PI_0.5PS_0.3PD_0.2_Noisy_model/Vocab.out is already initialized.
2019-02-03 16:35:22.950959: I tensorflow/core/kernels/lookup_util.cc:376] Table trying to initialize from file /home/emlab/Desktop/syuuron/nmt/attention_PI_0.5PS_0.3PD_0.2_Noisy_model/Vocab.in is already initialized.
2019-02-03 16:35:22.950960: I tensorflow/core/kernels/lookup_util.cc:376] Table trying to initialize from file /home/emlab/Desktop/syuuron/nmt/attention_PI_0.5PS_0.3PD_0.2_Noisy_model/Vocab.out is already initialized.
  loaded infer model parameters from /home/emlab/Desktop/syuuron/nmt/attention_PI_0.5PS_0.3PD_0.2_Noisy_model/translate.ckpt-10000, time 0.05s
# External evaluation, global step 10000
  decoding to output /home/emlab/Desktop/syuuron/nmt/attention_PI_0.5PS_0.3PD_0.2_Noisy_model/output_dev
  done, num sentences 2001, num translations per input 1, time 0s, Sun Feb  3 16:35:23 2019.
  bleu dev: 60.4
  saving hparams to /home/emlab/Desktop/syuuron/nmt/attention_PI_0.5PS_0.3PD_0.2_Noisy_model/hparams
# External evaluation, global step 10000
  decoding to output /home/emlab/Desktop/syuuron/nmt/attention_PI_0.5PS_0.3PD_0.2_Noisy_model/output_test
  done, num sentences 100, num translations per input 1, time 0s, Sun Feb  3 16:35:24 2019.
  bleu test: 20.3
  saving hparams to /home/emlab/Desktop/syuuron/nmt/attention_PI_0.5PS_0.3PD_0.2_Noisy_model/hparams
--------------------------------------------------------------------------------------------
# Finished an epoch, step 10044. Perform external evaluation
2019-02-03 16:35:29.520134: I tensorflow/core/kernels/lookup_util.cc:376] Table trying to initialize from file /home/emlab/Desktop/syuuron/nmt/attention_PI_0.5PS_0.3PD_0.2_Noisy_model/Vocab.out is already initialized.
2019-02-03 16:35:29.520134: I tensorflow/core/kernels/lookup_util.cc:376] Table trying to initialize from file /home/emlab/Desktop/syuuron/nmt/attention_PI_0.5PS_0.3PD_0.2_Noisy_model/Vocab.in is already initialized.
2019-02-03 16:35:29.520201: I tensorflow/core/kernels/lookup_util.cc:376] Table trying to initialize from file /home/emlab/Desktop/syuuron/nmt/attention_PI_0.5PS_0.3PD_0.2_Noisy_model/Vocab.out is already initialized.
  loaded infer model parameters from /home/emlab/Desktop/syuuron/nmt/attention_PI_0.5PS_0.3PD_0.2_Noisy_model/translate.ckpt-10000, time 0.05s
  # 493
    src: M UW1 EY AW2 G OY1 AA AA2 AA1 ER2 UW1 OY UW2 IH S ZH UW1 D AY0 P ER ER1 UW1 EY1 B AH0 D OY N G EH1 T K AE1 M ER0 AH0 OY1 ER EH1 AA G SH IH0 IH0 EH T IY ER2 F UW0 M B D UW AY1 UW IH0 UW0 AW AW1 AA OY1 R V
    ref: Move ( Side_Table ) Find ( camera ) Grasp ( camera ) Move ( Dining_Room )
    nmt: Move ( Side_Table ) Find ( camera Dining_Room ) Grasp ( camera ) Move ( Dining_Room )
2019-02-03 16:35:29.609210: I tensorflow/core/kernels/lookup_util.cc:376] Table trying to initialize from file /home/emlab/Desktop/syuuron/nmt/attention_PI_0.5PS_0.3PD_0.2_Noisy_model/Vocab.out is already initialized.
2019-02-03 16:35:29.609213: I tensorflow/core/kernels/lookup_util.cc:376] Table trying to initialize from file /home/emlab/Desktop/syuuron/nmt/attention_PI_0.5PS_0.3PD_0.2_Noisy_model/Vocab.out is already initialized.
2019-02-03 16:35:29.609223: I tensorflow/core/kernels/lookup_util.cc:376] Table trying to initialize from file /home/emlab/Desktop/syuuron/nmt/attention_PI_0.5PS_0.3PD_0.2_Noisy_model/Vocab.in is already initialized.
  loaded infer model parameters from /home/emlab/Desktop/syuuron/nmt/attention_PI_0.5PS_0.3PD_0.2_Noisy_model/translate.ckpt-10000, time 0.05s
# External evaluation, global step 10000
  decoding to output /home/emlab/Desktop/syuuron/nmt/attention_PI_0.5PS_0.3PD_0.2_Noisy_model/output_dev
  done, num sentences 2001, num translations per input 1, time 0s, Sun Feb  3 16:35:30 2019.
  bleu dev: 60.4
  saving hparams to /home/emlab/Desktop/syuuron/nmt/attention_PI_0.5PS_0.3PD_0.2_Noisy_model/hparams
# External evaluation, global step 10000
  decoding to output /home/emlab/Desktop/syuuron/nmt/attention_PI_0.5PS_0.3PD_0.2_Noisy_model/output_test
  done, num sentences 100, num translations per input 1, time 0s, Sun Feb  3 16:35:30 2019.
  bleu test: 20.3
  saving hparams to /home/emlab/Desktop/syuuron/nmt/attention_PI_0.5PS_0.3PD_0.2_Noisy_model/hparams
  step 10100 lr 1 step-time 0.12s wps 83.02K ppl 1.10 gN 3.16 bleu 60.42, Sun Feb  3 16:35:38 2019
--------------------------------------------------------------------------------------------
# Finished an epoch, step 10125. Perform external evaluation
2019-02-03 16:35:41.208409: I tensorflow/core/kernels/lookup_util.cc:376] Table trying to initialize from file /home/emlab/Desktop/syuuron/nmt/attention_PI_0.5PS_0.3PD_0.2_Noisy_model/Vocab.out is already initialized.
2019-02-03 16:35:41.208409: I tensorflow/core/kernels/lookup_util.cc:376] Table trying to initialize from file /home/emlab/Desktop/syuuron/nmt/attention_PI_0.5PS_0.3PD_0.2_Noisy_model/Vocab.in is already initialized.
2019-02-03 16:35:41.208409: I tensorflow/core/kernels/lookup_util.cc:376] Table trying to initialize from file /home/emlab/Desktop/syuuron/nmt/attention_PI_0.5PS_0.3PD_0.2_Noisy_model/Vocab.out is already initialized.
  loaded infer model parameters from /home/emlab/Desktop/syuuron/nmt/attention_PI_0.5PS_0.3PD_0.2_Noisy_model/translate.ckpt-10000, time 0.05s
  # 1449
    src: TH AE G OW1 AE0 OW0 IH D EH IH1 EH2 IY N AY1 IH0 NG AA2 IH0 ER0 D UW0 NG M EY1 Y K IH S IH0 B AA0 AE OY0 UH AH0 D P T M IH1 K AA1 N P AY1 AH2 P IH2 AY1 D AY2 T EY1 AE1 OY OY L Z
    ref: Move ( Dining_Room ) Find ( nursing_bottle Dining_Room ) Grasp ( nursing_bottle ) Move ( Side_Table ) Place ( nursing_bottle Side_Table )
    nmt: Move ( Dining_Room ) Find ( nursing_bottle Dining_Room ) Grasp ( Cup_Star )
2019-02-03 16:35:41.294913: I tensorflow/core/kernels/lookup_util.cc:376] Table trying to initialize from file /home/emlab/Desktop/syuuron/nmt/attention_PI_0.5PS_0.3PD_0.2_Noisy_model/Vocab.out is already initialized.
2019-02-03 16:35:41.294913: I tensorflow/core/kernels/lookup_util.cc:376] Table trying to initialize from file /home/emlab/Desktop/syuuron/nmt/attention_PI_0.5PS_0.3PD_0.2_Noisy_model/Vocab.in is already initialized.
2019-02-03 16:35:41.294913: I tensorflow/core/kernels/lookup_util.cc:376] Table trying to initialize from file /home/emlab/Desktop/syuuron/nmt/attention_PI_0.5PS_0.3PD_0.2_Noisy_model/Vocab.out is already initialized.
  loaded infer model parameters from /home/emlab/Desktop/syuuron/nmt/attention_PI_0.5PS_0.3PD_0.2_Noisy_model/translate.ckpt-10000, time 0.05s
# External evaluation, global step 10000
  decoding to output /home/emlab/Desktop/syuuron/nmt/attention_PI_0.5PS_0.3PD_0.2_Noisy_model/output_dev
  done, num sentences 2001, num translations per input 1, time 0s, Sun Feb  3 16:35:42 2019.
  bleu dev: 60.4
  saving hparams to /home/emlab/Desktop/syuuron/nmt/attention_PI_0.5PS_0.3PD_0.2_Noisy_model/hparams
# External evaluation, global step 10000
  decoding to output /home/emlab/Desktop/syuuron/nmt/attention_PI_0.5PS_0.3PD_0.2_Noisy_model/output_test
  done, num sentences 100, num translations per input 1, time 0s, Sun Feb  3 16:35:42 2019.
  bleu test: 20.3
  saving hparams to /home/emlab/Desktop/syuuron/nmt/attention_PI_0.5PS_0.3PD_0.2_Noisy_model/hparams
  step 10200 lr 1 step-time 0.12s wps 82.84K ppl 1.10 gN 3.15 bleu 60.42, Sun Feb  3 16:35:52 2019
--------------------------------------------------------------------------------------------
# Finished an epoch, step 10206. Perform external evaluation
2019-02-03 16:35:52.888915: I tensorflow/core/kernels/lookup_util.cc:376] Table trying to initialize from file /home/emlab/Desktop/syuuron/nmt/attention_PI_0.5PS_0.3PD_0.2_Noisy_model/Vocab.out is already initialized.
2019-02-03 16:35:52.888927: I tensorflow/core/kernels/lookup_util.cc:376] Table trying to initialize from file /home/emlab/Desktop/syuuron/nmt/attention_PI_0.5PS_0.3PD_0.2_Noisy_model/Vocab.in is already initialized.
2019-02-03 16:35:52.888915: I tensorflow/core/kernels/lookup_util.cc:376] Table trying to initialize from file /home/emlab/Desktop/syuuron/nmt/attention_PI_0.5PS_0.3PD_0.2_Noisy_model/Vocab.out is already initialized.
  loaded infer model parameters from /home/emlab/Desktop/syuuron/nmt/attention_PI_0.5PS_0.3PD_0.2_Noisy_model/translate.ckpt-10000, time 0.05s
  # 1968
    src: EY1 IY0 W IH0 AA OW1 ER T ER0 T UH1 AH0 UW EY0 V B IH0 IY NG Y UW1 M AO0 AE AO1 AH1 L K F AY1 UW0 S N D OW1 AE P EY2 AE0 UW AA2 ER1 W D N S G N ER0 F OW2 G OW2 UH S T SH UH1 G ER0 Y EH0 W AH1 OY1 EH2
    ref: Move ( Living_Room ) Find ( person ) Move ( Bar ) Grasp ( sugar )
    nmt: Move ( Living_Room ) Find ( sauce Living_Room ) Grasp ( sauce )
2019-02-03 16:35:52.973112: I tensorflow/core/kernels/lookup_util.cc:376] Table trying to initialize from file /home/emlab/Desktop/syuuron/nmt/attention_PI_0.5PS_0.3PD_0.2_Noisy_model/Vocab.out is already initialized.
2019-02-03 16:35:52.973112: I tensorflow/core/kernels/lookup_util.cc:376] Table trying to initialize from file /home/emlab/Desktop/syuuron/nmt/attention_PI_0.5PS_0.3PD_0.2_Noisy_model/Vocab.out is already initialized.
2019-02-03 16:35:52.973113: I tensorflow/core/kernels/lookup_util.cc:376] Table trying to initialize from file /home/emlab/Desktop/syuuron/nmt/attention_PI_0.5PS_0.3PD_0.2_Noisy_model/Vocab.in is already initialized.
  loaded infer model parameters from /home/emlab/Desktop/syuuron/nmt/attention_PI_0.5PS_0.3PD_0.2_Noisy_model/translate.ckpt-10000, time 0.05s
# External evaluation, global step 10000
  decoding to output /home/emlab/Desktop/syuuron/nmt/attention_PI_0.5PS_0.3PD_0.2_Noisy_model/output_dev
  done, num sentences 2001, num translations per input 1, time 0s, Sun Feb  3 16:35:53 2019.
  bleu dev: 60.4
  saving hparams to /home/emlab/Desktop/syuuron/nmt/attention_PI_0.5PS_0.3PD_0.2_Noisy_model/hparams
# External evaluation, global step 10000
  decoding to output /home/emlab/Desktop/syuuron/nmt/attention_PI_0.5PS_0.3PD_0.2_Noisy_model/output_test
  done, num sentences 100, num translations per input 1, time 0s, Sun Feb  3 16:35:54 2019.
  bleu test: 20.3
  saving hparams to /home/emlab/Desktop/syuuron/nmt/attention_PI_0.5PS_0.3PD_0.2_Noisy_model/hparams
--------------------------------------------------------------------------------------------
# Finished an epoch, step 10287. Perform external evaluation
2019-02-03 16:36:04.519119: I tensorflow/core/kernels/lookup_util.cc:376] Table trying to initialize from file /home/emlab/Desktop/syuuron/nmt/attention_PI_0.5PS_0.3PD_0.2_Noisy_model/Vocab.out is already initialized.
2019-02-03 16:36:04.519119: I tensorflow/core/kernels/lookup_util.cc:376] Table trying to initialize from file /home/emlab/Desktop/syuuron/nmt/attention_PI_0.5PS_0.3PD_0.2_Noisy_model/Vocab.in is already initialized.
2019-02-03 16:36:04.519119: I tensorflow/core/kernels/lookup_util.cc:376] Table trying to initialize from file /home/emlab/Desktop/syuuron/nmt/attention_PI_0.5PS_0.3PD_0.2_Noisy_model/Vocab.out is already initialized.
  loaded infer model parameters from /home/emlab/Desktop/syuuron/nmt/attention_PI_0.5PS_0.3PD_0.2_Noisy_model/translate.ckpt-10000, time 0.05s
  # 1586
    src: AO0 Z UH0 AY0 OW1 T IY2 UW1 EH0 AO Y DH AA0 IY2 OW0 R EH2 F IY2 AH2 AH0 AY1 AH0 HH UH2 OW1 ER IH0 N AH UH D T AY0 UH2 S AO0 AH0 N EY2 N AA2 IH1 R B EH1 P OY AY1 UW2 AY1 AH0 L G HH DH AA1 IH1 L ER OW0 L S IY HH AH AW IH S EH AH0 AH0
    ref: Move ( Bar ) Find ( person Bar  ) Follow ( person )
    nmt: Move ( Corridor ) Find ( person Corridor ) Follow ( person )
2019-02-03 16:36:04.608430: I tensorflow/core/kernels/lookup_util.cc:376] Table trying to initialize from file /home/emlab/Desktop/syuuron/nmt/attention_PI_0.5PS_0.3PD_0.2_Noisy_model/Vocab.in is already initialized.
2019-02-03 16:36:04.608430: I tensorflow/core/kernels/lookup_util.cc:376] Table trying to initialize from file /home/emlab/Desktop/syuuron/nmt/attention_PI_0.5PS_0.3PD_0.2_Noisy_model/Vocab.out is already initialized.
2019-02-03 16:36:04.608456: I tensorflow/core/kernels/lookup_util.cc:376] Table trying to initialize from file /home/emlab/Desktop/syuuron/nmt/attention_PI_0.5PS_0.3PD_0.2_Noisy_model/Vocab.out is already initialized.
  loaded infer model parameters from /home/emlab/Desktop/syuuron/nmt/attention_PI_0.5PS_0.3PD_0.2_Noisy_model/translate.ckpt-10000, time 0.06s
# External evaluation, global step 10000
  decoding to output /home/emlab/Desktop/syuuron/nmt/attention_PI_0.5PS_0.3PD_0.2_Noisy_model/output_dev
  done, num sentences 2001, num translations per input 1, time 0s, Sun Feb  3 16:36:05 2019.
  bleu dev: 60.4
  saving hparams to /home/emlab/Desktop/syuuron/nmt/attention_PI_0.5PS_0.3PD_0.2_Noisy_model/hparams
# External evaluation, global step 10000
  decoding to output /home/emlab/Desktop/syuuron/nmt/attention_PI_0.5PS_0.3PD_0.2_Noisy_model/output_test
  done, num sentences 100, num translations per input 1, time 0s, Sun Feb  3 16:36:05 2019.
  bleu test: 20.3
  saving hparams to /home/emlab/Desktop/syuuron/nmt/attention_PI_0.5PS_0.3PD_0.2_Noisy_model/hparams
  step 10300 lr 1 step-time 0.13s wps 79.28K ppl 1.11 gN 3.12 bleu 60.42, Sun Feb  3 16:36:07 2019
--------------------------------------------------------------------------------------------
# Finished an epoch, step 10368. Perform external evaluation
2019-02-03 16:36:16.263809: I tensorflow/core/kernels/lookup_util.cc:376] Table trying to initialize from file /home/emlab/Desktop/syuuron/nmt/attention_PI_0.5PS_0.3PD_0.2_Noisy_model/Vocab.out is already initialized.
2019-02-03 16:36:16.263809: I tensorflow/core/kernels/lookup_util.cc:376] Table trying to initialize from file /home/emlab/Desktop/syuuron/nmt/attention_PI_0.5PS_0.3PD_0.2_Noisy_model/Vocab.in is already initialized.
2019-02-03 16:36:16.263830: I tensorflow/core/kernels/lookup_util.cc:376] Table trying to initialize from file /home/emlab/Desktop/syuuron/nmt/attention_PI_0.5PS_0.3PD_0.2_Noisy_model/Vocab.out is already initialized.
  loaded infer model parameters from /home/emlab/Desktop/syuuron/nmt/attention_PI_0.5PS_0.3PD_0.2_Noisy_model/translate.ckpt-10000, time 0.06s
  # 1160
    src: AE1 UW2 IH2 OW2 N UW0 EH1 HH M UW1 ER1 DH OW1 V M UH1 EY T EH0 S Y D T AO1 ER2 EY1 AH Z AH0 OY1 IY2 AE OW2 UW1 B EY0 S T EH0 NG CH N TH UH2 EH0 EH1 B IH EY1 B F D DH JH W AW1 IY1 L T ZH L AA1 D UH1 V K M B OY0 K
    ref: Move ( Side_Table ) Grasp ( spray_bottle ) Move ( Side_Table ) Grasp ( spray_bottle ) Move ( HERE )
    nmt: Move ( Side_Table ) Grasp ( Brown_Tea ) Move ( HERE )
2019-02-03 16:36:16.353875: I tensorflow/core/kernels/lookup_util.cc:376] Table trying to initialize from file /home/emlab/Desktop/syuuron/nmt/attention_PI_0.5PS_0.3PD_0.2_Noisy_model/Vocab.in is already initialized.
2019-02-03 16:36:16.353902: I tensorflow/core/kernels/lookup_util.cc:376] Table trying to initialize from file /home/emlab/Desktop/syuuron/nmt/attention_PI_0.5PS_0.3PD_0.2_Noisy_model/Vocab.out is already initialized.
2019-02-03 16:36:16.353875: I tensorflow/core/kernels/lookup_util.cc:376] Table trying to initialize from file /home/emlab/Desktop/syuuron/nmt/attention_PI_0.5PS_0.3PD_0.2_Noisy_model/Vocab.out is already initialized.
  loaded infer model parameters from /home/emlab/Desktop/syuuron/nmt/attention_PI_0.5PS_0.3PD_0.2_Noisy_model/translate.ckpt-10000, time 0.06s
# External evaluation, global step 10000
  decoding to output /home/emlab/Desktop/syuuron/nmt/attention_PI_0.5PS_0.3PD_0.2_Noisy_model/output_dev
  done, num sentences 2001, num translations per input 1, time 0s, Sun Feb  3 16:36:17 2019.
  bleu dev: 60.4
  saving hparams to /home/emlab/Desktop/syuuron/nmt/attention_PI_0.5PS_0.3PD_0.2_Noisy_model/hparams
# External evaluation, global step 10000
  decoding to output /home/emlab/Desktop/syuuron/nmt/attention_PI_0.5PS_0.3PD_0.2_Noisy_model/output_test
  done, num sentences 100, num translations per input 1, time 0s, Sun Feb  3 16:36:17 2019.
  bleu test: 20.3
  saving hparams to /home/emlab/Desktop/syuuron/nmt/attention_PI_0.5PS_0.3PD_0.2_Noisy_model/hparams
  step 10400 lr 1 step-time 0.13s wps 82.32K ppl 1.09 gN 2.48 bleu 60.42, Sun Feb  3 16:36:22 2019
--------------------------------------------------------------------------------------------
# Finished an epoch, step 10449. Perform external evaluation
2019-02-03 16:36:28.053400: I tensorflow/core/kernels/lookup_util.cc:376] Table trying to initialize from file /home/emlab/Desktop/syuuron/nmt/attention_PI_0.5PS_0.3PD_0.2_Noisy_model/Vocab.out is already initialized.
2019-02-03 16:36:28.053416: I tensorflow/core/kernels/lookup_util.cc:376] Table trying to initialize from file /home/emlab/Desktop/syuuron/nmt/attention_PI_0.5PS_0.3PD_0.2_Noisy_model/Vocab.in is already initialized.
2019-02-03 16:36:28.053400: I tensorflow/core/kernels/lookup_util.cc:376] Table trying to initialize from file /home/emlab/Desktop/syuuron/nmt/attention_PI_0.5PS_0.3PD_0.2_Noisy_model/Vocab.out is already initialized.
  loaded infer model parameters from /home/emlab/Desktop/syuuron/nmt/attention_PI_0.5PS_0.3PD_0.2_Noisy_model/translate.ckpt-10000, time 0.06s
  # 211
    src: G ZH AW1 ER0 AO0 AA1 AH OW1 UW1 K AO2 OY AO1 V IH1 Z L AA2 AY0 IH0 G AW1 ER AW0 AH2 UW2 R M T AW0 OW G AE R EY2 AH1 S P K AE2 SH OW JH EY2 OY1 AW2 UW2 AA1 IH2 NG ER AH0 N F AO2 ER1 Z D AY EH1 DH ER2 T R AE2 AY1 S UH2 IY2 AH2 AO1 NG AO1 IY0 AY ZH TH AW UH1 EH N IH1 P OY AH0 T P AW1 IH1 IY OY T AO2 D ER1 UH2 EH1 IY1 F UW1 AE1 DH ER IH0 T EY1
    ref: Move (  Visitor_Room  ) Find ( Japanese_Dressing Visitor_Room  ) Grasp ( Japanese_Dressing ) Move ( Dustbin ) Place ( Japanese_Dressing Dustbin ) 
    nmt: Move ( Visitor_Room ) Grasp ( Onion_Dressing ) Move ( Dustbin ) Place ( Japanese_Dressing Dustbin )
2019-02-03 16:36:28.152506: I tensorflow/core/kernels/lookup_util.cc:376] Table trying to initialize from file /home/emlab/Desktop/syuuron/nmt/attention_PI_0.5PS_0.3PD_0.2_Noisy_model/Vocab.in is already initialized.
2019-02-03 16:36:28.152506: I tensorflow/core/kernels/lookup_util.cc:376] Table trying to initialize from file /home/emlab/Desktop/syuuron/nmt/attention_PI_0.5PS_0.3PD_0.2_Noisy_model/Vocab.out is already initialized.
2019-02-03 16:36:28.152506: I tensorflow/core/kernels/lookup_util.cc:376] Table trying to initialize from file /home/emlab/Desktop/syuuron/nmt/attention_PI_0.5PS_0.3PD_0.2_Noisy_model/Vocab.out is already initialized.
  loaded infer model parameters from /home/emlab/Desktop/syuuron/nmt/attention_PI_0.5PS_0.3PD_0.2_Noisy_model/translate.ckpt-10000, time 0.06s
# External evaluation, global step 10000
  decoding to output /home/emlab/Desktop/syuuron/nmt/attention_PI_0.5PS_0.3PD_0.2_Noisy_model/output_dev
  done, num sentences 2001, num translations per input 1, time 0s, Sun Feb  3 16:36:29 2019.
  bleu dev: 60.4
  saving hparams to /home/emlab/Desktop/syuuron/nmt/attention_PI_0.5PS_0.3PD_0.2_Noisy_model/hparams
# External evaluation, global step 10000
  decoding to output /home/emlab/Desktop/syuuron/nmt/attention_PI_0.5PS_0.3PD_0.2_Noisy_model/output_test
  done, num sentences 100, num translations per input 1, time 0s, Sun Feb  3 16:36:29 2019.
  bleu test: 20.3
  saving hparams to /home/emlab/Desktop/syuuron/nmt/attention_PI_0.5PS_0.3PD_0.2_Noisy_model/hparams
  step 10500 lr 1 step-time 0.13s wps 82.07K ppl 1.09 gN 2.79 bleu 60.42, Sun Feb  3 16:36:36 2019
--------------------------------------------------------------------------------------------
# Finished an epoch, step 10530. Perform external evaluation
2019-02-03 16:36:39.815595: I tensorflow/core/kernels/lookup_util.cc:376] Table trying to initialize from file /home/emlab/Desktop/syuuron/nmt/attention_PI_0.5PS_0.3PD_0.2_Noisy_model/Vocab.out is already initialized.
2019-02-03 16:36:39.815616: I tensorflow/core/kernels/lookup_util.cc:376] Table trying to initialize from file /home/emlab/Desktop/syuuron/nmt/attention_PI_0.5PS_0.3PD_0.2_Noisy_model/Vocab.in is already initialized.
2019-02-03 16:36:39.815595: I tensorflow/core/kernels/lookup_util.cc:376] Table trying to initialize from file /home/emlab/Desktop/syuuron/nmt/attention_PI_0.5PS_0.3PD_0.2_Noisy_model/Vocab.out is already initialized.
  loaded infer model parameters from /home/emlab/Desktop/syuuron/nmt/attention_PI_0.5PS_0.3PD_0.2_Noisy_model/translate.ckpt-10000, time 0.06s
  # 304
    src: OW1 OW1 IH1 IH2 B AW SH AO1 AW0 AE L ER EY2 OY2 AH1 IH1 UW AY1 IH0 NG R AW1 JH JH UW1 EY M L ER1 UH0 DH R N AE ER F DH AY1 AA N D EY2 EY2 P UW1 S EY2 UH1 AH0 R AW0 B AW1 UW UW1 F AY1 IH IH0 IY0 IH2 B IH1 R IH1 EY0 S M IY1 AE0 EH M B AY0 D ER0 AH F D AE S UW2 AO1 M EY0 IH0 OY1 AE2 EY0 AH0 ER L IH1 V IH0 NG OW1 F IY
    ref: Move ( Living_Room ) Find ( person Living_Room ) Move ( Living_Sofa ) Grasp ( tumbler )
    nmt: Move ( Living_Room ) Find ( person Living_Room ) Move ( Living_Sofa ) Grasp ( tumbler ) Move ( person )
2019-02-03 16:36:39.916535: I tensorflow/core/kernels/lookup_util.cc:376] Table trying to initialize from file /home/emlab/Desktop/syuuron/nmt/attention_PI_0.5PS_0.3PD_0.2_Noisy_model/Vocab.out is already initialized.
2019-02-03 16:36:39.916535: I tensorflow/core/kernels/lookup_util.cc:376] Table trying to initialize from file /home/emlab/Desktop/syuuron/nmt/attention_PI_0.5PS_0.3PD_0.2_Noisy_model/Vocab.out is already initialized.
2019-02-03 16:36:39.916535: I tensorflow/core/kernels/lookup_util.cc:376] Table trying to initialize from file /home/emlab/Desktop/syuuron/nmt/attention_PI_0.5PS_0.3PD_0.2_Noisy_model/Vocab.in is already initialized.
  loaded infer model parameters from /home/emlab/Desktop/syuuron/nmt/attention_PI_0.5PS_0.3PD_0.2_Noisy_model/translate.ckpt-10000, time 0.06s
# External evaluation, global step 10000
  decoding to output /home/emlab/Desktop/syuuron/nmt/attention_PI_0.5PS_0.3PD_0.2_Noisy_model/output_dev
  done, num sentences 2001, num translations per input 1, time 0s, Sun Feb  3 16:36:40 2019.
  bleu dev: 60.4
  saving hparams to /home/emlab/Desktop/syuuron/nmt/attention_PI_0.5PS_0.3PD_0.2_Noisy_model/hparams
# External evaluation, global step 10000
  decoding to output /home/emlab/Desktop/syuuron/nmt/attention_PI_0.5PS_0.3PD_0.2_Noisy_model/output_test
  done, num sentences 100, num translations per input 1, time 0s, Sun Feb  3 16:36:41 2019.
  bleu test: 20.3
  saving hparams to /home/emlab/Desktop/syuuron/nmt/attention_PI_0.5PS_0.3PD_0.2_Noisy_model/hparams
  step 10600 lr 1 step-time 0.13s wps 82.21K ppl 1.10 gN 2.90 bleu 60.42, Sun Feb  3 16:36:50 2019
--------------------------------------------------------------------------------------------
# Finished an epoch, step 10611. Perform external evaluation
2019-02-03 16:36:51.600364: I tensorflow/core/kernels/lookup_util.cc:376] Table trying to initialize from file /home/emlab/Desktop/syuuron/nmt/attention_PI_0.5PS_0.3PD_0.2_Noisy_model/Vocab.in is already initialized.
2019-02-03 16:36:51.600364: I tensorflow/core/kernels/lookup_util.cc:376] Table trying to initialize from file /home/emlab/Desktop/syuuron/nmt/attention_PI_0.5PS_0.3PD_0.2_Noisy_model/Vocab.out is already initialized.
2019-02-03 16:36:51.600364: I tensorflow/core/kernels/lookup_util.cc:376] Table trying to initialize from file /home/emlab/Desktop/syuuron/nmt/attention_PI_0.5PS_0.3PD_0.2_Noisy_model/Vocab.out is already initialized.
  loaded infer model parameters from /home/emlab/Desktop/syuuron/nmt/attention_PI_0.5PS_0.3PD_0.2_Noisy_model/translate.ckpt-10000, time 0.06s
  # 1689
    src: G P Y B OW1 T AO2 UW1 EH1 AY1 P OY2 D V IY1 IH0 NG UW1 G OW1 T IY IY EY0 EH1 UH UH S K IH1 OW1 AH0 AO0 T B AH0 OW1 G AW0 IY1 AE2 L P TH AA0 ER0 L IY1 EH2 AY1 V V DH AH0 UW1 F AA1 F EH2 K M P UH0 UW2 DH EY1 JH HH N AA1 R Z M AH0 AH1 N IY0
    ref: Move ( Dining_Room ) Move ( Kitchen_Table )  Move ( apartment )
    nmt: Move ( Dining_Room ) Move ( Kitchen_Table ) Move ( apartment )
2019-02-03 16:36:51.689360: I tensorflow/core/kernels/lookup_util.cc:376] Table trying to initialize from file /home/emlab/Desktop/syuuron/nmt/attention_PI_0.5PS_0.3PD_0.2_Noisy_model/Vocab.out is already initialized.
2019-02-03 16:36:51.689360: I tensorflow/core/kernels/lookup_util.cc:376] Table trying to initialize from file /home/emlab/Desktop/syuuron/nmt/attention_PI_0.5PS_0.3PD_0.2_Noisy_model/Vocab.out is already initialized.
2019-02-03 16:36:51.689360: I tensorflow/core/kernels/lookup_util.cc:376] Table trying to initialize from file /home/emlab/Desktop/syuuron/nmt/attention_PI_0.5PS_0.3PD_0.2_Noisy_model/Vocab.in is already initialized.
  loaded infer model parameters from /home/emlab/Desktop/syuuron/nmt/attention_PI_0.5PS_0.3PD_0.2_Noisy_model/translate.ckpt-10000, time 0.06s
# External evaluation, global step 10000
  decoding to output /home/emlab/Desktop/syuuron/nmt/attention_PI_0.5PS_0.3PD_0.2_Noisy_model/output_dev
  done, num sentences 2001, num translations per input 1, time 0s, Sun Feb  3 16:36:52 2019.
  bleu dev: 60.4
  saving hparams to /home/emlab/Desktop/syuuron/nmt/attention_PI_0.5PS_0.3PD_0.2_Noisy_model/hparams
# External evaluation, global step 10000
  decoding to output /home/emlab/Desktop/syuuron/nmt/attention_PI_0.5PS_0.3PD_0.2_Noisy_model/output_test
  done, num sentences 100, num translations per input 1, time 0s, Sun Feb  3 16:36:53 2019.
  bleu test: 20.3
  saving hparams to /home/emlab/Desktop/syuuron/nmt/attention_PI_0.5PS_0.3PD_0.2_Noisy_model/hparams
--------------------------------------------------------------------------------------------
# Finished an epoch, step 10692. Perform external evaluation
2019-02-03 16:37:03.453179: I tensorflow/core/kernels/lookup_util.cc:376] Table trying to initialize from file /home/emlab/Desktop/syuuron/nmt/attention_PI_0.5PS_0.3PD_0.2_Noisy_model/Vocab.in is already initialized.
2019-02-03 16:37:03.453179: I tensorflow/core/kernels/lookup_util.cc:376] Table trying to initialize from file /home/emlab/Desktop/syuuron/nmt/attention_PI_0.5PS_0.3PD_0.2_Noisy_model/Vocab.out is already initialized.
2019-02-03 16:37:03.453179: I tensorflow/core/kernels/lookup_util.cc:376] Table trying to initialize from file /home/emlab/Desktop/syuuron/nmt/attention_PI_0.5PS_0.3PD_0.2_Noisy_model/Vocab.out is already initialized.
  loaded infer model parameters from /home/emlab/Desktop/syuuron/nmt/attention_PI_0.5PS_0.3PD_0.2_Noisy_model/translate.ckpt-10000, time 0.06s
  # 514
    src: OW1 EY0 ER2 R EY2 T UW0 Y UW1 NG IH1 UH1 AA2 UH IH2 UH0 NG EY1 B ER0 F AH0 EH2 AH0 CH AY1 AY1 N P EH AH0 UH D UW S F AH0 N EY EY UH1 N UH2 R B JH AY1 F R AY1 AO1 N IH2 AW AH0 L IY0 EY1 OW2 HH F OY0 AA1 EH T AY1 OW0 OY0 EY2 P P ER1 S S N
    ref: Move ( Living_Table ) Find ( person Living_Table  ) Follow ( person )
    nmt: Move ( Living_Table ) Find ( person Living_Table ) Follow ( person )
2019-02-03 16:37:03.547704: I tensorflow/core/kernels/lookup_util.cc:376] Table trying to initialize from file /home/emlab/Desktop/syuuron/nmt/attention_PI_0.5PS_0.3PD_0.2_Noisy_model/Vocab.out is already initialized.
2019-02-03 16:37:03.547704: I tensorflow/core/kernels/lookup_util.cc:376] Table trying to initialize from file /home/emlab/Desktop/syuuron/nmt/attention_PI_0.5PS_0.3PD_0.2_Noisy_model/Vocab.out is already initialized.
2019-02-03 16:37:03.547711: I tensorflow/core/kernels/lookup_util.cc:376] Table trying to initialize from file /home/emlab/Desktop/syuuron/nmt/attention_PI_0.5PS_0.3PD_0.2_Noisy_model/Vocab.in is already initialized.
  loaded infer model parameters from /home/emlab/Desktop/syuuron/nmt/attention_PI_0.5PS_0.3PD_0.2_Noisy_model/translate.ckpt-10000, time 0.06s
# External evaluation, global step 10000
  decoding to output /home/emlab/Desktop/syuuron/nmt/attention_PI_0.5PS_0.3PD_0.2_Noisy_model/output_dev
  done, num sentences 2001, num translations per input 1, time 0s, Sun Feb  3 16:37:04 2019.
  bleu dev: 60.4
  saving hparams to /home/emlab/Desktop/syuuron/nmt/attention_PI_0.5PS_0.3PD_0.2_Noisy_model/hparams
# External evaluation, global step 10000
  decoding to output /home/emlab/Desktop/syuuron/nmt/attention_PI_0.5PS_0.3PD_0.2_Noisy_model/output_test
  done, num sentences 100, num translations per input 1, time 0s, Sun Feb  3 16:37:04 2019.
  bleu test: 20.3
  saving hparams to /home/emlab/Desktop/syuuron/nmt/attention_PI_0.5PS_0.3PD_0.2_Noisy_model/hparams
  step 10700 lr 1 step-time 0.13s wps 78.71K ppl 1.11 gN 3.14 bleu 60.42, Sun Feb  3 16:37:06 2019
--------------------------------------------------------------------------------------------
# Finished an epoch, step 10773. Perform external evaluation
2019-02-03 16:37:15.148146: I tensorflow/core/kernels/lookup_util.cc:376] Table trying to initialize from file /home/emlab/Desktop/syuuron/nmt/attention_PI_0.5PS_0.3PD_0.2_Noisy_model/Vocab.out is already initialized.
2019-02-03 16:37:15.148146: I tensorflow/core/kernels/lookup_util.cc:376] Table trying to initialize from file /home/emlab/Desktop/syuuron/nmt/attention_PI_0.5PS_0.3PD_0.2_Noisy_model/Vocab.out is already initialized.
2019-02-03 16:37:15.148195: I tensorflow/core/kernels/lookup_util.cc:376] Table trying to initialize from file /home/emlab/Desktop/syuuron/nmt/attention_PI_0.5PS_0.3PD_0.2_Noisy_model/Vocab.in is already initialized.
  loaded infer model parameters from /home/emlab/Desktop/syuuron/nmt/attention_PI_0.5PS_0.3PD_0.2_Noisy_model/translate.ckpt-10000, time 0.06s
  # 102
    src: UW1 V F V F B L AA1 R AY1 N D F AY1 AH0 P ER1 S AH0 N AO2 UW1 IH1 R Y B AY1 ER2 R DH EH1 P IY2 EY1 N AE UW0 L OW AE HH OW0 OW0 ER2 AH0 EH ER1 UW2 S AH0 EH OY0 V N
    ref: Move (  Bar  ) Find ( person Bar  ) Follow ( pesron )
    nmt: Move ( Bar ) Find ( person Bar ) Follow ( pesron )
2019-02-03 16:37:15.235959: I tensorflow/core/kernels/lookup_util.cc:376] Table trying to initialize from file /home/emlab/Desktop/syuuron/nmt/attention_PI_0.5PS_0.3PD_0.2_Noisy_model/Vocab.out is already initialized.
2019-02-03 16:37:15.235959: I tensorflow/core/kernels/lookup_util.cc:376] Table trying to initialize from file /home/emlab/Desktop/syuuron/nmt/attention_PI_0.5PS_0.3PD_0.2_Noisy_model/Vocab.out is already initialized.
2019-02-03 16:37:15.235959: I tensorflow/core/kernels/lookup_util.cc:376] Table trying to initialize from file /home/emlab/Desktop/syuuron/nmt/attention_PI_0.5PS_0.3PD_0.2_Noisy_model/Vocab.in is already initialized.
  loaded infer model parameters from /home/emlab/Desktop/syuuron/nmt/attention_PI_0.5PS_0.3PD_0.2_Noisy_model/translate.ckpt-10000, time 0.06s
# External evaluation, global step 10000
  decoding to output /home/emlab/Desktop/syuuron/nmt/attention_PI_0.5PS_0.3PD_0.2_Noisy_model/output_dev
  done, num sentences 2001, num translations per input 1, time 0s, Sun Feb  3 16:37:16 2019.
  bleu dev: 60.4
  saving hparams to /home/emlab/Desktop/syuuron/nmt/attention_PI_0.5PS_0.3PD_0.2_Noisy_model/hparams
# External evaluation, global step 10000
  decoding to output /home/emlab/Desktop/syuuron/nmt/attention_PI_0.5PS_0.3PD_0.2_Noisy_model/output_test
  done, num sentences 100, num translations per input 1, time 0s, Sun Feb  3 16:37:16 2019.
  bleu test: 20.3
  saving hparams to /home/emlab/Desktop/syuuron/nmt/attention_PI_0.5PS_0.3PD_0.2_Noisy_model/hparams
  step 10800 lr 1 step-time 0.13s wps 82.68K ppl 1.09 gN 2.94 bleu 60.42, Sun Feb  3 16:37:20 2019
--------------------------------------------------------------------------------------------
# Finished an epoch, step 10854. Perform external evaluation
2019-02-03 16:37:26.919182: I tensorflow/core/kernels/lookup_util.cc:376] Table trying to initialize from file /home/emlab/Desktop/syuuron/nmt/attention_PI_0.5PS_0.3PD_0.2_Noisy_model/Vocab.out is already initialized.
2019-02-03 16:37:26.919182: I tensorflow/core/kernels/lookup_util.cc:376] Table trying to initialize from file /home/emlab/Desktop/syuuron/nmt/attention_PI_0.5PS_0.3PD_0.2_Noisy_model/Vocab.in is already initialized.
2019-02-03 16:37:26.919182: I tensorflow/core/kernels/lookup_util.cc:376] Table trying to initialize from file /home/emlab/Desktop/syuuron/nmt/attention_PI_0.5PS_0.3PD_0.2_Noisy_model/Vocab.out is already initialized.
  loaded infer model parameters from /home/emlab/Desktop/syuuron/nmt/attention_PI_0.5PS_0.3PD_0.2_Noisy_model/translate.ckpt-10000, time 0.06s
  # 73
    src: EH2 T UW1 IH F SH R AH0 G OW0 G ER2 N AA2 T K D DH AA1 AO1 K AY1 P UH0 ER1 OW AE0 AH1 T ER0 EH1 AE1 OY0 Y UW1 T F ER2 AE1 DH AH1 EY M AY ER2 OW1 IY AH1 OW K AE2 AO1 R AH0 ER0 NG AH OW1 OW2 K AA0 AO2 EY1
    ref: Move (  Sofa  ) Find ( Stick_Potato Sofa  ) Grasp ( Stick_Potato ) Move ( Corridor )
    nmt: Move ( Sofa ) Find ( white_cup Sofa ) Grasp ( white_cup ) Move ( Corridor )
2019-02-03 16:37:27.012382: I tensorflow/core/kernels/lookup_util.cc:376] Table trying to initialize from file /home/emlab/Desktop/syuuron/nmt/attention_PI_0.5PS_0.3PD_0.2_Noisy_model/Vocab.out is already initialized.
2019-02-03 16:37:27.012381: I tensorflow/core/kernels/lookup_util.cc:376] Table trying to initialize from file /home/emlab/Desktop/syuuron/nmt/attention_PI_0.5PS_0.3PD_0.2_Noisy_model/Vocab.in is already initialized.
2019-02-03 16:37:27.012382: I tensorflow/core/kernels/lookup_util.cc:376] Table trying to initialize from file /home/emlab/Desktop/syuuron/nmt/attention_PI_0.5PS_0.3PD_0.2_Noisy_model/Vocab.out is already initialized.
  loaded infer model parameters from /home/emlab/Desktop/syuuron/nmt/attention_PI_0.5PS_0.3PD_0.2_Noisy_model/translate.ckpt-10000, time 0.06s
# External evaluation, global step 10000
  decoding to output /home/emlab/Desktop/syuuron/nmt/attention_PI_0.5PS_0.3PD_0.2_Noisy_model/output_dev
  done, num sentences 2001, num translations per input 1, time 0s, Sun Feb  3 16:37:27 2019.
  bleu dev: 60.4
  saving hparams to /home/emlab/Desktop/syuuron/nmt/attention_PI_0.5PS_0.3PD_0.2_Noisy_model/hparams
# External evaluation, global step 10000
  decoding to output /home/emlab/Desktop/syuuron/nmt/attention_PI_0.5PS_0.3PD_0.2_Noisy_model/output_test
  done, num sentences 100, num translations per input 1, time 0s, Sun Feb  3 16:37:28 2019.
  bleu test: 20.3
  saving hparams to /home/emlab/Desktop/syuuron/nmt/attention_PI_0.5PS_0.3PD_0.2_Noisy_model/hparams
  step 10900 lr 1 step-time 0.13s wps 82.35K ppl 1.10 gN 2.91 bleu 60.42, Sun Feb  3 16:37:34 2019
--------------------------------------------------------------------------------------------
# Finished an epoch, step 10935. Perform external evaluation
2019-02-03 16:37:38.604802: I tensorflow/core/kernels/lookup_util.cc:376] Table trying to initialize from file /home/emlab/Desktop/syuuron/nmt/attention_PI_0.5PS_0.3PD_0.2_Noisy_model/Vocab.out is already initialized.
2019-02-03 16:37:38.604802: I tensorflow/core/kernels/lookup_util.cc:376] Table trying to initialize from file /home/emlab/Desktop/syuuron/nmt/attention_PI_0.5PS_0.3PD_0.2_Noisy_model/Vocab.out is already initialized.
2019-02-03 16:37:38.604802: I tensorflow/core/kernels/lookup_util.cc:376] Table trying to initialize from file /home/emlab/Desktop/syuuron/nmt/attention_PI_0.5PS_0.3PD_0.2_Noisy_model/Vocab.in is already initialized.
  loaded infer model parameters from /home/emlab/Desktop/syuuron/nmt/attention_PI_0.5PS_0.3PD_0.2_Noisy_model/translate.ckpt-10000, time 0.06s
  # 594
    src: AA IY0 T Z L AA1 EH0 K B AE0 S TH OY2 IY G EH0 R AW1 AO AE1 G S EY2 UW2 S UH M AO P R UW2 AA1 OY F OW1 EY2 OW F AH0 R OW1 DH UW IH1 AA0 T IH1 N T D ZH AH1 S T TH IY0 B ER2 N AE1 P M UW1 UH0 IH0 UH1 Z
    ref: Move ( lobby ) Grasp ( spray_bottle ) Move ( Dustbin ) Place ( spray_bottle Dustbin  ) 
    nmt: Move ( lobby ) Grasp ( Cup_Star ) Move ( Dustbin ) Place ( Cup_Star Dustbin )
2019-02-03 16:37:38.699279: I tensorflow/core/kernels/lookup_util.cc:376] Table trying to initialize from file /home/emlab/Desktop/syuuron/nmt/attention_PI_0.5PS_0.3PD_0.2_Noisy_model/Vocab.out is already initialized.
2019-02-03 16:37:38.699298: I tensorflow/core/kernels/lookup_util.cc:376] Table trying to initialize from file /home/emlab/Desktop/syuuron/nmt/attention_PI_0.5PS_0.3PD_0.2_Noisy_model/Vocab.in is already initialized.
2019-02-03 16:37:38.699280: I tensorflow/core/kernels/lookup_util.cc:376] Table trying to initialize from file /home/emlab/Desktop/syuuron/nmt/attention_PI_0.5PS_0.3PD_0.2_Noisy_model/Vocab.out is already initialized.
  loaded infer model parameters from /home/emlab/Desktop/syuuron/nmt/attention_PI_0.5PS_0.3PD_0.2_Noisy_model/translate.ckpt-10000, time 0.06s
# External evaluation, global step 10000
  decoding to output /home/emlab/Desktop/syuuron/nmt/attention_PI_0.5PS_0.3PD_0.2_Noisy_model/output_dev
  done, num sentences 2001, num translations per input 1, time 0s, Sun Feb  3 16:37:39 2019.
  bleu dev: 60.4
  saving hparams to /home/emlab/Desktop/syuuron/nmt/attention_PI_0.5PS_0.3PD_0.2_Noisy_model/hparams
# External evaluation, global step 10000
  decoding to output /home/emlab/Desktop/syuuron/nmt/attention_PI_0.5PS_0.3PD_0.2_Noisy_model/output_test
  done, num sentences 100, num translations per input 1, time 0s, Sun Feb  3 16:37:40 2019.
  bleu test: 20.3
  saving hparams to /home/emlab/Desktop/syuuron/nmt/attention_PI_0.5PS_0.3PD_0.2_Noisy_model/hparams
  step 11000 lr 1 step-time 0.13s wps 79.57K ppl 1.10 gN 2.89 bleu 60.42, Sun Feb  3 16:37:48 2019
# Save eval, global step 11000
2019-02-03 16:37:49.225827: I tensorflow/core/kernels/lookup_util.cc:376] Table trying to initialize from file /home/emlab/Desktop/syuuron/nmt/attention_PI_0.5PS_0.3PD_0.2_Noisy_model/Vocab.out is already initialized.
2019-02-03 16:37:49.225897: I tensorflow/core/kernels/lookup_util.cc:376] Table trying to initialize from file /home/emlab/Desktop/syuuron/nmt/attention_PI_0.5PS_0.3PD_0.2_Noisy_model/Vocab.out is already initialized.
2019-02-03 16:37:49.225899: I tensorflow/core/kernels/lookup_util.cc:376] Table trying to initialize from file /home/emlab/Desktop/syuuron/nmt/attention_PI_0.5PS_0.3PD_0.2_Noisy_model/Vocab.in is already initialized.
  loaded infer model parameters from /home/emlab/Desktop/syuuron/nmt/attention_PI_0.5PS_0.3PD_0.2_Noisy_model/translate.ckpt-11000, time 0.07s
  # 713
    src: UH1 IH0 D AA0 CH L AW UW1 R AO0 M V AA HH IH1 IH0 Z UW1 S OW1 EH1 F EH T CH Z T AA1 AW IY1 R Z SH D IH0 B AH2 AA2 EH2 IY1 AO0 R IY0 N AY ER0 N JH UW1 S Z Z HH ER1 ER1 N AH1 IH2 IY1 AH2 M D OY2 EH1 IH2 UW
    ref: Move ( Living_Sofa ) Find ( Strawberry_Juice Living_Sofa Grasp ( Strawberry_Juice ) Move ( HERE )
    nmt: Move ( Living_Sofa ) Find ( Orange_Juice Living_Sofa ) Grasp ( Orange_Juice )，Move ( Bar )
2019-02-03 16:37:49.315476: I tensorflow/core/kernels/lookup_util.cc:376] Table trying to initialize from file /home/emlab/Desktop/syuuron/nmt/attention_PI_0.5PS_0.3PD_0.2_Noisy_model/Vocab.out is already initialized.
2019-02-03 16:37:49.315476: I tensorflow/core/kernels/lookup_util.cc:376] Table trying to initialize from file /home/emlab/Desktop/syuuron/nmt/attention_PI_0.5PS_0.3PD_0.2_Noisy_model/Vocab.in is already initialized.
2019-02-03 16:37:49.315481: I tensorflow/core/kernels/lookup_util.cc:376] Table trying to initialize from file /home/emlab/Desktop/syuuron/nmt/attention_PI_0.5PS_0.3PD_0.2_Noisy_model/Vocab.out is already initialized.
  loaded eval model parameters from /home/emlab/Desktop/syuuron/nmt/attention_PI_0.5PS_0.3PD_0.2_Noisy_model/translate.ckpt-11000, time 0.06s
  eval dev: perplexity 1.63, time 1s, Sun Feb  3 16:37:50 2019.
  eval test: perplexity 7.50, time 0s, Sun Feb  3 16:37:50 2019.
--------------------------------------------------------------------------------------------
# Finished an epoch, step 11016. Perform external evaluation
2019-02-03 16:37:52.399186: I tensorflow/core/kernels/lookup_util.cc:376] Table trying to initialize from file /home/emlab/Desktop/syuuron/nmt/attention_PI_0.5PS_0.3PD_0.2_Noisy_model/Vocab.in is already initialized.
2019-02-03 16:37:52.399186: I tensorflow/core/kernels/lookup_util.cc:376] Table trying to initialize from file /home/emlab/Desktop/syuuron/nmt/attention_PI_0.5PS_0.3PD_0.2_Noisy_model/Vocab.out is already initialized.
2019-02-03 16:37:52.399286: I tensorflow/core/kernels/lookup_util.cc:376] Table trying to initialize from file /home/emlab/Desktop/syuuron/nmt/attention_PI_0.5PS_0.3PD_0.2_Noisy_model/Vocab.out is already initialized.
  loaded infer model parameters from /home/emlab/Desktop/syuuron/nmt/attention_PI_0.5PS_0.3PD_0.2_Noisy_model/translate.ckpt-11000, time 0.06s
  # 1009
    src: W UH1 Y UW EH1 AH K IY1 Y JH IH1 G OW1 AE2 IH1 OY IY0 UW1 EY S AH0 F AE1 EY2 UW AE2 T AO2 EY1 AA1 CH AH K AO1 AO1 G AA1 Y AA2 L B R EY L AA1 OW AO2 UW1 AW0 HH IH1 CH UH1 N AE0 OY0 T ER2 EY1 K B W EH0 TH UW2 AY1 L
    ref: Move ( Sofa ) Find ( dog_doll Sofa ) Grasp ( dog_doll ) Move ( Kitchen_Table )
    nmt: Move ( Sofa ) Find ( dog_doll Sofa ) Grasp ( dog_doll ) Move ( Bar )
2019-02-03 16:37:52.492378: I tensorflow/core/kernels/lookup_util.cc:376] Table trying to initialize from file /home/emlab/Desktop/syuuron/nmt/attention_PI_0.5PS_0.3PD_0.2_Noisy_model/Vocab.out is already initialized.
2019-02-03 16:37:52.492378: I tensorflow/core/kernels/lookup_util.cc:376] Table trying to initialize from file /home/emlab/Desktop/syuuron/nmt/attention_PI_0.5PS_0.3PD_0.2_Noisy_model/Vocab.in is already initialized.
2019-02-03 16:37:52.492382: I tensorflow/core/kernels/lookup_util.cc:376] Table trying to initialize from file /home/emlab/Desktop/syuuron/nmt/attention_PI_0.5PS_0.3PD_0.2_Noisy_model/Vocab.out is already initialized.
  loaded infer model parameters from /home/emlab/Desktop/syuuron/nmt/attention_PI_0.5PS_0.3PD_0.2_Noisy_model/translate.ckpt-11000, time 0.06s
# External evaluation, global step 11000
  decoding to output /home/emlab/Desktop/syuuron/nmt/attention_PI_0.5PS_0.3PD_0.2_Noisy_model/output_dev
  done, num sentences 2001, num translations per input 1, time 0s, Sun Feb  3 16:37:53 2019.
  bleu dev: 60.0
  saving hparams to /home/emlab/Desktop/syuuron/nmt/attention_PI_0.5PS_0.3PD_0.2_Noisy_model/hparams
# External evaluation, global step 11000
  decoding to output /home/emlab/Desktop/syuuron/nmt/attention_PI_0.5PS_0.3PD_0.2_Noisy_model/output_test
  done, num sentences 100, num translations per input 1, time 0s, Sun Feb  3 16:37:53 2019.
  bleu test: 19.2
  saving hparams to /home/emlab/Desktop/syuuron/nmt/attention_PI_0.5PS_0.3PD_0.2_Noisy_model/hparams
--------------------------------------------------------------------------------------------
# Finished an epoch, step 11097. Perform external evaluation
2019-02-03 16:38:04.152786: I tensorflow/core/kernels/lookup_util.cc:376] Table trying to initialize from file /home/emlab/Desktop/syuuron/nmt/attention_PI_0.5PS_0.3PD_0.2_Noisy_model/Vocab.in is already initialized.
2019-02-03 16:38:04.152786: I tensorflow/core/kernels/lookup_util.cc:376] Table trying to initialize from file /home/emlab/Desktop/syuuron/nmt/attention_PI_0.5PS_0.3PD_0.2_Noisy_model/Vocab.out is already initialized.
2019-02-03 16:38:04.152786: I tensorflow/core/kernels/lookup_util.cc:376] Table trying to initialize from file /home/emlab/Desktop/syuuron/nmt/attention_PI_0.5PS_0.3PD_0.2_Noisy_model/Vocab.out is already initialized.
  loaded infer model parameters from /home/emlab/Desktop/syuuron/nmt/attention_PI_0.5PS_0.3PD_0.2_Noisy_model/translate.ckpt-11000, time 0.06s
  # 1306
    src: Z Y UH2 T UW1 UW0 Z UH ER0 IH1 ER0 R EH2 W UW1 OY0 S EH2 OW1 EH0 AE2 S N IH2 AY1 IH D NG AE T EY1 OY2 B AH0 AO2 EH0 P UH2 N D IY EH1 AH2 Z ER1 T F R AO1 AH1 UH0 AH2 ER1 L ER1 IY0
    ref: Move ( Visitor_Room ) Move ( Side_Table ) Move ( lobby )
    nmt: Move ( Visitor_Room ) Move ( Side_Table ) Move ( lobby )
2019-02-03 16:38:04.241847: I tensorflow/core/kernels/lookup_util.cc:376] Table trying to initialize from file /home/emlab/Desktop/syuuron/nmt/attention_PI_0.5PS_0.3PD_0.2_Noisy_model/Vocab.in is already initialized.
2019-02-03 16:38:04.241847: I tensorflow/core/kernels/lookup_util.cc:376] Table trying to initialize from file /home/emlab/Desktop/syuuron/nmt/attention_PI_0.5PS_0.3PD_0.2_Noisy_model/Vocab.out is already initialized.
2019-02-03 16:38:04.241847: I tensorflow/core/kernels/lookup_util.cc:376] Table trying to initialize from file /home/emlab/Desktop/syuuron/nmt/attention_PI_0.5PS_0.3PD_0.2_Noisy_model/Vocab.out is already initialized.
  loaded infer model parameters from /home/emlab/Desktop/syuuron/nmt/attention_PI_0.5PS_0.3PD_0.2_Noisy_model/translate.ckpt-11000, time 0.06s
# External evaluation, global step 11000
  decoding to output /home/emlab/Desktop/syuuron/nmt/attention_PI_0.5PS_0.3PD_0.2_Noisy_model/output_dev
  done, num sentences 2001, num translations per input 1, time 0s, Sun Feb  3 16:38:05 2019.
  bleu dev: 60.0
  saving hparams to /home/emlab/Desktop/syuuron/nmt/attention_PI_0.5PS_0.3PD_0.2_Noisy_model/hparams
# External evaluation, global step 11000
  decoding to output /home/emlab/Desktop/syuuron/nmt/attention_PI_0.5PS_0.3PD_0.2_Noisy_model/output_test
  done, num sentences 100, num translations per input 1, time 0s, Sun Feb  3 16:38:05 2019.
  bleu test: 19.2
  saving hparams to /home/emlab/Desktop/syuuron/nmt/attention_PI_0.5PS_0.3PD_0.2_Noisy_model/hparams
  step 11100 lr 1 step-time 0.13s wps 78.33K ppl 1.11 gN 3.23 bleu 60.42, Sun Feb  3 16:38:06 2019
--------------------------------------------------------------------------------------------
# Finished an epoch, step 11178. Perform external evaluation
2019-02-03 16:38:16.110452: I tensorflow/core/kernels/lookup_util.cc:376] Table trying to initialize from file /home/emlab/Desktop/syuuron/nmt/attention_PI_0.5PS_0.3PD_0.2_Noisy_model/Vocab.in is already initialized.
2019-02-03 16:38:16.110452: I tensorflow/core/kernels/lookup_util.cc:376] Table trying to initialize from file /home/emlab/Desktop/syuuron/nmt/attention_PI_0.5PS_0.3PD_0.2_Noisy_model/Vocab.out is already initialized.
2019-02-03 16:38:16.110452: I tensorflow/core/kernels/lookup_util.cc:376] Table trying to initialize from file /home/emlab/Desktop/syuuron/nmt/attention_PI_0.5PS_0.3PD_0.2_Noisy_model/Vocab.out is already initialized.
  loaded infer model parameters from /home/emlab/Desktop/syuuron/nmt/attention_PI_0.5PS_0.3PD_0.2_Noisy_model/translate.ckpt-11000, time 0.06s
  # 1659
    src: S W IY1 G T F D B OW2 K K W AO1 R D M CH AH0 Y N G D UH2 UW2 DH OY2 AH0 T M TH IH2 AW1 AH0 OY1 N AH2 ER0 AY1 R AY1 Z IH1 UH2 OW2 P EY2 AH0 IY0 UW0 K OY0 EH1 AA2 AH0 P F M AH1 IY2 EH1 OY ER IY0 K IH1 R ER1 ZH F AY1 AA0 ER EY1 B AH0 EH0 EH2
    ref: Move ( Corridor ) Find ( person Corridor ) Move ( Kitchen_Table ) Grasp ( empty_ketchup )  Move ( person )
    nmt: Move ( Corridor ) Find ( person Corridor ) Move ( Side_Table ) Grasp ( Red_Potato ) Move ( person )
2019-02-03 16:38:16.208487: I tensorflow/core/kernels/lookup_util.cc:376] Table trying to initialize from file /home/emlab/Desktop/syuuron/nmt/attention_PI_0.5PS_0.3PD_0.2_Noisy_model/Vocab.in is already initialized.
2019-02-03 16:38:16.208487: I tensorflow/core/kernels/lookup_util.cc:376] Table trying to initialize from file /home/emlab/Desktop/syuuron/nmt/attention_PI_0.5PS_0.3PD_0.2_Noisy_model/Vocab.out is already initialized.
2019-02-03 16:38:16.208487: I tensorflow/core/kernels/lookup_util.cc:376] Table trying to initialize from file /home/emlab/Desktop/syuuron/nmt/attention_PI_0.5PS_0.3PD_0.2_Noisy_model/Vocab.out is already initialized.
  loaded infer model parameters from /home/emlab/Desktop/syuuron/nmt/attention_PI_0.5PS_0.3PD_0.2_Noisy_model/translate.ckpt-11000, time 0.06s
# External evaluation, global step 11000
  decoding to output /home/emlab/Desktop/syuuron/nmt/attention_PI_0.5PS_0.3PD_0.2_Noisy_model/output_dev
  done, num sentences 2001, num translations per input 1, time 0s, Sun Feb  3 16:38:17 2019.
  bleu dev: 60.0
  saving hparams to /home/emlab/Desktop/syuuron/nmt/attention_PI_0.5PS_0.3PD_0.2_Noisy_model/hparams
# External evaluation, global step 11000
  decoding to output /home/emlab/Desktop/syuuron/nmt/attention_PI_0.5PS_0.3PD_0.2_Noisy_model/output_test
  done, num sentences 100, num translations per input 1, time 0s, Sun Feb  3 16:38:17 2019.
  bleu test: 19.2
  saving hparams to /home/emlab/Desktop/syuuron/nmt/attention_PI_0.5PS_0.3PD_0.2_Noisy_model/hparams
  step 11200 lr 1 step-time 0.13s wps 81.00K ppl 1.11 gN 3.26 bleu 60.42, Sun Feb  3 16:38:20 2019
--------------------------------------------------------------------------------------------
# Finished an epoch, step 11259. Perform external evaluation
2019-02-03 16:38:28.189952: I tensorflow/core/kernels/lookup_util.cc:376] Table trying to initialize from file /home/emlab/Desktop/syuuron/nmt/attention_PI_0.5PS_0.3PD_0.2_Noisy_model/Vocab.out is already initialized.
2019-02-03 16:38:28.189953: I tensorflow/core/kernels/lookup_util.cc:376] Table trying to initialize from file /home/emlab/Desktop/syuuron/nmt/attention_PI_0.5PS_0.3PD_0.2_Noisy_model/Vocab.in is already initialized.
2019-02-03 16:38:28.189953: I tensorflow/core/kernels/lookup_util.cc:376] Table trying to initialize from file /home/emlab/Desktop/syuuron/nmt/attention_PI_0.5PS_0.3PD_0.2_Noisy_model/Vocab.out is already initialized.
  loaded infer model parameters from /home/emlab/Desktop/syuuron/nmt/attention_PI_0.5PS_0.3PD_0.2_Noisy_model/translate.ckpt-11000, time 0.06s
  # 519
    src: P AH0 HH EY0 OW1 OY T IY2 UW1 AE Z L D AY1 N EH0 M AA0 IH0 NG S AE2 OW1 UW0 Z T UW1 UH0 K UH1 D AA0 IH1 CH AH0 AY N UW1 M AH0 N AW1 D EY1 AY2 ZH IH0 UH1 T EY2 IY0 AY1 EY1 CH AY1 UH AW2 OY T M AH0 EY2 M B T
    ref: Move ( Dining_Sofa ) Move ( Dining_Sofa ) Move ( apartment )
    nmt: Move ( Dining_Sofa ) Move ( Kitchen_Table ) Move ( apartment )
2019-02-03 16:38:28.281554: I tensorflow/core/kernels/lookup_util.cc:376] Table trying to initialize from file /home/emlab/Desktop/syuuron/nmt/attention_PI_0.5PS_0.3PD_0.2_Noisy_model/Vocab.out is already initialized.
2019-02-03 16:38:28.281554: I tensorflow/core/kernels/lookup_util.cc:376] Table trying to initialize from file /home/emlab/Desktop/syuuron/nmt/attention_PI_0.5PS_0.3PD_0.2_Noisy_model/Vocab.out is already initialized.
2019-02-03 16:38:28.281554: I tensorflow/core/kernels/lookup_util.cc:376] Table trying to initialize from file /home/emlab/Desktop/syuuron/nmt/attention_PI_0.5PS_0.3PD_0.2_Noisy_model/Vocab.in is already initialized.
  loaded infer model parameters from /home/emlab/Desktop/syuuron/nmt/attention_PI_0.5PS_0.3PD_0.2_Noisy_model/translate.ckpt-11000, time 0.06s
# External evaluation, global step 11000
  decoding to output /home/emlab/Desktop/syuuron/nmt/attention_PI_0.5PS_0.3PD_0.2_Noisy_model/output_dev
  done, num sentences 2001, num translations per input 1, time 0s, Sun Feb  3 16:38:29 2019.
  bleu dev: 60.0
  saving hparams to /home/emlab/Desktop/syuuron/nmt/attention_PI_0.5PS_0.3PD_0.2_Noisy_model/hparams
# External evaluation, global step 11000
  decoding to output /home/emlab/Desktop/syuuron/nmt/attention_PI_0.5PS_0.3PD_0.2_Noisy_model/output_test
  done, num sentences 100, num translations per input 1, time 0s, Sun Feb  3 16:38:29 2019.
  bleu test: 19.2
  saving hparams to /home/emlab/Desktop/syuuron/nmt/attention_PI_0.5PS_0.3PD_0.2_Noisy_model/hparams
  step 11300 lr 1 step-time 0.13s wps 78.84K ppl 1.11 gN 3.27 bleu 60.42, Sun Feb  3 16:38:35 2019
--------------------------------------------------------------------------------------------
# Finished an epoch, step 11340. Perform external evaluation
2019-02-03 16:38:40.247342: I tensorflow/core/kernels/lookup_util.cc:376] Table trying to initialize from file /home/emlab/Desktop/syuuron/nmt/attention_PI_0.5PS_0.3PD_0.2_Noisy_model/Vocab.in is already initialized.
2019-02-03 16:38:40.247342: I tensorflow/core/kernels/lookup_util.cc:376] Table trying to initialize from file /home/emlab/Desktop/syuuron/nmt/attention_PI_0.5PS_0.3PD_0.2_Noisy_model/Vocab.out is already initialized.
2019-02-03 16:38:40.247344: I tensorflow/core/kernels/lookup_util.cc:376] Table trying to initialize from file /home/emlab/Desktop/syuuron/nmt/attention_PI_0.5PS_0.3PD_0.2_Noisy_model/Vocab.out is already initialized.
  loaded infer model parameters from /home/emlab/Desktop/syuuron/nmt/attention_PI_0.5PS_0.3PD_0.2_Noisy_model/translate.ckpt-11000, time 0.06s
  # 1288
    src: W Y UW1 G OW1 T AH UW1 AY2 AY1 V T Y P B AO2 L AE0 OY2 K AH AA DH AO1 G D N AE1 EH AA2 IH0 L AW1 AH EY0 R IH1 NG IH1 AY OW0 T AA0 UH0 D N AH2 IH0 IH AH AE2 AW1 S IH TH AH0
    ref: Move ( Side_Table ) Find ( dog_doll Side_Table ) Grasp ( dog_doll ) Move ( Dining_Sofa )
    nmt: Move ( Side_Table ) Find ( salt Side_Table ) Grasp ( salt ) Move ( Dining_Sofa )
2019-02-03 16:38:40.339643: I tensorflow/core/kernels/lookup_util.cc:376] Table trying to initialize from file /home/emlab/Desktop/syuuron/nmt/attention_PI_0.5PS_0.3PD_0.2_Noisy_model/Vocab.out is already initialized.
2019-02-03 16:38:40.339643: I tensorflow/core/kernels/lookup_util.cc:376] Table trying to initialize from file /home/emlab/Desktop/syuuron/nmt/attention_PI_0.5PS_0.3PD_0.2_Noisy_model/Vocab.out is already initialized.
2019-02-03 16:38:40.339643: I tensorflow/core/kernels/lookup_util.cc:376] Table trying to initialize from file /home/emlab/Desktop/syuuron/nmt/attention_PI_0.5PS_0.3PD_0.2_Noisy_model/Vocab.in is already initialized.
  loaded infer model parameters from /home/emlab/Desktop/syuuron/nmt/attention_PI_0.5PS_0.3PD_0.2_Noisy_model/translate.ckpt-11000, time 0.06s
# External evaluation, global step 11000
  decoding to output /home/emlab/Desktop/syuuron/nmt/attention_PI_0.5PS_0.3PD_0.2_Noisy_model/output_dev
  done, num sentences 2001, num translations per input 1, time 0s, Sun Feb  3 16:38:41 2019.
  bleu dev: 60.0
  saving hparams to /home/emlab/Desktop/syuuron/nmt/attention_PI_0.5PS_0.3PD_0.2_Noisy_model/hparams
# External evaluation, global step 11000
  decoding to output /home/emlab/Desktop/syuuron/nmt/attention_PI_0.5PS_0.3PD_0.2_Noisy_model/output_test
  done, num sentences 100, num translations per input 1, time 0s, Sun Feb  3 16:38:41 2019.
  bleu test: 19.2
  saving hparams to /home/emlab/Desktop/syuuron/nmt/attention_PI_0.5PS_0.3PD_0.2_Noisy_model/hparams
  step 11400 lr 1 step-time 0.13s wps 81.50K ppl 1.11 gN 3.34 bleu 60.42, Sun Feb  3 16:38:49 2019
--------------------------------------------------------------------------------------------
# Finished an epoch, step 11421. Perform external evaluation
2019-02-03 16:38:52.087616: I tensorflow/core/kernels/lookup_util.cc:376] Table trying to initialize from file /home/emlab/Desktop/syuuron/nmt/attention_PI_0.5PS_0.3PD_0.2_Noisy_model/Vocab.out is already initialized.
2019-02-03 16:38:52.087616: I tensorflow/core/kernels/lookup_util.cc:376] Table trying to initialize from file /home/emlab/Desktop/syuuron/nmt/attention_PI_0.5PS_0.3PD_0.2_Noisy_model/Vocab.out is already initialized.
2019-02-03 16:38:52.087616: I tensorflow/core/kernels/lookup_util.cc:376] Table trying to initialize from file /home/emlab/Desktop/syuuron/nmt/attention_PI_0.5PS_0.3PD_0.2_Noisy_model/Vocab.in is already initialized.
  loaded infer model parameters from /home/emlab/Desktop/syuuron/nmt/attention_PI_0.5PS_0.3PD_0.2_Noisy_model/translate.ckpt-11000, time 0.06s
  # 1463
    src: EY EY0 IH2 OW1 IH0 AY L AW2 AA L AA P IH1 UW0 AA1 AH2 EH1 OW0 N ER UW1 IH1 P UH2 F AY1 UH N D AH0 AO2 N AA2 ER1 AH0 N V AO1 IH1 AY1 D B IY2 OY0 AH2 IH1 OY2 NG Y UW1 AW1 IH2 P EH AO0 SH L K AO2 F AY AE R AE1 UW1 UH1 K IH0 ER M AY2 AY1 N IH0 NG AE1 AH0 L
    ref: Move ( Living_Room ) Find ( person Living_Room ) Move ( Dining_Table ) Grasp ( cubic_clock )
    nmt: Move ( lobby ) Find ( person lobby ) Move ( Dining_Table ) Grasp ( toy_car )
2019-02-03 16:38:52.183615: I tensorflow/core/kernels/lookup_util.cc:376] Table trying to initialize from file /home/emlab/Desktop/syuuron/nmt/attention_PI_0.5PS_0.3PD_0.2_Noisy_model/Vocab.out is already initialized.
2019-02-03 16:38:52.183615: I tensorflow/core/kernels/lookup_util.cc:376] Table trying to initialize from file /home/emlab/Desktop/syuuron/nmt/attention_PI_0.5PS_0.3PD_0.2_Noisy_model/Vocab.out is already initialized.
2019-02-03 16:38:52.183615: I tensorflow/core/kernels/lookup_util.cc:376] Table trying to initialize from file /home/emlab/Desktop/syuuron/nmt/attention_PI_0.5PS_0.3PD_0.2_Noisy_model/Vocab.in is already initialized.
  loaded infer model parameters from /home/emlab/Desktop/syuuron/nmt/attention_PI_0.5PS_0.3PD_0.2_Noisy_model/translate.ckpt-11000, time 0.06s
# External evaluation, global step 11000
  decoding to output /home/emlab/Desktop/syuuron/nmt/attention_PI_0.5PS_0.3PD_0.2_Noisy_model/output_dev
  done, num sentences 2001, num translations per input 1, time 0s, Sun Feb  3 16:38:53 2019.
  bleu dev: 60.0
  saving hparams to /home/emlab/Desktop/syuuron/nmt/attention_PI_0.5PS_0.3PD_0.2_Noisy_model/hparams
# External evaluation, global step 11000
  decoding to output /home/emlab/Desktop/syuuron/nmt/attention_PI_0.5PS_0.3PD_0.2_Noisy_model/output_test
  done, num sentences 100, num translations per input 1, time 0s, Sun Feb  3 16:38:53 2019.
  bleu test: 19.2
  saving hparams to /home/emlab/Desktop/syuuron/nmt/attention_PI_0.5PS_0.3PD_0.2_Noisy_model/hparams
  step 11500 lr 1 step-time 0.12s wps 81.68K ppl 1.12 gN 3.49 bleu 60.42, Sun Feb  3 16:39:03 2019
--------------------------------------------------------------------------------------------
# Finished an epoch, step 11502. Perform external evaluation
2019-02-03 16:39:03.847820: I tensorflow/core/kernels/lookup_util.cc:376] Table trying to initialize from file /home/emlab/Desktop/syuuron/nmt/attention_PI_0.5PS_0.3PD_0.2_Noisy_model/Vocab.out is already initialized.
2019-02-03 16:39:03.847848: I tensorflow/core/kernels/lookup_util.cc:376] Table trying to initialize from file /home/emlab/Desktop/syuuron/nmt/attention_PI_0.5PS_0.3PD_0.2_Noisy_model/Vocab.in is already initialized.
2019-02-03 16:39:03.847820: I tensorflow/core/kernels/lookup_util.cc:376] Table trying to initialize from file /home/emlab/Desktop/syuuron/nmt/attention_PI_0.5PS_0.3PD_0.2_Noisy_model/Vocab.out is already initialized.
  loaded infer model parameters from /home/emlab/Desktop/syuuron/nmt/attention_PI_0.5PS_0.3PD_0.2_Noisy_model/translate.ckpt-11000, time 0.06s
  # 1001
    src: IH0 AE2 ZH EH1 AA2 B OW1 EH0 D OY2 UW1 IH0 D AW1 UH0 P AH0 T ER1 EY0 EY1 AH0 AY1 UW OY OW2 AO AW V AH0 L T AY AA0 F G OW0 K UW0 AO1 K S T EY0 IH1 K ZH T AE0 JH AW0 F T EY1 OY1 OW2 UW0 AY1 AW0 AH1 L IY0 AO1 T K IH0 IH ER2 M B AH K
    ref: Move ( Reception_Table ) Grasp ( Stick_Potato ) Move ( HERE )
    nmt: Move ( Reception_Table ) Find ( Stick_Potato Reception_Table ) Grasp ( Stick_Potato ) Move ( HERE )
2019-02-03 16:39:03.950270: I tensorflow/core/kernels/lookup_util.cc:376] Table trying to initialize from file /home/emlab/Desktop/syuuron/nmt/attention_PI_0.5PS_0.3PD_0.2_Noisy_model/Vocab.out is already initialized.
2019-02-03 16:39:03.950270: I tensorflow/core/kernels/lookup_util.cc:376] Table trying to initialize from file /home/emlab/Desktop/syuuron/nmt/attention_PI_0.5PS_0.3PD_0.2_Noisy_model/Vocab.in is already initialized.
2019-02-03 16:39:03.950276: I tensorflow/core/kernels/lookup_util.cc:376] Table trying to initialize from file /home/emlab/Desktop/syuuron/nmt/attention_PI_0.5PS_0.3PD_0.2_Noisy_model/Vocab.out is already initialized.
  loaded infer model parameters from /home/emlab/Desktop/syuuron/nmt/attention_PI_0.5PS_0.3PD_0.2_Noisy_model/translate.ckpt-11000, time 0.06s
# External evaluation, global step 11000
  decoding to output /home/emlab/Desktop/syuuron/nmt/attention_PI_0.5PS_0.3PD_0.2_Noisy_model/output_dev
  done, num sentences 2001, num translations per input 1, time 1s, Sun Feb  3 16:39:04 2019.
  bleu dev: 60.0
  saving hparams to /home/emlab/Desktop/syuuron/nmt/attention_PI_0.5PS_0.3PD_0.2_Noisy_model/hparams
# External evaluation, global step 11000
  decoding to output /home/emlab/Desktop/syuuron/nmt/attention_PI_0.5PS_0.3PD_0.2_Noisy_model/output_test
  done, num sentences 100, num translations per input 1, time 0s, Sun Feb  3 16:39:05 2019.
  bleu test: 19.2
  saving hparams to /home/emlab/Desktop/syuuron/nmt/attention_PI_0.5PS_0.3PD_0.2_Noisy_model/hparams
--------------------------------------------------------------------------------------------
# Finished an epoch, step 11583. Perform external evaluation
2019-02-03 16:39:15.673789: I tensorflow/core/kernels/lookup_util.cc:376] Table trying to initialize from file /home/emlab/Desktop/syuuron/nmt/attention_PI_0.5PS_0.3PD_0.2_Noisy_model/Vocab.out is already initialized.
2019-02-03 16:39:15.673789: I tensorflow/core/kernels/lookup_util.cc:376] Table trying to initialize from file /home/emlab/Desktop/syuuron/nmt/attention_PI_0.5PS_0.3PD_0.2_Noisy_model/Vocab.out is already initialized.
2019-02-03 16:39:15.673870: I tensorflow/core/kernels/lookup_util.cc:376] Table trying to initialize from file /home/emlab/Desktop/syuuron/nmt/attention_PI_0.5PS_0.3PD_0.2_Noisy_model/Vocab.in is already initialized.
  loaded infer model parameters from /home/emlab/Desktop/syuuron/nmt/attention_PI_0.5PS_0.3PD_0.2_Noisy_model/translate.ckpt-11000, time 0.06s
  # 514
    src: OW1 EY0 ER2 R EY2 T UW0 Y UW1 NG IH1 UH1 AA2 UH IH2 UH0 NG EY1 B ER0 F AH0 EH2 AH0 CH AY1 AY1 N P EH AH0 UH D UW S F AH0 N EY EY UH1 N UH2 R B JH AY1 F R AY1 AO1 N IH2 AW AH0 L IY0 EY1 OW2 HH F OY0 AA1 EH T AY1 OW0 OY0 EY2 P P ER1 S S N
    ref: Move ( Living_Table ) Find ( person Living_Table  ) Follow ( person )
    nmt: Move ( Living_Table ) Find ( person Living_Table ) Follow ( person )
2019-02-03 16:39:15.767123: I tensorflow/core/kernels/lookup_util.cc:376] Table trying to initialize from file /home/emlab/Desktop/syuuron/nmt/attention_PI_0.5PS_0.3PD_0.2_Noisy_model/Vocab.out is already initialized.
2019-02-03 16:39:15.767123: I tensorflow/core/kernels/lookup_util.cc:376] Table trying to initialize from file /home/emlab/Desktop/syuuron/nmt/attention_PI_0.5PS_0.3PD_0.2_Noisy_model/Vocab.in is already initialized.
2019-02-03 16:39:15.767123: I tensorflow/core/kernels/lookup_util.cc:376] Table trying to initialize from file /home/emlab/Desktop/syuuron/nmt/attention_PI_0.5PS_0.3PD_0.2_Noisy_model/Vocab.out is already initialized.
  loaded infer model parameters from /home/emlab/Desktop/syuuron/nmt/attention_PI_0.5PS_0.3PD_0.2_Noisy_model/translate.ckpt-11000, time 0.06s
# External evaluation, global step 11000
  decoding to output /home/emlab/Desktop/syuuron/nmt/attention_PI_0.5PS_0.3PD_0.2_Noisy_model/output_dev
  done, num sentences 2001, num translations per input 1, time 0s, Sun Feb  3 16:39:16 2019.
  bleu dev: 60.0
  saving hparams to /home/emlab/Desktop/syuuron/nmt/attention_PI_0.5PS_0.3PD_0.2_Noisy_model/hparams
# External evaluation, global step 11000
  decoding to output /home/emlab/Desktop/syuuron/nmt/attention_PI_0.5PS_0.3PD_0.2_Noisy_model/output_test
  done, num sentences 100, num translations per input 1, time 0s, Sun Feb  3 16:39:17 2019.
  bleu test: 19.2
  saving hparams to /home/emlab/Desktop/syuuron/nmt/attention_PI_0.5PS_0.3PD_0.2_Noisy_model/hparams
  step 11600 lr 1 step-time 0.13s wps 79.08K ppl 1.11 gN 3.23 bleu 60.42, Sun Feb  3 16:39:19 2019
--------------------------------------------------------------------------------------------
# Finished an epoch, step 11664. Perform external evaluation
2019-02-03 16:39:27.641854: I tensorflow/core/kernels/lookup_util.cc:376] Table trying to initialize from file /home/emlab/Desktop/syuuron/nmt/attention_PI_0.5PS_0.3PD_0.2_Noisy_model/Vocab.in is already initialized.
2019-02-03 16:39:27.641854: I tensorflow/core/kernels/lookup_util.cc:376] Table trying to initialize from file /home/emlab/Desktop/syuuron/nmt/attention_PI_0.5PS_0.3PD_0.2_Noisy_model/Vocab.out is already initialized.
2019-02-03 16:39:27.641854: I tensorflow/core/kernels/lookup_util.cc:376] Table trying to initialize from file /home/emlab/Desktop/syuuron/nmt/attention_PI_0.5PS_0.3PD_0.2_Noisy_model/Vocab.out is already initialized.
  loaded infer model parameters from /home/emlab/Desktop/syuuron/nmt/attention_PI_0.5PS_0.3PD_0.2_Noisy_model/translate.ckpt-11000, time 0.06s
  # 946
    src: M UW1 V UW1 AA AA1 OW0 ER OW2 EY2 R OW IH2 M AH0 IH0 D D AE0 T EH1 EH HH T EH0 TH IH1 N EY2 AY2 B B EH1 EY AH0 R UW2 IH1 UH1 AA0 IH1 K IY1 W EH1 G AY1 EH1 T AE T
    ref: Move ( Bar ) Find ( twin_bell_alarm_clock Bar ) Grasp ( twin_bell_alarm_clock )
    nmt: Move ( Bar ) Find ( twin_bell_alarm_clock Bar ) Grasp ( twin_bell_alarm_clock )
2019-02-03 16:39:27.739304: I tensorflow/core/kernels/lookup_util.cc:376] Table trying to initialize from file /home/emlab/Desktop/syuuron/nmt/attention_PI_0.5PS_0.3PD_0.2_Noisy_model/Vocab.out is already initialized.
2019-02-03 16:39:27.739305: I tensorflow/core/kernels/lookup_util.cc:376] Table trying to initialize from file /home/emlab/Desktop/syuuron/nmt/attention_PI_0.5PS_0.3PD_0.2_Noisy_model/Vocab.out is already initialized.
2019-02-03 16:39:27.739305: I tensorflow/core/kernels/lookup_util.cc:376] Table trying to initialize from file /home/emlab/Desktop/syuuron/nmt/attention_PI_0.5PS_0.3PD_0.2_Noisy_model/Vocab.in is already initialized.
  loaded infer model parameters from /home/emlab/Desktop/syuuron/nmt/attention_PI_0.5PS_0.3PD_0.2_Noisy_model/translate.ckpt-11000, time 0.07s
# External evaluation, global step 11000
  decoding to output /home/emlab/Desktop/syuuron/nmt/attention_PI_0.5PS_0.3PD_0.2_Noisy_model/output_dev
  done, num sentences 2001, num translations per input 1, time 1s, Sun Feb  3 16:39:28 2019.
  bleu dev: 60.0
  saving hparams to /home/emlab/Desktop/syuuron/nmt/attention_PI_0.5PS_0.3PD_0.2_Noisy_model/hparams
# External evaluation, global step 11000
  decoding to output /home/emlab/Desktop/syuuron/nmt/attention_PI_0.5PS_0.3PD_0.2_Noisy_model/output_test
  done, num sentences 100, num translations per input 1, time 0s, Sun Feb  3 16:39:29 2019.
  bleu test: 19.2
  saving hparams to /home/emlab/Desktop/syuuron/nmt/attention_PI_0.5PS_0.3PD_0.2_Noisy_model/hparams
  step 11700 lr 1 step-time 0.13s wps 80.90K ppl 1.10 gN 2.89 bleu 60.42, Sun Feb  3 16:39:34 2019
--------------------------------------------------------------------------------------------
# Finished an epoch, step 11745. Perform external evaluation
2019-02-03 16:39:39.931211: I tensorflow/core/kernels/lookup_util.cc:376] Table trying to initialize from file /home/emlab/Desktop/syuuron/nmt/attention_PI_0.5PS_0.3PD_0.2_Noisy_model/Vocab.out is already initialized.
2019-02-03 16:39:39.931211: I tensorflow/core/kernels/lookup_util.cc:376] Table trying to initialize from file /home/emlab/Desktop/syuuron/nmt/attention_PI_0.5PS_0.3PD_0.2_Noisy_model/Vocab.out is already initialized.
2019-02-03 16:39:39.931211: I tensorflow/core/kernels/lookup_util.cc:376] Table trying to initialize from file /home/emlab/Desktop/syuuron/nmt/attention_PI_0.5PS_0.3PD_0.2_Noisy_model/Vocab.in is already initialized.
  loaded infer model parameters from /home/emlab/Desktop/syuuron/nmt/attention_PI_0.5PS_0.3PD_0.2_Noisy_model/translate.ckpt-11000, time 0.07s
  # 1592
    src: K AY G OW1 T OY UW1 F JH V Z AA2 IH0 ER0 EH UW1 OW0 OY0 AH0 M G UH EY1 SH P P ER2 OY1 IH ER1 S IH0 OY B AO1 S T AO AH0 AO2 L D EY0 EH1 K EH2 UW2 UH0 R B AE1 AY1 K
    ref: Move (  Visitor_Room  ) Find ( nursing_bottle Visitor_Room ) Grasp ( nursing_bottle ) Move ( HERE )
    nmt: Move ( Visitor_Room ) Find ( sauce Visitor_Room ) Grasp ( sauce ) Move ( HERE )
2019-02-03 16:39:40.023956: I tensorflow/core/kernels/lookup_util.cc:376] Table trying to initialize from file /home/emlab/Desktop/syuuron/nmt/attention_PI_0.5PS_0.3PD_0.2_Noisy_model/Vocab.out is already initialized.
2019-02-03 16:39:40.023956: I tensorflow/core/kernels/lookup_util.cc:376] Table trying to initialize from file /home/emlab/Desktop/syuuron/nmt/attention_PI_0.5PS_0.3PD_0.2_Noisy_model/Vocab.out is already initialized.
2019-02-03 16:39:40.023965: I tensorflow/core/kernels/lookup_util.cc:376] Table trying to initialize from file /home/emlab/Desktop/syuuron/nmt/attention_PI_0.5PS_0.3PD_0.2_Noisy_model/Vocab.in is already initialized.
  loaded infer model parameters from /home/emlab/Desktop/syuuron/nmt/attention_PI_0.5PS_0.3PD_0.2_Noisy_model/translate.ckpt-11000, time 0.06s
# External evaluation, global step 11000
  decoding to output /home/emlab/Desktop/syuuron/nmt/attention_PI_0.5PS_0.3PD_0.2_Noisy_model/output_dev
  done, num sentences 2001, num translations per input 1, time 1s, Sun Feb  3 16:39:41 2019.
  bleu dev: 60.0
  saving hparams to /home/emlab/Desktop/syuuron/nmt/attention_PI_0.5PS_0.3PD_0.2_Noisy_model/hparams
# External evaluation, global step 11000
  decoding to output /home/emlab/Desktop/syuuron/nmt/attention_PI_0.5PS_0.3PD_0.2_Noisy_model/output_test
  done, num sentences 100, num translations per input 1, time 0s, Sun Feb  3 16:39:41 2019.
  bleu test: 19.2
  saving hparams to /home/emlab/Desktop/syuuron/nmt/attention_PI_0.5PS_0.3PD_0.2_Noisy_model/hparams
  step 11800 lr 1 step-time 0.13s wps 77.39K ppl 1.10 gN 3.00 bleu 60.42, Sun Feb  3 16:39:49 2019
--------------------------------------------------------------------------------------------
# Finished an epoch, step 11826. Perform external evaluation
2019-02-03 16:39:52.292493: I tensorflow/core/kernels/lookup_util.cc:376] Table trying to initialize from file /home/emlab/Desktop/syuuron/nmt/attention_PI_0.5PS_0.3PD_0.2_Noisy_model/Vocab.out is already initialized.
2019-02-03 16:39:52.292493: I tensorflow/core/kernels/lookup_util.cc:376] Table trying to initialize from file /home/emlab/Desktop/syuuron/nmt/attention_PI_0.5PS_0.3PD_0.2_Noisy_model/Vocab.out is already initialized.
2019-02-03 16:39:52.292493: I tensorflow/core/kernels/lookup_util.cc:376] Table trying to initialize from file /home/emlab/Desktop/syuuron/nmt/attention_PI_0.5PS_0.3PD_0.2_Noisy_model/Vocab.in is already initialized.
  loaded infer model parameters from /home/emlab/Desktop/syuuron/nmt/attention_PI_0.5PS_0.3PD_0.2_Noisy_model/translate.ckpt-11000, time 0.06s
  # 718
    src: G OW1 G UW1 UW1 V OY1 IH1 Z CH AA2 UH0 UH W S R IH0 R M IH0 T K EH1 AA OY L T P EH0 L AA0 IH1 HH EY1 AA1 G R AH IH0 S EH1 AO2 JH P Z Y AA0 N AA2 AA0 OW R AY0 AA L AA1 ER2 N ZH AA1 EY1 IY2 AA0 IH1 IY0 IH0 R B AH0 L UW0 K P EY1
    ref: Move (  Visitor_Room  ) Find ( salt Visitor_Room ) Grasp ( salt ) Move ( Reception_Table )
    nmt: Move ( Visitor_Room ) Find ( bell_pepper Visitor_Room ) Grasp ( bell_pepper ) Move ( Reception_Table )
2019-02-03 16:39:52.392898: I tensorflow/core/kernels/lookup_util.cc:376] Table trying to initialize from file /home/emlab/Desktop/syuuron/nmt/attention_PI_0.5PS_0.3PD_0.2_Noisy_model/Vocab.out is already initialized.
2019-02-03 16:39:52.392898: I tensorflow/core/kernels/lookup_util.cc:376] Table trying to initialize from file /home/emlab/Desktop/syuuron/nmt/attention_PI_0.5PS_0.3PD_0.2_Noisy_model/Vocab.out is already initialized.
2019-02-03 16:39:52.392898: I tensorflow/core/kernels/lookup_util.cc:376] Table trying to initialize from file /home/emlab/Desktop/syuuron/nmt/attention_PI_0.5PS_0.3PD_0.2_Noisy_model/Vocab.in is already initialized.
  loaded infer model parameters from /home/emlab/Desktop/syuuron/nmt/attention_PI_0.5PS_0.3PD_0.2_Noisy_model/translate.ckpt-11000, time 0.06s
# External evaluation, global step 11000
  decoding to output /home/emlab/Desktop/syuuron/nmt/attention_PI_0.5PS_0.3PD_0.2_Noisy_model/output_dev
  done, num sentences 2001, num translations per input 1, time 0s, Sun Feb  3 16:39:53 2019.
  bleu dev: 60.0
  saving hparams to /home/emlab/Desktop/syuuron/nmt/attention_PI_0.5PS_0.3PD_0.2_Noisy_model/hparams
# External evaluation, global step 11000
  decoding to output /home/emlab/Desktop/syuuron/nmt/attention_PI_0.5PS_0.3PD_0.2_Noisy_model/output_test
  done, num sentences 100, num translations per input 1, time 0s, Sun Feb  3 16:39:53 2019.
  bleu test: 19.2
  saving hparams to /home/emlab/Desktop/syuuron/nmt/attention_PI_0.5PS_0.3PD_0.2_Noisy_model/hparams
  step 11900 lr 1 step-time 0.13s wps 81.08K ppl 1.10 gN 3.06 bleu 60.42, Sun Feb  3 16:40:03 2019
--------------------------------------------------------------------------------------------
# Finished an epoch, step 11907. Perform external evaluation
2019-02-03 16:40:04.140682: I tensorflow/core/kernels/lookup_util.cc:376] Table trying to initialize from file /home/emlab/Desktop/syuuron/nmt/attention_PI_0.5PS_0.3PD_0.2_Noisy_model/Vocab.in is already initialized.
2019-02-03 16:40:04.140682: I tensorflow/core/kernels/lookup_util.cc:376] Table trying to initialize from file /home/emlab/Desktop/syuuron/nmt/attention_PI_0.5PS_0.3PD_0.2_Noisy_model/Vocab.out is already initialized.
2019-02-03 16:40:04.140694: I tensorflow/core/kernels/lookup_util.cc:376] Table trying to initialize from file /home/emlab/Desktop/syuuron/nmt/attention_PI_0.5PS_0.3PD_0.2_Noisy_model/Vocab.out is already initialized.
  loaded infer model parameters from /home/emlab/Desktop/syuuron/nmt/attention_PI_0.5PS_0.3PD_0.2_Noisy_model/translate.ckpt-11000, time 0.06s
  # 1447
    src: AA W IY1 L G OW1 T AY OW0 EY2 AE0 AW0 IY2 UH1 B L AH V OY1 AH2 G AA2 AA V D IY2 AO IY0 D S K AW1 IH2 Z AH0 OW0 F HH EY1 OY2 K AY0 DH AH0 AY1 AA2 IH0 N OY2 AH0 M L IY0 K AE AH1 IY1 M B R
    ref: Move ( Living_Sofa ) Grasp ( salt ) Move ( HERE )
    nmt: Move ( lobby ) Find ( person lobby ) Move ( Living_Sofa ) Grasp ( camera )
2019-02-03 16:40:04.236231: I tensorflow/core/kernels/lookup_util.cc:376] Table trying to initialize from file /home/emlab/Desktop/syuuron/nmt/attention_PI_0.5PS_0.3PD_0.2_Noisy_model/Vocab.in is already initialized.
2019-02-03 16:40:04.236262: I tensorflow/core/kernels/lookup_util.cc:376] Table trying to initialize from file /home/emlab/Desktop/syuuron/nmt/attention_PI_0.5PS_0.3PD_0.2_Noisy_model/Vocab.out is already initialized.
2019-02-03 16:40:04.236232: I tensorflow/core/kernels/lookup_util.cc:376] Table trying to initialize from file /home/emlab/Desktop/syuuron/nmt/attention_PI_0.5PS_0.3PD_0.2_Noisy_model/Vocab.out is already initialized.
  loaded infer model parameters from /home/emlab/Desktop/syuuron/nmt/attention_PI_0.5PS_0.3PD_0.2_Noisy_model/translate.ckpt-11000, time 0.06s
# External evaluation, global step 11000
  decoding to output /home/emlab/Desktop/syuuron/nmt/attention_PI_0.5PS_0.3PD_0.2_Noisy_model/output_dev
  done, num sentences 2001, num translations per input 1, time 0s, Sun Feb  3 16:40:05 2019.
  bleu dev: 60.0
  saving hparams to /home/emlab/Desktop/syuuron/nmt/attention_PI_0.5PS_0.3PD_0.2_Noisy_model/hparams
# External evaluation, global step 11000
  decoding to output /home/emlab/Desktop/syuuron/nmt/attention_PI_0.5PS_0.3PD_0.2_Noisy_model/output_test
  done, num sentences 100, num translations per input 1, time 0s, Sun Feb  3 16:40:05 2019.
  bleu test: 19.2
  saving hparams to /home/emlab/Desktop/syuuron/nmt/attention_PI_0.5PS_0.3PD_0.2_Noisy_model/hparams
--------------------------------------------------------------------------------------------
# Finished an epoch, step 11988. Perform external evaluation
2019-02-03 16:40:15.990094: I tensorflow/core/kernels/lookup_util.cc:376] Table trying to initialize from file /home/emlab/Desktop/syuuron/nmt/attention_PI_0.5PS_0.3PD_0.2_Noisy_model/Vocab.in is already initialized.
2019-02-03 16:40:15.990094: I tensorflow/core/kernels/lookup_util.cc:376] Table trying to initialize from file /home/emlab/Desktop/syuuron/nmt/attention_PI_0.5PS_0.3PD_0.2_Noisy_model/Vocab.out is already initialized.
2019-02-03 16:40:15.990094: I tensorflow/core/kernels/lookup_util.cc:376] Table trying to initialize from file /home/emlab/Desktop/syuuron/nmt/attention_PI_0.5PS_0.3PD_0.2_Noisy_model/Vocab.out is already initialized.
  loaded infer model parameters from /home/emlab/Desktop/syuuron/nmt/attention_PI_0.5PS_0.3PD_0.2_Noisy_model/translate.ckpt-11000, time 0.06s
  # 1159
    src: G R R UH1 AY2 P AO2 UW1 AA IH1 N OY1 AO0 AW1 AE0 K AH0 L G R EH P K AE1 N IY IH AW1 OY2 AW2 ER AW2 D ER AH S AO2 TH AO OW1 UH EY2 AY2 EH1 OW0 N D AY IY1 AA2 B IH0 T HH L IY1 UH0 IY1 Z
    ref: Move ( kitchen ) Grasp ( canned_juice ) Move ( Dustbin ) Place ( canned_juice Dustbin  ) 
    nmt: Move ( Kitchen_Table ) Find ( canned_juice Kitchen_Table ) Grasp ( canned_juice ) Move ( Onion_Dressing )
2019-02-03 16:40:16.087115: I tensorflow/core/kernels/lookup_util.cc:376] Table trying to initialize from file /home/emlab/Desktop/syuuron/nmt/attention_PI_0.5PS_0.3PD_0.2_Noisy_model/Vocab.in is already initialized.
2019-02-03 16:40:16.087115: I tensorflow/core/kernels/lookup_util.cc:376] Table trying to initialize from file /home/emlab/Desktop/syuuron/nmt/attention_PI_0.5PS_0.3PD_0.2_Noisy_model/Vocab.out is already initialized.
2019-02-03 16:40:16.087129: I tensorflow/core/kernels/lookup_util.cc:376] Table trying to initialize from file /home/emlab/Desktop/syuuron/nmt/attention_PI_0.5PS_0.3PD_0.2_Noisy_model/Vocab.out is already initialized.
  loaded infer model parameters from /home/emlab/Desktop/syuuron/nmt/attention_PI_0.5PS_0.3PD_0.2_Noisy_model/translate.ckpt-11000, time 0.06s
# External evaluation, global step 11000
  decoding to output /home/emlab/Desktop/syuuron/nmt/attention_PI_0.5PS_0.3PD_0.2_Noisy_model/output_dev
  done, num sentences 2001, num translations per input 1, time 0s, Sun Feb  3 16:40:17 2019.
  bleu dev: 60.0
  saving hparams to /home/emlab/Desktop/syuuron/nmt/attention_PI_0.5PS_0.3PD_0.2_Noisy_model/hparams
# External evaluation, global step 11000
  decoding to output /home/emlab/Desktop/syuuron/nmt/attention_PI_0.5PS_0.3PD_0.2_Noisy_model/output_test
  done, num sentences 100, num translations per input 1, time 0s, Sun Feb  3 16:40:17 2019.
  bleu test: 19.2
  saving hparams to /home/emlab/Desktop/syuuron/nmt/attention_PI_0.5PS_0.3PD_0.2_Noisy_model/hparams
  step 12000 lr 1 step-time 0.13s wps 77.96K ppl 1.10 gN 3.26 bleu 60.42, Sun Feb  3 16:40:19 2019
# Save eval, global step 12000
2019-02-03 16:40:19.596708: I tensorflow/core/kernels/lookup_util.cc:376] Table trying to initialize from file /home/emlab/Desktop/syuuron/nmt/attention_PI_0.5PS_0.3PD_0.2_Noisy_model/Vocab.out is already initialized.
2019-02-03 16:40:19.596708: I tensorflow/core/kernels/lookup_util.cc:376] Table trying to initialize from file /home/emlab/Desktop/syuuron/nmt/attention_PI_0.5PS_0.3PD_0.2_Noisy_model/Vocab.in is already initialized.
2019-02-03 16:40:19.596780: I tensorflow/core/kernels/lookup_util.cc:376] Table trying to initialize from file /home/emlab/Desktop/syuuron/nmt/attention_PI_0.5PS_0.3PD_0.2_Noisy_model/Vocab.out is already initialized.
  loaded infer model parameters from /home/emlab/Desktop/syuuron/nmt/attention_PI_0.5PS_0.3PD_0.2_Noisy_model/translate.ckpt-12000, time 0.07s
  # 1829
    src: OW IH L UH1 Y UW1 AA2 AY0 IY2 EY0 G AH2 D AO UH EH UH0 AO2 T EH2 AA UW1 AO1 ER1 CH UH0 ZH N V L T OW2 EY1 Y UH AE0 AA0 Z AO1 UH1 AA0 L R ZH OY2 T EY1 Y AA0 ER2 S IH1 AY AH0 EY0 AY1 UW1 IH1 CH OY OW1 NG K ER1 IH1 P ER0 EH K AH1 M AW0 IY1 AE1 AA
    ref: Move ( Kitchen_Table ) Find ( pink_cup Kitchen_Table ) Grasp ( pink_cup ) Move ( HERE )
    nmt: Move ( lobby ) Find ( salt lobby ) Grasp ( salt ) Move ( Living_Sofa ) Find ( salt Living_Sofa ) Grasp ( salt ) Move ( Visitor_Room )
2019-02-03 16:40:19.699959: I tensorflow/core/kernels/lookup_util.cc:376] Table trying to initialize from file /home/emlab/Desktop/syuuron/nmt/attention_PI_0.5PS_0.3PD_0.2_Noisy_model/Vocab.in is already initialized.
2019-02-03 16:40:19.699967: I tensorflow/core/kernels/lookup_util.cc:376] Table trying to initialize from file /home/emlab/Desktop/syuuron/nmt/attention_PI_0.5PS_0.3PD_0.2_Noisy_model/Vocab.out is already initialized.
2019-02-03 16:40:19.700007: I tensorflow/core/kernels/lookup_util.cc:376] Table trying to initialize from file /home/emlab/Desktop/syuuron/nmt/attention_PI_0.5PS_0.3PD_0.2_Noisy_model/Vocab.out is already initialized.
  loaded eval model parameters from /home/emlab/Desktop/syuuron/nmt/attention_PI_0.5PS_0.3PD_0.2_Noisy_model/translate.ckpt-12000, time 0.05s
  eval dev: perplexity 1.61, time 1s, Sun Feb  3 16:40:20 2019.
  eval test: perplexity 8.11, time 0s, Sun Feb  3 16:40:20 2019.
2019-02-03 16:40:21.185800: I tensorflow/core/kernels/lookup_util.cc:376] Table trying to initialize from file /home/emlab/Desktop/syuuron/nmt/attention_PI_0.5PS_0.3PD_0.2_Noisy_model/Vocab.in is already initialized.
2019-02-03 16:40:21.185800: I tensorflow/core/kernels/lookup_util.cc:376] Table trying to initialize from file /home/emlab/Desktop/syuuron/nmt/attention_PI_0.5PS_0.3PD_0.2_Noisy_model/Vocab.out is already initialized.
2019-02-03 16:40:21.185802: I tensorflow/core/kernels/lookup_util.cc:376] Table trying to initialize from file /home/emlab/Desktop/syuuron/nmt/attention_PI_0.5PS_0.3PD_0.2_Noisy_model/Vocab.out is already initialized.
  loaded infer model parameters from /home/emlab/Desktop/syuuron/nmt/attention_PI_0.5PS_0.3PD_0.2_Noisy_model/translate.ckpt-12000, time 0.07s
  # 371
    src: G EY1 AH IY1 R ER0 T AW1 AO1 AH S AY1 UH2 ER DH AY TH B W S SH AO1 AH0 OW0 AH0 IY N OW L IY AA0 G Y OW1 K AW L IH1 OY OW AO0 AE0 IH0 EY1 ER V R IH2 DH AH1 M AH0 Z AE2 UW Z AO0 IH0 DH AY0 AH0 P OY AA1 G AO0 JH JH R IH0 UW0 M AY V IH0 EY OW2 AH0 N AH0 EH2 EY TH N Z T
    ref: Move ( Side_Table ) Move ( Side_Table ) Move ( apartment )
    nmt: Move ( Side_Table ) Move ( Living_Table ) Move ( apartment )
2019-02-03 16:40:21.275393: I tensorflow/core/kernels/lookup_util.cc:376] Table trying to initialize from file /home/emlab/Desktop/syuuron/nmt/attention_PI_0.5PS_0.3PD_0.2_Noisy_model/Vocab.out is already initialized.
2019-02-03 16:40:21.275395: I tensorflow/core/kernels/lookup_util.cc:376] Table trying to initialize from file /home/emlab/Desktop/syuuron/nmt/attention_PI_0.5PS_0.3PD_0.2_Noisy_model/Vocab.in is already initialized.
2019-02-03 16:40:21.275398: I tensorflow/core/kernels/lookup_util.cc:376] Table trying to initialize from file /home/emlab/Desktop/syuuron/nmt/attention_PI_0.5PS_0.3PD_0.2_Noisy_model/Vocab.out is already initialized.
  loaded eval model parameters from /home/emlab/Desktop/syuuron/nmt/attention_PI_0.5PS_0.3PD_0.2_Noisy_model/translate.ckpt-12000, time 0.05s
  eval dev: perplexity 1.61, time 1s, Sun Feb  3 16:40:22 2019.
  eval test: perplexity 8.11, time 0s, Sun Feb  3 16:40:22 2019.
2019-02-03 16:40:22.972864: I tensorflow/core/kernels/lookup_util.cc:376] Table trying to initialize from file /home/emlab/Desktop/syuuron/nmt/attention_PI_0.5PS_0.3PD_0.2_Noisy_model/Vocab.out is already initialized.
2019-02-03 16:40:22.972864: I tensorflow/core/kernels/lookup_util.cc:376] Table trying to initialize from file /home/emlab/Desktop/syuuron/nmt/attention_PI_0.5PS_0.3PD_0.2_Noisy_model/Vocab.out is already initialized.
2019-02-03 16:40:22.972864: I tensorflow/core/kernels/lookup_util.cc:376] Table trying to initialize from file /home/emlab/Desktop/syuuron/nmt/attention_PI_0.5PS_0.3PD_0.2_Noisy_model/Vocab.in is already initialized.
  loaded infer model parameters from /home/emlab/Desktop/syuuron/nmt/attention_PI_0.5PS_0.3PD_0.2_Noisy_model/translate.ckpt-12000, time 0.07s
# External evaluation, global step 12000
  decoding to output /home/emlab/Desktop/syuuron/nmt/attention_PI_0.5PS_0.3PD_0.2_Noisy_model/output_dev
  done, num sentences 2001, num translations per input 1, time 1s, Sun Feb  3 16:40:24 2019.
  bleu dev: 60.7
  saving hparams to /home/emlab/Desktop/syuuron/nmt/attention_PI_0.5PS_0.3PD_0.2_Noisy_model/hparams
# External evaluation, global step 12000
  decoding to output /home/emlab/Desktop/syuuron/nmt/attention_PI_0.5PS_0.3PD_0.2_Noisy_model/output_test
  done, num sentences 100, num translations per input 1, time 0s, Sun Feb  3 16:40:24 2019.
  bleu test: 12.6
  saving hparams to /home/emlab/Desktop/syuuron/nmt/attention_PI_0.5PS_0.3PD_0.2_Noisy_model/hparams
# Final, step 12000 lr 1 step-time 0.13s wps 77.96K ppl 1.10 gN 3.26 dev ppl 1.61, dev bleu 60.7, test ppl 8.11, test bleu 12.6, Sun Feb  3 16:40:24 2019
# Done training!, time 1770s, Sun Feb  3 16:40:24 2019.
# Start evaluating saved best models.
2019-02-03 16:40:24.692095: I tensorflow/core/kernels/lookup_util.cc:376] Table trying to initialize from file /home/emlab/Desktop/syuuron/nmt/attention_PI_0.5PS_0.3PD_0.2_Noisy_model/Vocab.out is already initialized.
2019-02-03 16:40:24.692109: I tensorflow/core/kernels/lookup_util.cc:376] Table trying to initialize from file /home/emlab/Desktop/syuuron/nmt/attention_PI_0.5PS_0.3PD_0.2_Noisy_model/Vocab.in is already initialized.
2019-02-03 16:40:24.692095: I tensorflow/core/kernels/lookup_util.cc:376] Table trying to initialize from file /home/emlab/Desktop/syuuron/nmt/attention_PI_0.5PS_0.3PD_0.2_Noisy_model/Vocab.out is already initialized.
  loaded infer model parameters from /home/emlab/Desktop/syuuron/nmt/attention_PI_0.5PS_0.3PD_0.2_Noisy_model/best_bleu/translate.ckpt-12000, time 0.06s
  # 167
    src: K NG L T UW1 W IH1 S OW1 UW F AH0 G R EH0 AE0 AA1 AH0 EY0 OW F ER2 DH EH1 W G AA1 AE1 AA2 ER2 L AE2 L IY1 IY IH0 AH0 AE2 P AA1 R T AE IY N OW1 AY0 OW2 T P OY IY1 Z
    ref: Move ( Sofa ) Find ( Egg_Soup Sofa  ) Grasp ( Egg_Soup ) Move ( apartment )
    nmt: Move ( Sofa ) Grasp ( dog_doll ) Move ( apartment )
2019-02-03 16:40:24.776313: I tensorflow/core/kernels/lookup_util.cc:376] Table trying to initialize from file /home/emlab/Desktop/syuuron/nmt/attention_PI_0.5PS_0.3PD_0.2_Noisy_model/Vocab.in is already initialized.
2019-02-03 16:40:24.776313: I tensorflow/core/kernels/lookup_util.cc:376] Table trying to initialize from file /home/emlab/Desktop/syuuron/nmt/attention_PI_0.5PS_0.3PD_0.2_Noisy_model/Vocab.out is already initialized.
2019-02-03 16:40:24.776313: I tensorflow/core/kernels/lookup_util.cc:376] Table trying to initialize from file /home/emlab/Desktop/syuuron/nmt/attention_PI_0.5PS_0.3PD_0.2_Noisy_model/Vocab.out is already initialized.
  loaded eval model parameters from /home/emlab/Desktop/syuuron/nmt/attention_PI_0.5PS_0.3PD_0.2_Noisy_model/best_bleu/translate.ckpt-12000, time 0.05s
  eval dev: perplexity 1.61, time 1s, Sun Feb  3 16:40:25 2019.
  eval test: perplexity 8.11, time 0s, Sun Feb  3 16:40:26 2019.
2019-02-03 16:40:26.082274: I tensorflow/core/kernels/lookup_util.cc:376] Table trying to initialize from file /home/emlab/Desktop/syuuron/nmt/attention_PI_0.5PS_0.3PD_0.2_Noisy_model/Vocab.in is already initialized.
2019-02-03 16:40:26.082279: I tensorflow/core/kernels/lookup_util.cc:376] Table trying to initialize from file /home/emlab/Desktop/syuuron/nmt/attention_PI_0.5PS_0.3PD_0.2_Noisy_model/Vocab.out is already initialized.
2019-02-03 16:40:26.082314: I tensorflow/core/kernels/lookup_util.cc:376] Table trying to initialize from file /home/emlab/Desktop/syuuron/nmt/attention_PI_0.5PS_0.3PD_0.2_Noisy_model/Vocab.out is already initialized.
  loaded infer model parameters from /home/emlab/Desktop/syuuron/nmt/attention_PI_0.5PS_0.3PD_0.2_Noisy_model/best_bleu/translate.ckpt-12000, time 0.06s
# External evaluation, global step 12000
  decoding to output /home/emlab/Desktop/syuuron/nmt/attention_PI_0.5PS_0.3PD_0.2_Noisy_model/output_dev
  done, num sentences 2001, num translations per input 1, time 0s, Sun Feb  3 16:40:27 2019.
  bleu dev: 60.7
  saving hparams to /home/emlab/Desktop/syuuron/nmt/attention_PI_0.5PS_0.3PD_0.2_Noisy_model/hparams
# External evaluation, global step 12000
  decoding to output /home/emlab/Desktop/syuuron/nmt/attention_PI_0.5PS_0.3PD_0.2_Noisy_model/output_test
  done, num sentences 100, num translations per input 1, time 0s, Sun Feb  3 16:40:27 2019.
  bleu test: 12.6
  saving hparams to /home/emlab/Desktop/syuuron/nmt/attention_PI_0.5PS_0.3PD_0.2_Noisy_model/hparams
# Best bleu, step 12000 lr 1 step-time 0.13s wps 77.96K ppl 1.10 gN 3.26 dev ppl 1.61, dev bleu 60.7, test ppl 8.11, test bleu 12.6, Sun Feb  3 16:40:27 2019
cp: 'VocabNoisy.in' を stat できません: そのようなファイルやディレクトリはありません
PI_0.1PS_0.2PD_0.7Noisy PI_0.1PS_0.2PD_0.7Noisy
# Job id 0
2019-02-03 16:40:30.734297: I tensorflow/core/platform/cpu_feature_guard.cc:141] Your CPU supports instructions that this TensorFlow binary was not compiled to use: AVX2 FMA
2019-02-03 16:40:30.790032: I tensorflow/stream_executor/cuda/cuda_gpu_executor.cc:964] successful NUMA node read from SysFS had negative value (-1), but there must be at least one NUMA node, so returning NUMA node zero
2019-02-03 16:40:30.790408: I tensorflow/core/common_runtime/gpu/gpu_device.cc:1432] Found device 0 with properties: 
name: GeForce GTX 960M major: 5 minor: 0 memoryClockRate(GHz): 1.176
pciBusID: 0000:01:00.0
totalMemory: 3.95GiB freeMemory: 3.13GiB
2019-02-03 16:40:30.790423: I tensorflow/core/common_runtime/gpu/gpu_device.cc:1511] Adding visible gpu devices: 0
2019-02-03 16:40:31.375549: I tensorflow/core/common_runtime/gpu/gpu_device.cc:982] Device interconnect StreamExecutor with strength 1 edge matrix:
2019-02-03 16:40:31.375594: I tensorflow/core/common_runtime/gpu/gpu_device.cc:988]      0 
2019-02-03 16:40:31.375601: I tensorflow/core/common_runtime/gpu/gpu_device.cc:1001] 0:   N 
2019-02-03 16:40:31.375716: I tensorflow/core/common_runtime/gpu/gpu_device.cc:1115] Created TensorFlow device (/job:localhost/replica:0/task:0/device:GPU:0 with 2845 MB memory) -> physical GPU (device: 0, name: GeForce GTX 960M, pci bus id: 0000:01:00.0, compute capability: 5.0)
# Devices visible to TensorFlow: [_DeviceAttributes(/job:localhost/replica:0/task:0/device:CPU:0, CPU, 268435456, 2583400548317375986), _DeviceAttributes(/job:localhost/replica:0/task:0/device:XLA_GPU:0, XLA_GPU, 17179869184, 10081593707118826563), _DeviceAttributes(/job:localhost/replica:0/task:0/device:XLA_CPU:0, XLA_CPU, 17179869184, 891065880762481057), _DeviceAttributes(/job:localhost/replica:0/task:0/device:GPU:0, GPU, 2984181760, 9060031554105545880)]
# Creating output directory /home/emlab/Desktop/syuuron/nmt/Noattention_PI_0.1PS_0.2PD_0.7_Noisy_model ...
# Vocab file /home/emlab/Desktop/syuuron/nmt/Dataset/Vocab.in exists
The first 3 vocab words [T, AH0, N] are not [<unk>, <s>, </s>]
# Vocab file /home/emlab/Desktop/syuuron/nmt/Dataset/Vocab.out exists
The first 3 vocab words [(, ), Move] are not [<unk>, <s>, </s>]
  saving hparams to /home/emlab/Desktop/syuuron/nmt/Noattention_PI_0.1PS_0.2PD_0.7_Noisy_model/hparams
  saving hparams to /home/emlab/Desktop/syuuron/nmt/Noattention_PI_0.1PS_0.2PD_0.7_Noisy_model/best_bleu/hparams
  attention=
  attention_architecture=standard
  avg_ckpts=False
  batch_size=128
  beam_width=0
  best_bleu=0
  best_bleu_dir=/home/emlab/Desktop/syuuron/nmt/Noattention_PI_0.1PS_0.2PD_0.7_Noisy_model/best_bleu
  check_special_token=True
  colocate_gradients_with_ops=True
  decay_scheme=
  dev_prefix=/home/emlab/Desktop/syuuron/nmt/Dataset/devdata
  dropout=0.2
  embed_prefix=None
  encoder_type=uni
  eos=</s>
  epoch_step=0
  forget_bias=1.0
  infer_batch_size=256
  infer_mode=greedy
  init_op=uniform
  init_weight=0.1
  language_model=False
  learning_rate=1.0
  length_penalty_weight=0.0
  log_device_placement=False
  max_gradient_norm=5.0
  max_train=0
  metrics=['bleu']
  num_buckets=5
  num_dec_emb_partitions=0
  num_decoder_layers=1
  num_decoder_residual_layers=0
  num_embeddings_partitions=0
  num_enc_emb_partitions=0
  num_encoder_layers=1
  num_encoder_residual_layers=0
  num_gpus=1
  num_inter_threads=0
  num_intra_threads=0
  num_keep_ckpts=5
  num_sampled_softmax=0
  num_train_steps=12000
  num_translations_per_input=1
  num_units=128
  optimizer=sgd
  out_dir=/home/emlab/Desktop/syuuron/nmt/Noattention_PI_0.1PS_0.2PD_0.7_Noisy_model
  output_attention=True
  override_loaded_hparams=False
  pass_hidden_state=True
  random_seed=None
  residual=False
  sampling_temperature=0.0
  share_vocab=False
  sos=<s>
  src=in
  src_embed_file=
  src_max_len=80
  src_max_len_infer=None
  src_vocab_file=/home/emlab/Desktop/syuuron/nmt/Noattention_PI_0.1PS_0.2PD_0.7_Noisy_model/Vocab.in
  src_vocab_size=87
  steps_per_external_eval=None
  steps_per_stats=100
  subword_option=
  test_prefix=/home/emlab/Desktop/syuuron/recodescript/WANGDATA/google_Wordresultdata
  tgt=out
  tgt_embed_file=
  tgt_max_len=50
  tgt_max_len_infer=None
  tgt_vocab_file=/home/emlab/Desktop/syuuron/nmt/Noattention_PI_0.1PS_0.2PD_0.7_Noisy_model/Vocab.out
  tgt_vocab_size=89
  time_major=True
  train_prefix=/home/emlab/Desktop/syuuron/nmt/Dataset/traindata
  unit_type=lstm
  use_char_encode=False
  vocab_prefix=/home/emlab/Desktop/syuuron/nmt/Dataset/Vocab
  warmup_scheme=t2t
  warmup_steps=0
WARNING:tensorflow:From /home/emlab/Desktop/syuuron/nmt/nmt/utils/iterator_utils.py:235: group_by_window (from tensorflow.contrib.data.python.ops.grouping) is deprecated and will be removed in a future version.
Instructions for updating:
Use `tf.data.experimental.group_by_window(...)`.
# Creating train graph ...
# Build a basic encoder
  num_layers = 1, num_residual_layers=0
  cell 0  LSTM, forget_bias=1WARNING:tensorflow:From /home/emlab/Desktop/syuuron/nmt/nmt/model_helper.py:402: BasicLSTMCell.__init__ (from tensorflow.python.ops.rnn_cell_impl) is deprecated and will be removed in a future version.
Instructions for updating:
This class is deprecated, please use tf.nn.rnn_cell.LSTMCell, which supports all the feature this cell currently has. Please replace the existing code with tf.nn.rnn_cell.LSTMCell(name='basic_lstm_cell').
  DropoutWrapper, dropout=0.2   DeviceWrapper, device=/gpu:0
  cell 0  LSTM, forget_bias=1  DropoutWrapper, dropout=0.2   DeviceWrapper, device=/gpu:0
  learning_rate=1, warmup_steps=0, warmup_scheme=t2t
  decay_scheme=, start_decay_step=12000, decay_steps 0, decay_factor 1
# Trainable variables
Format: <name>, <shape>, <(soft) device placement>
  embeddings/encoder/embedding_encoder:0, (87, 128), /device:GPU:0
  embeddings/decoder/embedding_decoder:0, (89, 128), /device:GPU:0
  dynamic_seq2seq/encoder/rnn/basic_lstm_cell/kernel:0, (256, 512), /device:GPU:0
  dynamic_seq2seq/encoder/rnn/basic_lstm_cell/bias:0, (512,), /device:GPU:0
  dynamic_seq2seq/decoder/basic_lstm_cell/kernel:0, (256, 512), /device:GPU:0
  dynamic_seq2seq/decoder/basic_lstm_cell/bias:0, (512,), /device:GPU:0
  dynamic_seq2seq/decoder/output_projection/kernel:0, (128, 89), /device:GPU:0
# Creating eval graph ...
# Build a basic encoder
  num_layers = 1, num_residual_layers=0
  cell 0  LSTM, forget_bias=1  DeviceWrapper, device=/gpu:0
  cell 0  LSTM, forget_bias=1  DeviceWrapper, device=/gpu:0
# Trainable variables
Format: <name>, <shape>, <(soft) device placement>
  embeddings/encoder/embedding_encoder:0, (87, 128), /device:GPU:0
  embeddings/decoder/embedding_decoder:0, (89, 128), /device:GPU:0
  dynamic_seq2seq/encoder/rnn/basic_lstm_cell/kernel:0, (256, 512), /device:GPU:0
  dynamic_seq2seq/encoder/rnn/basic_lstm_cell/bias:0, (512,), /device:GPU:0
  dynamic_seq2seq/decoder/basic_lstm_cell/kernel:0, (256, 512), /device:GPU:0
  dynamic_seq2seq/decoder/basic_lstm_cell/bias:0, (512,), /device:GPU:0
  dynamic_seq2seq/decoder/output_projection/kernel:0, (128, 89), /device:GPU:0
# Creating infer graph ...
# Build a basic encoder
  num_layers = 1, num_residual_layers=0
  cell 0  LSTM, forget_bias=1  DeviceWrapper, device=/gpu:0
  cell 0  LSTM, forget_bias=1  DeviceWrapper, device=/gpu:0
  decoder: infer_mode=greedybeam_width=0, length_penalty=0.000000
# Trainable variables
Format: <name>, <shape>, <(soft) device placement>
  embeddings/encoder/embedding_encoder:0, (87, 128), /device:GPU:0
  embeddings/decoder/embedding_decoder:0, (89, 128), /device:GPU:0
  dynamic_seq2seq/encoder/rnn/basic_lstm_cell/kernel:0, (256, 512), /device:GPU:0
  dynamic_seq2seq/encoder/rnn/basic_lstm_cell/bias:0, (512,), /device:GPU:0
  dynamic_seq2seq/decoder/basic_lstm_cell/kernel:0, (256, 512), /device:GPU:0
  dynamic_seq2seq/decoder/basic_lstm_cell/bias:0, (512,), /device:GPU:0
  dynamic_seq2seq/decoder/output_projection/kernel:0, (128, 89), 
# log_file=/home/emlab/Desktop/syuuron/nmt/Noattention_PI_0.1PS_0.2PD_0.7_Noisy_model/log_1549179633
2019-02-03 16:40:33.115670: I tensorflow/core/common_runtime/gpu/gpu_device.cc:1511] Adding visible gpu devices: 0
2019-02-03 16:40:33.115718: I tensorflow/core/common_runtime/gpu/gpu_device.cc:982] Device interconnect StreamExecutor with strength 1 edge matrix:
2019-02-03 16:40:33.115725: I tensorflow/core/common_runtime/gpu/gpu_device.cc:988]      0 
2019-02-03 16:40:33.115732: I tensorflow/core/common_runtime/gpu/gpu_device.cc:1001] 0:   N 
2019-02-03 16:40:33.115829: I tensorflow/core/common_runtime/gpu/gpu_device.cc:1115] Created TensorFlow device (/job:localhost/replica:0/task:0/device:GPU:0 with 2845 MB memory) -> physical GPU (device: 0, name: GeForce GTX 960M, pci bus id: 0000:01:00.0, compute capability: 5.0)
2019-02-03 16:40:33.116118: I tensorflow/core/common_runtime/gpu/gpu_device.cc:1511] Adding visible gpu devices: 0
2019-02-03 16:40:33.116134: I tensorflow/core/common_runtime/gpu/gpu_device.cc:982] Device interconnect StreamExecutor with strength 1 edge matrix:
2019-02-03 16:40:33.116141: I tensorflow/core/common_runtime/gpu/gpu_device.cc:988]      0 
2019-02-03 16:40:33.116146: I tensorflow/core/common_runtime/gpu/gpu_device.cc:1001] 0:   N 
2019-02-03 16:40:33.116223: I tensorflow/core/common_runtime/gpu/gpu_device.cc:1115] Created TensorFlow device (/job:localhost/replica:0/task:0/device:GPU:0 with 2845 MB memory) -> physical GPU (device: 0, name: GeForce GTX 960M, pci bus id: 0000:01:00.0, compute capability: 5.0)
2019-02-03 16:40:33.116510: I tensorflow/core/common_runtime/gpu/gpu_device.cc:1511] Adding visible gpu devices: 0
2019-02-03 16:40:33.116526: I tensorflow/core/common_runtime/gpu/gpu_device.cc:982] Device interconnect StreamExecutor with strength 1 edge matrix:
2019-02-03 16:40:33.116532: I tensorflow/core/common_runtime/gpu/gpu_device.cc:988]      0 
2019-02-03 16:40:33.116537: I tensorflow/core/common_runtime/gpu/gpu_device.cc:1001] 0:   N 
2019-02-03 16:40:33.116650: I tensorflow/core/common_runtime/gpu/gpu_device.cc:1115] Created TensorFlow device (/job:localhost/replica:0/task:0/device:GPU:0 with 2845 MB memory) -> physical GPU (device: 0, name: GeForce GTX 960M, pci bus id: 0000:01:00.0, compute capability: 5.0)
  created train model with fresh parameters, time 0.14s
  created infer model with fresh parameters, time 0.05s
  # 1965
    src: IY0 AH1 CH N AE AH0 R AA0 UW0 S B Z
    ref: Move ( kitchen ) Find ( Cup_Star kitchen ) Grasp ( Cup_Star ) Move ( Dustbin ) Place ( Cup_Star Dustbin )
    nmt: Dustbin Move <s> Dining_Table <s> Dining_Table <s> filled_ketchup Chip_Star Long_Potato Visitor_Room Visitor_Room Blue_Potato Japanese_Tea Blue_Potato toy_duck toy_duck camera <s> <s> <s> <s> Dining_Table Chip_Star
  created eval model with fresh parameters, time 0.05s
  eval dev: perplexity 89.33, time 0s, Sun Feb  3 16:40:34 2019.
  eval test: perplexity 89.26, time 0s, Sun Feb  3 16:40:34 2019.
2019-02-03 16:40:34.327024: I tensorflow/core/kernels/lookup_util.cc:376] Table trying to initialize from file /home/emlab/Desktop/syuuron/nmt/Noattention_PI_0.1PS_0.2PD_0.7_Noisy_model/Vocab.out is already initialized.
2019-02-03 16:40:34.327026: I tensorflow/core/kernels/lookup_util.cc:376] Table trying to initialize from file /home/emlab/Desktop/syuuron/nmt/Noattention_PI_0.1PS_0.2PD_0.7_Noisy_model/Vocab.out is already initialized.
2019-02-03 16:40:34.327026: I tensorflow/core/kernels/lookup_util.cc:376] Table trying to initialize from file /home/emlab/Desktop/syuuron/nmt/Noattention_PI_0.1PS_0.2PD_0.7_Noisy_model/Vocab.in is already initialized.
  created infer model with fresh parameters, time 0.04s
# Start step 0, lr 1, Sun Feb  3 16:40:34 2019
# Init train iterator, skipping 0 elements
--------------------------------------------------------------------------------------------
# Finished an epoch, step 80. Perform external evaluation
2019-02-03 16:40:37.859837: I tensorflow/core/kernels/lookup_util.cc:376] Table trying to initialize from file /home/emlab/Desktop/syuuron/nmt/Noattention_PI_0.1PS_0.2PD_0.7_Noisy_model/Vocab.out is already initialized.
2019-02-03 16:40:37.859844: I tensorflow/core/kernels/lookup_util.cc:376] Table trying to initialize from file /home/emlab/Desktop/syuuron/nmt/Noattention_PI_0.1PS_0.2PD_0.7_Noisy_model/Vocab.out is already initialized.
2019-02-03 16:40:37.859844: I tensorflow/core/kernels/lookup_util.cc:376] Table trying to initialize from file /home/emlab/Desktop/syuuron/nmt/Noattention_PI_0.1PS_0.2PD_0.7_Noisy_model/Vocab.in is already initialized.
  created infer model with fresh parameters, time 0.04s
  # 1560
    src: EH1 G OW1 T F L IH0 NG ER1 EH EY1 N AA0 S AA2 AH0 R R UW1 IH1 M N
    ref: Move (  Living_Table ) Find ( nursing_bottle Living_Table  ) Grasp ( nursing_bottle )  Move ( Kitchen_Table )
    nmt: <s> sauce Strawberry_Juice Strawberry_Juice Living_Table Bar kitchen empty_ketchup kitchen empty_ketchup kitchen Japanese_Dressing kitchen empty_ketchup kitchen Japanese_Tea Japanese_Tea Japanese_Tea Japanese_Tea Japanese_Tea Say Say empty_plastic_bottle Seafood_Noodle hourglass Cup_Noodle tumbler tumbler tumbler tumbler tumbler tumbler tumbler tumbler tumbler tumbler tumbler tumbler Sofa empty_plastic_bottle Japanese_Dressing empty_plastic_bottle empty_plastic_bottle Dish_Cleaner
2019-02-03 16:40:37.928136: I tensorflow/core/kernels/lookup_util.cc:376] Table trying to initialize from file /home/emlab/Desktop/syuuron/nmt/Noattention_PI_0.1PS_0.2PD_0.7_Noisy_model/Vocab.out is already initialized.
2019-02-03 16:40:37.928136: I tensorflow/core/kernels/lookup_util.cc:376] Table trying to initialize from file /home/emlab/Desktop/syuuron/nmt/Noattention_PI_0.1PS_0.2PD_0.7_Noisy_model/Vocab.out is already initialized.
2019-02-03 16:40:37.928136: I tensorflow/core/kernels/lookup_util.cc:376] Table trying to initialize from file /home/emlab/Desktop/syuuron/nmt/Noattention_PI_0.1PS_0.2PD_0.7_Noisy_model/Vocab.in is already initialized.
  created infer model with fresh parameters, time 0.04s
  step 100 lr 1 step-time 0.04s wps 88.66K ppl 5.72 gN 5.64 bleu 0.00, Sun Feb  3 16:40:38 2019
--------------------------------------------------------------------------------------------
# Finished an epoch, step 160. Perform external evaluation
2019-02-03 16:40:41.290423: I tensorflow/core/kernels/lookup_util.cc:376] Table trying to initialize from file /home/emlab/Desktop/syuuron/nmt/Noattention_PI_0.1PS_0.2PD_0.7_Noisy_model/Vocab.out is already initialized.
2019-02-03 16:40:41.290426: I tensorflow/core/kernels/lookup_util.cc:376] Table trying to initialize from file /home/emlab/Desktop/syuuron/nmt/Noattention_PI_0.1PS_0.2PD_0.7_Noisy_model/Vocab.in is already initialized.
2019-02-03 16:40:41.290449: I tensorflow/core/kernels/lookup_util.cc:376] Table trying to initialize from file /home/emlab/Desktop/syuuron/nmt/Noattention_PI_0.1PS_0.2PD_0.7_Noisy_model/Vocab.out is already initialized.
  created infer model with fresh parameters, time 0.04s
  # 859
    src: K N AE2 AH0 B Z V G T AO1 R P D OY1 V Z T OW W OY
    ref: Move ( Bar ) Find ( Orange_Juice Bar  ) Grasp ( Orange_Juice ) Move ( Corridor ) ( Living_Sofa )
    nmt: cubic_clock sauce rabbit_doll rabbit_doll salt Cup_Star lobby lobby lobby lobby lobby lobby lobby lobby lobby lobby lobby lobby lobby lobby lobby lobby lobby lobby lobby lobby lobby lobby lobby lobby lobby lobby lobby lobby lobby lobby lobby lobby lobby lobby
2019-02-03 16:40:41.359183: I tensorflow/core/kernels/lookup_util.cc:376] Table trying to initialize from file /home/emlab/Desktop/syuuron/nmt/Noattention_PI_0.1PS_0.2PD_0.7_Noisy_model/Vocab.in is already initialized.
2019-02-03 16:40:41.359183: I tensorflow/core/kernels/lookup_util.cc:376] Table trying to initialize from file /home/emlab/Desktop/syuuron/nmt/Noattention_PI_0.1PS_0.2PD_0.7_Noisy_model/Vocab.out is already initialized.
2019-02-03 16:40:41.359186: I tensorflow/core/kernels/lookup_util.cc:376] Table trying to initialize from file /home/emlab/Desktop/syuuron/nmt/Noattention_PI_0.1PS_0.2PD_0.7_Noisy_model/Vocab.out is already initialized.
  created infer model with fresh parameters, time 0.05s
  step 200 lr 1 step-time 0.04s wps 90.00K ppl 2.77 gN 1.75 bleu 0.00, Sun Feb  3 16:40:43 2019
--------------------------------------------------------------------------------------------
# Finished an epoch, step 240. Perform external evaluation
2019-02-03 16:40:45.048992: I tensorflow/core/kernels/lookup_util.cc:376] Table trying to initialize from file /home/emlab/Desktop/syuuron/nmt/Noattention_PI_0.1PS_0.2PD_0.7_Noisy_model/Vocab.in is already initialized.
2019-02-03 16:40:45.049000: I tensorflow/core/kernels/lookup_util.cc:376] Table trying to initialize from file /home/emlab/Desktop/syuuron/nmt/Noattention_PI_0.1PS_0.2PD_0.7_Noisy_model/Vocab.out is already initialized.
2019-02-03 16:40:45.049001: I tensorflow/core/kernels/lookup_util.cc:376] Table trying to initialize from file /home/emlab/Desktop/syuuron/nmt/Noattention_PI_0.1PS_0.2PD_0.7_Noisy_model/Vocab.out is already initialized.
  created infer model with fresh parameters, time 0.05s
  # 1189
    src: UW1 AH0 N IH0 T AE1 CH L IY1
    ref: Move ( Sofa ) Find ( apple Sofa ) Grasp ( apple )
    nmt: Seafood_Noodle rabbit_doll sugar bell_pepper person Move Move hourglass canned_juice Listen canned_juice canned_juice Listen canned_juice Plcae canned_juice Plcae Brown_Tea
2019-02-03 16:40:45.117836: I tensorflow/core/kernels/lookup_util.cc:376] Table trying to initialize from file /home/emlab/Desktop/syuuron/nmt/Noattention_PI_0.1PS_0.2PD_0.7_Noisy_model/Vocab.out is already initialized.
2019-02-03 16:40:45.117837: I tensorflow/core/kernels/lookup_util.cc:376] Table trying to initialize from file /home/emlab/Desktop/syuuron/nmt/Noattention_PI_0.1PS_0.2PD_0.7_Noisy_model/Vocab.out is already initialized.
2019-02-03 16:40:45.117837: I tensorflow/core/kernels/lookup_util.cc:376] Table trying to initialize from file /home/emlab/Desktop/syuuron/nmt/Noattention_PI_0.1PS_0.2PD_0.7_Noisy_model/Vocab.in is already initialized.
  created infer model with fresh parameters, time 0.05s
  step 300 lr 1 step-time 0.04s wps 97.29K ppl 2.54 gN 1.51 bleu 0.00, Sun Feb  3 16:40:47 2019
--------------------------------------------------------------------------------------------
# Finished an epoch, step 320. Perform external evaluation
2019-02-03 16:40:48.466169: I tensorflow/core/kernels/lookup_util.cc:376] Table trying to initialize from file /home/emlab/Desktop/syuuron/nmt/Noattention_PI_0.1PS_0.2PD_0.7_Noisy_model/Vocab.out is already initialized.
2019-02-03 16:40:48.466169: I tensorflow/core/kernels/lookup_util.cc:376] Table trying to initialize from file /home/emlab/Desktop/syuuron/nmt/Noattention_PI_0.1PS_0.2PD_0.7_Noisy_model/Vocab.in is already initialized.
2019-02-03 16:40:48.466169: I tensorflow/core/kernels/lookup_util.cc:376] Table trying to initialize from file /home/emlab/Desktop/syuuron/nmt/Noattention_PI_0.1PS_0.2PD_0.7_Noisy_model/Vocab.out is already initialized.
  created infer model with fresh parameters, time 0.05s
  # 1156
    src: UW1 T AO AY AW IY2 EY1 OW1 AH0 IY1 T IY2 AY1 ER R EH1 R EH1
    ref: Move ( Living_Table ) Find ( Japanese_Dressing Living_Table ) Grasp ( Japanese_Dressing )
    nmt: Korean_Soup Korean_Soup Korean_Soup Brown_Tea apartment apartment apartment Living_Room Living_Room Living_Room apple Living_Room apple Living_Room apple Living_Room apple Living_Room apple Living_Room apple apple Living_Room apple Living_Room apple Living_Room apple apple Living_Room apple Living_Room apple Living_Room apple apple
2019-02-03 16:40:48.546504: I tensorflow/core/kernels/lookup_util.cc:376] Table trying to initialize from file /home/emlab/Desktop/syuuron/nmt/Noattention_PI_0.1PS_0.2PD_0.7_Noisy_model/Vocab.out is already initialized.
2019-02-03 16:40:48.546504: I tensorflow/core/kernels/lookup_util.cc:376] Table trying to initialize from file /home/emlab/Desktop/syuuron/nmt/Noattention_PI_0.1PS_0.2PD_0.7_Noisy_model/Vocab.in is already initialized.
2019-02-03 16:40:48.546512: I tensorflow/core/kernels/lookup_util.cc:376] Table trying to initialize from file /home/emlab/Desktop/syuuron/nmt/Noattention_PI_0.1PS_0.2PD_0.7_Noisy_model/Vocab.out is already initialized.
  created infer model with fresh parameters, time 0.05s
  step 400 lr 1 step-time 0.04s wps 98.47K ppl 2.43 gN 1.54 bleu 0.00, Sun Feb  3 16:40:51 2019
--------------------------------------------------------------------------------------------
# Finished an epoch, step 400. Perform external evaluation
2019-02-03 16:40:51.820282: I tensorflow/core/kernels/lookup_util.cc:376] Table trying to initialize from file /home/emlab/Desktop/syuuron/nmt/Noattention_PI_0.1PS_0.2PD_0.7_Noisy_model/Vocab.out is already initialized.
2019-02-03 16:40:51.820282: I tensorflow/core/kernels/lookup_util.cc:376] Table trying to initialize from file /home/emlab/Desktop/syuuron/nmt/Noattention_PI_0.1PS_0.2PD_0.7_Noisy_model/Vocab.out is already initialized.
2019-02-03 16:40:51.820282: I tensorflow/core/kernels/lookup_util.cc:376] Table trying to initialize from file /home/emlab/Desktop/syuuron/nmt/Noattention_PI_0.1PS_0.2PD_0.7_Noisy_model/Vocab.in is already initialized.
  created infer model with fresh parameters, time 0.05s
  # 45
    src: NG IH0 AA R AE1 T AH0 AH AH1 IY2 T N AH IH1 OW2
    ref: Move (  Kitchen_Room  ) Find ( twin_bell_alarm_clock Kitchen_Room  ) Grasp ( twin_bell_alarm_clock ) Move ( Dustbin ) Place ( twin_bell_alarm_clock Dustbin ) 
    nmt: person person person dog_doll dog_doll bed_room Orange_Juice <unk> <unk> <unk> pesron Bath_Cleaner Bath_Cleaner ground_pepper Place empty_plastic_bottle sugar sugar pesron ( Dustbin Dining_Room Say Japanese_Dressing Japanese_Dressing <s> kitchen kitchen kitchen kitchen
2019-02-03 16:40:51.884756: I tensorflow/core/kernels/lookup_util.cc:376] Table trying to initialize from file /home/emlab/Desktop/syuuron/nmt/Noattention_PI_0.1PS_0.2PD_0.7_Noisy_model/Vocab.in is already initialized.
2019-02-03 16:40:51.884755: I tensorflow/core/kernels/lookup_util.cc:376] Table trying to initialize from file /home/emlab/Desktop/syuuron/nmt/Noattention_PI_0.1PS_0.2PD_0.7_Noisy_model/Vocab.out is already initialized.
2019-02-03 16:40:51.884756: I tensorflow/core/kernels/lookup_util.cc:376] Table trying to initialize from file /home/emlab/Desktop/syuuron/nmt/Noattention_PI_0.1PS_0.2PD_0.7_Noisy_model/Vocab.out is already initialized.
  created infer model with fresh parameters, time 0.05s
--------------------------------------------------------------------------------------------
# Finished an epoch, step 480. Perform external evaluation
2019-02-03 16:40:54.976138: I tensorflow/core/kernels/lookup_util.cc:376] Table trying to initialize from file /home/emlab/Desktop/syuuron/nmt/Noattention_PI_0.1PS_0.2PD_0.7_Noisy_model/Vocab.out is already initialized.
2019-02-03 16:40:54.976139: I tensorflow/core/kernels/lookup_util.cc:376] Table trying to initialize from file /home/emlab/Desktop/syuuron/nmt/Noattention_PI_0.1PS_0.2PD_0.7_Noisy_model/Vocab.out is already initialized.
2019-02-03 16:40:54.976139: I tensorflow/core/kernels/lookup_util.cc:376] Table trying to initialize from file /home/emlab/Desktop/syuuron/nmt/Noattention_PI_0.1PS_0.2PD_0.7_Noisy_model/Vocab.in is already initialized.
  created infer model with fresh parameters, time 0.05s
  # 1265
    src: AO2 OY2 V AE UW1 IY1 D UW1 P D Y CH AH0 M
    ref: Move ( Side_Table ) Move ( filled_ketchup ) Move ( HERE )
    nmt: sauce PERSON Bath_Cleaner Bath_Cleaner
2019-02-03 16:40:55.032651: I tensorflow/core/kernels/lookup_util.cc:376] Table trying to initialize from file /home/emlab/Desktop/syuuron/nmt/Noattention_PI_0.1PS_0.2PD_0.7_Noisy_model/Vocab.out is already initialized.
2019-02-03 16:40:55.032651: I tensorflow/core/kernels/lookup_util.cc:376] Table trying to initialize from file /home/emlab/Desktop/syuuron/nmt/Noattention_PI_0.1PS_0.2PD_0.7_Noisy_model/Vocab.in is already initialized.
2019-02-03 16:40:55.032655: I tensorflow/core/kernels/lookup_util.cc:376] Table trying to initialize from file /home/emlab/Desktop/syuuron/nmt/Noattention_PI_0.1PS_0.2PD_0.7_Noisy_model/Vocab.out is already initialized.
  created infer model with fresh parameters, time 0.05s
  step 500 lr 1 step-time 0.04s wps 96.37K ppl 2.34 gN 1.42 bleu 0.00, Sun Feb  3 16:40:56 2019
--------------------------------------------------------------------------------------------
# Finished an epoch, step 560. Perform external evaluation
2019-02-03 16:40:58.098899: I tensorflow/core/kernels/lookup_util.cc:376] Table trying to initialize from file /home/emlab/Desktop/syuuron/nmt/Noattention_PI_0.1PS_0.2PD_0.7_Noisy_model/Vocab.out is already initialized.
2019-02-03 16:40:58.098899: I tensorflow/core/kernels/lookup_util.cc:376] Table trying to initialize from file /home/emlab/Desktop/syuuron/nmt/Noattention_PI_0.1PS_0.2PD_0.7_Noisy_model/Vocab.in is already initialized.
2019-02-03 16:40:58.098901: I tensorflow/core/kernels/lookup_util.cc:376] Table trying to initialize from file /home/emlab/Desktop/syuuron/nmt/Noattention_PI_0.1PS_0.2PD_0.7_Noisy_model/Vocab.out is already initialized.
  created infer model with fresh parameters, time 0.05s
  # 1193
    src: IY1 UW1 UW0 EH ER1 AH0 AW2 AH0 F AA1 L S
    ref: Move ( Reception_Table ) Find ( person Reception_Table  ) Follow ( person )
    nmt: white_cup Orange_Juice rubik's_cube Chip_Star Chip_Star filled_ketchup filled_ketchup filled_ketchup filled_ketchup filled_ketchup filled_ketchup filled_ketchup filled_ketchup PERSON PERSON PERSON PERSON PERSON Onion_Dressing Onion_Dressing Onion_Dressing Onion_Dressing Onion_Dressing Onion_Dressing
2019-02-03 16:40:58.165338: I tensorflow/core/kernels/lookup_util.cc:376] Table trying to initialize from file /home/emlab/Desktop/syuuron/nmt/Noattention_PI_0.1PS_0.2PD_0.7_Noisy_model/Vocab.out is already initialized.
2019-02-03 16:40:58.165338: I tensorflow/core/kernels/lookup_util.cc:376] Table trying to initialize from file /home/emlab/Desktop/syuuron/nmt/Noattention_PI_0.1PS_0.2PD_0.7_Noisy_model/Vocab.out is already initialized.
2019-02-03 16:40:58.165338: I tensorflow/core/kernels/lookup_util.cc:376] Table trying to initialize from file /home/emlab/Desktop/syuuron/nmt/Noattention_PI_0.1PS_0.2PD_0.7_Noisy_model/Vocab.in is already initialized.
  created infer model with fresh parameters, time 0.05s
  step 600 lr 1 step-time 0.04s wps 108.04K ppl 2.27 gN 1.34 bleu 0.00, Sun Feb  3 16:40:59 2019
--------------------------------------------------------------------------------------------
# Finished an epoch, step 640. Perform external evaluation
2019-02-03 16:41:01.446397: I tensorflow/core/kernels/lookup_util.cc:376] Table trying to initialize from file /home/emlab/Desktop/syuuron/nmt/Noattention_PI_0.1PS_0.2PD_0.7_Noisy_model/Vocab.in is already initialized.
2019-02-03 16:41:01.446397: I tensorflow/core/kernels/lookup_util.cc:376] Table trying to initialize from file /home/emlab/Desktop/syuuron/nmt/Noattention_PI_0.1PS_0.2PD_0.7_Noisy_model/Vocab.out is already initialized.
2019-02-03 16:41:01.446404: I tensorflow/core/kernels/lookup_util.cc:376] Table trying to initialize from file /home/emlab/Desktop/syuuron/nmt/Noattention_PI_0.1PS_0.2PD_0.7_Noisy_model/Vocab.out is already initialized.
  created infer model with fresh parameters, time 0.05s
  # 1062
    src: N B NG L HH L K B AA1 AH1 AY1 IH0 G OW1 IY0 AH2 L NG T IH1 B ER
    ref: Move ( Dining_Sofa ) Find ( filled_plastic_bottle Dining_Sofa  ) Grasp ( filled_plastic_bottle ) Move ( Living_Room ) ( Kitchen_Table )
    nmt: Dining_Table Bleach Bleach Bleach Reception_Table Bleach Reception_Table Green_Tea twin_bell_alarm_clock nursing_bottle Sofa Seafood_Noodle Sofa lobby lobby <unk> <unk> <unk> <unk> <unk> <unk> <unk> <unk> filled_plastic_bottle <unk> filled_plastic_bottle Dish_Cleaner filled_plastic_bottle Strawberry_Juice Bleach Bleach Bleach Bleach Bleach Bleach Bleach Bleach Green_Tea Corridor Place Dish_Cleaner Green_Tea Kitchen_Room Kitchen_Room
2019-02-03 16:41:01.528013: I tensorflow/core/kernels/lookup_util.cc:376] Table trying to initialize from file /home/emlab/Desktop/syuuron/nmt/Noattention_PI_0.1PS_0.2PD_0.7_Noisy_model/Vocab.out is already initialized.
2019-02-03 16:41:01.528013: I tensorflow/core/kernels/lookup_util.cc:376] Table trying to initialize from file /home/emlab/Desktop/syuuron/nmt/Noattention_PI_0.1PS_0.2PD_0.7_Noisy_model/Vocab.in is already initialized.
2019-02-03 16:41:01.528013: I tensorflow/core/kernels/lookup_util.cc:376] Table trying to initialize from file /home/emlab/Desktop/syuuron/nmt/Noattention_PI_0.1PS_0.2PD_0.7_Noisy_model/Vocab.out is already initialized.
  created infer model with fresh parameters, time 0.05s
  step 700 lr 1 step-time 0.04s wps 94.41K ppl 2.20 gN 1.23 bleu 0.00, Sun Feb  3 16:41:04 2019
--------------------------------------------------------------------------------------------
# Finished an epoch, step 720. Perform external evaluation
2019-02-03 16:41:04.981160: I tensorflow/core/kernels/lookup_util.cc:376] Table trying to initialize from file /home/emlab/Desktop/syuuron/nmt/Noattention_PI_0.1PS_0.2PD_0.7_Noisy_model/Vocab.out is already initialized.
2019-02-03 16:41:04.981160: I tensorflow/core/kernels/lookup_util.cc:376] Table trying to initialize from file /home/emlab/Desktop/syuuron/nmt/Noattention_PI_0.1PS_0.2PD_0.7_Noisy_model/Vocab.out is already initialized.
2019-02-03 16:41:04.981160: I tensorflow/core/kernels/lookup_util.cc:376] Table trying to initialize from file /home/emlab/Desktop/syuuron/nmt/Noattention_PI_0.1PS_0.2PD_0.7_Noisy_model/Vocab.in is already initialized.
  created infer model with fresh parameters, time 0.05s
  # 526
    src: OW2 AA0 IY0 Y T AH0 R AE1 EH IY0 D T UW1 P SH NG AW0 UH0 M
    ref: Move ( Sofa  ) Find ( Chip_Star Sofa ) Grasp ( Chip_Star ) Move ( Reception_Table )
    nmt: Listen Listen Stick_Potato Cup_Noodle Cup_Noodle Cup_Noodle empty_ketchup canned_juice person Plcae Plcae spray_bottle spray_bottle person Plcae spray_bottle spray_bottle person sugar person Plcae spray_bottle spray_bottle spray_bottle sugar person person Plcae spray_bottle spray_bottle sugar person Plcae ground_pepper Seafood_Noodle hourglass spray_bottle sugar
2019-02-03 16:41:05.059278: I tensorflow/core/kernels/lookup_util.cc:376] Table trying to initialize from file /home/emlab/Desktop/syuuron/nmt/Noattention_PI_0.1PS_0.2PD_0.7_Noisy_model/Vocab.in is already initialized.
2019-02-03 16:41:05.059278: I tensorflow/core/kernels/lookup_util.cc:376] Table trying to initialize from file /home/emlab/Desktop/syuuron/nmt/Noattention_PI_0.1PS_0.2PD_0.7_Noisy_model/Vocab.out is already initialized.
2019-02-03 16:41:05.059278: I tensorflow/core/kernels/lookup_util.cc:376] Table trying to initialize from file /home/emlab/Desktop/syuuron/nmt/Noattention_PI_0.1PS_0.2PD_0.7_Noisy_model/Vocab.out is already initialized.
  created infer model with fresh parameters, time 0.05s
